******************************************************************************
            TI ARM Clang Linker PC v4.0.4                      
******************************************************************************
>> Linked Sat Jun 13 11:55:44 2026

OUTPUT FILE NAME:   <TEST.out>
ENTRY POINT SYMBOL: "_c_int00_noinit_noargs"  address: 00000191


MEMORY CONFIGURATION

         name            origin    length      used     unused   attr    fill
----------------------  --------  ---------  --------  --------  ----  --------
  FLASH                 00000000   00020000  00000300  0001fd00  R  X
  SRAM                  20200000   00008000  00000200  00007e00  RW X
  BCR_CONFIG            41c00000   000000ff  00000000  000000ff  R   
  BSL_CONFIG            41c00100   00000080  00000000  00000080  R   


SEGMENT ALLOCATION MAP

run origin  load origin   length   init length attrs members
----------  ----------- ---------- ----------- ----- -------
00000000    00000000    00000300   00000300    r-x
  00000000    00000000    000000c0   000000c0    r-- .intvecs
  000000c0    000000c0    00000240   00000240    r-x .text
20207e00    20207e00    00000200   00000000    rw-
  20207e00    20207e00    00000200   00000000    rw- .stack


SECTION ALLOCATION MAP

 output                                  attributes/
section   page    origin      length       input sections
--------  ----  ----------  ----------   ----------------
.intvecs   0    00000000    000000c0     
                  00000000    000000c0     startup_mspm0g350x_ticlang.o (.intvecs)

.text      0    000000c0    00000240     
                  000000c0    00000034     ti_msp_dl_config.o (.text.SYSCFG_DL_initPower)
                  000000f4    0000002a     ti_msp_dl_config.o (.text.SYSCFG_DL_SYSCTL_init)
                  0000011e    00000028     ti_msp_dl_config.o (.text.DL_Common_updateReg)
                  00000146    00000002     --HOLE-- [fill = 0]
                  00000148    00000028     ti_msp_dl_config.o (.text.SYSCFG_DL_GPIO_init)
                  00000170    00000020     empty.o (.text.main)
                  00000190    00000020     libc.a : boot_cortex_m.c.obj (.text:_c_int00_noinit_noargs)
                  000001b0    0000001c     ti_msp_dl_config.o (.text.DL_SYSCTL_setMCLKDivider)
                  000001cc    0000001c     ti_msp_dl_config.o (.text.DL_SYSCTL_setSYSOSCFreq)
                  000001e8    0000001c     ti_msp_dl_config.o (.text.DL_SYSCTL_setULPCLKDivider)
                  00000204    00000018     ti_msp_dl_config.o (.text.DL_GPIO_enableOutput)
                  0000021c    00000018     ti_msp_dl_config.o (.text.DL_GPIO_enablePower)
                  00000234    00000018     ti_msp_dl_config.o (.text.DL_GPIO_initDigitalOutput)
                  0000024c    00000018     ti_msp_dl_config.o (.text.DL_GPIO_reset)
                  00000264    00000018     empty.o (.text.DL_GPIO_setPins)
                  0000027c    00000018     ti_msp_dl_config.o (.text.DL_SYSCTL_setBORThreshold)
                  00000294    00000014     ti_msp_dl_config.o (.text.DL_GPIO_clearPins)
                  000002a8    00000014     ti_msp_dl_config.o (.text.DL_SYSCTL_disableSYSPLL)
                  000002bc    00000010     ti_msp_dl_config.o (.text.DL_SYSCTL_disableHFXT)
                  000002cc    00000010     ti_msp_dl_config.o (.text.SYSCFG_DL_init)
                  000002dc    0000000a     driverlib.a : dl_common.o (.text.DL_Common_delayCycles)
                  000002e6    00000006     libc.a : exit.c.obj (.text:abort)
                  000002ec    00000004     startup_mspm0g350x_ticlang.o (.text.Default_Handler)
                  000002f0    00000004     libsysbm.a : hostexit.c.obj (.text.HOSTexit)
                  000002f4    00000004     startup_mspm0g350x_ticlang.o (.text.Reset_Handler)
                  000002f8    00000004     libc.a : pre_init.c.obj (.text._system_pre_init)
                  000002fc    00000004     --HOLE-- [fill = 0]

.cinit     0    00000000    00000000     

.init_array 
*          0    00000000    00000000     UNINITIALIZED

.binit     0    00000000    00000000     

.stack     0    20207e00    00000200     UNINITIALIZED
                  20207e00    00000004     libc.a : boot_cortex_m.c.obj (.stack)
                  20207e04    000001fc     --HOLE--

__llvm_prf_cnts 
*          0    20200000    00000000     UNINITIALIZED

__llvm_prf_bits 
*          0    20200000    00000000     UNINITIALIZED

MODULE SUMMARY

       Module                         code   ro data   rw data
       ------                         ----   -------   -------
    .\
       ti_msp_dl_config.o             450    0         0      
       startup_mspm0g350x_ticlang.o   8      192       0      
       empty.o                        56     0         0      
    +--+------------------------------+------+---------+---------+
       Total:                         514    192       0      
                                                              
    E:/TI/CCS/mspm0_sdk_2_10_00_04/source/ti/driverlib/lib/ticlang/m0p/mspm0g1x0x_g3x0x/driverlib.a
       dl_common.o                    10     0         0      
    +--+------------------------------+------+---------+---------+
       Total:                         10     0         0      
                                                              
    E:\TI\CCS\ccs\tools\compiler\ti-cgt-armllvm_4.0.4.LTS\lib\armv6m-ti-none-eabi/c/libc.a
       boot_cortex_m.c.obj            32     0         0      
       exit.c.obj                     6      0         0      
       pre_init.c.obj                 4      0         0      
    +--+------------------------------+------+---------+---------+
       Total:                         42     0         0      
                                                              
    E:\TI\CCS\ccs\tools\compiler\ti-cgt-armllvm_4.0.4.LTS\lib\armv6m-ti-none-eabi/c/libsysbm.a
       hostexit.c.obj                 4      0         0      
    +--+------------------------------+------+---------+---------+
       Total:                         4      0         0      
                                                              
       Stack:                         0      0         512    
    +--+------------------------------+------+---------+---------+
       Grand Total:                   570    192       512    


GLOBAL SYMBOLS: SORTED ALPHABETICALLY BY Name 

address   name                    
-------   ----                    
000002ed  ADC0_IRQHandler         
000002ed  ADC1_IRQHandler         
000002ed  AES_IRQHandler          
000002f0  C$$EXIT                 
000002ed  CANFD0_IRQHandler       
000002ed  DAC0_IRQHandler         
000002dd  DL_Common_delayCycles   
000002ed  DMA_IRQHandler          
000002ed  Default_Handler         
000002ed  GROUP0_IRQHandler       
000002ed  GROUP1_IRQHandler       
000002f1  HOSTexit                
000002ed  HardFault_Handler       
000002ed  I2C0_IRQHandler         
000002ed  I2C1_IRQHandler         
000002ed  NMI_Handler             
000002ed  PendSV_Handler          
000002ed  RTC_IRQHandler          
000002f5  Reset_Handler           
000002ed  SPI0_IRQHandler         
000002ed  SPI1_IRQHandler         
000002ed  SVC_Handler             
00000149  SYSCFG_DL_GPIO_init     
000000f5  SYSCFG_DL_SYSCTL_init   
000002cd  SYSCFG_DL_init          
000000c1  SYSCFG_DL_initPower     
000002ed  SysTick_Handler         
000002ed  TIMA0_IRQHandler        
000002ed  TIMA1_IRQHandler        
000002ed  TIMG0_IRQHandler        
000002ed  TIMG12_IRQHandler       
000002ed  TIMG6_IRQHandler        
000002ed  TIMG7_IRQHandler        
000002ed  TIMG8_IRQHandler        
000002ed  UART0_IRQHandler        
000002ed  UART1_IRQHandler        
000002ed  UART2_IRQHandler        
000002ed  UART3_IRQHandler        
20208000  __STACK_END             
00000200  __STACK_SIZE            
00000000  __TI_ATRegion0_region_sz
00000000  __TI_ATRegion0_src_addr 
00000000  __TI_ATRegion0_trg_addr 
00000000  __TI_ATRegion1_region_sz
00000000  __TI_ATRegion1_src_addr 
00000000  __TI_ATRegion1_trg_addr 
00000000  __TI_ATRegion2_region_sz
00000000  __TI_ATRegion2_src_addr 
00000000  __TI_ATRegion2_trg_addr 
00000000  __TI_CINIT_Base         
00000000  __TI_CINIT_Limit        
00000000  __TI_CINIT_Warm         
ffffffff  __TI_pprof_out_hndl     
ffffffff  __TI_prof_data_size     
ffffffff  __TI_prof_data_start    
00000000  __TI_static_base__      
ffffffff  __binit__               
UNDEFED   __mpu_init              
20207e00  __stack                 
20200000  __start___llvm_prf_bits 
20200000  __start___llvm_prf_cnts 
20200000  __stop___llvm_prf_bits  
20200000  __stop___llvm_prf_cnts  
00000191  _c_int00_noinit_noargs  
000002f9  _system_pre_init        
000002e7  abort                   
ffffffff  binit                   
00000000  interruptVectors        
00000171  main                    


GLOBAL SYMBOLS: SORTED BY Symbol Address 

address   name                    
-------   ----                    
00000000  __TI_ATRegion0_region_sz
00000000  __TI_ATRegion0_src_addr 
00000000  __TI_ATRegion0_trg_addr 
00000000  __TI_ATRegion1_region_sz
00000000  __TI_ATRegion1_src_addr 
00000000  __TI_ATRegion1_trg_addr 
00000000  __TI_ATRegion2_region_sz
00000000  __TI_ATRegion2_src_addr 
00000000  __TI_ATRegion2_trg_addr 
00000000  __TI_CINIT_Base         
00000000  __TI_CINIT_Limit        
00000000  __TI_CINIT_Warm         
00000000  __TI_static_base__      
00000000  interruptVectors        
000000c1  SYSCFG_DL_initPower     
000000f5  SYSCFG_DL_SYSCTL_init   
00000149  SYSCFG_DL_GPIO_init     
00000171  main                    
00000191  _c_int00_noinit_noargs  
00000200  __STACK_SIZE            
000002cd  SYSCFG_DL_init          
000002dd  DL_Common_delayCycles   
000002e7  abort                   
000002ed  ADC0_IRQHandler         
000002ed  ADC1_IRQHandler         
000002ed  AES_IRQHandler          
000002ed  CANFD0_IRQHandler       
000002ed  DAC0_IRQHandler         
000002ed  DMA_IRQHandler          
000002ed  Default_Handler         
000002ed  GROUP0_IRQHandler       
000002ed  GROUP1_IRQHandler       
000002ed  HardFault_Handler       
000002ed  I2C0_IRQHandler         
000002ed  I2C1_IRQHandler         
000002ed  NMI_Handler             
000002ed  PendSV_Handler          
000002ed  RTC_IRQHandler          
000002ed  SPI0_IRQHandler         
000002ed  SPI1_IRQHandler         
000002ed  SVC_Handler             
000002ed  SysTick_Handler         
000002ed  TIMA0_IRQHandler        
000002ed  TIMA1_IRQHandler        
000002ed  TIMG0_IRQHandler        
000002ed  TIMG12_IRQHandler       
000002ed  TIMG6_IRQHandler        
000002ed  TIMG7_IRQHandler        
000002ed  TIMG8_IRQHandler        
000002ed  UART0_IRQHandler        
000002ed  UART1_IRQHandler        
000002ed  UART2_IRQHandler        
000002ed  UART3_IRQHandler        
000002f0  C$$EXIT                 
000002f1  HOSTexit                
000002f5  Reset_Handler           
000002f9  _system_pre_init        
20200000  __start___llvm_prf_bits 
20200000  __start___llvm_prf_cnts 
20200000  __stop___llvm_prf_bits  
20200000  __stop___llvm_prf_cnts  
20207e00  __stack                 
20208000  __STACK_END             
ffffffff  __TI_pprof_out_hndl     
ffffffff  __TI_prof_data_size     
ffffffff  __TI_prof_data_start    
ffffffff  __binit__               
ffffffff  binit                   
UNDEFED   __mpu_init              

[69 symbols]
