******************************************************************************
            TI ARM Clang Linker PC v4.0.4                      
******************************************************************************
>> Linked Thu Jun 18 20:00:12 2026

OUTPUT FILE NAME:   <Stepper.out>
ENTRY POINT SYMBOL: "_c_int00_noargs"  address: 000006d1


MEMORY CONFIGURATION

         name            origin    length      used     unused   attr    fill
----------------------  --------  ---------  --------  --------  ----  --------
  FLASH                 00000000   00020000  00000808  0001f7f8  R  X
  SRAM                  20200000   00008000  00000352  00007cae  RW X
  BCR_CONFIG            41c00000   000000ff  00000000  000000ff  R   
  BSL_CONFIG            41c00100   00000080  00000000  00000080  R   


SEGMENT ALLOCATION MAP

run origin  load origin   length   init length attrs members
----------  ----------- ---------- ----------- ----- -------
00000000    00000000    00000808   00000808    r-x
  00000000    00000000    000000c0   000000c0    r-- .intvecs
  000000c0    000000c0    00000718   00000718    r-x .text
  000007d8    000007d8    00000010   00000010    r-- .rodata
  000007e8    000007e8    00000020   00000020    r-- .cinit
20200000    20200000    00000152   00000000    rw-
  20200000    20200000    00000152   00000000    rw- .data
20207e00    20207e00    00000200   00000000    rw-
  20207e00    20207e00    00000200   00000000    rw- .stack


SECTION ALLOCATION MAP

 output                                  attributes/
section   page    origin      length       input sections
--------  ----  ----------  ----------   ----------------
.intvecs   0    00000000    000000c0     
                  00000000    000000c0     startup_mspm0g350x_ticlang.o (.intvecs)

.text      0    000000c0    00000718     
                  000000c0    00000110     delay.o (.text.delay_ms)
                  000001d0    00000100     empty.o (.text.main)
                  000002d0    0000009a     libc.a : memcpy16.S.obj (.text:memcpy)
                  0000036a    00000002     startup_mspm0g350x_ticlang.o (.text.Default_Handler)
                  0000036c    0000007c     usart.o (.text.usart_SendCmd)
                  000003e8    0000007c     libc.a : copy_decompress_lzss.c.obj (.text:decompress:lzss)
                  00000464    00000070     ti_msp_dl_config.o (.text.SYSCFG_DL_UART_0_init)
                  000004d4    00000048     driverlib.a : dl_uart.o (.text.DL_UART_init)
                  0000051c    00000044     Emm_V5.o (.text.Emm_V5_Pos_Control)
                  00000560    00000040     libclang_rt.builtins.a : aeabi_uidivmod.S.obj (.text.__aeabi_uidivmod)
                  000005a0    0000003c     ti_msp_dl_config.o (.text.SYSCFG_DL_SYSCTL_init)
                  000005dc    0000003c     libc.a : autoinit.c.obj (.text:__TI_auto_init_nobinit_nopinit)
                  00000618    00000034     ti_msp_dl_config.o (.text.SYSCFG_DL_initPower)
                  0000064c    0000002c     Emm_V5.o (.text.Emm_V5_QPos_Control)
                  00000678    0000002c     Emm_V5.o (.text.Emm_V5_Set_QPos_Params)
                  000006a4    0000002c     Emm_V5.o (.text.Emm_V5_Vel_Control)
                  000006d0    00000028     libc.a : boot_cortex_m.c.obj (.text:_c_int00_noargs)
                  000006f8    00000024     Emm_V5.o (.text.Emm_V5_Stop_Now)
                  0000071c    00000024     usart.o (.text.UART0_IRQHandler)
                  00000740    00000024     fifo.o (.text.fifo_enQueue)
                  00000764    00000014     ti_msp_dl_config.o (.text.SYSCFG_DL_GPIO_init)
                  00000778    00000014     ti_msp_dl_config.o (.text.SYSCFG_DL_init)
                  0000078c    00000012     driverlib.a : dl_uart.o (.text.DL_UART_setClockConfig)
                  0000079e    00000012     libc.a : copy_decompress_none.c.obj (.text:decompress:none)
                  000007b0    0000000a     driverlib.a : dl_common.o (.text.DL_Common_delayCycles)
                  000007ba    00000002     libclang_rt.builtins.a : aeabi_div0.c.obj (.text.__aeabi_idiv0)
                  000007bc    00000008                            : aeabi_memcpy.S.obj (.text.__aeabi_memcpy)
                  000007c4    00000006     libc.a : exit.c.obj (.text:abort)
                  000007ca    00000004     libsysbm.a : hostexit.c.obj (.text.HOSTexit)
                  000007ce    00000004     startup_mspm0g350x_ticlang.o (.text.Reset_Handler)
                  000007d2    00000004     libc.a : pre_init.c.obj (.text._system_pre_init)
                  000007d6    00000002     --HOLE-- [fill = 0]

.cinit     0    000007e8    00000020     
                  000007e8    00000009     (.cinit..data.load) [load image, compression = lzss]
                  000007f1    00000003     --HOLE-- [fill = 0]
                  000007f4    00000008     (__TI_handler_table)
                  000007fc    00000008     (__TI_cinit_table)
                  00000804    00000004     --HOLE-- [fill = 0]

.rodata    0    000007d8    00000010     
                  000007d8    0000000a     ti_msp_dl_config.o (.rodata.gUART_0Config)
                  000007e2    00000002     ti_msp_dl_config.o (.rodata.gUART_0ClockConfig)
                  000007e4    00000004     --HOLE-- [fill = 0]

.init_array 
*          0    00000000    00000000     UNINITIALIZED

.binit     0    00000000    00000000     

.data      0    20200000    00000152     UNINITIALIZED
                  20200000    00000102     fifo.o (.data.rxFIFO)
                  20200102    00000010     Emm_V5.o (.data.Emm_V5_Pos_Control.cmd)
                  20200112    00000010     Emm_V5.o (.data.Emm_V5_QPos_Control.cmd)
                  20200122    00000010     Emm_V5.o (.data.Emm_V5_Set_QPos_Params.cmd)
                  20200132    00000010     Emm_V5.o (.data.Emm_V5_Stop_Now.cmd)
                  20200142    00000010     Emm_V5.o (.data.Emm_V5_Vel_Control.cmd)

.stack     0    20207e00    00000200     UNINITIALIZED
                  20207e00    00000004     libc.a : boot_cortex_m.c.obj (.stack)
                  20207e04    000001fc     --HOLE--

__llvm_prf_cnts 
*          0    20200000    00000000     UNINITIALIZED

__llvm_prf_bits 
*          0    20200000    00000000     UNINITIALIZED

MODULE SUMMARY

       Module                         code   ro data   rw data
       ------                         ----   -------   -------
    .\
       ti_msp_dl_config.o             264    12        0      
       empty.o                        256    0         0      
       startup_mspm0g350x_ticlang.o   6      192       0      
    +--+------------------------------+------+---------+---------+
       Total:                         526    204       0      
                                                              
    .\bsp\
       Emm_V5.o                       236    0         80     
       fifo.o                         36     0         258    
       delay.o                        272    0         0      
       usart.o                        160    0         0      
    +--+------------------------------+------+---------+---------+
       Total:                         704    0         338    
                                                              
    E:/TI/CCS/mspm0_sdk_2_10_00_04/source/ti/driverlib/lib/ticlang/m0p/mspm0g1x0x_g3x0x/driverlib.a
       dl_uart.o                      90     0         0      
       dl_common.o                    10     0         0      
    +--+------------------------------+------+---------+---------+
       Total:                         100    0         0      
                                                              
    E:\TI\CCS\ccs\tools\compiler\ti-cgt-armllvm_4.0.4.LTS\lib\armv6m-ti-none-eabi/c/libc.a
       memcpy16.S.obj                 154    0         0      
       copy_decompress_lzss.c.obj     124    0         0      
       autoinit.c.obj                 60     0         0      
       boot_cortex_m.c.obj            40     0         0      
       copy_decompress_none.c.obj     18     0         0      
       exit.c.obj                     6      0         0      
       pre_init.c.obj                 4      0         0      
    +--+------------------------------+------+---------+---------+
       Total:                         406    0         0      
                                                              
    E:\TI\CCS\ccs\tools\compiler\ti-cgt-armllvm_4.0.4.LTS\lib\armv6m-ti-none-eabi/c/libsysbm.a
       hostexit.c.obj                 4      0         0      
    +--+------------------------------+------+---------+---------+
       Total:                         4      0         0      
                                                              
    E:\TI\CCS\ccs\tools\compiler\ti-cgt-armllvm_4.0.4.LTS\lib\armv6m-ti-none-eabi/libclang_rt.builtins.a
       aeabi_uidivmod.S.obj           64     0         0      
       aeabi_memcpy.S.obj             8      0         0      
       aeabi_div0.c.obj               2      0         0      
    +--+------------------------------+------+---------+---------+
       Total:                         74     0         0      
                                                              
       Stack:                         0      0         512    
       Linker Generated:              0      25        0      
    +--+------------------------------+------+---------+---------+
       Grand Total:                   1814   229       850    


LINKER GENERATED COPY TABLES

__TI_cinit_table @ 000007fc records: 1, size/record: 8, table size: 8
	.data: load addr=000007e8, load size=00000009 bytes, run addr=20200000, run size=00000152 bytes, compression=lzss


LINKER GENERATED HANDLER TABLE

__TI_handler_table @ 000007f4 records: 2, size/record: 4, table size: 8
	index: 0, handler: __TI_decompress_lzss
	index: 1, handler: __TI_decompress_none


GLOBAL SYMBOLS: SORTED ALPHABETICALLY BY Name 

address   name                          
-------   ----                          
0000036b  ADC0_IRQHandler               
0000036b  ADC1_IRQHandler               
0000036b  AES_IRQHandler                
000007ca  C$$EXIT                       
0000036b  CANFD0_IRQHandler             
0000036b  DAC0_IRQHandler               
000007b1  DL_Common_delayCycles         
000004d5  DL_UART_init                  
0000078d  DL_UART_setClockConfig        
0000036b  DMA_IRQHandler                
0000036b  Default_Handler               
0000051d  Emm_V5_Pos_Control            
0000064d  Emm_V5_QPos_Control           
00000679  Emm_V5_Set_QPos_Params        
000006f9  Emm_V5_Stop_Now               
000006a5  Emm_V5_Vel_Control            
0000036b  GROUP0_IRQHandler             
0000036b  GROUP1_IRQHandler             
000007cb  HOSTexit                      
0000036b  HardFault_Handler             
0000036b  I2C0_IRQHandler               
0000036b  I2C1_IRQHandler               
0000036b  NMI_Handler                   
0000036b  PendSV_Handler                
0000036b  RTC_IRQHandler                
000007cf  Reset_Handler                 
0000036b  SPI0_IRQHandler               
0000036b  SPI1_IRQHandler               
0000036b  SVC_Handler                   
00000765  SYSCFG_DL_GPIO_init           
000005a1  SYSCFG_DL_SYSCTL_init         
00000465  SYSCFG_DL_UART_0_init         
00000779  SYSCFG_DL_init                
00000619  SYSCFG_DL_initPower           
0000036b  SysTick_Handler               
0000036b  TIMA0_IRQHandler              
0000036b  TIMA1_IRQHandler              
0000036b  TIMG0_IRQHandler              
0000036b  TIMG12_IRQHandler             
0000036b  TIMG6_IRQHandler              
0000036b  TIMG7_IRQHandler              
0000036b  TIMG8_IRQHandler              
0000071d  UART0_IRQHandler              
0000036b  UART1_IRQHandler              
0000036b  UART2_IRQHandler              
0000036b  UART3_IRQHandler              
20208000  __STACK_END                   
00000200  __STACK_SIZE                  
00000000  __TI_ATRegion0_region_sz      
00000000  __TI_ATRegion0_src_addr       
00000000  __TI_ATRegion0_trg_addr       
00000000  __TI_ATRegion1_region_sz      
00000000  __TI_ATRegion1_src_addr       
00000000  __TI_ATRegion1_trg_addr       
00000000  __TI_ATRegion2_region_sz      
00000000  __TI_ATRegion2_src_addr       
00000000  __TI_ATRegion2_trg_addr       
000007fc  __TI_CINIT_Base               
00000804  __TI_CINIT_Limit              
00000804  __TI_CINIT_Warm               
000007f4  __TI_Handler_Table_Base       
000007fc  __TI_Handler_Table_Limit      
000005dd  __TI_auto_init_nobinit_nopinit
000003e9  __TI_decompress_lzss          
0000079f  __TI_decompress_none          
ffffffff  __TI_pprof_out_hndl           
ffffffff  __TI_prof_data_size           
ffffffff  __TI_prof_data_start          
00000000  __TI_static_base__            
000007bb  __aeabi_idiv0                 
000007bd  __aeabi_memcpy                
000007bd  __aeabi_memcpy4               
000007bd  __aeabi_memcpy8               
00000561  __aeabi_uidiv                 
00000561  __aeabi_uidivmod              
ffffffff  __binit__                     
UNDEFED   __mpu_init                    
20207e00  __stack                       
20200000  __start___llvm_prf_bits       
20200000  __start___llvm_prf_cnts       
20200000  __stop___llvm_prf_bits        
20200000  __stop___llvm_prf_cnts        
000006d1  _c_int00_noargs               
UNDEFED   _system_post_cinit            
000007d3  _system_pre_init              
000007c5  abort                         
ffffffff  binit                         
000000c1  delay_ms                      
00000741  fifo_enQueue                  
00000000  interruptVectors              
000001d1  main                          
000002d1  memcpy                        
20200000  rxFIFO                        
0000036d  usart_SendCmd                 


GLOBAL SYMBOLS: SORTED BY Symbol Address 

address   name                          
-------   ----                          
00000000  __TI_ATRegion0_region_sz      
00000000  __TI_ATRegion0_src_addr       
00000000  __TI_ATRegion0_trg_addr       
00000000  __TI_ATRegion1_region_sz      
00000000  __TI_ATRegion1_src_addr       
00000000  __TI_ATRegion1_trg_addr       
00000000  __TI_ATRegion2_region_sz      
00000000  __TI_ATRegion2_src_addr       
00000000  __TI_ATRegion2_trg_addr       
00000000  __TI_static_base__            
00000000  interruptVectors              
000000c1  delay_ms                      
000001d1  main                          
00000200  __STACK_SIZE                  
000002d1  memcpy                        
0000036b  ADC0_IRQHandler               
0000036b  ADC1_IRQHandler               
0000036b  AES_IRQHandler                
0000036b  CANFD0_IRQHandler             
0000036b  DAC0_IRQHandler               
0000036b  DMA_IRQHandler                
0000036b  Default_Handler               
0000036b  GROUP0_IRQHandler             
0000036b  GROUP1_IRQHandler             
0000036b  HardFault_Handler             
0000036b  I2C0_IRQHandler               
0000036b  I2C1_IRQHandler               
0000036b  NMI_Handler                   
0000036b  PendSV_Handler                
0000036b  RTC_IRQHandler                
0000036b  SPI0_IRQHandler               
0000036b  SPI1_IRQHandler               
0000036b  SVC_Handler                   
0000036b  SysTick_Handler               
0000036b  TIMA0_IRQHandler              
0000036b  TIMA1_IRQHandler              
0000036b  TIMG0_IRQHandler              
0000036b  TIMG12_IRQHandler             
0000036b  TIMG6_IRQHandler              
0000036b  TIMG7_IRQHandler              
0000036b  TIMG8_IRQHandler              
0000036b  UART1_IRQHandler              
0000036b  UART2_IRQHandler              
0000036b  UART3_IRQHandler              
0000036d  usart_SendCmd                 
000003e9  __TI_decompress_lzss          
00000465  SYSCFG_DL_UART_0_init         
000004d5  DL_UART_init                  
0000051d  Emm_V5_Pos_Control            
00000561  __aeabi_uidiv                 
00000561  __aeabi_uidivmod              
000005a1  SYSCFG_DL_SYSCTL_init         
000005dd  __TI_auto_init_nobinit_nopinit
00000619  SYSCFG_DL_initPower           
0000064d  Emm_V5_QPos_Control           
00000679  Emm_V5_Set_QPos_Params        
000006a5  Emm_V5_Vel_Control            
000006d1  _c_int00_noargs               
000006f9  Emm_V5_Stop_Now               
0000071d  UART0_IRQHandler              
00000741  fifo_enQueue                  
00000765  SYSCFG_DL_GPIO_init           
00000779  SYSCFG_DL_init                
0000078d  DL_UART_setClockConfig        
0000079f  __TI_decompress_none          
000007b1  DL_Common_delayCycles         
000007bb  __aeabi_idiv0                 
000007bd  __aeabi_memcpy                
000007bd  __aeabi_memcpy4               
000007bd  __aeabi_memcpy8               
000007c5  abort                         
000007ca  C$$EXIT                       
000007cb  HOSTexit                      
000007cf  Reset_Handler                 
000007d3  _system_pre_init              
000007f4  __TI_Handler_Table_Base       
000007fc  __TI_CINIT_Base               
000007fc  __TI_Handler_Table_Limit      
00000804  __TI_CINIT_Limit              
00000804  __TI_CINIT_Warm               
20200000  __start___llvm_prf_bits       
20200000  __start___llvm_prf_cnts       
20200000  __stop___llvm_prf_bits        
20200000  __stop___llvm_prf_cnts        
20200000  rxFIFO                        
20207e00  __stack                       
20208000  __STACK_END                   
ffffffff  __TI_pprof_out_hndl           
ffffffff  __TI_prof_data_size           
ffffffff  __TI_prof_data_start          
ffffffff  __binit__                     
ffffffff  binit                         
UNDEFED   __mpu_init                    
UNDEFED   _system_post_cinit            

[94 symbols]
