******************************************************************************
            TI ARM Clang Linker PC v4.0.4                      
******************************************************************************
>> Linked Sun May 31 01:58:11 2026

OUTPUT FILE NAME:   <yuntai_5_spi_oled.out>
ENTRY POINT SYMBOL: "_c_int00_noargs"  address: 00003315


MEMORY CONFIGURATION

         name            origin    length      used     unused   attr    fill
----------------------  --------  ---------  --------  --------  ----  --------
  FLASH                 00000000   00020000  00003868  0001c798  R  X
  SRAM                  20200000   00008000  00000aa8  00007558  RW X
  BCR_CONFIG            41c00000   000000ff  00000000  000000ff  R   
  BSL_CONFIG            41c00100   00000080  00000000  00000080  R   


SEGMENT ALLOCATION MAP

run origin  load origin   length   init length attrs members
----------  ----------- ---------- ----------- ----- -------
00000000    00000000    00003868   00003868    r-x
  00000000    00000000    000000c0   000000c0    r-- .intvecs
  000000c0    000000c0    00001e70   00001e70    r-- .rodata
  00001f30    00001f30    000017c0   000017c0    r-x .text
  000036f0    000036f0    00000178   00000178    r-- .cinit
20200000    20200000    000008a8   00000000    rw-
  20200000    20200000    000004a8   00000000    rw- .bss
  202004a8    202004a8    00000400   00000000    rw- .data
20207e00    20207e00    00000200   00000000    rw-
  20207e00    20207e00    00000200   00000000    rw- .stack


SECTION ALLOCATION MAP

 output                                  attributes/
section   page    origin      length       input sections
--------  ----  ----------  ----------   ----------------
.intvecs   0    00000000    000000c0     
                  00000000    000000c0     startup_mspm0g350x_ticlang.o (.intvecs)

.text      0    00001f30    000017c0     
                  00001f30    00000210     empty.o (.text.main)
                  00002140    000001d0     oled.o (.text.OLED_ShowChar)
                  00002310    000001a0     oled.o (.text.OLED_ShowChinese)
                  000024b0    0000014c     oled.o (.text.OLED_ScrollDisplay)
                  000025fc    0000013e     oled.o (.text.OLED_ShowPicture)
                  0000273a    00000002     libclang_rt.builtins.a : aeabi_div0.c.obj (.text.__aeabi_idiv0)
                  0000273c    00000120     oled.o (.text.OLED_Init)
                  0000285c    000000e8     ti_msp_dl_config.o (.text.SYSCFG_DL_SYSCTL_SYSPLL_init)
                  00002944    000000e2     oled.o (.text.OLED_ShowNum)
                  00002a26    00000002     --HOLE-- [fill = 0]
                  00002a28    000000dc     driverlib.a : dl_sysctl_mspm0g1x0x_g3x0x.o (.text.DL_SYSCTL_configSYSPLL)
                  00002b04    0000009a     oled.o (.text.OLED_ShowString)
                  00002b9e    00000002     --HOLE-- [fill = 0]
                  00002ba0    00000090     oled.o (.text.OLED_DrawPoint)
                  00002c30    0000007c     oled.o (.text.OLED_Refresh)
                  00002cac    0000007c     libc.a : copy_decompress_lzss.c.obj (.text:decompress:lzss)
                  00002d28    00000074     oled.o (.text.OLED_WR_Byte)
                  00002d9c    00000074     ti_msp_dl_config.o (.text.SYSCFG_DL_GPIO_init)
                  00002e10    00000074     ti_msp_dl_config.o (.text.SYSCFG_DL_SYSCTL_init)
                  00002e84    00000074     libclang_rt.builtins.a : comparedf2.c.obj (.text.__gedf2)
                  00002ef8    00000068                            : comparedf2.c.obj (.text.__ledf2)
                  00002f60    00000064     driverlib.a : dl_sysctl_mspm0g1x0x_g3x0x.o (.text.DL_SYSCTL_setHFCLKSourceHFXTParams)
                  00002fc4    00000062     libclang_rt.builtins.a : aeabi_dcmp.S.obj (.text.__aeabi_dcmp)
                  00003026    00000002     --HOLE-- [fill = 0]
                  00003028    00000060     oled.o (.text.OLED_Clear)
                  00003088    00000048     oled.o (.text.OLED_DisplayTurn)
                  000030d0    00000044     driverlib.a : dl_spi.o (.text.DL_SPI_init)
                  00003114    00000044                 : dl_sysctl_mspm0g1x0x_g3x0x.o (.text.DL_SYSCTL_switchMCLKfromSYSOSCtoHSCLK)
                  00003158    00000044     ti_msp_dl_config.o (.text.SYSCFG_DL_initPower)
                  0000319c    00000040     ti_msp_dl_config.o (.text.SYSCFG_DL_SPI_0_init)
                  000031dc    00000040     libclang_rt.builtins.a : aeabi_uidivmod.S.obj (.text.__aeabi_uidivmod)
                  0000321c    0000003c     libc.a : autoinit.c.obj (.text:__TI_auto_init_nobinit_nopinit)
                  00003258    00000034     oled.o (.text.OLED_ColorTurn)
                  0000328c    00000030     ti_msp_dl_config.o (.text.DL_SPI_setFIFOThreshold)
                  000032bc    00000030     oled.o (.text.OLED_Pow)
                  000032ec    00000028     ti_msp_dl_config.o (.text.DL_Common_updateReg)
                  00003314    00000028     libc.a : boot_cortex_m.c.obj (.text:_c_int00_noargs)
                  0000333c    00000024     ti_msp_dl_config.o (.text.DL_SPI_setBitRateSerialClockDivider)
                  00003360    00000024     libclang_rt.builtins.a : floatunsidf.S.obj (.text.__floatunsidf)
                  00003384    00000020     ti_msp_dl_config.o (.text.DL_GPIO_initPeripheralInputFunction)
                  000033a4    00000020     ti_msp_dl_config.o (.text.DL_SYSCTL_setFlashWaitState)
                  000033c4    00000020     ti_msp_dl_config.o (.text.SYSCFG_DL_init)
                  000033e4    0000001c     ti_msp_dl_config.o (.text.DL_GPIO_initPeripheralOutputFunction)
                  00003400    0000001c     oled.o (.text.DL_SPI_isTXFIFOFull)
                  0000341c    0000001c     driverlib.a : dl_sysctl_mspm0g1x0x_g3x0x.o (.text.DL_SYSCTL_configFCC)
                  00003438    0000001c     ti_msp_dl_config.o (.text.DL_SYSCTL_setFCCPeriods)
                  00003454    0000001c     ti_msp_dl_config.o (.text.DL_SYSCTL_setSYSOSCFreq)
                  00003470    0000001c     ti_msp_dl_config.o (.text.DL_SYSCTL_setULPCLKDivider)
                  0000348c    0000001c     delay.o (.text.delay_ms)
                  000034a8    00000018     ti_msp_dl_config.o (.text.DL_GPIO_enableOutput)
                  000034c0    00000018     ti_msp_dl_config.o (.text.DL_GPIO_enablePower)
                  000034d8    00000018     ti_msp_dl_config.o (.text.DL_GPIO_initDigitalOutput)
                  000034f0    00000018     ti_msp_dl_config.o (.text.DL_GPIO_initPeripheralAnalogFunction)
                  00003508    00000018     ti_msp_dl_config.o (.text.DL_GPIO_reset)
                  00003520    00000018     oled.o (.text.DL_GPIO_setPins)
                  00003538    00000018     ti_msp_dl_config.o (.text.DL_SPI_enable)
                  00003550    00000018     ti_msp_dl_config.o (.text.DL_SPI_enablePower)
                  00003568    00000018     oled.o (.text.DL_SPI_isBusy)
                  00003580    00000018     ti_msp_dl_config.o (.text.DL_SPI_reset)
                  00003598    00000018     ti_msp_dl_config.o (.text.DL_SYSCTL_setBORThreshold)
                  000035b0    00000016     oled.o (.text.DL_SPI_transmitData8)
                  000035c6    00000014     oled.o (.text.DL_GPIO_clearPins)
                  000035da    00000014     ti_msp_dl_config.o (.text.DL_GPIO_clearPins)
                  000035ee    00000002     --HOLE-- [fill = 0]
                  000035f0    00000014     ti_msp_dl_config.o (.text.DL_SYSCTL_disableSYSPLL)
                  00003604    00000014     ti_msp_dl_config.o (.text.DL_SYSCTL_enableSYSPLL)
                  00003618    00000012     driverlib.a : dl_spi.o (.text.DL_SPI_setClockConfig)
                  0000362a    00000012     libc.a : memcpy16.S.obj (.text:TI_memcpy_small)
                  0000363c    00000012            : copy_decompress_none.c.obj (.text:decompress:none)
                  0000364e    00000002     --HOLE-- [fill = 0]
                  00003650    00000010     ti_msp_dl_config.o (.text.DL_SYSCTL_disableHFXT)
                  00003660    00000010     ti_msp_dl_config.o (.text.DL_SYSCTL_isFCCDone)
                  00003670    00000010     ti_msp_dl_config.o (.text.DL_SYSCTL_startFCC)
                  00003680    00000010     libc.a : copy_zero_init.c.obj (.text:decompress:ZI)
                  00003690    0000000e            : memset16.S.obj (.text:TI_memset_small)
                  0000369e    00000002     --HOLE-- [fill = 0]
                  000036a0    0000000c     ti_msp_dl_config.o (.text.DL_SYSCTL_getClockStatus)
                  000036ac    0000000c     ti_msp_dl_config.o (.text.DL_SYSCTL_readFCC)
                  000036b8    0000000c     libclang_rt.builtins.a : aeabi_memset.S.obj (.text.__aeabi_memclr)
                  000036c4    0000000a     driverlib.a : dl_common.o (.text.DL_Common_delayCycles)
                  000036ce    00000002     --HOLE-- [fill = 0]
                  000036d0    00000008     libclang_rt.builtins.a : aeabi_memcpy.S.obj (.text.__aeabi_memcpy)
                  000036d8    00000006     libc.a : exit.c.obj (.text:abort)
                  000036de    00000004     startup_mspm0g350x_ticlang.o (.text.Default_Handler)
                  000036e2    00000004     libsysbm.a : hostexit.c.obj (.text.HOSTexit)
                  000036e6    00000004     startup_mspm0g350x_ticlang.o (.text.Reset_Handler)
                  000036ea    00000004     libc.a : pre_init.c.obj (.text._system_pre_init)
                  000036ee    00000002     --HOLE-- [fill = 0]

.cinit     0    000036f0    00000178     
                  000036f0    00000150     (.cinit..data.load) [load image, compression = lzss]
                  00003840    0000000c     (__TI_handler_table)
                  0000384c    00000008     (.cinit..bss.load) [load image, compression = zero_init]
                  00003854    00000010     (__TI_cinit_table)
                  00003864    00000004     --HOLE-- [fill = 0]

.rodata    0    000000c0    00001e70     
                  000000c0    00000d5c     oled.o (.rodata.asc2_2412)
                  00000e1c    000005f0     oled.o (.rodata.asc2_1608)
                  0000140c    00000474     oled.o (.rodata.asc2_1206)
                  00001880    00000228     oled.o (.rodata.asc2_0806)
                  00001aa8    00000200     oled.o (.rodata.Hzk4)
                  00001ca8    00000160     oled.o (.rodata.Hzk1)
                  00001e08    00000080     oled.o (.rodata.Hzk3)
                  00001e88    00000048     oled.o (.rodata.Hzk2)
                  00001ed0    00000028     ti_msp_dl_config.o (.rodata.gSYSPLLConfig)
                  00001ef8    0000000e     empty.o (.rodata.str1.9517790425240694019.1)
                  00001f06    0000000b     empty.o (.rodata.str1.254342170260855183.1)
                  00001f11    00000001     --HOLE-- [fill = 0]
                  00001f12    0000000a     ti_msp_dl_config.o (.rodata.gSPI_0_config)
                  00001f1c    00000007     empty.o (.rodata.str1.14685083708502177989.1)
                  00001f23    00000006     empty.o (.rodata.str1.17669528882079347314.1)
                  00001f29    00000004     empty.o (.rodata.str1.11898133897667081452.1)
                  00001f2d    00000002     ti_msp_dl_config.o (.rodata.gSPI_0_clockConfig)
                  00001f2f    00000001     --HOLE-- [fill = 0]

.init_array 
*          0    00000000    00000000     UNINITIALIZED

.binit     0    00000000    00000000     

.bss       0    20200000    000004a8     UNINITIALIZED
                  20200000    00000480     (.common:OLED_GRAM)
                  20200480    00000028     (.common:gSPI_0Backup)

.data      0    202004a8    00000400     UNINITIALIZED
                  202004a8    00000400     empty.o (.data.BMP1)

.stack     0    20207e00    00000200     UNINITIALIZED
                  20207e00    00000004     libc.a : boot_cortex_m.c.obj (.stack)
                  20207e04    000001fc     --HOLE--

__llvm_prf_cnts 
*          0    20200000    00000000     UNINITIALIZED

__llvm_prf_bits 
*          0    20200000    00000000     UNINITIALIZED

MODULE SUMMARY

       Module                         code   ro data   rw data
       ------                         ----   -------   -------
    .\
       oled.o                         2968   7696      1152   
       empty.o                        528    42        1024   
       ti_msp_dl_config.o             1276   52        40     
       startup_mspm0g350x_ticlang.o   8      192       0      
       delay.o                        28     0         0      
    +--+------------------------------+------+---------+---------+
       Total:                         4808   7982      2216   
                                                              
    C:/TI/mspm0_sdk_2_10_00_04/source/ti/driverlib/lib/ticlang/m0p/mspm0g1x0x_g3x0x/driverlib.a
       dl_sysctl_mspm0g1x0x_g3x0x.o   416    0         0      
       dl_spi.o                       86     0         0      
       dl_common.o                    10     0         0      
    +--+------------------------------+------+---------+---------+
       Total:                         512    0         0      
                                                              
    E:\ti\ccs2050\ccs\tools\compiler\ti-cgt-armllvm_4.0.4.LTS\lib\armv6m-ti-none-eabi/c/libc.a
       copy_decompress_lzss.c.obj     124    0         0      
       autoinit.c.obj                 60     0         0      
       boot_cortex_m.c.obj            40     0         0      
       copy_decompress_none.c.obj     18     0         0      
       memcpy16.S.obj                 18     0         0      
       copy_zero_init.c.obj           16     0         0      
       memset16.S.obj                 14     0         0      
       exit.c.obj                     6      0         0      
       pre_init.c.obj                 4      0         0      
    +--+------------------------------+------+---------+---------+
       Total:                         300    0         0      
                                                              
    E:\ti\ccs2050\ccs\tools\compiler\ti-cgt-armllvm_4.0.4.LTS\lib\armv6m-ti-none-eabi/c/libsysbm.a
       hostexit.c.obj                 4      0         0      
    +--+------------------------------+------+---------+---------+
       Total:                         4      0         0      
                                                              
    E:\ti\ccs2050\ccs\tools\compiler\ti-cgt-armllvm_4.0.4.LTS\lib\armv6m-ti-none-eabi/libclang_rt.builtins.a
       comparedf2.c.obj               220    0         0      
       aeabi_dcmp.S.obj               98     0         0      
       aeabi_uidivmod.S.obj           64     0         0      
       floatunsidf.S.obj              36     0         0      
       aeabi_memset.S.obj             12     0         0      
       aeabi_memcpy.S.obj             8      0         0      
       aeabi_div0.c.obj               2      0         0      
    +--+------------------------------+------+---------+---------+
       Total:                         440    0         0      
                                                              
       Stack:                         0      0         512    
       Linker Generated:              0      372       0      
    +--+------------------------------+------+---------+---------+
       Grand Total:                   6064   8354      2728   


LINKER GENERATED COPY TABLES

__TI_cinit_table @ 00003854 records: 2, size/record: 8, table size: 16
	.data: load addr=000036f0, load size=00000150 bytes, run addr=202004a8, run size=00000400 bytes, compression=lzss
	.bss: load addr=0000384c, load size=00000008 bytes, run addr=20200000, run size=000004a8 bytes, compression=zero_init


LINKER GENERATED HANDLER TABLE

__TI_handler_table @ 00003840 records: 3, size/record: 4, table size: 12
	index: 0, handler: __TI_decompress_lzss
	index: 1, handler: __TI_decompress_none
	index: 2, handler: __TI_zero_init


GLOBAL SYMBOLS: SORTED ALPHABETICALLY BY Name 

address   name                                 
-------   ----                                 
000036df  ADC0_IRQHandler                      
000036df  ADC1_IRQHandler                      
000036df  AES_IRQHandler                       
202004a8  BMP1                                 
000036e2  C$$EXIT                              
000036df  CANFD0_IRQHandler                    
000036df  DAC0_IRQHandler                      
000036c5  DL_Common_delayCycles                
000030d1  DL_SPI_init                          
00003619  DL_SPI_setClockConfig                
0000341d  DL_SYSCTL_configFCC                  
00002a29  DL_SYSCTL_configSYSPLL               
00002f61  DL_SYSCTL_setHFCLKSourceHFXTParams   
00003115  DL_SYSCTL_switchMCLKfromSYSOSCtoHSCLK
000036df  DMA_IRQHandler                       
000036df  Default_Handler                      
000036df  GROUP0_IRQHandler                    
000036df  GROUP1_IRQHandler                    
000036e3  HOSTexit                             
000036df  HardFault_Handler                    
00001ca8  Hzk1                                 
00001e88  Hzk2                                 
00001e08  Hzk3                                 
00001aa8  Hzk4                                 
000036df  I2C0_IRQHandler                      
000036df  I2C1_IRQHandler                      
000036df  NMI_Handler                          
00003029  OLED_Clear                           
00003259  OLED_ColorTurn                       
00003089  OLED_DisplayTurn                     
00002ba1  OLED_DrawPoint                       
20200000  OLED_GRAM                            
0000273d  OLED_Init                            
000032bd  OLED_Pow                             
00002c31  OLED_Refresh                         
000024b1  OLED_ScrollDisplay                   
00002141  OLED_ShowChar                        
00002311  OLED_ShowChinese                     
00002945  OLED_ShowNum                         
000025fd  OLED_ShowPicture                     
00002b05  OLED_ShowString                      
00002d29  OLED_WR_Byte                         
000036df  PendSV_Handler                       
000036df  RTC_IRQHandler                       
000036e7  Reset_Handler                        
000036df  SPI0_IRQHandler                      
000036df  SPI1_IRQHandler                      
000036df  SVC_Handler                          
00002d9d  SYSCFG_DL_GPIO_init                  
0000319d  SYSCFG_DL_SPI_0_init                 
0000285d  SYSCFG_DL_SYSCTL_SYSPLL_init         
00002e11  SYSCFG_DL_SYSCTL_init                
000033c5  SYSCFG_DL_init                       
00003159  SYSCFG_DL_initPower                  
000036df  SysTick_Handler                      
000036df  TIMA0_IRQHandler                     
000036df  TIMA1_IRQHandler                     
000036df  TIMG0_IRQHandler                     
000036df  TIMG12_IRQHandler                    
000036df  TIMG6_IRQHandler                     
000036df  TIMG7_IRQHandler                     
000036df  TIMG8_IRQHandler                     
0000362b  TI_memcpy_small                      
00003691  TI_memset_small                      
000036df  UART0_IRQHandler                     
000036df  UART1_IRQHandler                     
000036df  UART2_IRQHandler                     
000036df  UART3_IRQHandler                     
20208000  __STACK_END                          
00000200  __STACK_SIZE                         
00000000  __TI_ATRegion0_region_sz             
00000000  __TI_ATRegion0_src_addr              
00000000  __TI_ATRegion0_trg_addr              
00000000  __TI_ATRegion1_region_sz             
00000000  __TI_ATRegion1_src_addr              
00000000  __TI_ATRegion1_trg_addr              
00000000  __TI_ATRegion2_region_sz             
00000000  __TI_ATRegion2_src_addr              
00000000  __TI_ATRegion2_trg_addr              
00003854  __TI_CINIT_Base                      
00003864  __TI_CINIT_Limit                     
00003864  __TI_CINIT_Warm                      
00003840  __TI_Handler_Table_Base              
0000384c  __TI_Handler_Table_Limit             
0000321d  __TI_auto_init_nobinit_nopinit       
00002cad  __TI_decompress_lzss                 
0000363d  __TI_decompress_none                 
ffffffff  __TI_pprof_out_hndl                  
ffffffff  __TI_prof_data_size                  
ffffffff  __TI_prof_data_start                 
00000000  __TI_static_base__                   
00003681  __TI_zero_init                       
00002fc5  __aeabi_dcmpeq                       
00003001  __aeabi_dcmpge                       
00003015  __aeabi_dcmpgt                       
00002fed  __aeabi_dcmple                       
00002fd9  __aeabi_dcmplt                       
0000273b  __aeabi_idiv0                        
000036b9  __aeabi_memclr                       
000036b9  __aeabi_memclr4                      
000036b9  __aeabi_memclr8                      
000036d1  __aeabi_memcpy                       
000036d1  __aeabi_memcpy4                      
000036d1  __aeabi_memcpy8                      
00003361  __aeabi_ui2d                         
000031dd  __aeabi_uidiv                        
000031dd  __aeabi_uidivmod                     
ffffffff  __binit__                            
00002ef9  __cmpdf2                             
00002ef9  __eqdf2                              
00003361  __floatunsidf                        
00002e85  __gedf2                              
00002e85  __gtdf2                              
00002ef9  __ledf2                              
00002ef9  __ltdf2                              
UNDEFED   __mpu_init                           
00002ef9  __nedf2                              
20207e00  __stack                              
20200000  __start___llvm_prf_bits              
20200000  __start___llvm_prf_cnts              
20200000  __stop___llvm_prf_bits               
20200000  __stop___llvm_prf_cnts               
00003315  _c_int00_noargs                      
UNDEFED   _system_post_cinit                   
000036eb  _system_pre_init                     
000036d9  abort                                
00001880  asc2_0806                            
0000140c  asc2_1206                            
00000e1c  asc2_1608                            
000000c0  asc2_2412                            
ffffffff  binit                                
0000348d  delay_ms                             
20200480  gSPI_0Backup                         
00000000  interruptVectors                     
00001f31  main                                 


GLOBAL SYMBOLS: SORTED BY Symbol Address 

address   name                                 
-------   ----                                 
00000000  __TI_ATRegion0_region_sz             
00000000  __TI_ATRegion0_src_addr              
00000000  __TI_ATRegion0_trg_addr              
00000000  __TI_ATRegion1_region_sz             
00000000  __TI_ATRegion1_src_addr              
00000000  __TI_ATRegion1_trg_addr              
00000000  __TI_ATRegion2_region_sz             
00000000  __TI_ATRegion2_src_addr              
00000000  __TI_ATRegion2_trg_addr              
00000000  __TI_static_base__                   
00000000  interruptVectors                     
000000c0  asc2_2412                            
00000200  __STACK_SIZE                         
00000e1c  asc2_1608                            
0000140c  asc2_1206                            
00001880  asc2_0806                            
00001aa8  Hzk4                                 
00001ca8  Hzk1                                 
00001e08  Hzk3                                 
00001e88  Hzk2                                 
00001f31  main                                 
00002141  OLED_ShowChar                        
00002311  OLED_ShowChinese                     
000024b1  OLED_ScrollDisplay                   
000025fd  OLED_ShowPicture                     
0000273b  __aeabi_idiv0                        
0000273d  OLED_Init                            
0000285d  SYSCFG_DL_SYSCTL_SYSPLL_init         
00002945  OLED_ShowNum                         
00002a29  DL_SYSCTL_configSYSPLL               
00002b05  OLED_ShowString                      
00002ba1  OLED_DrawPoint                       
00002c31  OLED_Refresh                         
00002cad  __TI_decompress_lzss                 
00002d29  OLED_WR_Byte                         
00002d9d  SYSCFG_DL_GPIO_init                  
00002e11  SYSCFG_DL_SYSCTL_init                
00002e85  __gedf2                              
00002e85  __gtdf2                              
00002ef9  __cmpdf2                             
00002ef9  __eqdf2                              
00002ef9  __ledf2                              
00002ef9  __ltdf2                              
00002ef9  __nedf2                              
00002f61  DL_SYSCTL_setHFCLKSourceHFXTParams   
00002fc5  __aeabi_dcmpeq                       
00002fd9  __aeabi_dcmplt                       
00002fed  __aeabi_dcmple                       
00003001  __aeabi_dcmpge                       
00003015  __aeabi_dcmpgt                       
00003029  OLED_Clear                           
00003089  OLED_DisplayTurn                     
000030d1  DL_SPI_init                          
00003115  DL_SYSCTL_switchMCLKfromSYSOSCtoHSCLK
00003159  SYSCFG_DL_initPower                  
0000319d  SYSCFG_DL_SPI_0_init                 
000031dd  __aeabi_uidiv                        
000031dd  __aeabi_uidivmod                     
0000321d  __TI_auto_init_nobinit_nopinit       
00003259  OLED_ColorTurn                       
000032bd  OLED_Pow                             
00003315  _c_int00_noargs                      
00003361  __aeabi_ui2d                         
00003361  __floatunsidf                        
000033c5  SYSCFG_DL_init                       
0000341d  DL_SYSCTL_configFCC                  
0000348d  delay_ms                             
00003619  DL_SPI_setClockConfig                
0000362b  TI_memcpy_small                      
0000363d  __TI_decompress_none                 
00003681  __TI_zero_init                       
00003691  TI_memset_small                      
000036b9  __aeabi_memclr                       
000036b9  __aeabi_memclr4                      
000036b9  __aeabi_memclr8                      
000036c5  DL_Common_delayCycles                
000036d1  __aeabi_memcpy                       
000036d1  __aeabi_memcpy4                      
000036d1  __aeabi_memcpy8                      
000036d9  abort                                
000036df  ADC0_IRQHandler                      
000036df  ADC1_IRQHandler                      
000036df  AES_IRQHandler                       
000036df  CANFD0_IRQHandler                    
000036df  DAC0_IRQHandler                      
000036df  DMA_IRQHandler                       
000036df  Default_Handler                      
000036df  GROUP0_IRQHandler                    
000036df  GROUP1_IRQHandler                    
000036df  HardFault_Handler                    
000036df  I2C0_IRQHandler                      
000036df  I2C1_IRQHandler                      
000036df  NMI_Handler                          
000036df  PendSV_Handler                       
000036df  RTC_IRQHandler                       
000036df  SPI0_IRQHandler                      
000036df  SPI1_IRQHandler                      
000036df  SVC_Handler                          
000036df  SysTick_Handler                      
000036df  TIMA0_IRQHandler                     
000036df  TIMA1_IRQHandler                     
000036df  TIMG0_IRQHandler                     
000036df  TIMG12_IRQHandler                    
000036df  TIMG6_IRQHandler                     
000036df  TIMG7_IRQHandler                     
000036df  TIMG8_IRQHandler                     
000036df  UART0_IRQHandler                     
000036df  UART1_IRQHandler                     
000036df  UART2_IRQHandler                     
000036df  UART3_IRQHandler                     
000036e2  C$$EXIT                              
000036e3  HOSTexit                             
000036e7  Reset_Handler                        
000036eb  _system_pre_init                     
00003840  __TI_Handler_Table_Base              
0000384c  __TI_Handler_Table_Limit             
00003854  __TI_CINIT_Base                      
00003864  __TI_CINIT_Limit                     
00003864  __TI_CINIT_Warm                      
20200000  OLED_GRAM                            
20200000  __start___llvm_prf_bits              
20200000  __start___llvm_prf_cnts              
20200000  __stop___llvm_prf_bits               
20200000  __stop___llvm_prf_cnts               
20200480  gSPI_0Backup                         
202004a8  BMP1                                 
20207e00  __stack                              
20208000  __STACK_END                          
ffffffff  __TI_pprof_out_hndl                  
ffffffff  __TI_prof_data_size                  
ffffffff  __TI_prof_data_start                 
ffffffff  __binit__                            
ffffffff  binit                                
UNDEFED   __mpu_init                           
UNDEFED   _system_post_cinit                   

[135 symbols]
