******************************************************************************
            TI ARM Clang Linker PC v4.0.4                      
******************************************************************************
>> Linked Sun Jun 14 15:37:34 2026

OUTPUT FILE NAME:   <OLED_6_13.out>
ENTRY POINT SYMBOL: "_c_int00_noinit_noargs"  address: 00000419


MEMORY CONFIGURATION

         name            origin    length      used     unused   attr    fill
----------------------  --------  ---------  --------  --------  ----  --------
  FLASH                 00000000   00020000  000004a8  0001fb58  R  X
  SRAM                  20200000   00008000  00000200  00007e00  RW X
  BCR_CONFIG            41c00000   000000ff  00000000  000000ff  R   
  BSL_CONFIG            41c00100   00000080  00000000  00000080  R   


SEGMENT ALLOCATION MAP

run origin  load origin   length   init length attrs members
----------  ----------- ---------- ----------- ----- -------
00000000    00000000    000004a8   000004a8    r-x
  00000000    00000000    000000c0   000000c0    r-- .intvecs
  000000c0    000000c0    000003e0   000003e0    r-x .text
  000004a0    000004a0    00000008   00000008    r-- .rodata
20207e00    20207e00    00000200   00000000    rw-
  20207e00    20207e00    00000200   00000000    rw- .stack


SECTION ALLOCATION MAP

 output                                  attributes/
section   page    origin      length       input sections
--------  ----  ----------  ----------   ----------------
.intvecs   0    00000000    000000c0     
                  00000000    000000c0     startup_mspm0g350x_ticlang.o (.intvecs)

.text      0    000000c0    000003e0     
                  000000c0    00000104     driverlib.a : dl_timer.o (.text.DL_Timer_initFourCCPWMMode)
                  000001c4    00000068     bsp_servo.o (.text.SERVO_Init)
                  0000022c    00000060     ti_msp_dl_config.o (.text.SYSCFG_DL_MPU6050_init)
                  0000028c    00000054     empty.o (.text.main)
                  000002e0    00000044     ti_msp_dl_config.o (.text.SYSCFG_DL_GPIO_init)
                  00000324    00000040     ti_msp_dl_config.o (.text.SYSCFG_DL_SYSCTL_init)
                  00000364    00000034     ti_msp_dl_config.o (.text.SYSCFG_DL_initPower)
                  00000398    00000030     ti_msp_dl_config.o (.text.SYSCFG_DL_SYSTICK_init)
                  000003c8    00000028     bsp_servo.o (.text.SERVO_SetAngle)
                  000003f0    00000026     driverlib.a : dl_i2c.o (.text.DL_I2C_setClockConfig)
                  00000416    00000002     startup_mspm0g350x_ticlang.o (.text.Default_Handler)
                  00000418    00000020     libc.a : boot_cortex_m.c.obj (.text:_c_int00_noinit_noargs)
                  00000438    0000001c     driverlib.a : dl_timer.o (.text.DL_Timer_setClockConfig)
                  00000454    00000018     ti_msp_dl_config.o (.text.SYSCFG_DL_init)
                  0000046c    00000010     driverlib.a : dl_timer.o (.text.DL_Timer_setCaptureCompareValue)
                  0000047c    0000000a                 : dl_common.o (.text.DL_Common_delayCycles)
                  00000486    00000006     libc.a : exit.c.obj (.text:abort)
                  0000048c    00000004     libsysbm.a : hostexit.c.obj (.text.HOSTexit)
                  00000490    00000004     startup_mspm0g350x_ticlang.o (.text.Reset_Handler)
                  00000494    00000004     libc.a : pre_init.c.obj (.text._system_pre_init)
                  00000498    00000002     empty.o (.text.SysTick_Handler)
                  0000049a    00000006     --HOLE-- [fill = 0]

.cinit     0    00000000    00000000     

.rodata    0    000004a0    00000008     
                  000004a0    00000002     ti_msp_dl_config.o (.rodata.gMPU6050ClockConfig)
                  000004a2    00000006     --HOLE-- [fill = 0]

.init_array 
*          0    00000000    00000000     UNINITIALIZED

.binit     0    00000000    00000000     

.stack     0    20207e00    00000200     UNINITIALIZED
                  20207e00    00000004     libc.a : boot_cortex_m.c.obj (.stack)
                  20207e04    000001fc     --HOLE--

__llvm_prf_cnts 
*          0    20200000    00000000     UNINITIALIZED

__llvm_prf_bits 
*          0    20200000    00000000     UNINITIALIZED

MODULE SUMMARY

       Module                         code   ro data   rw data
       ------                         ----   -------   -------
    .\
       ti_msp_dl_config.o             352    2         0      
       startup_mspm0g350x_ticlang.o   6      192       0      
       empty.o                        86     0         0      
    +--+------------------------------+------+---------+---------+
       Total:                         444    194       0      
                                                              
    .\BSP\
       bsp_servo.o                    144    0         0      
    +--+------------------------------+------+---------+---------+
       Total:                         144    0         0      
                                                              
    E:/TI/CCS/mspm0_sdk_2_10_00_04/source/ti/driverlib/lib/ticlang/m0p/mspm0g1x0x_g3x0x/driverlib.a
       dl_timer.o                     304    0         0      
       dl_i2c.o                       38     0         0      
       dl_common.o                    10     0         0      
    +--+------------------------------+------+---------+---------+
       Total:                         352    0         0      
                                                              
    E:\TI\CCS\ccs\tools\compiler\ti-cgt-armllvm_4.0.4.LTS\lib\armv6m-ti-none-eabi/c/libc.a
       boot_cortex_m.c.obj            32     0         0      
       exit.c.obj                     6      0         0      
       pre_init.c.obj                 4      0         0      
    +--+------------------------------+------+---------+---------+
       Total:                         42     0         0      
                                                              
    E:\TI\CCS\ccs\tools\compiler\ti-cgt-armllvm_4.0.4.LTS\lib\armv6m-ti-none-eabi/c/libsysbm.a
       hostexit.c.obj                 4      0         0      
    +--+------------------------------+------+---------+---------+
       Total:                         4      0         0      
                                                              
       Stack:                         0      0         512    
    +--+------------------------------+------+---------+---------+
       Grand Total:                   986    194       512    


GLOBAL SYMBOLS: SORTED ALPHABETICALLY BY Name 

address   name                           
-------   ----                           
00000417  ADC0_IRQHandler                
00000417  ADC1_IRQHandler                
00000417  AES_IRQHandler                 
0000048c  C$$EXIT                        
00000417  CANFD0_IRQHandler              
00000417  DAC0_IRQHandler                
0000047d  DL_Common_delayCycles          
000003f1  DL_I2C_setClockConfig          
000000c1  DL_Timer_initFourCCPWMMode     
0000046d  DL_Timer_setCaptureCompareValue
00000439  DL_Timer_setClockConfig        
00000417  DMA_IRQHandler                 
00000417  Default_Handler                
00000417  GROUP0_IRQHandler              
00000417  GROUP1_IRQHandler              
0000048d  HOSTexit                       
00000417  HardFault_Handler              
00000417  I2C0_IRQHandler                
00000417  I2C1_IRQHandler                
00000417  NMI_Handler                    
00000417  PendSV_Handler                 
00000417  RTC_IRQHandler                 
00000491  Reset_Handler                  
000001c5  SERVO_Init                     
000003c9  SERVO_SetAngle                 
00000417  SPI0_IRQHandler                
00000417  SPI1_IRQHandler                
00000417  SVC_Handler                    
000002e1  SYSCFG_DL_GPIO_init            
0000022d  SYSCFG_DL_MPU6050_init         
00000325  SYSCFG_DL_SYSCTL_init          
00000399  SYSCFG_DL_SYSTICK_init         
00000455  SYSCFG_DL_init                 
00000365  SYSCFG_DL_initPower            
00000499  SysTick_Handler                
00000417  TIMA0_IRQHandler               
00000417  TIMA1_IRQHandler               
00000417  TIMG0_IRQHandler               
00000417  TIMG12_IRQHandler              
00000417  TIMG6_IRQHandler               
00000417  TIMG7_IRQHandler               
00000417  TIMG8_IRQHandler               
00000417  UART0_IRQHandler               
00000417  UART1_IRQHandler               
00000417  UART2_IRQHandler               
00000417  UART3_IRQHandler               
20208000  __STACK_END                    
00000200  __STACK_SIZE                   
00000000  __TI_ATRegion0_region_sz       
00000000  __TI_ATRegion0_src_addr        
00000000  __TI_ATRegion0_trg_addr        
00000000  __TI_ATRegion1_region_sz       
00000000  __TI_ATRegion1_src_addr        
00000000  __TI_ATRegion1_trg_addr        
00000000  __TI_ATRegion2_region_sz       
00000000  __TI_ATRegion2_src_addr        
00000000  __TI_ATRegion2_trg_addr        
00000000  __TI_CINIT_Base                
00000000  __TI_CINIT_Limit               
00000000  __TI_CINIT_Warm                
ffffffff  __TI_pprof_out_hndl            
ffffffff  __TI_prof_data_size            
ffffffff  __TI_prof_data_start           
00000000  __TI_static_base__             
ffffffff  __binit__                      
UNDEFED   __mpu_init                     
20207e00  __stack                        
20200000  __start___llvm_prf_bits        
20200000  __start___llvm_prf_cnts        
20200000  __stop___llvm_prf_bits         
20200000  __stop___llvm_prf_cnts         
00000419  _c_int00_noinit_noargs         
00000495  _system_pre_init               
00000487  abort                          
ffffffff  binit                          
00000000  interruptVectors               
0000028d  main                           


GLOBAL SYMBOLS: SORTED BY Symbol Address 

address   name                           
-------   ----                           
00000000  __TI_ATRegion0_region_sz       
00000000  __TI_ATRegion0_src_addr        
00000000  __TI_ATRegion0_trg_addr        
00000000  __TI_ATRegion1_region_sz       
00000000  __TI_ATRegion1_src_addr        
00000000  __TI_ATRegion1_trg_addr        
00000000  __TI_ATRegion2_region_sz       
00000000  __TI_ATRegion2_src_addr        
00000000  __TI_ATRegion2_trg_addr        
00000000  __TI_CINIT_Base                
00000000  __TI_CINIT_Limit               
00000000  __TI_CINIT_Warm                
00000000  __TI_static_base__             
00000000  interruptVectors               
000000c1  DL_Timer_initFourCCPWMMode     
000001c5  SERVO_Init                     
00000200  __STACK_SIZE                   
0000022d  SYSCFG_DL_MPU6050_init         
0000028d  main                           
000002e1  SYSCFG_DL_GPIO_init            
00000325  SYSCFG_DL_SYSCTL_init          
00000365  SYSCFG_DL_initPower            
00000399  SYSCFG_DL_SYSTICK_init         
000003c9  SERVO_SetAngle                 
000003f1  DL_I2C_setClockConfig          
00000417  ADC0_IRQHandler                
00000417  ADC1_IRQHandler                
00000417  AES_IRQHandler                 
00000417  CANFD0_IRQHandler              
00000417  DAC0_IRQHandler                
00000417  DMA_IRQHandler                 
00000417  Default_Handler                
00000417  GROUP0_IRQHandler              
00000417  GROUP1_IRQHandler              
00000417  HardFault_Handler              
00000417  I2C0_IRQHandler                
00000417  I2C1_IRQHandler                
00000417  NMI_Handler                    
00000417  PendSV_Handler                 
00000417  RTC_IRQHandler                 
00000417  SPI0_IRQHandler                
00000417  SPI1_IRQHandler                
00000417  SVC_Handler                    
00000417  TIMA0_IRQHandler               
00000417  TIMA1_IRQHandler               
00000417  TIMG0_IRQHandler               
00000417  TIMG12_IRQHandler              
00000417  TIMG6_IRQHandler               
00000417  TIMG7_IRQHandler               
00000417  TIMG8_IRQHandler               
00000417  UART0_IRQHandler               
00000417  UART1_IRQHandler               
00000417  UART2_IRQHandler               
00000417  UART3_IRQHandler               
00000419  _c_int00_noinit_noargs         
00000439  DL_Timer_setClockConfig        
00000455  SYSCFG_DL_init                 
0000046d  DL_Timer_setCaptureCompareValue
0000047d  DL_Common_delayCycles          
00000487  abort                          
0000048c  C$$EXIT                        
0000048d  HOSTexit                       
00000491  Reset_Handler                  
00000495  _system_pre_init               
00000499  SysTick_Handler                
20200000  __start___llvm_prf_bits        
20200000  __start___llvm_prf_cnts        
20200000  __stop___llvm_prf_bits         
20200000  __stop___llvm_prf_cnts         
20207e00  __stack                        
20208000  __STACK_END                    
ffffffff  __TI_pprof_out_hndl            
ffffffff  __TI_prof_data_size            
ffffffff  __TI_prof_data_start           
ffffffff  __binit__                      
ffffffff  binit                          
UNDEFED   __mpu_init                     

[77 symbols]
