******************************************************************************
            TI ARM Clang Linker PC v4.0.4                      
******************************************************************************
>> Linked Thu Jun 18 10:59:30 2026

OUTPUT FILE NAME:   <TB6612_cesu.out>
ENTRY POINT SYMBOL: "_c_int00_noargs"  address: 0000170d


MEMORY CONFIGURATION

         name            origin    length      used     unused   attr    fill
----------------------  --------  ---------  --------  --------  ----  --------
  FLASH                 00000000   00020000  00001ac8  0001e538  R  X
  SRAM                  20200000   00008000  00000388  00007c78  RW X
  BCR_CONFIG            41c00000   000000ff  00000000  000000ff  R   
  BSL_CONFIG            41c00100   00000080  00000000  00000080  R   


SEGMENT ALLOCATION MAP

run origin  load origin   length   init length attrs members
----------  ----------- ---------- ----------- ----- -------
00000000    00000000    00001ac8   00001ac8    r-x
  00000000    00000000    000000c0   000000c0    r-- .intvecs
  000000c0    000000c0    00001798   00001798    r-x .text
  00001858    00001858    00000240   00000240    r-- .rodata
  00001a98    00001a98    00000030   00000030    r-- .cinit
20200000    20200000    00000188   00000000    rw-
  20200000    20200000    00000178   00000000    rw- .bss
  20200178    20200178    00000010   00000000    rw- .data
20207e00    20207e00    00000200   00000000    rw-
  20207e00    20207e00    00000200   00000000    rw- .stack


SECTION ALLOCATION MAP

 output                                  attributes/
section   page    origin      length       input sections
--------  ----  ----------  ----------   ----------------
.intvecs   0    00000000    000000c0     
                  00000000    000000c0     startup_mspm0g350x_ticlang.o (.intvecs)

.text      0    000000c0    00001798     
                  000000c0    00000700     empty.o (.text.main)
                  000007c0    000003c4     bsp_uart.o (.text.bsp_uart_printf)
                  00000b84    00000104     driverlib.a : dl_timer.o (.text.DL_Timer_initFourCCPWMMode)
                  00000c88    000000fc                 : dl_timer.o (.text.DL_Timer_initTimerMode)
                  00000d84    000000b4     ti_msp_dl_config.o (.text.SYSCFG_DL_GPIO_init)
                  00000e38    0000009a     libc.a : memcpy16.S.obj (.text:memcpy)
                  00000ed2    00000002     startup_mspm0g350x_ticlang.o (.text.Default_Handler)
                  00000ed4    00000090     bsp_tb6612.o (.text.tb6612_set_direction)
                  00000f64    0000008c     libclang_rt.builtins.a : mulsf3.S.obj (.text.__mulsf3)
                  00000ff0    00000088     bsp_encoder.o (.text.GROUP1_IRQHandler)
                  00001078    00000088     ti_msp_dl_config.o (.text.SYSCFG_DL_UART_DEBUG_init)
                  00001100    00000082     libclang_rt.builtins.a : divsf3.S.obj (.text.__divsf3)
                  00001182    00000002                            : aeabi_div0.c.obj (.text.__aeabi_idiv0)
                  00001184    0000007c     libc.a : copy_decompress_lzss.c.obj (.text:decompress:lzss)
                  00001200    0000006c     bsp_encoder.o (.text.TIMG0_IRQHandler)
                  0000126c    00000068     ti_msp_dl_config.o (.text.SYSCFG_DL_PWMA_init)
                  000012d4    00000068     ti_msp_dl_config.o (.text.SYSCFG_DL_PWMB_init)
                  0000133c    0000005a     bsp_delay.o (.text.bsp_delay_ms)
                  00001396    00000002     --HOLE-- [fill = 0]
                  00001398    00000058     bsp_uart.o (.text.bsp_uart_puts)
                  000013f0    00000054     ti_msp_dl_config.o (.text.SYSCFG_DL_initPower)
                  00001444    00000048     driverlib.a : dl_uart.o (.text.DL_UART_init)
                  0000148c    00000048     bsp_tb6612.o (.text.tb6612_init)
                  000014d4    00000040     ti_msp_dl_config.o (.text.SYSCFG_DL_SYSCTL_init)
                  00001514    00000040     libclang_rt.builtins.a : aeabi_uidivmod.S.obj (.text.__aeabi_uidivmod)
                  00001554    0000003c     ti_msp_dl_config.o (.text.SYSCFG_DL_MOTOR_SPEED_init)
                  00001590    0000003c     libclang_rt.builtins.a : floatsisf.S.obj (.text.__floatsisf)
                  000015cc    0000003c     libc.a : autoinit.c.obj (.text:__TI_auto_init_nobinit_nopinit)
                  00001608    0000003a     libclang_rt.builtins.a : muldsi3.S.obj (.text.__muldsi3)
                  00001642    00000002     --HOLE-- [fill = 0]
                  00001644    00000038                            : fixsfsi.S.obj (.text.__fixsfsi)
                  0000167c    00000034     ti_msp_dl_config.o (.text.SYSCFG_DL_init)
                  000016b0    00000030     driverlib.a : dl_uart.o (.text.DL_UART_transmitDataBlocking)
                  000016e0    0000002c     bsp_tb6612.o (.text.tb6612_set_duty)
                  0000170c    00000028     libc.a : boot_cortex_m.c.obj (.text:_c_int00_noargs)
                  00001734    00000020     bsp_encoder.o (.text.encoder_get_count)
                  00001754    00000020     bsp_encoder.o (.text.encoder_get_speed_rpm)
                  00001774    00000020     bsp_encoder.o (.text.encoder_init)
                  00001794    0000001c     driverlib.a : dl_timer.o (.text.DL_Timer_setCaptCompUpdateMethod)
                  000017b0    0000001c                 : dl_timer.o (.text.DL_Timer_setClockConfig)
                  000017cc    00000018                 : dl_timer.o (.text.DL_Timer_setCaptureCompareOutCtl)
                  000017e4    00000016     libc.a : copy_zero_init.c.obj (.text:decompress:ZI:__TI_zero_init_nomemset)
                  000017fa    00000012     driverlib.a : dl_uart.o (.text.DL_UART_setClockConfig)
                  0000180c    00000012     libc.a : copy_decompress_none.c.obj (.text:decompress:none)
                  0000181e    00000002     --HOLE-- [fill = 0]
                  00001820    00000010     driverlib.a : dl_timer.o (.text.DL_Timer_setCaptureCompareValue)
                  00001830    0000000a                 : dl_common.o (.text.DL_Common_delayCycles)
                  0000183a    00000002     --HOLE-- [fill = 0]
                  0000183c    00000008     libclang_rt.builtins.a : aeabi_memcpy.S.obj (.text.__aeabi_memcpy)
                  00001844    00000006     libc.a : exit.c.obj (.text:abort)
                  0000184a    00000004     libsysbm.a : hostexit.c.obj (.text.HOSTexit)
                  0000184e    00000004     startup_mspm0g350x_ticlang.o (.text.Reset_Handler)
                  00001852    00000004     libc.a : pre_init.c.obj (.text._system_pre_init)
                  00001856    00000002     --HOLE-- [fill = 0]

.cinit     0    00001a98    00000030     
                  00001a98    0000000c     (__TI_handler_table)
                  00001aa4    00000008     (.cinit..bss.load) [load image, compression = zero_init]
                  00001aac    00000007     (.cinit..data.load) [load image, compression = lzss]
                  00001ab3    00000001     --HOLE-- [fill = 0]
                  00001ab4    00000010     (__TI_cinit_table)
                  00001ac4    00000004     --HOLE-- [fill = 0]

.rodata    0    00001858    00000240     
                  00001858    0000002d     empty.o (.rodata.str1.9517790425240694019.1)
                  00001885    0000002b     empty.o (.rodata.str1.14685083708502177989.1)
                  000018b0    0000002a     empty.o (.rodata.str1.254342170260855183.1)
                  000018da    00000026     empty.o (.rodata.str1.16704889451495720520.1)
                  00001900    00000026     empty.o (.rodata.str1.17686411042290499047.1)
                  00001926    00000025     empty.o (.rodata.str1.11898133897667081452.1)
                  0000194b    00000025     empty.o (.rodata.str1.15170238581331914936.1)
                  00001970    00000025     empty.o (.rodata.str1.2196762768037919588.1)
                  00001995    00000021     empty.o (.rodata.str1.7401042497206923953.1)
                  000019b6    0000001d     empty.o (.rodata.str1.17669528882079347314.1)
                  000019d3    00000018     empty.o (.rodata.str1.15706828512682300538.1)
                  000019eb    00000018     empty.o (.rodata.str1.7386103758396746866.1)
                  00001a03    00000016     empty.o (.rodata.str1.150872071346279890.1)
                  00001a19    00000016     empty.o (.rodata.str1.9410084661655729462.1)
                  00001a2f    00000001     --HOLE-- [fill = 0]
                  00001a30    00000014     ti_msp_dl_config.o (.rodata.gMOTOR_SPEEDTimerConfig)
                  00001a44    00000011     bsp_uart.o (.rodata.str1.11977649913450735633.1)
                  00001a55    00000011     bsp_uart.o (.rodata.str1.14678084552760321215.1)
                  00001a66    0000000a     ti_msp_dl_config.o (.rodata.gUART_DEBUGConfig)
                  00001a70    00000008     ti_msp_dl_config.o (.rodata.gPWMAConfig)
                  00001a78    00000008     ti_msp_dl_config.o (.rodata.gPWMBConfig)
                  00001a80    00000007     bsp_uart.o (.rodata.str1.3962563553071167986.1)
                  00001a87    00000003     ti_msp_dl_config.o (.rodata.gMOTOR_SPEEDClockConfig)
                  00001a8a    00000003     ti_msp_dl_config.o (.rodata.gPWMAClockConfig)
                  00001a8d    00000003     ti_msp_dl_config.o (.rodata.gPWMBClockConfig)
                  00001a90    00000002     ti_msp_dl_config.o (.rodata.gUART_DEBUGClockConfig)
                  00001a92    00000006     --HOLE-- [fill = 0]

.init_array 
*          0    00000000    00000000     UNINITIALIZED

.binit     0    00000000    00000000     

.bss       0    20200000    00000178     UNINITIALIZED
                  20200000    000000bc     (.common:gPWMABackup)
                  202000bc    000000bc     (.common:gPWMBBackup)

.data      0    20200178    00000010     UNINITIALIZED
                  20200178    00000008     bsp_encoder.o (.data.encoder_count)
                  20200180    00000008     bsp_encoder.o (.data.encoder_speed_rpm)

.stack     0    20207e00    00000200     UNINITIALIZED
                  20207e00    00000004     libc.a : boot_cortex_m.c.obj (.stack)
                  20207e04    000001fc     --HOLE--

__llvm_prf_cnts 
*          0    20200000    00000000     UNINITIALIZED

__llvm_prf_bits 
*          0    20200000    00000000     UNINITIALIZED

MODULE SUMMARY

       Module                         code   ro data   rw data
       ------                         ----   -------   -------
    .\
       empty.o                        1792   471       0      
       ti_msp_dl_config.o             784    57        376    
       startup_mspm0g350x_ticlang.o   6      192       0      
    +--+------------------------------+------+---------+---------+
       Total:                         2582   720       376    
                                                              
    .\BSP\
       bsp_uart.o                     1052   41        0      
       bsp_encoder.o                  340    0         16     
       bsp_tb6612.o                   260    0         0      
       bsp_delay.o                    90     0         0      
    +--+------------------------------+------+---------+---------+
       Total:                         1742   41        16     
                                                              
    E:/TI/CCS/mspm0_sdk_2_10_00_04/source/ti/driverlib/lib/ticlang/m0p/mspm0g1x0x_g3x0x/driverlib.a
       dl_timer.o                     608    0         0      
       dl_uart.o                      138    0         0      
       dl_common.o                    10     0         0      
    +--+------------------------------+------+---------+---------+
       Total:                         756    0         0      
                                                              
    E:\TI\CCS\ccs\tools\compiler\ti-cgt-armllvm_4.0.4.LTS\lib\armv6m-ti-none-eabi/c/libc.a
       memcpy16.S.obj                 154    0         0      
       copy_decompress_lzss.c.obj     124    0         0      
       autoinit.c.obj                 60     0         0      
       boot_cortex_m.c.obj            40     0         0      
       copy_zero_init.c.obj           22     0         0      
       copy_decompress_none.c.obj     18     0         0      
       exit.c.obj                     6      0         0      
       pre_init.c.obj                 4      0         0      
    +--+------------------------------+------+---------+---------+
       Total:                         428    0         0      
                                                              
    E:\TI\CCS\ccs\tools\compiler\ti-cgt-armllvm_4.0.4.LTS\lib\armv6m-ti-none-eabi/c/libsysbm.a
       hostexit.c.obj                 4      0         0      
    +--+------------------------------+------+---------+---------+
       Total:                         4      0         0      
                                                              
    E:\TI\CCS\ccs\tools\compiler\ti-cgt-armllvm_4.0.4.LTS\lib\armv6m-ti-none-eabi/libclang_rt.builtins.a
       mulsf3.S.obj                   140    0         0      
       divsf3.S.obj                   130    0         0      
       aeabi_uidivmod.S.obj           64     0         0      
       floatsisf.S.obj                60     0         0      
       muldsi3.S.obj                  58     0         0      
       fixsfsi.S.obj                  56     0         0      
       aeabi_memcpy.S.obj             8      0         0      
       aeabi_div0.c.obj               2      0         0      
    +--+------------------------------+------+---------+---------+
       Total:                         518    0         0      
                                                              
       Stack:                         0      0         512    
       Linker Generated:              0      43        0      
    +--+------------------------------+------+---------+---------+
       Grand Total:                   6030   804       904    


LINKER GENERATED COPY TABLES

__TI_cinit_table @ 00001ab4 records: 2, size/record: 8, table size: 16
	.bss: load addr=00001aa4, load size=00000008 bytes, run addr=20200000, run size=00000178 bytes, compression=zero_init
	.data: load addr=00001aac, load size=00000007 bytes, run addr=20200178, run size=00000010 bytes, compression=lzss


LINKER GENERATED HANDLER TABLE

__TI_handler_table @ 00001a98 records: 3, size/record: 4, table size: 12
	index: 0, handler: __TI_decompress_lzss
	index: 1, handler: __TI_decompress_none
	index: 2, handler: __TI_zero_init


GLOBAL SYMBOLS: SORTED ALPHABETICALLY BY Name 

address   name                            
-------   ----                            
00000ed3  ADC0_IRQHandler                 
00000ed3  ADC1_IRQHandler                 
00000ed3  AES_IRQHandler                  
0000184a  C$$EXIT                         
00000ed3  CANFD0_IRQHandler               
00000ed3  DAC0_IRQHandler                 
00001831  DL_Common_delayCycles           
00000b85  DL_Timer_initFourCCPWMMode      
00000c89  DL_Timer_initTimerMode          
00001795  DL_Timer_setCaptCompUpdateMethod
000017cd  DL_Timer_setCaptureCompareOutCtl
00001821  DL_Timer_setCaptureCompareValue 
000017b1  DL_Timer_setClockConfig         
00001445  DL_UART_init                    
000017fb  DL_UART_setClockConfig          
000016b1  DL_UART_transmitDataBlocking    
00000ed3  DMA_IRQHandler                  
00000ed3  Default_Handler                 
00000ed3  GROUP0_IRQHandler               
00000ff1  GROUP1_IRQHandler               
0000184b  HOSTexit                        
00000ed3  HardFault_Handler               
00000ed3  I2C0_IRQHandler                 
00000ed3  I2C1_IRQHandler                 
00000ed3  NMI_Handler                     
00000ed3  PendSV_Handler                  
00000ed3  RTC_IRQHandler                  
0000184f  Reset_Handler                   
00000ed3  SPI0_IRQHandler                 
00000ed3  SPI1_IRQHandler                 
00000ed3  SVC_Handler                     
00000d85  SYSCFG_DL_GPIO_init             
00001555  SYSCFG_DL_MOTOR_SPEED_init      
0000126d  SYSCFG_DL_PWMA_init             
000012d5  SYSCFG_DL_PWMB_init             
000014d5  SYSCFG_DL_SYSCTL_init           
00001079  SYSCFG_DL_UART_DEBUG_init       
0000167d  SYSCFG_DL_init                  
000013f1  SYSCFG_DL_initPower             
00000ed3  SysTick_Handler                 
00000ed3  TIMA0_IRQHandler                
00000ed3  TIMA1_IRQHandler                
00001201  TIMG0_IRQHandler                
00000ed3  TIMG12_IRQHandler               
00000ed3  TIMG6_IRQHandler                
00000ed3  TIMG7_IRQHandler                
00000ed3  TIMG8_IRQHandler                
00000ed3  UART0_IRQHandler                
00000ed3  UART1_IRQHandler                
00000ed3  UART2_IRQHandler                
00000ed3  UART3_IRQHandler                
20208000  __STACK_END                     
00000200  __STACK_SIZE                    
00000000  __TI_ATRegion0_region_sz        
00000000  __TI_ATRegion0_src_addr         
00000000  __TI_ATRegion0_trg_addr         
00000000  __TI_ATRegion1_region_sz        
00000000  __TI_ATRegion1_src_addr         
00000000  __TI_ATRegion1_trg_addr         
00000000  __TI_ATRegion2_region_sz        
00000000  __TI_ATRegion2_src_addr         
00000000  __TI_ATRegion2_trg_addr         
00001ab4  __TI_CINIT_Base                 
00001ac4  __TI_CINIT_Limit                
00001ac4  __TI_CINIT_Warm                 
00001a98  __TI_Handler_Table_Base         
00001aa4  __TI_Handler_Table_Limit        
000015cd  __TI_auto_init_nobinit_nopinit  
00001185  __TI_decompress_lzss            
0000180d  __TI_decompress_none            
ffffffff  __TI_pprof_out_hndl             
ffffffff  __TI_prof_data_size             
ffffffff  __TI_prof_data_start            
00000000  __TI_static_base__              
000017e5  __TI_zero_init_nomemset         
00001645  __aeabi_f2iz                    
00001101  __aeabi_fdiv                    
00000f65  __aeabi_fmul                    
00001591  __aeabi_i2f                     
00001183  __aeabi_idiv0                   
0000183d  __aeabi_memcpy                  
0000183d  __aeabi_memcpy4                 
0000183d  __aeabi_memcpy8                 
00001515  __aeabi_uidiv                   
00001515  __aeabi_uidivmod                
ffffffff  __binit__                       
00001101  __divsf3                        
00001645  __fixsfsi                       
00001591  __floatsisf                     
UNDEFED   __mpu_init                      
00001609  __muldsi3                       
00000f65  __mulsf3                        
20207e00  __stack                         
20200000  __start___llvm_prf_bits         
20200000  __start___llvm_prf_cnts         
20200000  __stop___llvm_prf_bits          
20200000  __stop___llvm_prf_cnts          
0000170d  _c_int00_noargs                 
UNDEFED   _system_post_cinit              
00001853  _system_pre_init                
00001845  abort                           
ffffffff  binit                           
0000133d  bsp_delay_ms                    
000007c1  bsp_uart_printf                 
00001399  bsp_uart_puts                   
00001735  encoder_get_count               
00001755  encoder_get_speed_rpm           
00001775  encoder_init                    
20200000  gPWMABackup                     
202000bc  gPWMBBackup                     
00000000  interruptVectors                
000000c1  main                            
00000e39  memcpy                          
0000148d  tb6612_init                     
00000ed5  tb6612_set_direction            
000016e1  tb6612_set_duty                 


GLOBAL SYMBOLS: SORTED BY Symbol Address 

address   name                            
-------   ----                            
00000000  __TI_ATRegion0_region_sz        
00000000  __TI_ATRegion0_src_addr         
00000000  __TI_ATRegion0_trg_addr         
00000000  __TI_ATRegion1_region_sz        
00000000  __TI_ATRegion1_src_addr         
00000000  __TI_ATRegion1_trg_addr         
00000000  __TI_ATRegion2_region_sz        
00000000  __TI_ATRegion2_src_addr         
00000000  __TI_ATRegion2_trg_addr         
00000000  __TI_static_base__              
00000000  interruptVectors                
000000c1  main                            
00000200  __STACK_SIZE                    
000007c1  bsp_uart_printf                 
00000b85  DL_Timer_initFourCCPWMMode      
00000c89  DL_Timer_initTimerMode          
00000d85  SYSCFG_DL_GPIO_init             
00000e39  memcpy                          
00000ed3  ADC0_IRQHandler                 
00000ed3  ADC1_IRQHandler                 
00000ed3  AES_IRQHandler                  
00000ed3  CANFD0_IRQHandler               
00000ed3  DAC0_IRQHandler                 
00000ed3  DMA_IRQHandler                  
00000ed3  Default_Handler                 
00000ed3  GROUP0_IRQHandler               
00000ed3  HardFault_Handler               
00000ed3  I2C0_IRQHandler                 
00000ed3  I2C1_IRQHandler                 
00000ed3  NMI_Handler                     
00000ed3  PendSV_Handler                  
00000ed3  RTC_IRQHandler                  
00000ed3  SPI0_IRQHandler                 
00000ed3  SPI1_IRQHandler                 
00000ed3  SVC_Handler                     
00000ed3  SysTick_Handler                 
00000ed3  TIMA0_IRQHandler                
00000ed3  TIMA1_IRQHandler                
00000ed3  TIMG12_IRQHandler               
00000ed3  TIMG6_IRQHandler                
00000ed3  TIMG7_IRQHandler                
00000ed3  TIMG8_IRQHandler                
00000ed3  UART0_IRQHandler                
00000ed3  UART1_IRQHandler                
00000ed3  UART2_IRQHandler                
00000ed3  UART3_IRQHandler                
00000ed5  tb6612_set_direction            
00000f65  __aeabi_fmul                    
00000f65  __mulsf3                        
00000ff1  GROUP1_IRQHandler               
00001079  SYSCFG_DL_UART_DEBUG_init       
00001101  __aeabi_fdiv                    
00001101  __divsf3                        
00001183  __aeabi_idiv0                   
00001185  __TI_decompress_lzss            
00001201  TIMG0_IRQHandler                
0000126d  SYSCFG_DL_PWMA_init             
000012d5  SYSCFG_DL_PWMB_init             
0000133d  bsp_delay_ms                    
00001399  bsp_uart_puts                   
000013f1  SYSCFG_DL_initPower             
00001445  DL_UART_init                    
0000148d  tb6612_init                     
000014d5  SYSCFG_DL_SYSCTL_init           
00001515  __aeabi_uidiv                   
00001515  __aeabi_uidivmod                
00001555  SYSCFG_DL_MOTOR_SPEED_init      
00001591  __aeabi_i2f                     
00001591  __floatsisf                     
000015cd  __TI_auto_init_nobinit_nopinit  
00001609  __muldsi3                       
00001645  __aeabi_f2iz                    
00001645  __fixsfsi                       
0000167d  SYSCFG_DL_init                  
000016b1  DL_UART_transmitDataBlocking    
000016e1  tb6612_set_duty                 
0000170d  _c_int00_noargs                 
00001735  encoder_get_count               
00001755  encoder_get_speed_rpm           
00001775  encoder_init                    
00001795  DL_Timer_setCaptCompUpdateMethod
000017b1  DL_Timer_setClockConfig         
000017cd  DL_Timer_setCaptureCompareOutCtl
000017e5  __TI_zero_init_nomemset         
000017fb  DL_UART_setClockConfig          
0000180d  __TI_decompress_none            
00001821  DL_Timer_setCaptureCompareValue 
00001831  DL_Common_delayCycles           
0000183d  __aeabi_memcpy                  
0000183d  __aeabi_memcpy4                 
0000183d  __aeabi_memcpy8                 
00001845  abort                           
0000184a  C$$EXIT                         
0000184b  HOSTexit                        
0000184f  Reset_Handler                   
00001853  _system_pre_init                
00001a98  __TI_Handler_Table_Base         
00001aa4  __TI_Handler_Table_Limit        
00001ab4  __TI_CINIT_Base                 
00001ac4  __TI_CINIT_Limit                
00001ac4  __TI_CINIT_Warm                 
20200000  __start___llvm_prf_bits         
20200000  __start___llvm_prf_cnts         
20200000  __stop___llvm_prf_bits          
20200000  __stop___llvm_prf_cnts          
20200000  gPWMABackup                     
202000bc  gPWMBBackup                     
20207e00  __stack                         
20208000  __STACK_END                     
ffffffff  __TI_pprof_out_hndl             
ffffffff  __TI_prof_data_size             
ffffffff  __TI_prof_data_start            
ffffffff  __binit__                       
ffffffff  binit                           
UNDEFED   __mpu_init                      
UNDEFED   _system_post_cinit              

[116 symbols]
