<html>
<body>
<pre>
<h1>礦ision Build Log</h1>
<h2>Tool Versions:</h2>
IDE-Version: μVision V5.39.0.0
Copyright (C) 2023 ARM Ltd and ARM Germany GmbH. All rights reserved.
License Information: Z Administrator, Zz, LIC=PE7DL-01BPX-PCIJ8-32BW6-JWCZA-FW2DN
 
Tool Versions:
Toolchain:       MDK-ARM Plus  Version: 5.39.0.0
Toolchain Path:  D:\App\Keil_v5\ARM\ARMCLANG\Bin
C Compiler:      ArmClang.exe V6.21
Assembler:       Armasm.exe V6.21
Linker/Locator:  ArmLink.exe V6.21
Library Manager: ArmAr.exe V6.21
Hex Converter:   FromElf.exe V6.21
CPU DLL:         SARMCM3.DLL V5.39.0.0
Dialog DLL:      DARMCM1.DLL V1.19.6.0
Target DLL:      CMSIS_AGDI.dll V1.33.16.0
Dialog DLL:      TARMCM1.DLL V1.14.6.0
 
<h2>Project:</h2>
E:\123\例程\例程_MSPM0G3507\Emm固件模式\串口通讯\STM32F103_串口通讯__读取电机实时位置\1\keil\ZDT_MSPM0G3507_UART_CMD.uvprojx
Project File Date:  06/16/2026

<h2>Output:</h2>
*** Using Compiler 'V6.21', folder: 'D:\App\Keil_v5\ARM\ARMCLANG\Bin'
Rebuild target 'ZDT_MSPM0G3507_UART_CMD'
Before Build - User command #1: cmd.exe /C "E:\123\例程\例程_MSPM0G3507\Emm固件模式\串口通讯\STM32F103_串口通讯__读取电机实时位置\1\keil\../../tools/keil/syscfg.bat 'E:\123\例程\例程_MSPM0G3507\Emm固件模式\串口通讯\STM32F103_串口通讯__读取电机实时位置\1\keil\' empty.syscfg"
系统找不到指定的路径。
compiling dl_common.c...
compiling dl_crcp.c...
compiling empty.c...
compiling dl_dma.c...
compiling dl_gpamp.c...
compiling usart.c...
compiling dl_aesadv.c...
compiling dl_comp.c...
compiling dl_gpio.c...
assembling startup_mspm0g350x_uvision.s...
compiling dl_dac12.c...
compiling dl_crc.c...
compiling dl_keystorectl.c...
compiling dl_iwdt.c...
compiling dl_adc12.c...
compiling delay.c...
compiling dl_aes.c...
compiling dl_i2c.c...
compiling ti_msp_dl_config.c...
compiling dl_lcd.c...
compiling fifo.c...
compiling dl_lfss.c...
compiling dl_mathacl.c...
compiling dl_flashctl.c...
compiling dl_rtc.c...
compiling dl_rtc_a.c...
compiling dl_opa.c...
compiling Emm_V5.c...
compiling dl_rtc_b.c...
compiling dl_scratchpad.c...
compiling dl_tamperio.c...
compiling dl_rtc_common.c...
compiling dl_spi.c...
compiling dl_timera.c...
compiling dl_timerg.c...
compiling dl_trng.c...
compiling dl_wwdt.c...
compiling dl_vref.c...
compiling dl_mcan.c...
compiling dl_uart.c...
compiling dl_timer.c...
linking...
Program Size: Code=1632 RO-data=240 RW-data=0 ZI-data=784  
FromELF: creating hex file...
".\Objects\empty_LP_MSPM0G3507_nortos_keil.axf" - 0 Error(s), 0 Warning(s).

<h2>Software Packages used:</h2>

Package Vendor: TexasInstruments
                https://software-dl.ti.com/msp430/esd/MSPM0-CMSIS/MSPM0G1X0X_G3X0X/latest/exports/TexasInstruments.MSPM0G1X0X_G3X0X_DFP.1.3.1.pack
                TexasInstruments::MSPM0G1X0X_G3X0X_DFP@1.3.1
                Device Family Pack for Texas Instruments MSPM0G1X0X_G3X0X Series

<h2>Collection of Component include folders:</h2>

<h2>Collection of Component Files used:</h2>
Build Time Elapsed:  00:00:01
</pre>
</body>
</html>
