<html>
<body>
<pre>
<h1>礦ision Build Log</h1>
<h2>Tool Versions:</h2>
IDE-Version: μVision V5.37.0.0
Copyright (C) 2022 ARM Ltd and ARM Germany GmbH. All rights reserved.
License Information: 1 Mayn 1 Flex license: MDK Essential 5.37 (Flex): 2 user(s) (mdk_essential) Support: Sep 2023
 
Tool Versions:
Toolchain:       MDK Essential 5.37 (Flex): 2 user(s)  Version: 5.37.0.0
Toolchain Path:  D:\Keil5\ARM\ARMCLANG\Bin
C Compiler:      ArmClang.exe V6.18
Assembler:       Armasm.exe V6.18
Linker/Locator:  ArmLink.exe V6.18
Library Manager: ArmAr.exe V6.18
Hex Converter:   FromElf.exe V6.18
CPU DLL:         SARMCM3.DLL V5.37.0.0
Dialog DLL:      DARMCM1.DLL V1.19.6.0
Target DLL:      CMSIS_AGDI.dll V1.33.12.0
Dialog DLL:      TARMCM1.DLL V1.14.6.0
 
<h2>Project:</h2>
C:\Users\Mayn\Desktop\2.例程源码\2.WHEELTEC-C07A-OLED显示屏\KEIL5\WHEELTEC_C07A_OLED\WHEELTEC_C07A_OLED\keil\empty_LP_MSPM0G3507_nortos_keil.uvprojx
Project File Date:  04/09/2026

<h2>Output:</h2>
*** Using Compiler 'V6.18', folder: 'D:\Keil5\ARM\ARMCLANG\Bin'
Rebuild target 'MSPM0G3507_Project'
Before Build - User command #1: cmd.exe /C "C:\Users\Mayn\Desktop\2.例程源码\2.WHEELTEC-C07A-OLED显示屏\KEIL5\WHEELTEC_C07A_OLED\WHEELTEC_C07A_OLED\keil\../tools/keil/syscfg.bat 'C:\Users\Mayn\Desktop\2.例程源码\2.WHEELTEC-C07A-OLED显示屏\KEIL5\WHEELTEC_C07A_OLED\WHEELTEC_C07A_OLED\keil\' empty.syscfg"
Couldn't find Sysconfig Tool "C:\ti\sysconfig_1.20.0\sysconfig_cli.bat"
"Update the file located at <sdk path>/tools/keil/syscfg.bat"
assembling startup_mspm0g350x_uvision.s...
compiling dl_lfss.c...
compiling dl_keystorectl.c...
compiling dl_lcd.c...
compiling dl_trng.c...
compiling dl_mathacl.c...
compiling dl_vref.c...
compiling dl_opa.c...
compiling dl_i2c.c...
compiling dl_spi.c...
compiling dl_uart.c...
compiling dl_rtc_common.c...
compiling dl_timer.c...
compiling dl_mcan.c...
compiling dl_dma.c...
compiling dl_dac12.c...
compiling dl_common.c...
compiling dl_crcp.c...
compiling dl_aesadv.c...
compiling dl_flashctl.c...
../empty.c(44): warning: passing 'char[15]' to parameter of type 'const uint8_t *' (aka 'const unsigned char *') converts between pointers to integer types where one is of the unique plain 'char' type and the other is not [-Wpointer-sign]
                OLED_ShowString(0,0,"HELLO WHEELTEC");
                                    ^~~~~~~~~~~~~~~~
../Hardware/oled.h(22): note: passing argument to parameter 'p' here
void OLED_ShowString(uint8_t x,uint8_t y,const uint8_t *p);
                                                        ^
1 warning generated.
compiling empty.c...
compiling dl_crc.c...
compiling dl_aes.c...
compiling board.c...
compiling dl_interrupt.c...
compiling ti_msp_dl_config.c...
compiling dl_adc12.c...
compiling led.c...
compiling oled.c...
linking...
Program Size: Code=7428 RO-data=2968 RW-data=4 ZI-data=5132  
FromELF: creating hex file...
".\Objects\empty_LP_MSPM0G3507_nortos_keil.axf" - 0 Error(s), 1 Warning(s).

<h2>Software Packages used:</h2>

Package Vendor: TexasInstruments
                https://software-dl.ti.com/msp430/esd/MSPM0-CMSIS/MSPM0G1X0X_G3X0X/latest/exports/TexasInstruments.MSPM0G1X0X_G3X0X_DFP.1.3.1.pack
                TexasInstruments.MSPM0G1X0X_G3X0X_DFP.1.3.1
                Device Family Pack for Texas Instruments MSPM0G1X0X_G3X0X Series

<h2>Collection of Component include folders:</h2>

<h2>Collection of Component Files used:</h2>
Build Time Elapsed:  00:00:01
</pre>
</body>
</html>
