<?xml version="1.0" encoding="ISO-8859-1" ?>
<link_info>
   <banner>TI ARM Clang Linker PC v4.0.4.LTS</banner>
   <copyright>Copyright (c) 1996-2018 Texas Instruments Incorporated</copyright>
   <command_line>D:\TI\CCS\ccs\tools\compiler\ti-cgt-armllvm_4.0.4.LTS\bin\tiarmlnk -ID:\TI\CCS\ccs\tools\compiler\ti-cgt-armllvm_4.0.4.LTS\lib -o 19_Motor_XJ.out -m19_Motor_XJ.map -iD:/TI/CCS/mspm0_sdk_2_10_00_04/source -iC:/Users/Lenovo/Desktop/CCSProject/MSPM0G3507/19_Motor_XJ -iC:/Users/Lenovo/Desktop/CCSProject/MSPM0G3507/19_Motor_XJ/Debug/syscfg -iD:/TI/CCS/ccs/tools/compiler/ti-cgt-armllvm_4.0.4.LTS/lib --diag_wrap=off --display_error_number --warn_sections --xml_link_info=19_Motor_XJ_linkInfo.xml --rom_model ./ti_msp_dl_config.o ./startup_mspm0g350x_ticlang.o ./Hardware/Encoder.o ./Hardware/XJ.o ./Hardware/bsp_tb6612.o ./Hardware/OLED/board.o ./Hardware/OLED/oled.o ./Hardware/src/bsp_mpu6050.o ./Hardware/src/inv_mpu.o ./Hardware/src/inv_mpu_dmp_motion_driver.o ./User/main.o -l./device_linker.cmd -ldevice.cmd.genlibs -llibc.a --start-group -llibc++.a -llibc++abi.a -llibc.a -llibsys.a -llibsysbm.a -llibclang_rt.builtins.a -llibclang_rt.profile.a --end-group --cg_opt_level=2</command_line>
   <link_time>0x69deee57</link_time>
   <link_errors>0x0</link_errors>
   <output_file>C:\Users\Lenovo\Desktop\CCSProject\MSPM0G3507\19_Motor_XJ\Debug\19_Motor_XJ.out</output_file>
   <entry_point>
      <name>_c_int00_noargs</name>
      <address>0x5c8d</address>
   </entry_point>
   <input_file_list>
      <input_file id="fl-1">
         <path>C:\Users\Lenovo\Desktop\CCSProject\MSPM0G3507\19_Motor_XJ\Debug\.\</path>
         <kind>object</kind>
         <file>ti_msp_dl_config.o</file>
         <name>ti_msp_dl_config.o</name>
      </input_file>
      <input_file id="fl-2">
         <path>C:\Users\Lenovo\Desktop\CCSProject\MSPM0G3507\19_Motor_XJ\Debug\.\</path>
         <kind>object</kind>
         <file>startup_mspm0g350x_ticlang.o</file>
         <name>startup_mspm0g350x_ticlang.o</name>
      </input_file>
      <input_file id="fl-3">
         <path>C:\Users\Lenovo\Desktop\CCSProject\MSPM0G3507\19_Motor_XJ\Debug\.\Hardware\</path>
         <kind>object</kind>
         <file>Encoder.o</file>
         <name>Encoder.o</name>
      </input_file>
      <input_file id="fl-4">
         <path>C:\Users\Lenovo\Desktop\CCSProject\MSPM0G3507\19_Motor_XJ\Debug\.\Hardware\</path>
         <kind>object</kind>
         <file>XJ.o</file>
         <name>XJ.o</name>
      </input_file>
      <input_file id="fl-5">
         <path>C:\Users\Lenovo\Desktop\CCSProject\MSPM0G3507\19_Motor_XJ\Debug\.\Hardware\</path>
         <kind>object</kind>
         <file>bsp_tb6612.o</file>
         <name>bsp_tb6612.o</name>
      </input_file>
      <input_file id="fl-6">
         <path>C:\Users\Lenovo\Desktop\CCSProject\MSPM0G3507\19_Motor_XJ\Debug\.\Hardware\OLED\</path>
         <kind>object</kind>
         <file>board.o</file>
         <name>board.o</name>
      </input_file>
      <input_file id="fl-7">
         <path>C:\Users\Lenovo\Desktop\CCSProject\MSPM0G3507\19_Motor_XJ\Debug\.\Hardware\OLED\</path>
         <kind>object</kind>
         <file>oled.o</file>
         <name>oled.o</name>
      </input_file>
      <input_file id="fl-8">
         <path>C:\Users\Lenovo\Desktop\CCSProject\MSPM0G3507\19_Motor_XJ\Debug\.\Hardware\src\</path>
         <kind>object</kind>
         <file>bsp_mpu6050.o</file>
         <name>bsp_mpu6050.o</name>
      </input_file>
      <input_file id="fl-9">
         <path>C:\Users\Lenovo\Desktop\CCSProject\MSPM0G3507\19_Motor_XJ\Debug\.\Hardware\src\</path>
         <kind>object</kind>
         <file>inv_mpu.o</file>
         <name>inv_mpu.o</name>
      </input_file>
      <input_file id="fl-a">
         <path>C:\Users\Lenovo\Desktop\CCSProject\MSPM0G3507\19_Motor_XJ\Debug\.\Hardware\src\</path>
         <kind>object</kind>
         <file>inv_mpu_dmp_motion_driver.o</file>
         <name>inv_mpu_dmp_motion_driver.o</name>
      </input_file>
      <input_file id="fl-b">
         <path>C:\Users\Lenovo\Desktop\CCSProject\MSPM0G3507\19_Motor_XJ\Debug\.\User\</path>
         <kind>object</kind>
         <file>main.o</file>
         <name>main.o</name>
      </input_file>
      <input_file id="fl-18">
         <path>C:\Users\Lenovo\Desktop\CCSProject\MSPM0G3507\19_Motor_XJ\Debug\</path>
         <kind>object</kind>
         <file>&lt;internal&gt;</file>
         <name>&lt;internal&gt;</name>
      </input_file>
      <input_file id="fl-19">
         <path>D:\TI\CCS\mspm0_sdk_2_10_00_04\source\ti\driverlib\lib\ticlang\m0p\mspm0g1x0x_g3x0x\</path>
         <kind>archive</kind>
         <file>driverlib.a</file>
         <name>dl_common.o</name>
      </input_file>
      <input_file id="fl-1a">
         <path>D:\TI\CCS\mspm0_sdk_2_10_00_04\source\ti\driverlib\lib\ticlang\m0p\mspm0g1x0x_g3x0x\</path>
         <kind>archive</kind>
         <file>driverlib.a</file>
         <name>dl_i2c.o</name>
      </input_file>
      <input_file id="fl-1b">
         <path>D:\TI\CCS\mspm0_sdk_2_10_00_04\source\ti\driverlib\lib\ticlang\m0p\mspm0g1x0x_g3x0x\</path>
         <kind>archive</kind>
         <file>driverlib.a</file>
         <name>dl_timer.o</name>
      </input_file>
      <input_file id="fl-1c">
         <path>D:\TI\CCS\mspm0_sdk_2_10_00_04\source\ti\driverlib\lib\ticlang\m0p\mspm0g1x0x_g3x0x\</path>
         <kind>archive</kind>
         <file>driverlib.a</file>
         <name>dl_uart.o</name>
      </input_file>
      <input_file id="fl-1d">
         <path>D:\TI\CCS\mspm0_sdk_2_10_00_04\source\ti\driverlib\lib\ticlang\m0p\mspm0g1x0x_g3x0x\</path>
         <kind>archive</kind>
         <file>driverlib.a</file>
         <name>dl_sysctl_mspm0g1x0x_g3x0x.o</name>
      </input_file>
      <input_file id="fl-34">
         <path>D:\TI\CCS\ccs\tools\compiler\ti-cgt-armllvm_4.0.4.LTS\lib\armv6m-ti-none-eabi\c\</path>
         <kind>archive</kind>
         <file>libc.a</file>
         <name>e_asin.c.obj</name>
      </input_file>
      <input_file id="fl-35">
         <path>D:\TI\CCS\ccs\tools\compiler\ti-cgt-armllvm_4.0.4.LTS\lib\armv6m-ti-none-eabi\c\</path>
         <kind>archive</kind>
         <file>libc.a</file>
         <name>e_atan2.c.obj</name>
      </input_file>
      <input_file id="fl-36">
         <path>D:\TI\CCS\ccs\tools\compiler\ti-cgt-armllvm_4.0.4.LTS\lib\armv6m-ti-none-eabi\c\</path>
         <kind>archive</kind>
         <file>libc.a</file>
         <name>e_sqrt.c.obj</name>
      </input_file>
      <input_file id="fl-37">
         <path>D:\TI\CCS\ccs\tools\compiler\ti-cgt-armllvm_4.0.4.LTS\lib\armv6m-ti-none-eabi\c\</path>
         <kind>archive</kind>
         <file>libc.a</file>
         <name>s_atan.c.obj</name>
      </input_file>
      <input_file id="fl-38">
         <path>D:\TI\CCS\ccs\tools\compiler\ti-cgt-armllvm_4.0.4.LTS\lib\armv6m-ti-none-eabi\c\</path>
         <kind>archive</kind>
         <file>libc.a</file>
         <name>printf.c.obj</name>
      </input_file>
      <input_file id="fl-39">
         <path>D:\TI\CCS\ccs\tools\compiler\ti-cgt-armllvm_4.0.4.LTS\lib\armv6m-ti-none-eabi\c\</path>
         <kind>archive</kind>
         <file>libc.a</file>
         <name>_printfi.c.obj</name>
      </input_file>
      <input_file id="fl-3a">
         <path>D:\TI\CCS\ccs\tools\compiler\ti-cgt-armllvm_4.0.4.LTS\lib\armv6m-ti-none-eabi\c\</path>
         <kind>archive</kind>
         <file>libc.a</file>
         <name>sprintf.c.obj</name>
      </input_file>
      <input_file id="fl-3b">
         <path>D:\TI\CCS\ccs\tools\compiler\ti-cgt-armllvm_4.0.4.LTS\lib\armv6m-ti-none-eabi\c\</path>
         <kind>archive</kind>
         <file>libc.a</file>
         <name>vsnprintf.c.obj</name>
      </input_file>
      <input_file id="fl-3c">
         <path>D:\TI\CCS\ccs\tools\compiler\ti-cgt-armllvm_4.0.4.LTS\lib\armv6m-ti-none-eabi\c\</path>
         <kind>archive</kind>
         <file>libc.a</file>
         <name>fputs.c.obj</name>
      </input_file>
      <input_file id="fl-3d">
         <path>D:\TI\CCS\ccs\tools\compiler\ti-cgt-armllvm_4.0.4.LTS\lib\armv6m-ti-none-eabi\c\</path>
         <kind>archive</kind>
         <file>libc.a</file>
         <name>_io_perm.c.obj</name>
      </input_file>
      <input_file id="fl-3e">
         <path>D:\TI\CCS\ccs\tools\compiler\ti-cgt-armllvm_4.0.4.LTS\lib\armv6m-ti-none-eabi\c\</path>
         <kind>archive</kind>
         <file>libc.a</file>
         <name>setvbuf.c.obj</name>
      </input_file>
      <input_file id="fl-3f">
         <path>D:\TI\CCS\ccs\tools\compiler\ti-cgt-armllvm_4.0.4.LTS\lib\armv6m-ti-none-eabi\c\</path>
         <kind>archive</kind>
         <file>libc.a</file>
         <name>aeabi_portable.c.obj</name>
      </input_file>
      <input_file id="fl-40">
         <path>D:\TI\CCS\ccs\tools\compiler\ti-cgt-armllvm_4.0.4.LTS\lib\armv6m-ti-none-eabi\c\</path>
         <kind>archive</kind>
         <file>libc.a</file>
         <name>exit.c.obj</name>
      </input_file>
      <input_file id="fl-41">
         <path>D:\TI\CCS\ccs\tools\compiler\ti-cgt-armllvm_4.0.4.LTS\lib\armv6m-ti-none-eabi\c\</path>
         <kind>archive</kind>
         <file>libc.a</file>
         <name>_lock.c.obj</name>
      </input_file>
      <input_file id="fl-42">
         <path>D:\TI\CCS\ccs\tools\compiler\ti-cgt-armllvm_4.0.4.LTS\lib\armv6m-ti-none-eabi\c\</path>
         <kind>archive</kind>
         <file>libc.a</file>
         <name>_ltoa.c.obj</name>
      </input_file>
      <input_file id="fl-43">
         <path>D:\TI\CCS\ccs\tools\compiler\ti-cgt-armllvm_4.0.4.LTS\lib\armv6m-ti-none-eabi\c\</path>
         <kind>archive</kind>
         <file>libc.a</file>
         <name>assert.c.obj</name>
      </input_file>
      <input_file id="fl-44">
         <path>D:\TI\CCS\ccs\tools\compiler\ti-cgt-armllvm_4.0.4.LTS\lib\armv6m-ti-none-eabi\c\</path>
         <kind>archive</kind>
         <file>libc.a</file>
         <name>atoi.c.obj</name>
      </input_file>
      <input_file id="fl-45">
         <path>D:\TI\CCS\ccs\tools\compiler\ti-cgt-armllvm_4.0.4.LTS\lib\armv6m-ti-none-eabi\c\</path>
         <kind>archive</kind>
         <file>libc.a</file>
         <name>defs.c.obj</name>
      </input_file>
      <input_file id="fl-46">
         <path>D:\TI\CCS\ccs\tools\compiler\ti-cgt-armllvm_4.0.4.LTS\lib\armv6m-ti-none-eabi\c\</path>
         <kind>archive</kind>
         <file>libc.a</file>
         <name>memccpy.c.obj</name>
      </input_file>
      <input_file id="fl-47">
         <path>D:\TI\CCS\ccs\tools\compiler\ti-cgt-armllvm_4.0.4.LTS\lib\armv6m-ti-none-eabi\c\</path>
         <kind>archive</kind>
         <file>libc.a</file>
         <name>memory.c.obj</name>
      </input_file>
      <input_file id="fl-48">
         <path>D:\TI\CCS\ccs\tools\compiler\ti-cgt-armllvm_4.0.4.LTS\lib\armv6m-ti-none-eabi\c\</path>
         <kind>archive</kind>
         <file>libc.a</file>
         <name>boot_cortex_m.c.obj</name>
      </input_file>
      <input_file id="fl-49">
         <path>D:\TI\CCS\ccs\tools\compiler\ti-cgt-armllvm_4.0.4.LTS\lib\armv6m-ti-none-eabi\c\</path>
         <kind>archive</kind>
         <file>libc.a</file>
         <name>mathacl_init.c.obj</name>
      </input_file>
      <input_file id="fl-4a">
         <path>D:\TI\CCS\ccs\tools\compiler\ti-cgt-armllvm_4.0.4.LTS\lib\armv6m-ti-none-eabi\c\</path>
         <kind>archive</kind>
         <file>libc.a</file>
         <name>autoinit.c.obj</name>
      </input_file>
      <input_file id="fl-4b">
         <path>D:\TI\CCS\ccs\tools\compiler\ti-cgt-armllvm_4.0.4.LTS\lib\armv6m-ti-none-eabi\c\</path>
         <kind>archive</kind>
         <file>libc.a</file>
         <name>pre_init.c.obj</name>
      </input_file>
      <input_file id="fl-4c">
         <path>D:\TI\CCS\ccs\tools\compiler\ti-cgt-armllvm_4.0.4.LTS\lib\armv6m-ti-none-eabi\c\</path>
         <kind>archive</kind>
         <file>libc.a</file>
         <name>cpy_tbl.c.obj</name>
      </input_file>
      <input_file id="fl-4d">
         <path>D:\TI\CCS\ccs\tools\compiler\ti-cgt-armllvm_4.0.4.LTS\lib\armv6m-ti-none-eabi\c\</path>
         <kind>archive</kind>
         <file>libc.a</file>
         <name>copy_zero_init.c.obj</name>
      </input_file>
      <input_file id="fl-4e">
         <path>D:\TI\CCS\ccs\tools\compiler\ti-cgt-armllvm_4.0.4.LTS\lib\armv6m-ti-none-eabi\c\</path>
         <kind>archive</kind>
         <file>libc.a</file>
         <name>copy_decompress_none.c.obj</name>
      </input_file>
      <input_file id="fl-4f">
         <path>D:\TI\CCS\ccs\tools\compiler\ti-cgt-armllvm_4.0.4.LTS\lib\armv6m-ti-none-eabi\c\</path>
         <kind>archive</kind>
         <file>libc.a</file>
         <name>copy_decompress_lzss.c.obj</name>
      </input_file>
      <input_file id="fl-50">
         <path>D:\TI\CCS\ccs\tools\compiler\ti-cgt-armllvm_4.0.4.LTS\lib\armv6m-ti-none-eabi\c\</path>
         <kind>archive</kind>
         <file>libc.a</file>
         <name>s_frexp.c.obj</name>
      </input_file>
      <input_file id="fl-51">
         <path>D:\TI\CCS\ccs\tools\compiler\ti-cgt-armllvm_4.0.4.LTS\lib\armv6m-ti-none-eabi\c\</path>
         <kind>archive</kind>
         <file>libc.a</file>
         <name>s_scalbn.c.obj</name>
      </input_file>
      <input_file id="fl-52">
         <path>D:\TI\CCS\ccs\tools\compiler\ti-cgt-armllvm_4.0.4.LTS\lib\armv6m-ti-none-eabi\c\</path>
         <kind>archive</kind>
         <file>libc.a</file>
         <name>wcslen.c.obj</name>
      </input_file>
      <input_file id="fl-53">
         <path>D:\TI\CCS\ccs\tools\compiler\ti-cgt-armllvm_4.0.4.LTS\lib\armv6m-ti-none-eabi\c\</path>
         <kind>archive</kind>
         <file>libc.a</file>
         <name>fflush.c.obj</name>
      </input_file>
      <input_file id="fl-54">
         <path>D:\TI\CCS\ccs\tools\compiler\ti-cgt-armllvm_4.0.4.LTS\lib\armv6m-ti-none-eabi\c\</path>
         <kind>archive</kind>
         <file>libc.a</file>
         <name>fopen.c.obj</name>
      </input_file>
      <input_file id="fl-55">
         <path>D:\TI\CCS\ccs\tools\compiler\ti-cgt-armllvm_4.0.4.LTS\lib\armv6m-ti-none-eabi\c\</path>
         <kind>archive</kind>
         <file>libc.a</file>
         <name>fseek.c.obj</name>
      </input_file>
      <input_file id="fl-56">
         <path>D:\TI\CCS\ccs\tools\compiler\ti-cgt-armllvm_4.0.4.LTS\lib\armv6m-ti-none-eabi\c\</path>
         <kind>archive</kind>
         <file>libc.a</file>
         <name>aeabi_ctype.S.obj</name>
      </input_file>
      <input_file id="fl-57">
         <path>D:\TI\CCS\ccs\tools\compiler\ti-cgt-armllvm_4.0.4.LTS\lib\armv6m-ti-none-eabi\c\</path>
         <kind>archive</kind>
         <file>libc.a</file>
         <name>args_main.c.obj</name>
      </input_file>
      <input_file id="fl-58">
         <path>D:\TI\CCS\ccs\tools\compiler\ti-cgt-armllvm_4.0.4.LTS\lib\armv6m-ti-none-eabi\c\</path>
         <kind>archive</kind>
         <file>libc.a</file>
         <name>fclose.c.obj</name>
      </input_file>
      <input_file id="fl-f8">
         <path>D:\TI\CCS\ccs\tools\compiler\ti-cgt-armllvm_4.0.4.LTS\lib\armv6m-ti-none-eabi\c\</path>
         <kind>archive</kind>
         <file>libsysbm.a</file>
         <name>hostexit.c.obj</name>
      </input_file>
      <input_file id="fl-f9">
         <path>D:\TI\CCS\ccs\tools\compiler\ti-cgt-armllvm_4.0.4.LTS\lib\armv6m-ti-none-eabi\c\</path>
         <kind>archive</kind>
         <file>libsysbm.a</file>
         <name>write.c.obj</name>
      </input_file>
      <input_file id="fl-fa">
         <path>D:\TI\CCS\ccs\tools\compiler\ti-cgt-armllvm_4.0.4.LTS\lib\armv6m-ti-none-eabi\c\</path>
         <kind>archive</kind>
         <file>libsysbm.a</file>
         <name>host_device.c.obj</name>
      </input_file>
      <input_file id="fl-fb">
         <path>D:\TI\CCS\ccs\tools\compiler\ti-cgt-armllvm_4.0.4.LTS\lib\armv6m-ti-none-eabi\c\</path>
         <kind>archive</kind>
         <file>libsysbm.a</file>
         <name>remove.c.obj</name>
      </input_file>
      <input_file id="fl-fc">
         <path>D:\TI\CCS\ccs\tools\compiler\ti-cgt-armllvm_4.0.4.LTS\lib\armv6m-ti-none-eabi\c\</path>
         <kind>archive</kind>
         <file>libsysbm.a</file>
         <name>open.c.obj</name>
      </input_file>
      <input_file id="fl-fd">
         <path>D:\TI\CCS\ccs\tools\compiler\ti-cgt-armllvm_4.0.4.LTS\lib\armv6m-ti-none-eabi\c\</path>
         <kind>archive</kind>
         <file>libsysbm.a</file>
         <name>lseek.c.obj</name>
      </input_file>
      <input_file id="fl-fe">
         <path>D:\TI\CCS\ccs\tools\compiler\ti-cgt-armllvm_4.0.4.LTS\lib\armv6m-ti-none-eabi\c\</path>
         <kind>archive</kind>
         <file>libsysbm.a</file>
         <name>close.c.obj</name>
      </input_file>
      <input_file id="fl-ff">
         <path>D:\TI\CCS\ccs\tools\compiler\ti-cgt-armllvm_4.0.4.LTS\lib\armv6m-ti-none-eabi\c\</path>
         <kind>archive</kind>
         <file>libsysbm.a</file>
         <name>unlink.c.obj</name>
      </input_file>
      <input_file id="fl-100">
         <path>D:\TI\CCS\ccs\tools\compiler\ti-cgt-armllvm_4.0.4.LTS\lib\armv6m-ti-none-eabi\c\</path>
         <kind>archive</kind>
         <file>libsysbm.a</file>
         <name>hostclose.c.obj</name>
      </input_file>
      <input_file id="fl-101">
         <path>D:\TI\CCS\ccs\tools\compiler\ti-cgt-armllvm_4.0.4.LTS\lib\armv6m-ti-none-eabi\c\</path>
         <kind>archive</kind>
         <file>libsysbm.a</file>
         <name>hostlseek.c.obj</name>
      </input_file>
      <input_file id="fl-102">
         <path>D:\TI\CCS\ccs\tools\compiler\ti-cgt-armllvm_4.0.4.LTS\lib\armv6m-ti-none-eabi\c\</path>
         <kind>archive</kind>
         <file>libsysbm.a</file>
         <name>hostopen.c.obj</name>
      </input_file>
      <input_file id="fl-103">
         <path>D:\TI\CCS\ccs\tools\compiler\ti-cgt-armllvm_4.0.4.LTS\lib\armv6m-ti-none-eabi\c\</path>
         <kind>archive</kind>
         <file>libsysbm.a</file>
         <name>hostread.c.obj</name>
      </input_file>
      <input_file id="fl-104">
         <path>D:\TI\CCS\ccs\tools\compiler\ti-cgt-armllvm_4.0.4.LTS\lib\armv6m-ti-none-eabi\c\</path>
         <kind>archive</kind>
         <file>libsysbm.a</file>
         <name>hostrename.c.obj</name>
      </input_file>
      <input_file id="fl-105">
         <path>D:\TI\CCS\ccs\tools\compiler\ti-cgt-armllvm_4.0.4.LTS\lib\armv6m-ti-none-eabi\c\</path>
         <kind>archive</kind>
         <file>libsysbm.a</file>
         <name>hostunlink.c.obj</name>
      </input_file>
      <input_file id="fl-106">
         <path>D:\TI\CCS\ccs\tools\compiler\ti-cgt-armllvm_4.0.4.LTS\lib\armv6m-ti-none-eabi\c\</path>
         <kind>archive</kind>
         <file>libsysbm.a</file>
         <name>hostwrite.c.obj</name>
      </input_file>
      <input_file id="fl-107">
         <path>D:\TI\CCS\ccs\tools\compiler\ti-cgt-armllvm_4.0.4.LTS\lib\armv6m-ti-none-eabi\c\</path>
         <kind>archive</kind>
         <file>libsysbm.a</file>
         <name>trgmsg.c.obj</name>
      </input_file>
      <input_file id="fl-108">
         <path>D:\TI\CCS\ccs\tools\compiler\ti-cgt-armllvm_4.0.4.LTS\lib\armv6m-ti-none-eabi\</path>
         <kind>archive</kind>
         <file>libclang_rt.builtins.a</file>
         <name>addsf3.S.obj</name>
      </input_file>
      <input_file id="fl-109">
         <path>D:\TI\CCS\ccs\tools\compiler\ti-cgt-armllvm_4.0.4.LTS\lib\armv6m-ti-none-eabi\</path>
         <kind>archive</kind>
         <file>libclang_rt.builtins.a</file>
         <name>adddf3.S.obj</name>
      </input_file>
      <input_file id="fl-10a">
         <path>D:\TI\CCS\ccs\tools\compiler\ti-cgt-armllvm_4.0.4.LTS\lib\armv6m-ti-none-eabi\</path>
         <kind>archive</kind>
         <file>libclang_rt.builtins.a</file>
         <name>muldf3.S.obj</name>
      </input_file>
      <input_file id="fl-10b">
         <path>D:\TI\CCS\ccs\tools\compiler\ti-cgt-armllvm_4.0.4.LTS\lib\armv6m-ti-none-eabi\</path>
         <kind>archive</kind>
         <file>libclang_rt.builtins.a</file>
         <name>muldsi3.S.obj</name>
      </input_file>
      <input_file id="fl-10c">
         <path>D:\TI\CCS\ccs\tools\compiler\ti-cgt-armllvm_4.0.4.LTS\lib\armv6m-ti-none-eabi\</path>
         <kind>archive</kind>
         <file>libclang_rt.builtins.a</file>
         <name>mulsf3.S.obj</name>
      </input_file>
      <input_file id="fl-10d">
         <path>D:\TI\CCS\ccs\tools\compiler\ti-cgt-armllvm_4.0.4.LTS\lib\armv6m-ti-none-eabi\</path>
         <kind>archive</kind>
         <file>libclang_rt.builtins.a</file>
         <name>divsf3.S.obj</name>
      </input_file>
      <input_file id="fl-10e">
         <path>D:\TI\CCS\ccs\tools\compiler\ti-cgt-armllvm_4.0.4.LTS\lib\armv6m-ti-none-eabi\</path>
         <kind>archive</kind>
         <file>libclang_rt.builtins.a</file>
         <name>divdf3.S.obj</name>
      </input_file>
      <input_file id="fl-10f">
         <path>D:\TI\CCS\ccs\tools\compiler\ti-cgt-armllvm_4.0.4.LTS\lib\armv6m-ti-none-eabi\</path>
         <kind>archive</kind>
         <file>libclang_rt.builtins.a</file>
         <name>extendsfdf2.S.obj</name>
      </input_file>
      <input_file id="fl-110">
         <path>D:\TI\CCS\ccs\tools\compiler\ti-cgt-armllvm_4.0.4.LTS\lib\armv6m-ti-none-eabi\</path>
         <kind>archive</kind>
         <file>libclang_rt.builtins.a</file>
         <name>fixdfsi.S.obj</name>
      </input_file>
      <input_file id="fl-111">
         <path>D:\TI\CCS\ccs\tools\compiler\ti-cgt-armllvm_4.0.4.LTS\lib\armv6m-ti-none-eabi\</path>
         <kind>archive</kind>
         <file>libclang_rt.builtins.a</file>
         <name>fixsfsi.S.obj</name>
      </input_file>
      <input_file id="fl-112">
         <path>D:\TI\CCS\ccs\tools\compiler\ti-cgt-armllvm_4.0.4.LTS\lib\armv6m-ti-none-eabi\</path>
         <kind>archive</kind>
         <file>libclang_rt.builtins.a</file>
         <name>floatsidf.S.obj</name>
      </input_file>
      <input_file id="fl-113">
         <path>D:\TI\CCS\ccs\tools\compiler\ti-cgt-armllvm_4.0.4.LTS\lib\armv6m-ti-none-eabi\</path>
         <kind>archive</kind>
         <file>libclang_rt.builtins.a</file>
         <name>floatsisf.S.obj</name>
      </input_file>
      <input_file id="fl-114">
         <path>D:\TI\CCS\ccs\tools\compiler\ti-cgt-armllvm_4.0.4.LTS\lib\armv6m-ti-none-eabi\</path>
         <kind>archive</kind>
         <file>libclang_rt.builtins.a</file>
         <name>floatunsisf.S.obj</name>
      </input_file>
      <input_file id="fl-115">
         <path>D:\TI\CCS\ccs\tools\compiler\ti-cgt-armllvm_4.0.4.LTS\lib\armv6m-ti-none-eabi\</path>
         <kind>archive</kind>
         <file>libclang_rt.builtins.a</file>
         <name>muldi3.S.obj</name>
      </input_file>
      <input_file id="fl-116">
         <path>D:\TI\CCS\ccs\tools\compiler\ti-cgt-armllvm_4.0.4.LTS\lib\armv6m-ti-none-eabi\</path>
         <kind>archive</kind>
         <file>libclang_rt.builtins.a</file>
         <name>truncdfsf2.S.obj</name>
      </input_file>
      <input_file id="fl-117">
         <path>D:\TI\CCS\ccs\tools\compiler\ti-cgt-armllvm_4.0.4.LTS\lib\armv6m-ti-none-eabi\</path>
         <kind>archive</kind>
         <file>libclang_rt.builtins.a</file>
         <name>aeabi_dcmp.S.obj</name>
      </input_file>
      <input_file id="fl-118">
         <path>D:\TI\CCS\ccs\tools\compiler\ti-cgt-armllvm_4.0.4.LTS\lib\armv6m-ti-none-eabi\</path>
         <kind>archive</kind>
         <file>libclang_rt.builtins.a</file>
         <name>aeabi_fcmp.S.obj</name>
      </input_file>
      <input_file id="fl-119">
         <path>D:\TI\CCS\ccs\tools\compiler\ti-cgt-armllvm_4.0.4.LTS\lib\armv6m-ti-none-eabi\</path>
         <kind>archive</kind>
         <file>libclang_rt.builtins.a</file>
         <name>aeabi_idivmod.S.obj</name>
      </input_file>
      <input_file id="fl-11a">
         <path>D:\TI\CCS\ccs\tools\compiler\ti-cgt-armllvm_4.0.4.LTS\lib\armv6m-ti-none-eabi\</path>
         <kind>archive</kind>
         <file>libclang_rt.builtins.a</file>
         <name>aeabi_ldivmod.S.obj</name>
      </input_file>
      <input_file id="fl-11b">
         <path>D:\TI\CCS\ccs\tools\compiler\ti-cgt-armllvm_4.0.4.LTS\lib\armv6m-ti-none-eabi\</path>
         <kind>archive</kind>
         <file>libclang_rt.builtins.a</file>
         <name>aeabi_memcpy.S.obj</name>
      </input_file>
      <input_file id="fl-11c">
         <path>D:\TI\CCS\ccs\tools\compiler\ti-cgt-armllvm_4.0.4.LTS\lib\armv6m-ti-none-eabi\</path>
         <kind>archive</kind>
         <file>libclang_rt.builtins.a</file>
         <name>aeabi_memset.S.obj</name>
      </input_file>
      <input_file id="fl-11d">
         <path>D:\TI\CCS\ccs\tools\compiler\ti-cgt-armllvm_4.0.4.LTS\lib\armv6m-ti-none-eabi\</path>
         <kind>archive</kind>
         <file>libclang_rt.builtins.a</file>
         <name>aeabi_uidivmod.S.obj</name>
      </input_file>
      <input_file id="fl-11e">
         <path>D:\TI\CCS\ccs\tools\compiler\ti-cgt-armllvm_4.0.4.LTS\lib\armv6m-ti-none-eabi\</path>
         <kind>archive</kind>
         <file>libclang_rt.builtins.a</file>
         <name>aeabi_uldivmod.S.obj</name>
      </input_file>
      <input_file id="fl-11f">
         <path>D:\TI\CCS\ccs\tools\compiler\ti-cgt-armllvm_4.0.4.LTS\lib\armv6m-ti-none-eabi\</path>
         <kind>archive</kind>
         <file>libclang_rt.builtins.a</file>
         <name>comparesf2.S.obj</name>
      </input_file>
      <input_file id="fl-120">
         <path>D:\TI\CCS\ccs\tools\compiler\ti-cgt-armllvm_4.0.4.LTS\lib\armv6m-ti-none-eabi\</path>
         <kind>archive</kind>
         <file>libclang_rt.builtins.a</file>
         <name>udivmoddi4.S.obj</name>
      </input_file>
      <input_file id="fl-121">
         <path>D:\TI\CCS\ccs\tools\compiler\ti-cgt-armllvm_4.0.4.LTS\lib\armv6m-ti-none-eabi\</path>
         <kind>archive</kind>
         <file>libclang_rt.builtins.a</file>
         <name>ashldi3.S.obj</name>
      </input_file>
      <input_file id="fl-122">
         <path>D:\TI\CCS\ccs\tools\compiler\ti-cgt-armllvm_4.0.4.LTS\lib\armv6m-ti-none-eabi\</path>
         <kind>archive</kind>
         <file>libclang_rt.builtins.a</file>
         <name>comparedf2.c.obj</name>
      </input_file>
      <input_file id="fl-123">
         <path>D:\TI\CCS\ccs\tools\compiler\ti-cgt-armllvm_4.0.4.LTS\lib\armv6m-ti-none-eabi\</path>
         <kind>archive</kind>
         <file>libclang_rt.builtins.a</file>
         <name>divmoddi4.c.obj</name>
      </input_file>
      <input_file id="fl-124">
         <path>D:\TI\CCS\ccs\tools\compiler\ti-cgt-armllvm_4.0.4.LTS\lib\armv6m-ti-none-eabi\</path>
         <kind>archive</kind>
         <file>libclang_rt.builtins.a</file>
         <name>aeabi_div0.c.obj</name>
      </input_file>
      <input_file id="fl-125">
         <path>D:\TI\CCS\ccs\tools\compiler\ti-cgt-armllvm_4.0.4.LTS\lib\armv6m-ti-none-eabi\c\</path>
         <kind>archive</kind>
         <file>libc.a</file>
         <name>getdevice.c.obj</name>
      </input_file>
      <input_file id="fl-126">
         <path>D:\TI\CCS\ccs\tools\compiler\ti-cgt-armllvm_4.0.4.LTS\lib\armv6m-ti-none-eabi\c\</path>
         <kind>archive</kind>
         <file>libc.a</file>
         <name>memcpy16.S.obj</name>
      </input_file>
      <input_file id="fl-127">
         <path>D:\TI\CCS\ccs\tools\compiler\ti-cgt-armllvm_4.0.4.LTS\lib\armv6m-ti-none-eabi\c\</path>
         <kind>archive</kind>
         <file>libc.a</file>
         <name>memset16.S.obj</name>
      </input_file>
      <input_file id="fl-128">
         <path>D:\TI\CCS\ccs\tools\compiler\ti-cgt-armllvm_4.0.4.LTS\lib\armv6m-ti-none-eabi\c\</path>
         <kind>archive</kind>
         <file>libc.a</file>
         <name>strcmp-armv6m.S.obj</name>
      </input_file>
   </input_file_list>
   <object_component_list>
      <object_component id="oc-18">
         <name>.intvecs</name>
         <load_address>0x0</load_address>
         <readonly>true</readonly>
         <run_address>0x0</run_address>
         <size>0xc0</size>
         <alignment>0x4</alignment>
         <input_file_ref idref="fl-2"/>
      </object_component>
      <object_component id="oc-d3">
         <name>.text.OLED_Init</name>
         <load_address>0xc0</load_address>
         <readonly>true</readonly>
         <executable>true</executable>
         <run_address>0xc0</run_address>
         <size>0x12a4</size>
         <alignment>0x4</alignment>
         <input_file_ref idref="fl-7"/>
      </object_component>
      <object_component id="oc-16b">
         <name>.text:__TI_printfi</name>
         <load_address>0x1364</load_address>
         <readonly>true</readonly>
         <executable>true</executable>
         <run_address>0x1364</run_address>
         <size>0x9d0</size>
         <alignment>0x4</alignment>
         <input_file_ref idref="fl-39"/>
      </object_component>
      <object_component id="oc-132">
         <name>.text.MPU6050_ReadData</name>
         <load_address>0x1d34</load_address>
         <readonly>true</readonly>
         <executable>true</executable>
         <run_address>0x1d34</run_address>
         <size>0x8bc</size>
         <alignment>0x4</alignment>
         <input_file_ref idref="fl-8"/>
      </object_component>
      <object_component id="oc-131">
         <name>.text.MPU6050_WriteReg</name>
         <load_address>0x25f0</load_address>
         <readonly>true</readonly>
         <executable>true</executable>
         <run_address>0x25f0</run_address>
         <size>0x658</size>
         <alignment>0x4</alignment>
         <input_file_ref idref="fl-8"/>
      </object_component>
      <object_component id="oc-eb">
         <name>.text.OLED_ShowSignedNum</name>
         <load_address>0x2c48</load_address>
         <readonly>true</readonly>
         <executable>true</executable>
         <run_address>0x2c48</run_address>
         <size>0x3ee</size>
         <alignment>0x2</alignment>
         <input_file_ref idref="fl-7"/>
      </object_component>
      <object_component id="oc-33">
         <name>.text.Default_Handler</name>
         <load_address>0x3036</load_address>
         <readonly>true</readonly>
         <executable>true</executable>
         <run_address>0x3036</run_address>
         <size>0x2</size>
         <alignment>0x2</alignment>
         <input_file_ref idref="fl-2"/>
      </object_component>
      <object_component id="oc-e3">
         <name>.text.OLED_Refresh</name>
         <load_address>0x3038</load_address>
         <readonly>true</readonly>
         <executable>true</executable>
         <run_address>0x3038</run_address>
         <size>0x2b4</size>
         <alignment>0x4</alignment>
         <input_file_ref idref="fl-7"/>
      </object_component>
      <object_component id="oc-178">
         <name>.text.SYSCFG_DL_SYSCTL_SYSPLL_init</name>
         <load_address>0x32ec</load_address>
         <readonly>true</readonly>
         <executable>true</executable>
         <run_address>0x32ec</run_address>
         <size>0x2a8</size>
         <alignment>0x4</alignment>
         <input_file_ref idref="fl-1"/>
      </object_component>
      <object_component id="oc-14c">
         <name>.text.OLED_ShowChar</name>
         <load_address>0x3594</load_address>
         <readonly>true</readonly>
         <executable>true</executable>
         <run_address>0x3594</run_address>
         <size>0x270</size>
         <alignment>0x4</alignment>
         <input_file_ref idref="fl-7"/>
      </object_component>
      <object_component id="oc-1d1">
         <name>.text._pconv_a</name>
         <load_address>0x3804</load_address>
         <readonly>true</readonly>
         <executable>true</executable>
         <run_address>0x3804</run_address>
         <size>0x220</size>
         <alignment>0x4</alignment>
         <input_file_ref idref="fl-39"/>
      </object_component>
      <object_component id="oc-1d6">
         <name>.text._pconv_g</name>
         <load_address>0x3a24</load_address>
         <readonly>true</readonly>
         <executable>true</executable>
         <run_address>0x3a24</run_address>
         <size>0x1dc</size>
         <alignment>0x4</alignment>
         <input_file_ref idref="fl-39"/>
      </object_component>
      <object_component id="oc-7e">
         <name>.text.adddf3_subdf3</name>
         <load_address>0x3c00</load_address>
         <readonly>true</readonly>
         <executable>true</executable>
         <run_address>0x3c00</run_address>
         <size>0x192</size>
         <alignment>0x4</alignment>
         <input_file_ref idref="fl-109"/>
      </object_component>
      <object_component id="oc-1a1">
         <name>.text.__aeabi_idiv0</name>
         <load_address>0x3d92</load_address>
         <readonly>true</readonly>
         <executable>true</executable>
         <run_address>0x3d92</run_address>
         <size>0x2</size>
         <alignment>0x2</alignment>
         <input_file_ref idref="fl-124"/>
      </object_component>
      <object_component id="oc-9c">
         <name>.text.main</name>
         <load_address>0x3d94</load_address>
         <readonly>true</readonly>
         <executable>true</executable>
         <run_address>0x3d94</run_address>
         <size>0x17c</size>
         <alignment>0x4</alignment>
         <input_file_ref idref="fl-b"/>
      </object_component>
      <object_component id="oc-21f">
         <name>.text.fcvt</name>
         <load_address>0x3f10</load_address>
         <readonly>true</readonly>
         <executable>true</executable>
         <run_address>0x3f10</run_address>
         <size>0x13c</size>
         <alignment>0x4</alignment>
         <input_file_ref idref="fl-39"/>
      </object_component>
      <object_component id="oc-cd">
         <name>.text.MPU6050_Init</name>
         <load_address>0x404c</load_address>
         <readonly>true</readonly>
         <executable>true</executable>
         <run_address>0x404c</run_address>
         <size>0x130</size>
         <alignment>0x4</alignment>
         <input_file_ref idref="fl-8"/>
      </object_component>
      <object_component id="oc-1d8">
         <name>.text._pconv_e</name>
         <load_address>0x417c</load_address>
         <readonly>true</readonly>
         <executable>true</executable>
         <run_address>0x417c</run_address>
         <size>0x120</size>
         <alignment>0x4</alignment>
         <input_file_ref idref="fl-39"/>
      </object_component>
      <object_component id="oc-ec">
         <name>.text.XJ_ReadFrame</name>
         <load_address>0x429c</load_address>
         <readonly>true</readonly>
         <executable>true</executable>
         <run_address>0x429c</run_address>
         <size>0x11c</size>
         <alignment>0x4</alignment>
         <input_file_ref idref="fl-4"/>
      </object_component>
      <object_component id="oc-e1">
         <name>.text.LOG_Debug_Out</name>
         <load_address>0x43b8</load_address>
         <readonly>true</readonly>
         <executable>true</executable>
         <run_address>0x43b8</run_address>
         <size>0x10c</size>
         <alignment>0x4</alignment>
         <input_file_ref idref="fl-6"/>
      </object_component>
      <object_component id="oc-21b">
         <name>.text.__divdf3</name>
         <load_address>0x44c4</load_address>
         <readonly>true</readonly>
         <executable>true</executable>
         <run_address>0x44c4</run_address>
         <size>0x10c</size>
         <alignment>0x4</alignment>
         <input_file_ref idref="fl-10e"/>
      </object_component>
      <object_component id="oc-181">
         <name>.text.DL_Timer_initFourCCPWMMode</name>
         <load_address>0x45d0</load_address>
         <readonly>true</readonly>
         <executable>true</executable>
         <run_address>0x45d0</run_address>
         <size>0x104</size>
         <alignment>0x4</alignment>
         <input_file_ref idref="fl-1b"/>
      </object_component>
      <object_component id="oc-187">
         <name>.text.DL_Timer_initTimerMode</name>
         <load_address>0x46d4</load_address>
         <readonly>true</readonly>
         <executable>true</executable>
         <run_address>0x46d4</run_address>
         <size>0xfc</size>
         <alignment>0x4</alignment>
         <input_file_ref idref="fl-1b"/>
      </object_component>
      <object_component id="oc-123">
         <name>.text.SYSCFG_DL_GPIO_init</name>
         <load_address>0x47d0</load_address>
         <readonly>true</readonly>
         <executable>true</executable>
         <run_address>0x47d0</run_address>
         <size>0xfc</size>
         <alignment>0x4</alignment>
         <input_file_ref idref="fl-1"/>
      </object_component>
      <object_component id="oc-7a">
         <name>.text.__muldf3</name>
         <load_address>0x48cc</load_address>
         <readonly>true</readonly>
         <executable>true</executable>
         <run_address>0x48cc</run_address>
         <size>0xe4</size>
         <alignment>0x4</alignment>
         <input_file_ref idref="fl-10a"/>
      </object_component>
      <object_component id="oc-177">
         <name>.text.DL_SYSCTL_configSYSPLL</name>
         <load_address>0x49b0</load_address>
         <readonly>true</readonly>
         <executable>true</executable>
         <run_address>0x49b0</run_address>
         <size>0xdc</size>
         <alignment>0x4</alignment>
         <input_file_ref idref="fl-1d"/>
      </object_component>
      <object_component id="oc-1fe">
         <name>.text.scalbn</name>
         <load_address>0x4a8c</load_address>
         <readonly>true</readonly>
         <executable>true</executable>
         <run_address>0x4a8c</run_address>
         <size>0xd8</size>
         <alignment>0x4</alignment>
         <input_file_ref idref="fl-51"/>
      </object_component>
      <object_component id="oc-124">
         <name>.text.SYSCFG_DL_SYSCTL_init</name>
         <load_address>0x4b64</load_address>
         <readonly>true</readonly>
         <executable>true</executable>
         <run_address>0x4b64</run_address>
         <size>0xc0</size>
         <alignment>0x4</alignment>
         <input_file_ref idref="fl-1"/>
      </object_component>
      <object_component id="oc-34">
         <name>.text.GROUP1_IRQHandler</name>
         <load_address>0x4c24</load_address>
         <readonly>true</readonly>
         <executable>true</executable>
         <run_address>0x4c24</run_address>
         <size>0xb8</size>
         <alignment>0x4</alignment>
         <input_file_ref idref="fl-3"/>
      </object_component>
      <object_component id="oc-1f5">
         <name>.text</name>
         <load_address>0x4cdc</load_address>
         <readonly>true</readonly>
         <executable>true</executable>
         <run_address>0x4cdc</run_address>
         <size>0xa2</size>
         <alignment>0x4</alignment>
         <input_file_ref idref="fl-120"/>
      </object_component>
      <object_component id="oc-221">
         <name>.text.__aeabi_ldiv0</name>
         <load_address>0x4d7e</load_address>
         <readonly>true</readonly>
         <executable>true</executable>
         <run_address>0x4d7e</run_address>
         <size>0x2</size>
         <alignment>0x2</alignment>
         <input_file_ref idref="fl-124"/>
      </object_component>
      <object_component id="oc-39">
         <name>.text.TIMG0_IRQHandler</name>
         <load_address>0x4d80</load_address>
         <readonly>true</readonly>
         <executable>true</executable>
         <run_address>0x4d80</run_address>
         <size>0xa0</size>
         <alignment>0x4</alignment>
         <input_file_ref idref="fl-b"/>
      </object_component>
      <object_component id="oc-c3">
         <name>.text:memcpy</name>
         <load_address>0x4e20</load_address>
         <readonly>true</readonly>
         <executable>true</executable>
         <run_address>0x4e20</run_address>
         <size>0x9a</size>
         <alignment>0x1</alignment>
         <input_file_ref idref="fl-126"/>
      </object_component>
      <object_component id="oc-126">
         <name>.text.SYSCFG_DL_PWM_0_init</name>
         <load_address>0x4ebc</load_address>
         <readonly>true</readonly>
         <executable>true</executable>
         <run_address>0x4ebc</run_address>
         <size>0x94</size>
         <alignment>0x4</alignment>
         <input_file_ref idref="fl-1"/>
      </object_component>
      <object_component id="oc-e2">
         <name>.text.OLED_ShowString</name>
         <load_address>0x4f50</load_address>
         <readonly>true</readonly>
         <executable>true</executable>
         <run_address>0x4f50</run_address>
         <size>0x8c</size>
         <alignment>0x2</alignment>
         <input_file_ref idref="fl-7"/>
      </object_component>
      <object_component id="oc-72">
         <name>.text.__divsf3</name>
         <load_address>0x4fdc</load_address>
         <readonly>true</readonly>
         <executable>true</executable>
         <run_address>0x4fdc</run_address>
         <size>0x82</size>
         <alignment>0x4</alignment>
         <input_file_ref idref="fl-10d"/>
      </object_component>
      <object_component id="oc-1c">
         <name>.text:decompress:lzss</name>
         <load_address>0x5060</load_address>
         <readonly>true</readonly>
         <executable>true</executable>
         <run_address>0x5060</run_address>
         <size>0x7c</size>
         <alignment>0x4</alignment>
         <input_file_ref idref="fl-4f"/>
      </object_component>
      <object_component id="oc-219">
         <name>.text.__gedf2</name>
         <load_address>0x50dc</load_address>
         <readonly>true</readonly>
         <executable>true</executable>
         <run_address>0x50dc</run_address>
         <size>0x74</size>
         <alignment>0x4</alignment>
         <input_file_ref idref="fl-122"/>
      </object_component>
      <object_component id="oc-82">
         <name>.text.__truncdfsf2</name>
         <load_address>0x5150</load_address>
         <readonly>true</readonly>
         <executable>true</executable>
         <run_address>0x5150</run_address>
         <size>0x74</size>
         <alignment>0x10</alignment>
         <input_file_ref idref="fl-116"/>
      </object_component>
      <object_component id="oc-213">
         <name>.text.__ledf2</name>
         <load_address>0x51c4</load_address>
         <readonly>true</readonly>
         <executable>true</executable>
         <run_address>0x51c4</run_address>
         <size>0x68</size>
         <alignment>0x4</alignment>
         <input_file_ref idref="fl-122"/>
      </object_component>
      <object_component id="oc-61">
         <name>.text.lc_printf</name>
         <load_address>0x522c</load_address>
         <readonly>true</readonly>
         <executable>true</executable>
         <run_address>0x522c</run_address>
         <size>0x68</size>
         <alignment>0x4</alignment>
         <input_file_ref idref="fl-6"/>
      </object_component>
      <object_component id="oc-212">
         <name>.text._mcpy</name>
         <load_address>0x5294</load_address>
         <readonly>true</readonly>
         <executable>true</executable>
         <run_address>0x5294</run_address>
         <size>0x66</size>
         <alignment>0x2</alignment>
         <input_file_ref idref="fl-39"/>
      </object_component>
      <object_component id="oc-171">
         <name>.text.DL_SYSCTL_setHFCLKSourceHFXTParams</name>
         <load_address>0x52fc</load_address>
         <readonly>true</readonly>
         <executable>true</executable>
         <run_address>0x52fc</run_address>
         <size>0x64</size>
         <alignment>0x4</alignment>
         <input_file_ref idref="fl-1d"/>
      </object_component>
      <object_component id="oc-1d2">
         <name>.text.__aeabi_dcmp</name>
         <load_address>0x5360</load_address>
         <readonly>true</readonly>
         <executable>true</executable>
         <run_address>0x5360</run_address>
         <size>0x62</size>
         <alignment>0x4</alignment>
         <input_file_ref idref="fl-117"/>
      </object_component>
      <object_component id="oc-121">
         <name>.text:memset</name>
         <load_address>0x53c2</load_address>
         <readonly>true</readonly>
         <executable>true</executable>
         <run_address>0x53c2</run_address>
         <size>0x62</size>
         <alignment>0x1</alignment>
         <input_file_ref idref="fl-127"/>
      </object_component>
      <object_component id="oc-12a">
         <name>.text.SYSCFG_DL_UART_0_init</name>
         <load_address>0x5424</load_address>
         <readonly>true</readonly>
         <executable>true</executable>
         <run_address>0x5424</run_address>
         <size>0x60</size>
         <alignment>0x4</alignment>
         <input_file_ref idref="fl-1"/>
      </object_component>
      <object_component id="oc-122">
         <name>.text.SYSCFG_DL_initPower</name>
         <load_address>0x5484</load_address>
         <readonly>true</readonly>
         <executable>true</executable>
         <run_address>0x5484</run_address>
         <size>0x60</size>
         <alignment>0x4</alignment>
         <input_file_ref idref="fl-1"/>
      </object_component>
      <object_component id="oc-138">
         <name>.text.DL_I2C_fillControllerTXFIFO</name>
         <load_address>0x54e4</load_address>
         <readonly>true</readonly>
         <executable>true</executable>
         <run_address>0x54e4</run_address>
         <size>0x5e</size>
         <alignment>0x2</alignment>
         <input_file_ref idref="fl-1a"/>
      </object_component>
      <object_component id="oc-1fa">
         <name>.text.frexp</name>
         <load_address>0x5544</load_address>
         <readonly>true</readonly>
         <executable>true</executable>
         <run_address>0x5544</run_address>
         <size>0x5c</size>
         <alignment>0x4</alignment>
         <input_file_ref idref="fl-50"/>
      </object_component>
      <object_component id="oc-206">
         <name>.text.__TI_ltoa</name>
         <load_address>0x55a0</load_address>
         <readonly>true</readonly>
         <executable>true</executable>
         <run_address>0x55a0</run_address>
         <size>0x58</size>
         <alignment>0x2</alignment>
         <input_file_ref idref="fl-42"/>
      </object_component>
      <object_component id="oc-1d7">
         <name>.text._pconv_f</name>
         <load_address>0x55f8</load_address>
         <readonly>true</readonly>
         <executable>true</executable>
         <run_address>0x55f8</run_address>
         <size>0x58</size>
         <alignment>0x2</alignment>
         <input_file_ref idref="fl-39"/>
      </object_component>
      <object_component id="oc-22e">
         <name>.text.__aeabi_idivmod</name>
         <load_address>0x5650</load_address>
         <readonly>true</readonly>
         <executable>true</executable>
         <run_address>0x5650</run_address>
         <size>0x56</size>
         <alignment>0x4</alignment>
         <input_file_ref idref="fl-119"/>
      </object_component>
      <object_component id="oc-129">
         <name>.text.SYSCFG_DL_I2C_OLED_init</name>
         <load_address>0x56a8</load_address>
         <readonly>true</readonly>
         <executable>true</executable>
         <run_address>0x56a8</run_address>
         <size>0x54</size>
         <alignment>0x4</alignment>
         <input_file_ref idref="fl-1"/>
      </object_component>
      <object_component id="oc-210">
         <name>.text._ecpy</name>
         <load_address>0x56fc</load_address>
         <readonly>true</readonly>
         <executable>true</executable>
         <run_address>0x56fc</run_address>
         <size>0x52</size>
         <alignment>0x2</alignment>
         <input_file_ref idref="fl-39"/>
      </object_component>
      <object_component id="oc-128">
         <name>.text.SYSCFG_DL_TIMER_1_init</name>
         <load_address>0x5750</load_address>
         <readonly>true</readonly>
         <executable>true</executable>
         <run_address>0x5750</run_address>
         <size>0x4c</size>
         <alignment>0x4</alignment>
         <input_file_ref idref="fl-1"/>
      </object_component>
      <object_component id="oc-202">
         <name>.text.__fixdfsi</name>
         <load_address>0x579c</load_address>
         <readonly>true</readonly>
         <executable>true</executable>
         <run_address>0x579c</run_address>
         <size>0x4a</size>
         <alignment>0x4</alignment>
         <input_file_ref idref="fl-110"/>
      </object_component>
      <object_component id="oc-194">
         <name>.text.DL_UART_init</name>
         <load_address>0x57e8</load_address>
         <readonly>true</readonly>
         <executable>true</executable>
         <run_address>0x57e8</run_address>
         <size>0x48</size>
         <alignment>0x4</alignment>
         <input_file_ref idref="fl-1c"/>
      </object_component>
      <object_component id="oc-179">
         <name>.text.DL_SYSCTL_switchMCLKfromSYSOSCtoHSCLK</name>
         <load_address>0x5830</load_address>
         <readonly>true</readonly>
         <executable>true</executable>
         <run_address>0x5830</run_address>
         <size>0x44</size>
         <alignment>0x4</alignment>
         <input_file_ref idref="fl-1d"/>
      </object_component>
      <object_component id="oc-c8">
         <name>.text.SYSCFG_DL_init</name>
         <load_address>0x5874</load_address>
         <readonly>true</readonly>
         <executable>true</executable>
         <run_address>0x5874</run_address>
         <size>0x40</size>
         <alignment>0x4</alignment>
         <input_file_ref idref="fl-1"/>
      </object_component>
      <object_component id="oc-14e">
         <name>.text.__aeabi_uidivmod</name>
         <load_address>0x58b4</load_address>
         <readonly>true</readonly>
         <executable>true</executable>
         <run_address>0x58b4</run_address>
         <size>0x40</size>
         <alignment>0x4</alignment>
         <input_file_ref idref="fl-11d"/>
      </object_component>
      <object_component id="oc-76">
         <name>.text.__extendsfdf2</name>
         <load_address>0x58f4</load_address>
         <readonly>true</readonly>
         <executable>true</executable>
         <run_address>0x58f4</run_address>
         <size>0x40</size>
         <alignment>0x4</alignment>
         <input_file_ref idref="fl-10f"/>
      </object_component>
      <object_component id="oc-1bb">
         <name>.text.atoi</name>
         <load_address>0x5934</load_address>
         <readonly>true</readonly>
         <executable>true</executable>
         <run_address>0x5934</run_address>
         <size>0x40</size>
         <alignment>0x4</alignment>
         <input_file_ref idref="fl-44"/>
      </object_component>
      <object_component id="oc-a7">
         <name>.text.vsnprintf</name>
         <load_address>0x5974</load_address>
         <readonly>true</readonly>
         <executable>true</executable>
         <run_address>0x5974</run_address>
         <size>0x40</size>
         <alignment>0x4</alignment>
         <input_file_ref idref="fl-3b"/>
      </object_component>
      <object_component id="oc-6e">
         <name>.text.__floatsisf</name>
         <load_address>0x59b4</load_address>
         <readonly>true</readonly>
         <executable>true</executable>
         <run_address>0x59b4</run_address>
         <size>0x3c</size>
         <alignment>0x4</alignment>
         <input_file_ref idref="fl-113"/>
      </object_component>
      <object_component id="oc-103">
         <name>.text:__TI_auto_init_nobinit_nopinit</name>
         <load_address>0x59f0</load_address>
         <readonly>true</readonly>
         <executable>true</executable>
         <run_address>0x59f0</run_address>
         <size>0x3c</size>
         <alignment>0x4</alignment>
         <input_file_ref idref="fl-4a"/>
      </object_component>
      <object_component id="oc-b2">
         <name>.text.__muldsi3</name>
         <load_address>0x5a2c</load_address>
         <readonly>true</readonly>
         <executable>true</executable>
         <run_address>0x5a2c</run_address>
         <size>0x3a</size>
         <alignment>0x4</alignment>
         <input_file_ref idref="fl-10b"/>
      </object_component>
      <object_component id="oc-127">
         <name>.text.SYSCFG_DL_TIMER_0_init</name>
         <load_address>0x5a68</load_address>
         <readonly>true</readonly>
         <executable>true</executable>
         <run_address>0x5a68</run_address>
         <size>0x38</size>
         <alignment>0x4</alignment>
         <input_file_ref idref="fl-1"/>
      </object_component>
      <object_component id="oc-e7">
         <name>.text.__fixsfsi</name>
         <load_address>0x5aa0</load_address>
         <readonly>true</readonly>
         <executable>true</executable>
         <run_address>0x5aa0</run_address>
         <size>0x38</size>
         <alignment>0x4</alignment>
         <input_file_ref idref="fl-111"/>
      </object_component>
      <object_component id="oc-145">
         <name>.text.sprintf</name>
         <load_address>0x5ad8</load_address>
         <readonly>true</readonly>
         <executable>true</executable>
         <run_address>0x5ad8</run_address>
         <size>0x38</size>
         <alignment>0x4</alignment>
         <input_file_ref idref="fl-3a"/>
      </object_component>
      <object_component id="oc-e0">
         <name>.text.Encoder_Init</name>
         <load_address>0x5b10</load_address>
         <readonly>true</readonly>
         <executable>true</executable>
         <run_address>0x5b10</run_address>
         <size>0x34</size>
         <alignment>0x4</alignment>
         <input_file_ref idref="fl-3"/>
      </object_component>
      <object_component id="oc-e5">
         <name>.text.MPU6050ReadAcc</name>
         <load_address>0x5b44</load_address>
         <readonly>true</readonly>
         <executable>true</executable>
         <run_address>0x5b44</run_address>
         <size>0x32</size>
         <alignment>0x2</alignment>
         <input_file_ref idref="fl-8"/>
      </object_component>
      <object_component id="oc-e6">
         <name>.text.MPU6050ReadGyro</name>
         <load_address>0x5b76</load_address>
         <readonly>true</readonly>
         <executable>true</executable>
         <run_address>0x5b76</run_address>
         <size>0x32</size>
         <alignment>0x2</alignment>
         <input_file_ref idref="fl-8"/>
      </object_component>
      <object_component id="oc-3e">
         <name>.text.TIMG6_IRQHandler</name>
         <load_address>0x5ba8</load_address>
         <readonly>true</readonly>
         <executable>true</executable>
         <run_address>0x5ba8</run_address>
         <size>0x30</size>
         <alignment>0x4</alignment>
         <input_file_ref idref="fl-3"/>
      </object_component>
      <object_component id="oc-211">
         <name>.text._fcpy</name>
         <load_address>0x5bd8</load_address>
         <readonly>true</readonly>
         <executable>true</executable>
         <run_address>0x5bd8</run_address>
         <size>0x30</size>
         <alignment>0x2</alignment>
         <input_file_ref idref="fl-39"/>
      </object_component>
      <object_component id="oc-116">
         <name>.text._outs</name>
         <load_address>0x5c08</load_address>
         <readonly>true</readonly>
         <executable>true</executable>
         <run_address>0x5c08</run_address>
         <size>0x30</size>
         <alignment>0x2</alignment>
         <input_file_ref idref="fl-3b"/>
      </object_component>
      <object_component id="oc-20a">
         <name>.text.__floatsidf</name>
         <load_address>0x5c38</load_address>
         <readonly>true</readonly>
         <executable>true</executable>
         <run_address>0x5c38</run_address>
         <size>0x2c</size>
         <alignment>0x4</alignment>
         <input_file_ref idref="fl-112"/>
      </object_component>
      <object_component id="oc-12b">
         <name>.text.SYSCFG_DL_SYSCTL_CLK_init</name>
         <load_address>0x5c64</load_address>
         <readonly>true</readonly>
         <executable>true</executable>
         <run_address>0x5c64</run_address>
         <size>0x28</size>
         <alignment>0x4</alignment>
         <input_file_ref idref="fl-1"/>
      </object_component>
      <object_component id="oc-5a">
         <name>.text:_c_int00_noargs</name>
         <load_address>0x5c8c</load_address>
         <readonly>true</readonly>
         <executable>true</executable>
         <run_address>0x5c8c</run_address>
         <size>0x28</size>
         <alignment>0x4</alignment>
         <input_file_ref idref="fl-48"/>
      </object_component>
      <object_component id="oc-18c">
         <name>.text.DL_I2C_setClockConfig</name>
         <load_address>0x5cb4</load_address>
         <readonly>true</readonly>
         <executable>true</executable>
         <run_address>0x5cb4</run_address>
         <size>0x26</size>
         <alignment>0x2</alignment>
         <input_file_ref idref="fl-1a"/>
      </object_component>
      <object_component id="oc-1c8">
         <name>.text.__muldi3</name>
         <load_address>0x5cdc</load_address>
         <readonly>true</readonly>
         <executable>true</executable>
         <run_address>0x5cdc</run_address>
         <size>0x24</size>
         <alignment>0x4</alignment>
         <input_file_ref idref="fl-115"/>
      </object_component>
      <object_component id="oc-1b4">
         <name>.text.memccpy</name>
         <load_address>0x5d00</load_address>
         <readonly>true</readonly>
         <executable>true</executable>
         <run_address>0x5d00</run_address>
         <size>0x22</size>
         <alignment>0x2</alignment>
         <input_file_ref idref="fl-46"/>
      </object_component>
      <object_component id="oc-e4">
         <name>.text.Motor_Get_Encoder</name>
         <load_address>0x5d24</load_address>
         <readonly>true</readonly>
         <executable>true</executable>
         <run_address>0x5d24</run_address>
         <size>0x20</size>
         <alignment>0x4</alignment>
         <input_file_ref idref="fl-3"/>
      </object_component>
      <object_component id="oc-222">
         <name>.text.__ashldi3</name>
         <load_address>0x5d44</load_address>
         <readonly>true</readonly>
         <executable>true</executable>
         <run_address>0x5d44</run_address>
         <size>0x1e</size>
         <alignment>0x4</alignment>
         <input_file_ref idref="fl-121"/>
      </object_component>
      <object_component id="oc-1de">
         <name>.text.DL_SYSCTL_configFCC</name>
         <load_address>0x5d64</load_address>
         <readonly>true</readonly>
         <executable>true</executable>
         <run_address>0x5d64</run_address>
         <size>0x1c</size>
         <alignment>0x4</alignment>
         <input_file_ref idref="fl-1d"/>
      </object_component>
      <object_component id="oc-183">
         <name>.text.DL_Timer_setCaptCompUpdateMethod</name>
         <load_address>0x5d80</load_address>
         <readonly>true</readonly>
         <executable>true</executable>
         <run_address>0x5d80</run_address>
         <size>0x1c</size>
         <alignment>0x4</alignment>
         <input_file_ref idref="fl-1b"/>
      </object_component>
      <object_component id="oc-17b">
         <name>.text.DL_Timer_setClockConfig</name>
         <load_address>0x5d9c</load_address>
         <readonly>true</readonly>
         <executable>true</executable>
         <run_address>0x5d9c</run_address>
         <size>0x1c</size>
         <alignment>0x4</alignment>
         <input_file_ref idref="fl-1b"/>
      </object_component>
      <object_component id="oc-d9">
         <name>.text.TB6612_Motor_Stop</name>
         <load_address>0x5db8</load_address>
         <readonly>true</readonly>
         <executable>true</executable>
         <run_address>0x5db8</run_address>
         <size>0x1c</size>
         <alignment>0x4</alignment>
         <input_file_ref idref="fl-5"/>
      </object_component>
      <object_component id="oc-182">
         <name>.text.DL_Timer_setCaptureCompareOutCtl</name>
         <load_address>0x5dd4</load_address>
         <readonly>true</readonly>
         <executable>true</executable>
         <run_address>0x5dd4</run_address>
         <size>0x18</size>
         <alignment>0x4</alignment>
         <input_file_ref idref="fl-1b"/>
      </object_component>
      <object_component id="oc-117">
         <name>.text._outc</name>
         <load_address>0x5dec</load_address>
         <readonly>true</readonly>
         <executable>true</executable>
         <run_address>0x5dec</run_address>
         <size>0x18</size>
         <alignment>0x2</alignment>
         <input_file_ref idref="fl-3b"/>
      </object_component>
      <object_component id="oc-199">
         <name>.text._outs</name>
         <load_address>0x5e04</load_address>
         <readonly>true</readonly>
         <executable>true</executable>
         <run_address>0x5e04</run_address>
         <size>0x18</size>
         <alignment>0x2</alignment>
         <input_file_ref idref="fl-3a"/>
      </object_component>
      <object_component id="oc-1cd">
         <name>.text.__aeabi_uldivmod</name>
         <load_address>0x5e1c</load_address>
         <readonly>true</readonly>
         <executable>true</executable>
         <run_address>0x5e1c</run_address>
         <size>0x14</size>
         <alignment>0x4</alignment>
         <input_file_ref idref="fl-11e"/>
      </object_component>
      <object_component id="oc-20f">
         <name>.text.strchr</name>
         <load_address>0x5e30</load_address>
         <readonly>true</readonly>
         <executable>true</executable>
         <run_address>0x5e30</run_address>
         <size>0x14</size>
         <alignment>0x2</alignment>
         <input_file_ref idref="fl-39"/>
      </object_component>
      <object_component id="oc-18e">
         <name>.text.DL_UART_setClockConfig</name>
         <load_address>0x5e44</load_address>
         <readonly>true</readonly>
         <executable>true</executable>
         <run_address>0x5e44</run_address>
         <size>0x12</size>
         <alignment>0x2</alignment>
         <input_file_ref idref="fl-1c"/>
      </object_component>
      <object_component id="oc-20">
         <name>.text:decompress:none</name>
         <load_address>0x5e56</load_address>
         <readonly>true</readonly>
         <executable>true</executable>
         <run_address>0x5e56</run_address>
         <size>0x12</size>
         <alignment>0x2</alignment>
         <input_file_ref idref="fl-4e"/>
      </object_component>
      <object_component id="oc-184">
         <name>.text.DL_Timer_setCaptureCompareValue</name>
         <load_address>0x5e68</load_address>
         <readonly>true</readonly>
         <executable>true</executable>
         <run_address>0x5e68</run_address>
         <size>0x10</size>
         <alignment>0x4</alignment>
         <input_file_ref idref="fl-1b"/>
      </object_component>
      <object_component id="oc-ed">
         <name>.text.XJ_GetDigital</name>
         <load_address>0x5e78</load_address>
         <readonly>true</readonly>
         <executable>true</executable>
         <run_address>0x5e78</run_address>
         <size>0x10</size>
         <alignment>0x4</alignment>
         <input_file_ref idref="fl-4"/>
      </object_component>
      <object_component id="oc-130">
         <name>.text.delay_ms</name>
         <load_address>0x5e88</load_address>
         <readonly>true</readonly>
         <executable>true</executable>
         <run_address>0x5e88</run_address>
         <size>0x10</size>
         <alignment>0x4</alignment>
         <input_file_ref idref="fl-6"/>
      </object_component>
      <object_component id="oc-1bf">
         <name>.text.wcslen</name>
         <load_address>0x5e98</load_address>
         <readonly>true</readonly>
         <executable>true</executable>
         <run_address>0x5e98</run_address>
         <size>0x10</size>
         <alignment>0x2</alignment>
         <input_file_ref idref="fl-52"/>
      </object_component>
      <object_component id="oc-57">
         <name>.text:decompress:ZI</name>
         <load_address>0x5ea8</load_address>
         <readonly>true</readonly>
         <executable>true</executable>
         <run_address>0x5ea8</run_address>
         <size>0x10</size>
         <alignment>0x2</alignment>
         <input_file_ref idref="fl-4d"/>
      </object_component>
      <object_component id="oc-1b3">
         <name>.text.__aeabi_memset</name>
         <load_address>0x5eb8</load_address>
         <readonly>true</readonly>
         <executable>true</executable>
         <run_address>0x5eb8</run_address>
         <size>0xe</size>
         <alignment>0x4</alignment>
         <input_file_ref idref="fl-11c"/>
      </object_component>
      <object_component id="oc-1b2">
         <name>.text.strlen</name>
         <load_address>0x5ec6</load_address>
         <readonly>true</readonly>
         <executable>true</executable>
         <run_address>0x5ec6</run_address>
         <size>0xe</size>
         <alignment>0x2</alignment>
         <input_file_ref idref="fl-39"/>
      </object_component>
      <object_component id="oc-de">
         <name>.text.XJ_Init</name>
         <load_address>0x5ed4</load_address>
         <readonly>true</readonly>
         <executable>true</executable>
         <run_address>0x5ed4</run_address>
         <size>0xc</size>
         <alignment>0x4</alignment>
         <input_file_ref idref="fl-4"/>
      </object_component>
      <object_component id="oc-93">
         <name>.text.__aeabi_memclr</name>
         <load_address>0x5ee0</load_address>
         <readonly>true</readonly>
         <executable>true</executable>
         <run_address>0x5ee0</run_address>
         <size>0xc</size>
         <alignment>0x4</alignment>
         <input_file_ref idref="fl-11c"/>
      </object_component>
      <object_component id="oc-152">
         <name>.text.delay_us</name>
         <load_address>0x5eec</load_address>
         <readonly>true</readonly>
         <executable>true</executable>
         <run_address>0x5eec</run_address>
         <size>0xc</size>
         <alignment>0x2</alignment>
         <input_file_ref idref="fl-6"/>
      </object_component>
      <object_component id="oc-16d">
         <name>.text.DL_Common_delayCycles</name>
         <load_address>0x5ef8</load_address>
         <readonly>true</readonly>
         <executable>true</executable>
         <run_address>0x5ef8</run_address>
         <size>0xa</size>
         <alignment>0x2</alignment>
         <input_file_ref idref="fl-19"/>
      </object_component>
      <object_component id="oc-20e">
         <name>.text.OUTLINED_FUNCTION_0</name>
         <load_address>0x5f02</load_address>
         <readonly>true</readonly>
         <executable>true</executable>
         <run_address>0x5f02</run_address>
         <size>0xa</size>
         <alignment>0x2</alignment>
         <input_file_ref idref="fl-39"/>
      </object_component>
      <object_component id="oc-282">
         <name>.tramp.__aeabi_dsub.1</name>
         <load_address>0x5f0c</load_address>
         <readonly>true</readonly>
         <executable>true</executable>
         <run_address>0x5f0c</run_address>
         <size>0x10</size>
         <alignment>0x4</alignment>
         <input_file_ref idref="fl-109"/>
      </object_component>
      <object_component id="oc-220">
         <name>.text.OUTLINED_FUNCTION_1</name>
         <load_address>0x5f1c</load_address>
         <readonly>true</readonly>
         <executable>true</executable>
         <run_address>0x5f1c</run_address>
         <size>0xa</size>
         <alignment>0x2</alignment>
         <input_file_ref idref="fl-39"/>
      </object_component>
      <object_component id="oc-19a">
         <name>.text._outc</name>
         <load_address>0x5f26</load_address>
         <readonly>true</readonly>
         <executable>true</executable>
         <run_address>0x5f26</run_address>
         <size>0xa</size>
         <alignment>0x2</alignment>
         <input_file_ref idref="fl-3a"/>
      </object_component>
      <object_component id="oc-1c3">
         <name>.text.__aeabi_errno_addr</name>
         <load_address>0x5f30</load_address>
         <readonly>true</readonly>
         <executable>true</executable>
         <run_address>0x5f30</run_address>
         <size>0x8</size>
         <alignment>0x4</alignment>
         <input_file_ref idref="fl-3f"/>
      </object_component>
      <object_component id="oc-4a">
         <name>.text.__aeabi_memcpy</name>
         <load_address>0x5f38</load_address>
         <readonly>true</readonly>
         <executable>true</executable>
         <run_address>0x5f38</run_address>
         <size>0x8</size>
         <alignment>0x4</alignment>
         <input_file_ref idref="fl-11b"/>
      </object_component>
      <object_component id="oc-fc">
         <name>.text:abort</name>
         <load_address>0x5f40</load_address>
         <readonly>true</readonly>
         <executable>true</executable>
         <run_address>0x5f40</run_address>
         <size>0x6</size>
         <alignment>0x2</alignment>
         <input_file_ref idref="fl-40"/>
      </object_component>
      <object_component id="oc-154">
         <name>.text.HOSTexit</name>
         <load_address>0x5f46</load_address>
         <readonly>true</readonly>
         <executable>true</executable>
         <run_address>0x5f46</run_address>
         <size>0x4</size>
         <alignment>0x2</alignment>
         <input_file_ref idref="fl-f8"/>
      </object_component>
      <object_component id="oc-2f">
         <name>.text.Reset_Handler</name>
         <load_address>0x5f4a</load_address>
         <readonly>true</readonly>
         <executable>true</executable>
         <run_address>0x5f4a</run_address>
         <size>0x4</size>
         <alignment>0x2</alignment>
         <input_file_ref idref="fl-2"/>
      </object_component>
      <object_component id="oc-98">
         <name>.text._system_pre_init</name>
         <load_address>0x5f4e</load_address>
         <readonly>true</readonly>
         <executable>true</executable>
         <run_address>0x5f4e</run_address>
         <size>0x4</size>
         <alignment>0x2</alignment>
         <input_file_ref idref="fl-4b"/>
      </object_component>
      <object_component id="oc-27c">
         <name>__TI_handler_table</name>
         <load_address>0x7bd0</load_address>
         <readonly>true</readonly>
         <run_address>0x7bd0</run_address>
         <size>0xc</size>
         <alignment>0x4</alignment>
      </object_component>
      <object_component id="oc-27f">
         <name>.cinit..bss.load</name>
         <load_address>0x7bdc</load_address>
         <readonly>true</readonly>
         <run_address>0x7bdc</run_address>
         <size>0x8</size>
         <alignment>0x4</alignment>
      </object_component>
      <object_component id="oc-27e">
         <name>.cinit..data.load</name>
         <load_address>0x7be4</load_address>
         <readonly>true</readonly>
         <run_address>0x7be4</run_address>
         <size>0x7</size>
         <alignment>0x1</alignment>
      </object_component>
      <object_component id="oc-27d">
         <name>__TI_cinit_table</name>
         <load_address>0x7bec</load_address>
         <readonly>true</readonly>
         <run_address>0x7bec</run_address>
         <size>0x10</size>
         <alignment>0x4</alignment>
      </object_component>
      <object_component id="oc-19d">
         <name>.rodata.asc2_2412</name>
         <load_address>0x5f60</load_address>
         <readonly>true</readonly>
         <run_address>0x5f60</run_address>
         <size>0xd5c</size>
         <alignment>0x1</alignment>
         <input_file_ref idref="fl-7"/>
      </object_component>
      <object_component id="oc-19e">
         <name>.rodata.asc2_1608</name>
         <load_address>0x6cbc</load_address>
         <readonly>true</readonly>
         <run_address>0x6cbc</run_address>
         <size>0x5f0</size>
         <alignment>0x1</alignment>
         <input_file_ref idref="fl-7"/>
      </object_component>
      <object_component id="oc-19f">
         <name>.rodata.asc2_1206</name>
         <load_address>0x72ac</load_address>
         <readonly>true</readonly>
         <run_address>0x72ac</run_address>
         <size>0x474</size>
         <alignment>0x1</alignment>
         <input_file_ref idref="fl-7"/>
      </object_component>
      <object_component id="oc-1a0">
         <name>.rodata.asc2_0806</name>
         <load_address>0x7720</load_address>
         <readonly>true</readonly>
         <run_address>0x7720</run_address>
         <size>0x228</size>
         <alignment>0x1</alignment>
         <input_file_ref idref="fl-7"/>
      </object_component>
      <object_component id="oc-186">
         <name>.rodata.gPWM_0Config</name>
         <load_address>0x7948</load_address>
         <readonly>true</readonly>
         <run_address>0x7948</run_address>
         <size>0x8</size>
         <alignment>0x4</alignment>
         <input_file_ref idref="fl-1"/>
      </object_component>
      <object_component id="oc-1e9">
         <name>.rodata:__aeabi_ctype_table_</name>
         <load_address>0x7950</load_address>
         <readonly>true</readonly>
         <run_address>0x7950</run_address>
         <size>0x101</size>
         <alignment>0x10</alignment>
         <input_file_ref idref="fl-56"/>
      </object_component>
      <object_component id="oc-185">
         <name>.rodata.gPWM_0ClockConfig</name>
         <load_address>0x7a51</load_address>
         <readonly>true</readonly>
         <run_address>0x7a51</run_address>
         <size>0x3</size>
         <alignment>0x1</alignment>
         <input_file_ref idref="fl-1"/>
      </object_component>
      <object_component id="oc-17a">
         <name>.rodata.gSYSPLLConfig</name>
         <load_address>0x7a54</load_address>
         <readonly>true</readonly>
         <run_address>0x7a54</run_address>
         <size>0x28</size>
         <alignment>0x4</alignment>
         <input_file_ref idref="fl-1"/>
      </object_component>
      <object_component id="oc-144">
         <name>.rodata.str1.2328129846065200724.1</name>
         <load_address>0x7a7c</load_address>
         <readonly>true</readonly>
         <run_address>0x7a7c</run_address>
         <size>0x26</size>
         <alignment>0x1</alignment>
         <input_file_ref idref="fl-3"/>
      </object_component>
      <object_component id="oc-134">
         <name>.rodata.str1.8106437454020807143.1</name>
         <load_address>0x7aa2</load_address>
         <readonly>true</readonly>
         <run_address>0x7aa2</run_address>
         <size>0x26</size>
         <alignment>0x1</alignment>
         <input_file_ref idref="fl-8"/>
      </object_component>
      <object_component id="oc-fb">
         <name>.rodata.str1.12180500075719773345.1</name>
         <load_address>0x7ac8</load_address>
         <readonly>true</readonly>
         <run_address>0x7ac8</run_address>
         <size>0x18</size>
         <alignment>0x1</alignment>
         <input_file_ref idref="fl-b"/>
      </object_component>
      <object_component id="oc-14b">
         <name>.rodata.str1.9453984286452795027.1</name>
         <load_address>0x7ae0</load_address>
         <readonly>true</readonly>
         <run_address>0x7ae0</run_address>
         <size>0x16</size>
         <alignment>0x1</alignment>
         <input_file_ref idref="fl-6"/>
      </object_component>
      <object_component id="oc-f3">
         <name>.rodata.str1.18227636981041470289.1</name>
         <load_address>0x7af6</load_address>
         <readonly>true</readonly>
         <run_address>0x7af6</run_address>
         <size>0x15</size>
         <alignment>0x1</alignment>
         <input_file_ref idref="fl-b"/>
      </object_component>
      <object_component id="oc-189">
         <name>.rodata.gTIMER_0TimerConfig</name>
         <load_address>0x7b0c</load_address>
         <readonly>true</readonly>
         <run_address>0x7b0c</run_address>
         <size>0x14</size>
         <alignment>0x4</alignment>
         <input_file_ref idref="fl-1"/>
      </object_component>
      <object_component id="oc-18b">
         <name>.rodata.gTIMER_1TimerConfig</name>
         <load_address>0x7b20</load_address>
         <readonly>true</readonly>
         <run_address>0x7b20</run_address>
         <size>0x14</size>
         <alignment>0x4</alignment>
         <input_file_ref idref="fl-1"/>
      </object_component>
      <object_component id="oc-68">
         <name>.rodata.str1.13298850222039402722.1</name>
         <load_address>0x7b34</load_address>
         <readonly>true</readonly>
         <run_address>0x7b34</run_address>
         <size>0x14</size>
         <alignment>0x1</alignment>
         <input_file_ref idref="fl-3"/>
      </object_component>
      <object_component id="oc-135">
         <name>.rodata.str1.4782026291635599792.1</name>
         <load_address>0x7b48</load_address>
         <readonly>true</readonly>
         <run_address>0x7b48</run_address>
         <size>0x12</size>
         <alignment>0x1</alignment>
         <input_file_ref idref="fl-8"/>
      </object_component>
      <object_component id="oc-1cc">
         <name>.rodata.str1.10348868589481759720.1</name>
         <load_address>0x7b5a</load_address>
         <readonly>true</readonly>
         <run_address>0x7b5a</run_address>
         <size>0x11</size>
         <alignment>0x1</alignment>
         <input_file_ref idref="fl-39"/>
      </object_component>
      <object_component id="oc-1b8">
         <name>.rodata.str1.15363888844622738466.1</name>
         <load_address>0x7b6b</load_address>
         <readonly>true</readonly>
         <run_address>0x7b6b</run_address>
         <size>0x11</size>
         <alignment>0x1</alignment>
         <input_file_ref idref="fl-39"/>
      </object_component>
      <object_component id="oc-f1">
         <name>.rodata.str1.17100691992556644108.1</name>
         <load_address>0x7b7c</load_address>
         <readonly>true</readonly>
         <run_address>0x7b7c</run_address>
         <size>0xf</size>
         <alignment>0x1</alignment>
         <input_file_ref idref="fl-b"/>
      </object_component>
      <object_component id="oc-ee">
         <name>.rodata.str1.15159059442110792349.1</name>
         <load_address>0x7b8b</load_address>
         <readonly>true</readonly>
         <run_address>0x7b8b</run_address>
         <size>0xb</size>
         <alignment>0x1</alignment>
         <input_file_ref idref="fl-b"/>
      </object_component>
      <object_component id="oc-196">
         <name>.rodata.gUART_0Config</name>
         <load_address>0x7b96</load_address>
         <readonly>true</readonly>
         <run_address>0x7b96</run_address>
         <size>0xa</size>
         <alignment>0x2</alignment>
         <input_file_ref idref="fl-1"/>
      </object_component>
      <object_component id="oc-133">
         <name>.rodata.str1.8996897938050910238.1</name>
         <load_address>0x7ba0</load_address>
         <readonly>true</readonly>
         <run_address>0x7ba0</run_address>
         <size>0x9</size>
         <alignment>0x1</alignment>
         <input_file_ref idref="fl-8"/>
      </object_component>
      <object_component id="oc-f0">
         <name>.rodata.str1.2846389346932560359.1</name>
         <load_address>0x7ba9</load_address>
         <readonly>true</readonly>
         <run_address>0x7ba9</run_address>
         <size>0x6</size>
         <alignment>0x1</alignment>
         <input_file_ref idref="fl-b"/>
      </object_component>
      <object_component id="oc-ef">
         <name>.rodata.str1.8154729771448623357.1</name>
         <load_address>0x7baf</load_address>
         <readonly>true</readonly>
         <run_address>0x7baf</run_address>
         <size>0x6</size>
[...]
         <value>0x7720</value>
         <object_component_ref idref="oc-1a0"/>
      </symbol>
      <symbol id="sm-152">
         <name>OLED_ShowString</name>
         <value>0x4f51</value>
         <object_component_ref idref="oc-e2"/>
      </symbol>
      <symbol id="sm-153">
         <name>OLED_ShowSignedNum</name>
         <value>0x2c49</value>
         <object_component_ref idref="oc-eb"/>
      </symbol>
      <symbol id="sm-154">
         <name>OLED_Init</name>
         <value>0xc1</value>
         <object_component_ref idref="oc-d3"/>
      </symbol>
      <symbol id="sm-172">
         <name>MPU6050_WriteReg</name>
         <value>0x25f1</value>
         <object_component_ref idref="oc-131"/>
      </symbol>
      <symbol id="sm-173">
         <name>MPU6050_ReadData</name>
         <value>0x1d35</value>
         <object_component_ref idref="oc-132"/>
      </symbol>
      <symbol id="sm-174">
         <name>MPU6050ReadGyro</name>
         <value>0x5b77</value>
         <object_component_ref idref="oc-e6"/>
      </symbol>
      <symbol id="sm-175">
         <name>MPU6050ReadAcc</name>
         <value>0x5b45</value>
         <object_component_ref idref="oc-e5"/>
      </symbol>
      <symbol id="sm-176">
         <name>MPU6050_Init</name>
         <value>0x404d</value>
         <object_component_ref idref="oc-cd"/>
      </symbol>
      <symbol id="sm-18f">
         <name>main</name>
         <value>0x3d95</value>
         <object_component_ref idref="oc-9c"/>
      </symbol>
      <symbol id="sm-190">
         <name>accData</name>
         <value>0x202005f8</value>
      </symbol>
      <symbol id="sm-191">
         <name>AX</name>
         <value>0x20200604</value>
      </symbol>
      <symbol id="sm-192">
         <name>AY</name>
         <value>0x20200606</value>
      </symbol>
      <symbol id="sm-193">
         <name>AZ</name>
         <value>0x20200608</value>
      </symbol>
      <symbol id="sm-194">
         <name>gyroData</name>
         <value>0x202005fe</value>
      </symbol>
      <symbol id="sm-195">
         <name>GX</name>
         <value>0x2020060a</value>
      </symbol>
      <symbol id="sm-196">
         <name>GY</name>
         <value>0x2020060c</value>
      </symbol>
      <symbol id="sm-197">
         <name>GZ</name>
         <value>0x2020060e</value>
      </symbol>
      <symbol id="sm-198">
         <name>attitude</name>
         <value>0x202005dc</value>
      </symbol>
      <symbol id="sm-199">
         <name>TIMG0_IRQHandler</name>
         <value>0x4d81</value>
         <object_component_ref idref="oc-39"/>
      </symbol>
      <symbol id="sm-19a">
         <name>Num</name>
         <value>0x20200610</value>
      </symbol>
      <symbol id="sm-19b">
         <name>__TI_ATRegion0_src_addr</name>
         <value>0x0</value>
      </symbol>
      <symbol id="sm-19c">
         <name>__TI_ATRegion0_trg_addr</name>
         <value>0x0</value>
      </symbol>
      <symbol id="sm-19d">
         <name>__TI_ATRegion0_region_sz</name>
         <value>0x0</value>
      </symbol>
      <symbol id="sm-19e">
         <name>__TI_ATRegion1_src_addr</name>
         <value>0x0</value>
      </symbol>
      <symbol id="sm-19f">
         <name>__TI_ATRegion1_trg_addr</name>
         <value>0x0</value>
      </symbol>
      <symbol id="sm-1a0">
         <name>__TI_ATRegion1_region_sz</name>
         <value>0x0</value>
      </symbol>
      <symbol id="sm-1a1">
         <name>__TI_ATRegion2_src_addr</name>
         <value>0x0</value>
      </symbol>
      <symbol id="sm-1a2">
         <name>__TI_ATRegion2_trg_addr</name>
         <value>0x0</value>
      </symbol>
      <symbol id="sm-1a3">
         <name>__TI_ATRegion2_region_sz</name>
         <value>0x0</value>
      </symbol>
      <symbol id="sm-1ac">
         <name>DL_Common_delayCycles</name>
         <value>0x5ef9</value>
         <object_component_ref idref="oc-16d"/>
      </symbol>
      <symbol id="sm-1b8">
         <name>DL_I2C_setClockConfig</name>
         <value>0x5cb5</value>
         <object_component_ref idref="oc-18c"/>
      </symbol>
      <symbol id="sm-1b9">
         <name>DL_I2C_fillControllerTXFIFO</name>
         <value>0x54e5</value>
         <object_component_ref idref="oc-138"/>
      </symbol>
      <symbol id="sm-1d5">
         <name>DL_Timer_setClockConfig</name>
         <value>0x5d9d</value>
         <object_component_ref idref="oc-17b"/>
      </symbol>
      <symbol id="sm-1d6">
         <name>DL_Timer_initTimerMode</name>
         <value>0x46d5</value>
         <object_component_ref idref="oc-187"/>
      </symbol>
      <symbol id="sm-1d7">
         <name>DL_Timer_setCaptureCompareValue</name>
         <value>0x5e69</value>
         <object_component_ref idref="oc-184"/>
      </symbol>
      <symbol id="sm-1d8">
         <name>DL_Timer_setCaptCompUpdateMethod</name>
         <value>0x5d81</value>
         <object_component_ref idref="oc-183"/>
      </symbol>
      <symbol id="sm-1d9">
         <name>DL_Timer_setCaptureCompareOutCtl</name>
         <value>0x5dd5</value>
         <object_component_ref idref="oc-182"/>
      </symbol>
      <symbol id="sm-1da">
         <name>DL_Timer_initFourCCPWMMode</name>
         <value>0x45d1</value>
         <object_component_ref idref="oc-181"/>
      </symbol>
      <symbol id="sm-1e7">
         <name>DL_UART_init</name>
         <value>0x57e9</value>
         <object_component_ref idref="oc-194"/>
      </symbol>
      <symbol id="sm-1e8">
         <name>DL_UART_setClockConfig</name>
         <value>0x5e45</value>
         <object_component_ref idref="oc-18e"/>
      </symbol>
      <symbol id="sm-1fc">
         <name>DL_SYSCTL_configSYSPLL</name>
         <value>0x49b1</value>
         <object_component_ref idref="oc-177"/>
      </symbol>
      <symbol id="sm-1fd">
         <name>DL_SYSCTL_switchMCLKfromSYSOSCtoHSCLK</name>
         <value>0x5831</value>
         <object_component_ref idref="oc-179"/>
      </symbol>
      <symbol id="sm-1fe">
         <name>DL_SYSCTL_setHFCLKSourceHFXTParams</name>
         <value>0x52fd</value>
         <object_component_ref idref="oc-171"/>
      </symbol>
      <symbol id="sm-1ff">
         <name>DL_SYSCTL_configFCC</name>
         <value>0x5d65</value>
         <object_component_ref idref="oc-1de"/>
      </symbol>
      <symbol id="sm-24d">
         <name>__TI_printfi</name>
         <value>0x1365</value>
         <object_component_ref idref="oc-16b"/>
      </symbol>
      <symbol id="sm-25e">
         <name>sprintf</name>
         <value>0x5ad9</value>
         <object_component_ref idref="oc-145"/>
      </symbol>
      <symbol id="sm-26f">
         <name>vsnprintf</name>
         <value>0x5975</value>
         <object_component_ref idref="oc-a7"/>
      </symbol>
      <symbol id="sm-27d">
         <name>__aeabi_errno_addr</name>
         <value>0x5f31</value>
         <object_component_ref idref="oc-1c3"/>
      </symbol>
      <symbol id="sm-27e">
         <name>__aeabi_errno</name>
         <value>0x2020061c</value>
         <object_component_ref idref="oc-1f0"/>
      </symbol>
      <symbol id="sm-288">
         <name>abort</name>
         <value>0x5f41</value>
         <object_component_ref idref="oc-fc"/>
      </symbol>
      <symbol id="sm-292">
         <name>__TI_ltoa</name>
         <value>0x55a1</value>
         <object_component_ref idref="oc-206"/>
      </symbol>
      <symbol id="sm-29d">
         <name>atoi</name>
         <value>0x5935</value>
         <object_component_ref idref="oc-1bb"/>
      </symbol>
      <symbol id="sm-2a7">
         <name>memccpy</name>
         <value>0x5d01</value>
         <object_component_ref idref="oc-1b4"/>
      </symbol>
      <symbol id="sm-2b3">
         <name>_c_int00_noargs</name>
         <value>0x5c8d</value>
         <object_component_ref idref="oc-5a"/>
      </symbol>
      <symbol id="sm-2b4">
         <name>__stack</name>
         <value>0x20207e00</value>
         <object_component_ref idref="oc-1a"/>
      </symbol>
      <symbol id="sm-2c0">
         <name>__TI_auto_init_nobinit_nopinit</name>
         <value>0x59f1</value>
         <object_component_ref idref="oc-103"/>
      </symbol>
      <symbol id="sm-2c8">
         <name>_system_pre_init</name>
         <value>0x5f4f</value>
         <object_component_ref idref="oc-98"/>
      </symbol>
      <symbol id="sm-2d3">
         <name>__TI_zero_init</name>
         <value>0x5ea9</value>
         <object_component_ref idref="oc-57"/>
      </symbol>
      <symbol id="sm-2dc">
         <name>__TI_decompress_none</name>
         <value>0x5e57</value>
         <object_component_ref idref="oc-20"/>
      </symbol>
      <symbol id="sm-2e7">
         <name>__TI_decompress_lzss</name>
         <value>0x5061</value>
         <object_component_ref idref="oc-1c"/>
      </symbol>
      <symbol id="sm-2f1">
         <name>frexp</name>
         <value>0x5545</value>
         <object_component_ref idref="oc-1fa"/>
      </symbol>
      <symbol id="sm-2f2">
         <name>frexpl</name>
         <value>0x5545</value>
         <object_component_ref idref="oc-1fa"/>
      </symbol>
      <symbol id="sm-2fc">
         <name>scalbn</name>
         <value>0x4a8d</value>
         <object_component_ref idref="oc-1fe"/>
      </symbol>
      <symbol id="sm-2fd">
         <name>ldexp</name>
         <value>0x4a8d</value>
         <object_component_ref idref="oc-1fe"/>
      </symbol>
      <symbol id="sm-2fe">
         <name>scalbnl</name>
         <value>0x4a8d</value>
         <object_component_ref idref="oc-1fe"/>
      </symbol>
      <symbol id="sm-2ff">
         <name>ldexpl</name>
         <value>0x4a8d</value>
         <object_component_ref idref="oc-1fe"/>
      </symbol>
      <symbol id="sm-308">
         <name>wcslen</name>
         <value>0x5e99</value>
         <object_component_ref idref="oc-1bf"/>
      </symbol>
      <symbol id="sm-30c">
         <name>__aeabi_ctype_table_</name>
         <value>0x7950</value>
         <object_component_ref idref="oc-1e9"/>
      </symbol>
      <symbol id="sm-30d">
         <name>__aeabi_ctype_table_C</name>
         <value>0x7950</value>
         <object_component_ref idref="oc-1e9"/>
      </symbol>
      <symbol id="sm-317">
         <name>HOSTexit</name>
         <value>0x5f47</value>
         <object_component_ref idref="oc-154"/>
      </symbol>
      <symbol id="sm-318">
         <name>C$$EXIT</name>
         <value>0x5f46</value>
         <object_component_ref idref="oc-154"/>
      </symbol>
      <symbol id="sm-32d">
         <name>__aeabi_dadd</name>
         <value>0x3c0b</value>
         <object_component_ref idref="oc-7e"/>
      </symbol>
      <symbol id="sm-32e">
         <name>__adddf3</name>
         <value>0x3c0b</value>
         <object_component_ref idref="oc-7e"/>
      </symbol>
      <symbol id="sm-32f">
         <name>__aeabi_dsub</name>
         <value>0x3c01</value>
         <object_component_ref idref="oc-7e"/>
      </symbol>
      <symbol id="sm-330">
         <name>__subdf3</name>
         <value>0x3c01</value>
         <object_component_ref idref="oc-7e"/>
      </symbol>
      <symbol id="sm-339">
         <name>__aeabi_dmul</name>
         <value>0x48cd</value>
         <object_component_ref idref="oc-7a"/>
      </symbol>
      <symbol id="sm-33a">
         <name>__muldf3</name>
         <value>0x48cd</value>
         <object_component_ref idref="oc-7a"/>
      </symbol>
      <symbol id="sm-340">
         <name>__muldsi3</name>
         <value>0x5a2d</value>
         <object_component_ref idref="oc-b2"/>
      </symbol>
      <symbol id="sm-346">
         <name>__aeabi_fdiv</name>
         <value>0x4fdd</value>
         <object_component_ref idref="oc-72"/>
      </symbol>
      <symbol id="sm-347">
         <name>__divsf3</name>
         <value>0x4fdd</value>
         <object_component_ref idref="oc-72"/>
      </symbol>
      <symbol id="sm-34d">
         <name>__aeabi_ddiv</name>
         <value>0x44c5</value>
         <object_component_ref idref="oc-21b"/>
      </symbol>
      <symbol id="sm-34e">
         <name>__divdf3</name>
         <value>0x44c5</value>
         <object_component_ref idref="oc-21b"/>
      </symbol>
      <symbol id="sm-354">
         <name>__aeabi_f2d</name>
         <value>0x58f5</value>
         <object_component_ref idref="oc-76"/>
      </symbol>
      <symbol id="sm-355">
         <name>__extendsfdf2</name>
         <value>0x58f5</value>
         <object_component_ref idref="oc-76"/>
      </symbol>
      <symbol id="sm-35b">
         <name>__aeabi_d2iz</name>
         <value>0x579d</value>
         <object_component_ref idref="oc-202"/>
      </symbol>
      <symbol id="sm-35c">
         <name>__fixdfsi</name>
         <value>0x579d</value>
         <object_component_ref idref="oc-202"/>
      </symbol>
      <symbol id="sm-362">
         <name>__aeabi_f2iz</name>
         <value>0x5aa1</value>
         <object_component_ref idref="oc-e7"/>
      </symbol>
      <symbol id="sm-363">
         <name>__fixsfsi</name>
         <value>0x5aa1</value>
         <object_component_ref idref="oc-e7"/>
      </symbol>
      <symbol id="sm-369">
         <name>__aeabi_i2d</name>
         <value>0x5c39</value>
         <object_component_ref idref="oc-20a"/>
      </symbol>
      <symbol id="sm-36a">
         <name>__floatsidf</name>
         <value>0x5c39</value>
         <object_component_ref idref="oc-20a"/>
      </symbol>
      <symbol id="sm-370">
         <name>__aeabi_i2f</name>
         <value>0x59b5</value>
         <object_component_ref idref="oc-6e"/>
      </symbol>
      <symbol id="sm-371">
         <name>__floatsisf</name>
         <value>0x59b5</value>
         <object_component_ref idref="oc-6e"/>
      </symbol>
      <symbol id="sm-377">
         <name>__aeabi_lmul</name>
         <value>0x5cdd</value>
         <object_component_ref idref="oc-1c8"/>
      </symbol>
      <symbol id="sm-378">
         <name>__muldi3</name>
         <value>0x5cdd</value>
         <object_component_ref idref="oc-1c8"/>
      </symbol>
      <symbol id="sm-37f">
         <name>__aeabi_d2f</name>
         <value>0x5151</value>
         <object_component_ref idref="oc-82"/>
      </symbol>
      <symbol id="sm-380">
         <name>__truncdfsf2</name>
         <value>0x5151</value>
         <object_component_ref idref="oc-82"/>
      </symbol>
      <symbol id="sm-386">
         <name>__aeabi_dcmpeq</name>
         <value>0x5361</value>
         <object_component_ref idref="oc-1d2"/>
      </symbol>
      <symbol id="sm-387">
         <name>__aeabi_dcmplt</name>
         <value>0x5375</value>
         <object_component_ref idref="oc-1d2"/>
      </symbol>
      <symbol id="sm-388">
         <name>__aeabi_dcmple</name>
         <value>0x5389</value>
         <object_component_ref idref="oc-1d2"/>
      </symbol>
      <symbol id="sm-389">
         <name>__aeabi_dcmpge</name>
         <value>0x539d</value>
         <object_component_ref idref="oc-1d2"/>
      </symbol>
      <symbol id="sm-38a">
         <name>__aeabi_dcmpgt</name>
         <value>0x53b1</value>
         <object_component_ref idref="oc-1d2"/>
      </symbol>
      <symbol id="sm-390">
         <name>__aeabi_idiv</name>
         <value>0x5651</value>
         <object_component_ref idref="oc-22e"/>
      </symbol>
      <symbol id="sm-391">
         <name>__aeabi_idivmod</name>
         <value>0x5651</value>
         <object_component_ref idref="oc-22e"/>
      </symbol>
      <symbol id="sm-397">
         <name>__aeabi_memcpy</name>
         <value>0x5f39</value>
         <object_component_ref idref="oc-4a"/>
      </symbol>
      <symbol id="sm-398">
         <name>__aeabi_memcpy4</name>
         <value>0x5f39</value>
         <object_component_ref idref="oc-4a"/>
      </symbol>
      <symbol id="sm-399">
         <name>__aeabi_memcpy8</name>
         <value>0x5f39</value>
         <object_component_ref idref="oc-4a"/>
      </symbol>
      <symbol id="sm-3a2">
         <name>__aeabi_memset</name>
         <value>0x5eb9</value>
         <object_component_ref idref="oc-1b3"/>
      </symbol>
      <symbol id="sm-3a3">
         <name>__aeabi_memset4</name>
         <value>0x5eb9</value>
         <object_component_ref idref="oc-1b3"/>
      </symbol>
      <symbol id="sm-3a4">
         <name>__aeabi_memset8</name>
         <value>0x5eb9</value>
         <object_component_ref idref="oc-1b3"/>
      </symbol>
      <symbol id="sm-3a5">
         <name>__aeabi_memclr</name>
         <value>0x5ee1</value>
         <object_component_ref idref="oc-93"/>
      </symbol>
      <symbol id="sm-3a6">
         <name>__aeabi_memclr4</name>
         <value>0x5ee1</value>
         <object_component_ref idref="oc-93"/>
      </symbol>
      <symbol id="sm-3a7">
         <name>__aeabi_memclr8</name>
         <value>0x5ee1</value>
         <object_component_ref idref="oc-93"/>
      </symbol>
      <symbol id="sm-3ad">
         <name>__aeabi_uidiv</name>
         <value>0x58b5</value>
         <object_component_ref idref="oc-14e"/>
      </symbol>
      <symbol id="sm-3ae">
         <name>__aeabi_uidivmod</name>
         <value>0x58b5</value>
         <object_component_ref idref="oc-14e"/>
      </symbol>
      <symbol id="sm-3b4">
         <name>__aeabi_uldivmod</name>
         <value>0x5e1d</value>
         <object_component_ref idref="oc-1cd"/>
      </symbol>
      <symbol id="sm-3ba">
         <name>__udivmoddi4</name>
         <value>0x4cdd</value>
         <object_component_ref idref="oc-1f5"/>
      </symbol>
      <symbol id="sm-3c0">
         <name>__aeabi_llsl</name>
         <value>0x5d45</value>
         <object_component_ref idref="oc-222"/>
      </symbol>
      <symbol id="sm-3c1">
         <name>__ashldi3</name>
         <value>0x5d45</value>
         <object_component_ref idref="oc-222"/>
      </symbol>
      <symbol id="sm-3cf">
         <name>__ledf2</name>
         <value>0x51c5</value>
         <object_component_ref idref="oc-213"/>
      </symbol>
      <symbol id="sm-3d0">
         <name>__gedf2</name>
         <value>0x50dd</value>
         <object_component_ref idref="oc-219"/>
      </symbol>
      <symbol id="sm-3d1">
         <name>__cmpdf2</name>
         <value>0x51c5</value>
         <object_component_ref idref="oc-213"/>
      </symbol>
      <symbol id="sm-3d2">
         <name>__eqdf2</name>
         <value>0x51c5</value>
         <object_component_ref idref="oc-213"/>
      </symbol>
      <symbol id="sm-3d3">
         <name>__ltdf2</name>
         <value>0x51c5</value>
         <object_component_ref idref="oc-213"/>
      </symbol>
      <symbol id="sm-3d4">
         <name>__nedf2</name>
         <value>0x51c5</value>
         <object_component_ref idref="oc-213"/>
      </symbol>
      <symbol id="sm-3d5">
         <name>__gtdf2</name>
         <value>0x50dd</value>
         <object_component_ref idref="oc-219"/>
      </symbol>
      <symbol id="sm-3e2">
         <name>__aeabi_idiv0</name>
         <value>0x3d93</value>
         <object_component_ref idref="oc-1a1"/>
      </symbol>
      <symbol id="sm-3e3">
         <name>__aeabi_ldiv0</name>
         <value>0x4d7f</value>
         <object_component_ref idref="oc-221"/>
      </symbol>
      <symbol id="sm-3fd">
         <name>memcpy</name>
         <value>0x4e21</value>
         <object_component_ref idref="oc-c3"/>
      </symbol>
      <symbol id="sm-40c">
         <name>memset</name>
         <value>0x53c3</value>
         <object_component_ref idref="oc-121"/>
      </symbol>
      <symbol id="sm-40d">
         <name>__TI_static_base__</name>
         <value>0x0</value>
      </symbol>
      <symbol id="sm-411">
         <name>__mpu_init</name>
         <value>0x0</value>
      </symbol>
      <symbol id="sm-412">
         <name>_system_post_cinit</name>
         <value>0x0</value>
      </symbol>
   </symbol_table>
   <title>Link successful</title>
</link_info>
