******************************************************************************
            TI ARM Clang Linker PC v4.0.4                      
******************************************************************************
>> Linked Tue Apr 21 17:35:52 2026

OUTPUT FILE NAME:   <23_DaXJ copy.out>
ENTRY POINT SYMBOL: "_c_int00_noargs"  address: 00006b25


MEMORY CONFIGURATION

         name            origin    length      used     unused   attr    fill
----------------------  --------  ---------  --------  --------  ----  --------
  FLASH                 00000000   00020000  00008ba8  00017458  R  X
  SRAM                  20200000   00008000  00000a0c  000075f4  RW X
  BCR_CONFIG            41c00000   000000ff  00000000  000000ff  R   
  BSL_CONFIG            41c00100   00000080  00000000  00000080  R   


SEGMENT ALLOCATION MAP

run origin  load origin   length   init length attrs members
----------  ----------- ---------- ----------- ----- -------
00000000    00000000    00008af0   00008af0    r-x
  00000000    00000000    000000c0   000000c0    r-- .intvecs
  000000c0    000000c0    00006e10   00006e10    r-x .text
  00006ed0    00006ed0    00001c20   00001c20    r-- .rodata
00008b50    00008b50    00000058   00000058    r--
  00008b50    00008b50    00000048   00000048    r-- .cinit
  00008b98    00008b98    00000010   00000010    r-- .binit
20200000    20200000    000007af   00000000    rw-
  20200000    20200000    00000721   00000000    rw- .bss
  20200724    20200724    0000008b   00000000    rw- .data
202007b0    00008af0    00000060   00000060    r-x
  202007b0    00008af0    00000060   00000060    r-x .TI.ramfunc
20207e00    20207e00    00000200   00000000    rw-
  20207e00    20207e00    00000200   00000000    rw- .stack


SECTION ALLOCATION MAP

 output                                  attributes/
section   page    origin      length       input sections
--------  ----  ----------  ----------   ----------------
.intvecs   0    00000000    000000c0     
                  00000000    000000c0     startup_mspm0g350x_ticlang.o (.intvecs)

.text      0    000000c0    00006e10     
                  000000c0    000012a4     oled.o (.text.OLED_Init)
                  00001364    000009d0     libc.a : _printfi.c.obj (.text:__TI_printfi)
                  00001d34    000008bc     bsp_mpu6050.o (.text.MPU6050_ReadData)
                  000025f0    00000658     bsp_mpu6050.o (.text.MPU6050_WriteReg)
                  00002c48    000003ee     oled.o (.text.OLED_ShowSignedNum)
                  00003036    00000002     startup_mspm0g350x_ticlang.o (.text.Default_Handler)
                  00003038    000002b4     oled.o (.text.OLED_Refresh)
                  000032ec    000002a8     ti_msp_dl_config.o (.text.SYSCFG_DL_SYSCTL_SYSPLL_init)
                  00003594    00000270     oled.o (.text.OLED_ShowChar)
                  00003804    00000254     main.o (.text.main)
                  00003a58    00000234     No_Mcu_Ganv_Grayscale_Sensor.o (.text.normalizeAnalogValues)
                  00003c8c    00000220     libc.a : _printfi.c.obj (.text._pconv_a)
                  00003eac    00000204     key.o (.text.Key_Process)
                  000040b0    000001dc     libc.a : _printfi.c.obj (.text._pconv_g)
                  0000428c    000001cc     No_Mcu_Ganv_Grayscale_Sensor.o (.text.No_Mcu_Ganv_Sensor_Task_Without_tick)
                  00004458    00000192     libclang_rt.builtins.a : adddf3.S.obj (.text.adddf3_subdf3)
                  000045ea    00000002                            : aeabi_div0.c.obj (.text.__aeabi_idiv0)
                  000045ec    0000018c     No_Mcu_Ganv_Grayscale_Sensor.o (.text.No_MCU_Ganv_Sensor_Init)
                  00004778    0000015c     main.o (.text.TIMG0_IRQHandler)
                  000048d4    0000013c     libc.a : _printfi.c.obj (.text.fcvt)
                  00004a10    00000130     bsp_mpu6050.o (.text.MPU6050_Init)
                  00004b40    00000120     libc.a : _printfi.c.obj (.text._pconv_e)
                  00004c60    0000011c     ti_msp_dl_config.o (.text.SYSCFG_DL_GPIO_init)
                  00004d7c    0000010c     libclang_rt.builtins.a : divdf3.S.obj (.text.__divdf3)
                  00004e88    00000104     driverlib.a : dl_timer.o (.text.DL_Timer_initFourCCPWMMode)
                  00004f8c    000000fc                 : dl_timer.o (.text.DL_Timer_initTimerMode)
                  00005088    000000f0     flash.o (.text.writeToFlash)
                  00005178    000000e8     PID.o (.text.PID_Update)
                  00005260    000000e4     libclang_rt.builtins.a : muldf3.S.obj (.text.__muldf3)
                  00005344    000000dc     driverlib.a : dl_sysctl_mspm0g1x0x_g3x0x.o (.text.DL_SYSCTL_configSYSPLL)
                  00005420    000000d8                 : dl_flashctl.o (.text.DL_FlashCTL_unprotectSector)
                  000054f8    000000d8     libc.a : s_scalbn.c.obj (.text.scalbn)
                  000055d0    000000d8     libclang_rt.builtins.a : addsf3.S.obj (.text)
                  000056a8    000000c4     No_Mcu_Ganv_Grayscale_Sensor.o (.text.Get_Anolog_Value)
                  0000576c    000000c0     ti_msp_dl_config.o (.text.SYSCFG_DL_SYSCTL_init)
                  0000582c    000000a2     libclang_rt.builtins.a : udivmoddi4.S.obj (.text)
                  000058ce    0000009a     libc.a : memcpy16.S.obj (.text:memcpy)
                  00005968    00000094     ti_msp_dl_config.o (.text.SYSCFG_DL_PWM_0_init)
                  000059fc    0000008c     libclang_rt.builtins.a : mulsf3.S.obj (.text.__mulsf3)
                  00005a88    00000084     bsp_tb6612.o (.text.Motor_SetPWM)
                  00005b0c    00000082     libclang_rt.builtins.a : divsf3.S.obj (.text.__divsf3)
                  00005b8e    00000002                            : aeabi_div0.c.obj (.text.__aeabi_ldiv0)
                  00005b90    0000007c     libc.a : copy_decompress_lzss.c.obj (.text:decompress:lzss)
                  00005c0c    00000078     adc.o (.text.adc_getValue)
                  00005c84    00000074     libclang_rt.builtins.a : comparedf2.c.obj (.text.__gedf2)
                  00005cf8    00000008     ti_msp_dl_config.o (.text.SYSCFG_DL_DMA_init)
                  00005d00    00000074     libclang_rt.builtins.a : truncdfsf2.S.obj (.text.__truncdfsf2)
                  00005d74    00000070     ti_msp_dl_config.o (.text.SYSCFG_DL_initPower)
                  00005de4    00000068     libclang_rt.builtins.a : comparedf2.c.obj (.text.__ledf2)
                  00005e4c    00000068     board.o (.text.lc_printf)
                  00005eb4    00000066     libc.a : _printfi.c.obj (.text._mcpy)
                  00005f1a    00000002     --HOLE-- [fill = 0]
                  00005f1c    00000064     driverlib.a : dl_sysctl_mspm0g1x0x_g3x0x.o (.text.DL_SYSCTL_setHFCLKSourceHFXTParams)
                  00005f80    00000064     ti_msp_dl_config.o (.text.SYSCFG_DL_ADC_VOLTAGE_init)
                  00005fe4    00000062     libclang_rt.builtins.a : aeabi_dcmp.S.obj (.text.__aeabi_dcmp)
                  00006046    00000002     --HOLE-- [fill = 0]
                  00006048    00000062                            : aeabi_fcmp.S.obj (.text.__aeabi_fcmp)
                  000060aa    00000062     libc.a : memset16.S.obj (.text:memset)
                  0000610c    00000060     ti_msp_dl_config.o (.text.SYSCFG_DL_UART_0_init)
                  0000616c    0000005e     driverlib.a : dl_i2c.o (.text.DL_I2C_fillControllerTXFIFO)
                  000061ca    00000002     --HOLE-- [fill = 0]
                  000061cc    0000005c     libc.a : s_frexp.c.obj (.text.frexp)
                  00006228    00000058            : _ltoa.c.obj (.text.__TI_ltoa)
                  00006280    00000058            : _printfi.c.obj (.text._pconv_f)
                  000062d8    00000056     libclang_rt.builtins.a : aeabi_idivmod.S.obj (.text.__aeabi_idivmod)
                  0000632e    00000002     --HOLE-- [fill = 0]
                  00006330    00000054     ti_msp_dl_config.o (.text.SYSCFG_DL_I2C_OLED_init)
                  00006384    00000052     libc.a : _printfi.c.obj (.text._ecpy)
                  000063d6    00000002     --HOLE-- [fill = 0]
                  000063d8    0000004c     driverlib.a : dl_dma.o (.text.DL_DMA_initChannel)
                  00006424    0000004c     main.o (.text.GROUP1_IRQHandler)
                  00006470    0000004c     ti_msp_dl_config.o (.text.SYSCFG_DL_TIMER_1_init)
                  000064bc    0000004c     ti_msp_dl_config.o (.text.SYSCFG_DL_init)
                  00006508    0000004c     libc.a : cpy_tbl.c.obj (.text.copy_in)
                  00006554    0000004c            : autoinit.c.obj (.text:__TI_auto_init_nopinit)
                  000065a0    0000004a     libclang_rt.builtins.a : fixdfsi.S.obj (.text.__fixdfsi)
                  000065ea    00000002     --HOLE-- [fill = 0]
                  000065ec    00000048     driverlib.a : dl_uart.o (.text.DL_UART_init)
                  00006634    00000044                 : dl_sysctl_mspm0g1x0x_g3x0x.o (.text.DL_SYSCTL_switchMCLKfromSYSOSCtoHSCLK)
                  00006678    00000040                 : dl_adc12.o (.text.DL_ADC12_setClockConfig)
                  000066b8    00000040     libclang_rt.builtins.a : aeabi_uidivmod.S.obj (.text.__aeabi_uidivmod)
                  000066f8    00000040                            : extendsfdf2.S.obj (.text.__extendsfdf2)
                  00006738    00000040     libc.a : atoi.c.obj (.text.atoi)
                  00006778    00000040            : vsnprintf.c.obj (.text.vsnprintf)
                  000067b8    0000003c     led.o (.text.LED_KEY_Blink_Update)
                  000067f4    0000003c     libclang_rt.builtins.a : floatsisf.S.obj (.text.__floatsisf)
                  00006830    0000003c                            : comparesf2.S.obj (.text.__gtsf2)
                  0000686c    0000003a                            : comparesf2.S.obj (.text.__eqsf2)
                  000068a6    00000002     --HOLE-- [fill = 0]
                  000068a8    0000003a                            : muldsi3.S.obj (.text.__muldsi3)
                  000068e2    00000002     --HOLE-- [fill = 0]
                  000068e4    00000038     ti_msp_dl_config.o (.text.SYSCFG_DL_TIMER_0_init)
                  0000691c    00000038     libclang_rt.builtins.a : fixsfsi.S.obj (.text.__fixsfsi)
                  00006954    00000032     bsp_mpu6050.o (.text.MPU6050ReadAcc)
                  00006986    00000032     bsp_mpu6050.o (.text.MPU6050ReadGyro)
                  000069b8    00000030     ti_msp_dl_config.o (.text.SYSCFG_DL_SYSTICK_init)
                  000069e8    00000030     libc.a : _printfi.c.obj (.text._fcpy)
                  00006a18    00000030            : vsnprintf.c.obj (.text._outs)
                  00006a48    00000030     flash.o (.text.readBlackFromFlash)
                  00006a78    00000030     flash.o (.text.readWhiteFromFlash)
                  00006aa8    0000002c     libclang_rt.builtins.a : floatsidf.S.obj (.text.__floatsidf)
                  00006ad4    00000028     ti_msp_dl_config.o (.text.SYSCFG_DL_SYSCTL_CLK_init)
                  00006afc    00000028     libclang_rt.builtins.a : floatunsisf.S.obj (.text.__floatunsisf)
                  00006b24    00000028     libc.a : boot_cortex_m.c.obj (.text:_c_int00_noargs)
                  00006b4c    00000026     driverlib.a : dl_i2c.o (.text.DL_I2C_setClockConfig)
                  00006b72    00000002     --HOLE-- [fill = 0]
                  00006b74    00000024                 : dl_flashctl.o (.text.DL_FlashCTL_programMemoryFromRAM64)
                  00006b98    00000024     libclang_rt.builtins.a : floatunsidf.S.obj (.text.__floatunsidf)
                  00006bbc    00000024                            : muldi3.S.obj (.text.__muldi3)
                  00006be0    00000022     libc.a : memccpy.c.obj (.text.memccpy)
                  00006c02    00000020     No_Mcu_Ganv_Grayscale_Sensor.o (.text.Get_Normalize_For_User)
                  00006c22    00000002     --HOLE-- [fill = 0]
                  00006c24    00000020     ti_msp_dl_config.o (.text.SYSCFG_DL_DMA_CH0_init)
                  00006c44    00000020     delay.o (.text.Tick_delay)
                  00006c64    0000001e     libclang_rt.builtins.a : ashldi3.S.obj (.text.__ashldi3)
                  00006c82    00000002     --HOLE-- [fill = 0]
                  00006c84    0000001c     driverlib.a : dl_sysctl_mspm0g1x0x_g3x0x.o (.text.DL_SYSCTL_configFCC)
                  00006ca0    0000001c                 : dl_timer.o (.text.DL_Timer_setCaptCompUpdateMethod)
                  00006cbc    0000001c                 : dl_timer.o (.text.DL_Timer_setClockConfig)
                  00006cd8    0000001c     led.o (.text.LED_KEY_Blink_Start)
                  00006cf4    0000001c     bsp_tb6612.o (.text.TB6612_Motor_Stop)
                  00006d10    00000018     driverlib.a : dl_flashctl.o (.text.DL_FlashCTL_eraseMemoryFromRAM)
                  00006d28    00000018                 : dl_timer.o (.text.DL_Timer_setCaptureCompareOutCtl)
                  00006d40    00000018     led.o (.text.LED_KEY_Blink_Stop)
                  00006d58    00000018     libc.a : vsnprintf.c.obj (.text._outc)
                  00006d70    00000014     led.o (.text.LED_init)
                  00006d84    00000014     libclang_rt.builtins.a : aeabi_uldivmod.S.obj (.text.__aeabi_uldivmod)
                  00006d98    00000014     libc.a : _printfi.c.obj (.text.strchr)
                  00006dac    00000012     driverlib.a : dl_uart.o (.text.DL_UART_setClockConfig)
                  00006dbe    00000012     libc.a : copy_decompress_none.c.obj (.text:decompress:none)
                  00006dd0    00000010     driverlib.a : dl_timer.o (.text.DL_Timer_setCaptureCompareValue)
                  00006de0    00000010     delay.o (.text.SysTick_Handler)
                  00006df0    00000010     board.o (.text.delay_ms)
                  00006e00    00000010     libc.a : wcslen.c.obj (.text.wcslen)
                  00006e10    00000010            : copy_zero_init.c.obj (.text:decompress:ZI)
                  00006e20    0000000e     libclang_rt.builtins.a : aeabi_memset.S.obj (.text.__aeabi_memset)
                  00006e2e    0000000e     libc.a : _printfi.c.obj (.text.strlen)
                  00006e3c    0000000c     led.o (.text.LED_KEY_Blink_SetInterval)
                  00006e48    0000000c     libclang_rt.builtins.a : aeabi_memset.S.obj (.text.__aeabi_memclr)
                  00006e54    0000000c     board.o (.text.delay_us)
                  00006e60    0000000a     driverlib.a : dl_common.o (.text.DL_Common_delayCycles)
                  00006e6a    0000000a     libc.a : _printfi.c.obj (.text.OUTLINED_FUNCTION_0)
                  00006e74    00000010     libclang_rt.builtins.a : adddf3.S.obj (.tramp.__aeabi_dsub.1)
                  00006e84    0000000a     libc.a : _printfi.c.obj (.text.OUTLINED_FUNCTION_1)
                  00006e8e    00000002     --HOLE-- [fill = 0]
                  00006e90    00000008            : aeabi_portable.c.obj (.text.__aeabi_errno_addr)
                  00006e98    00000008     libclang_rt.builtins.a : aeabi_memcpy.S.obj (.text.__aeabi_memcpy)
                  00006ea0    00000006     No_Mcu_Ganv_Grayscale_Sensor.o (.text.Get_Digtal_For_User)
                  00006ea6    00000006     libc.a : exit.c.obj (.text:abort)
                  00006eac    00000004     libsysbm.a : hostexit.c.obj (.text.HOSTexit)
                  00006eb0    00000004     startup_mspm0g350x_ticlang.o (.text.Reset_Handler)
                  00006eb4    00000004     libc.a : pre_init.c.obj (.text._system_pre_init)
                  00006eb8    00000010     driverlib.a : dl_flashctl.o (.tramp.DL_FlashCTL_executeCommandFromRAM.1)
                  00006ec8    00000008     --HOLE-- [fill = 0]

.TI.ramfunc 
*          0    00008af0    00000060     RUN ADDR = 202007b0
                  00008af0    00000060     driverlib.a : dl_flashctl.o (.TI.ramfunc)

.cinit     0    00008b50    00000048     
                  00008b50    00000020     (.cinit..data.load) [load image, compression = lzss]
                  00008b70    0000000c     (__TI_handler_table)
                  00008b7c    00000008     (.cinit..bss.load) [load image, compression = zero_init]
                  00008b84    00000010     (__TI_cinit_table)
                  00008b94    00000004     --HOLE-- [fill = 0]

.rodata    0    00006ed0    00001c20     
                  00006ed0    00000d5c     oled.o (.rodata.asc2_2412)
                  00007c2c    000005f0     oled.o (.rodata.asc2_1608)
                  0000821c    00000474     oled.o (.rodata.asc2_1206)
                  00008690    00000228     oled.o (.rodata.asc2_0806)
                  000088b8    00000008     ti_msp_dl_config.o (.rodata.gADC_VOLTAGEClockConfig)
                  000088c0    00000101     libc.a : aeabi_ctype.S.obj (.rodata:__aeabi_ctype_table_)
                  000089c1    00000003     ti_msp_dl_config.o (.rodata.gPWM_0ClockConfig)
                  000089c4    00000028     ti_msp_dl_config.o (.rodata.gSYSPLLConfig)
                  000089ec    00000026     bsp_mpu6050.o (.rodata.str1.8106437454020807143.1)
                  00008a12    0000001c     main.o (.rodata.str1.15159059442110792349.1)
                  00008a2e    0000001c     main.o (.rodata.str1.8154729771448623357.1)
                  00008a4a    00000002     ti_msp_dl_config.o (.rodata.gI2C_OLEDClockConfig)
                  00008a4c    00000018     ti_msp_dl_config.o (.rodata.gDMA_CH0Config)
                  00008a64    00000014     ti_msp_dl_config.o (.rodata.gTIMER_0TimerConfig)
                  00008a78    00000014     ti_msp_dl_config.o (.rodata.gTIMER_1TimerConfig)
                  00008a8c    00000012     bsp_mpu6050.o (.rodata.str1.4782026291635599792.1)
                  00008a9e    00000011     libc.a : _printfi.c.obj (.rodata.str1.10348868589481759720.1)
                  00008aaf    00000011            : _printfi.c.obj (.rodata.str1.15363888844622738466.1)
                  00008ac0    0000000a     ti_msp_dl_config.o (.rodata.gUART_0Config)
                  00008aca    00000009     bsp_mpu6050.o (.rodata.str1.8996897938050910238.1)
                  00008ad3    00000001     --HOLE-- [fill = 0]
                  00008ad4    00000008     ti_msp_dl_config.o (.rodata.gPWM_0Config)
                  00008adc    00000003     ti_msp_dl_config.o (.rodata.gTIMER_0ClockConfig)
                  00008adf    00000003     ti_msp_dl_config.o (.rodata.gTIMER_1ClockConfig)
                  00008ae2    00000002     ti_msp_dl_config.o (.rodata.gUART_0ClockConfig)
                  00008ae4    0000000c     --HOLE-- [fill = 0]

.init_array 
*          0    00000000    00000000     UNINITIALIZED

.binit     0    00008b98    00000010     
                  00008b98    00000010     (.binit)

.bss       0    20200000    00000721     UNINITIALIZED
                  20200000    00000480     (.common:OLED_GRAM)
                  20200480    000000bc     (.common:gPWM_0Backup)
                  2020053c    00000004     (.common:ALL_Num)
                  20200540    000000b0     (.common:sensor)
                  202005f0    000000a0     (.common:gTIMER_1Backup)
                  20200690    00000050     (.common:ADC_VALUE)
                  202006e0    00000010     (.common:Normal)
                  202006f0    00000006     (.common:accData)
                  202006f6    00000006     (.common:gyroData)
                  202006fc    00000004     (.common:attitude)
                  20200700    00000004     (.common:long_pressed_key_time)
                  20200704    00000004     (.common:state)
                  20200708    00000002     (.common:AX)
                  2020070a    00000002     (.common:AY)
                  2020070c    00000002     (.common:AZ)
                  2020070e    00000002     (.common:AvePWM)
                  20200710    00000002     (.common:DifPWM)
                  20200712    00000002     (.common:GX)
                  20200714    00000002     (.common:GY)
                  20200716    00000002     (.common:GZ)
                  20200718    00000002     (.common:LeftPWM)
                  2020071a    00000002     (.common:Num)
                  2020071c    00000002     (.common:Num1)
                  2020071e    00000002     (.common:RightPWM)
                  20200720    00000001     (.common:Digtal)

.data      0    20200724    0000008b     UNINITIALIZED
                  20200724    0000003c     main.o (.data.AnglePID)
                  20200760    00000010     main.o (.data.Anolog)
                  20200770    00000010     main.o (.data.black)
                  20200780    00000010     main.o (.data.white)
                  20200790    00000004     key.o (.data.Key_Process.last_blink_time)
                  20200794    00000004     main.o (.data.TIMG0_IRQHandler.yaw_angle)
                  20200798    00000004     delay.o (.data.Tick)
                  2020079c    00000004     libc.a : aeabi_portable.c.obj (.data.__aeabi_errno)
                  202007a0    00000004     led.o (.data.keyBlinkCtrl.0)
                  202007a4    00000004     led.o (.data.keyBlinkCtrl.1)
                  202007a8    00000004     key.o (.data.last_key_time)
                  202007ac    00000001     led.o (.data.keyBlinkCtrl.2)
                  202007ad    00000001     key.o (.data.key_pressed)
                  202007ae    00000001     key.o (.data.long_err_flag)

.stack     0    20207e00    00000200     UNINITIALIZED
                  20207e00    00000004     libc.a : boot_cortex_m.c.obj (.stack)
                  20207e04    000001fc     --HOLE--

__llvm_prf_cnts 
*          0    20200000    00000000     UNINITIALIZED

__llvm_prf_bits 
*          0    20200000    00000000     UNINITIALIZED

MODULE SUMMARY

       Module                           code    ro data   rw data
       ------                           ----    -------   -------
    .\
       ti_msp_dl_config.o               2032    143       348    
       startup_mspm0g350x_ticlang.o     6       192       0      
    +--+--------------------------------+-------+---------+---------+
       Total:                           2038    335       348    
                                                                 
    .\Hardware\
       No_Mcu_Ganv_Grayscale_Sensor.o   1654    0         0      
       key.o                            516     0         18     
       flash.o                          336     0         0      
       adc.o                            120     0         80     
       bsp_tb6612.o                     160     0         0      
       led.o                            144     0         9      
       delay.o                          48      0         4      
    +--+--------------------------------+-------+---------+---------+
       Total:                           2978    0         111    
                                                                 
    .\Hardware\OLED\
       oled.o                           7094    6632      1152   
       board.o                          132     0         0      
    +--+--------------------------------+-------+---------+---------+
       Total:                           7226    6632      1152   
                                                                 
    .\Hardware\src\
       bsp_mpu6050.o                    4264    65        0      
    +--+--------------------------------+-------+---------+---------+
       Total:                           4264    65        0      
                                                                 
    .\User\
       main.o                           1020    56        349    
       PID.o                            232     0         0      
    +--+--------------------------------+-------+---------+---------+
       Total:                           1252    56        349    
                                                                 
    D:/TI/CCS/mspm0_sdk_2_10_00_04/source/ti/driverlib/lib/ticlang/m0p/mspm0g1x0x_g3x0x/driverlib.a
       dl_timer.o                       608     0         0      
       dl_flashctl.o                    484     0         0      
       dl_sysctl_mspm0g1x0x_g3x0x.o     416     0         0      
       dl_i2c.o                         132     0         0      
       dl_uart.o                        90      0         0      
       dl_dma.o                         76      0         0      
       dl_adc12.o                       64      0         0      
       dl_common.o                      10      0         0      
    +--+--------------------------------+-------+---------+---------+
       Total:                           1880    0         0      
                                                                 
    D:\TI\CCS\ccs\tools\compiler\ti-cgt-armllvm_4.0.4.LTS\lib\armv6m-ti-none-eabi/c/libc.a
       _printfi.c.obj                   4510    34        0      
       aeabi_ctype.S.obj                0       257       0      
       s_scalbn.c.obj                   216     0         0      
       memcpy16.S.obj                   154     0         0      
       vsnprintf.c.obj                  136     0         0      
       copy_decompress_lzss.c.obj       124     0         0      
       memset16.S.obj                   98      0         0      
       s_frexp.c.obj                    92      0         0      
       _ltoa.c.obj                      88      0         0      
       autoinit.c.obj                   76      0         0      
       cpy_tbl.c.obj                    76      0         0      
       atoi.c.obj                       64      0         0      
       boot_cortex_m.c.obj              40      0         0      
       memccpy.c.obj                    34      0         0      
       copy_decompress_none.c.obj       18      0         0      
       copy_zero_init.c.obj             16      0         0      
       wcslen.c.obj                     16      0         0      
       aeabi_portable.c.obj             8       0         4      
       exit.c.obj                       6       0         0      
       pre_init.c.obj                   4       0         0      
    +--+--------------------------------+-------+---------+---------+
       Total:                           5776    291       4      
                                                                 
    D:\TI\CCS\ccs\tools\compiler\ti-cgt-armllvm_4.0.4.LTS\lib\armv6m-ti-none-eabi/c/libsysbm.a
       hostexit.c.obj                   4       0         0      
    +--+--------------------------------+-------+---------+---------+
       Total:                           4       0         0      
                                                                 
    D:\TI\CCS\ccs\tools\compiler\ti-cgt-armllvm_4.0.4.LTS\lib\armv6m-ti-none-eabi/libclang_rt.builtins.a
       adddf3.S.obj                     418     0         0      
       divdf3.S.obj                     268     0         0      
       muldf3.S.obj                     228     0         0      
       comparedf2.c.obj                 220     0         0      
       addsf3.S.obj                     216     0         0      
       udivmoddi4.S.obj                 162     0         0      
       mulsf3.S.obj                     140     0         0      
       divsf3.S.obj                     130     0         0      
       comparesf2.S.obj                 118     0         0      
       truncdfsf2.S.obj                 116     0         0      
       aeabi_dcmp.S.obj                 98      0         0      
       aeabi_fcmp.S.obj                 98      0         0      
       aeabi_idivmod.S.obj              86      0         0      
       fixdfsi.S.obj                    74      0         0      
       aeabi_uidivmod.S.obj             64      0         0      
       extendsfdf2.S.obj                64      0         0      
       floatsisf.S.obj                  60      0         0      
       muldsi3.S.obj                    58      0         0      
       fixsfsi.S.obj                    56      0         0      
       floatsidf.S.obj                  44      0         0      
       floatunsisf.S.obj                40      0         0      
       floatunsidf.S.obj                36      0         0      
       muldi3.S.obj                     36      0         0      
       ashldi3.S.obj                    30      0         0      
       aeabi_memset.S.obj               26      0         0      
       aeabi_uldivmod.S.obj             20      0         0      
       aeabi_memcpy.S.obj               8       0         0      
       aeabi_div0.c.obj                 4       0         0      
    +--+--------------------------------+-------+---------+---------+
       Total:                           2918    0         0      
                                                                 
       Stack:                           0       0         512    
       Linker Generated:                0       84        0      
    +--+--------------------------------+-------+---------+---------+
       Grand Total:                     28336   7463      2476   


LINKER GENERATED COPY TABLES

__TI_cinit_table @ 00008b84 records: 2, size/record: 8, table size: 16
	.data: load addr=00008b50, load size=00000020 bytes, run addr=20200724, run size=0000008b bytes, compression=lzss
	.bss: load addr=00008b7c, load size=00000008 bytes, run addr=20200000, run size=00000721 bytes, compression=zero_init
binit @ 00008b98 records: 1, size/record: 12, table size: 16
	.TI.ramfunc: load addr=00008af0, load size=00000060, run addr=202007b0, run size=00000060, compression=none


LINKER GENERATED HANDLER TABLE

__TI_handler_table @ 00008b70 records: 3, size/record: 4, table size: 12
	index: 0, handler: __TI_decompress_lzss
	index: 1, handler: __TI_decompress_none
	index: 2, handler: __TI_zero_init


FAR CALL TRAMPOLINES

callee name               trampoline name
   callee addr  tramp addr   call addr  call info
--------------  -----------  ---------  ----------------
__aeabi_dsub              $Tramp$TT$L$PI$$__aeabi_dsub
   00004459     00006e74     00006e72   libc.a : _printfi.c.obj (.text.OUTLINED_FUNCTION_0)
DL_FlashCTL_executeCommandFromRAM  $Tramp$TT$L$PI$$DL_FlashCTL_executeCommandFromRAM
   202007b1     00006eb8     00006b8c   driverlib.a : dl_flashctl.o (.text.DL_FlashCTL_programMemoryFromRAM64)
                             00006d1e               : dl_flashctl.o (.text.DL_FlashCTL_eraseMemoryFromRAM)

[2 trampolines]
[3 trampoline calls]


GLOBAL SYMBOLS: SORTED ALPHABETICALLY BY Name 

address   name                                 
-------   ----                                 
00003037  ADC0_IRQHandler                      
00003037  ADC1_IRQHandler                      
20200690  ADC_VALUE                            
00003037  AES_IRQHandler                       
2020053c  ALL_Num                              
20200708  AX                                   
2020070a  AY                                   
2020070c  AZ                                   
20200724  AnglePID                             
20200760  Anolog                               
2020070e  AvePWM                               
00006eac  C$$EXIT                              
00003037  CANFD0_IRQHandler                    
00003037  DAC0_IRQHandler                      
00006679  DL_ADC12_setClockConfig              
00006e61  DL_Common_delayCycles                
000063d9  DL_DMA_initChannel                   
00006d11  DL_FlashCTL_eraseMemoryFromRAM       
00006b75  DL_FlashCTL_programMemoryFromRAM64   
00005421  DL_FlashCTL_unprotectSector          
0000616d  DL_I2C_fillControllerTXFIFO          
00006b4d  DL_I2C_setClockConfig                
00006c85  DL_SYSCTL_configFCC                  
00005345  DL_SYSCTL_configSYSPLL               
00005f1d  DL_SYSCTL_setHFCLKSourceHFXTParams   
00006635  DL_SYSCTL_switchMCLKfromSYSOSCtoHSCLK
00004e89  DL_Timer_initFourCCPWMMode           
00004f8d  DL_Timer_initTimerMode               
00006ca1  DL_Timer_setCaptCompUpdateMethod     
00006d29  DL_Timer_setCaptureCompareOutCtl     
00006dd1  DL_Timer_setCaptureCompareValue      
00006cbd  DL_Timer_setClockConfig              
000065ed  DL_UART_init                         
00006dad  DL_UART_setClockConfig               
00003037  DMA_IRQHandler                       
00003037  Default_Handler                      
20200710  DifPWM                               
20200720  Digtal                               
00003037  GROUP0_IRQHandler                    
00006425  GROUP1_IRQHandler                    
20200712  GX                                   
20200714  GY                                   
20200716  GZ                                   
000056a9  Get_Anolog_Value                     
00006ea1  Get_Digtal_For_User                  
00006c03  Get_Normalize_For_User               
00006ead  HOSTexit                             
00003037  HardFault_Handler                    
00003037  I2C0_IRQHandler                      
00003037  I2C1_IRQHandler                      
00003ead  Key_Process                          
00006e3d  LED_KEY_Blink_SetInterval            
00006cd9  LED_KEY_Blink_Start                  
00006d41  LED_KEY_Blink_Stop                   
000067b9  LED_KEY_Blink_Update                 
00006d71  LED_init                             
20200718  LeftPWM                              
00006955  MPU6050ReadAcc                       
00006987  MPU6050ReadGyro                      
00004a11  MPU6050_Init                         
00001d35  MPU6050_ReadData                     
000025f1  MPU6050_WriteReg                     
00005a89  Motor_SetPWM                         
00003037  NMI_Handler                          
000045ed  No_MCU_Ganv_Sensor_Init              
0000428d  No_Mcu_Ganv_Sensor_Task_Without_tick 
202006e0  Normal                               
2020071a  Num                                  
2020071c  Num1                                 
20200000  OLED_GRAM                            
000000c1  OLED_Init                            
00003039  OLED_Refresh                         
00003595  OLED_ShowChar                        
00002c49  OLED_ShowSignedNum                   
00005179  PID_Update                           
00003037  PendSV_Handler                       
00003037  RTC_IRQHandler                       
00006eb1  Reset_Handler                        
2020071e  RightPWM                             
00003037  SPI0_IRQHandler                      
00003037  SPI1_IRQHandler                      
00003037  SVC_Handler                          
00005f81  SYSCFG_DL_ADC_VOLTAGE_init           
00006c25  SYSCFG_DL_DMA_CH0_init               
00005cf9  SYSCFG_DL_DMA_init                   
00004c61  SYSCFG_DL_GPIO_init                  
00006331  SYSCFG_DL_I2C_OLED_init              
00005969  SYSCFG_DL_PWM_0_init                 
00006ad5  SYSCFG_DL_SYSCTL_CLK_init            
000032ed  SYSCFG_DL_SYSCTL_SYSPLL_init         
0000576d  SYSCFG_DL_SYSCTL_init                
000069b9  SYSCFG_DL_SYSTICK_init               
000068e5  SYSCFG_DL_TIMER_0_init               
00006471  SYSCFG_DL_TIMER_1_init               
0000610d  SYSCFG_DL_UART_0_init                
000064bd  SYSCFG_DL_init                       
00005d75  SYSCFG_DL_initPower                  
00006de1  SysTick_Handler                      
00006cf5  TB6612_Motor_Stop                    
00003037  TIMA0_IRQHandler                     
00003037  TIMA1_IRQHandler                     
00004779  TIMG0_IRQHandler                     
00003037  TIMG12_IRQHandler                    
00003037  TIMG6_IRQHandler                     
00003037  TIMG7_IRQHandler                     
00003037  TIMG8_IRQHandler                     
20200798  Tick                                 
00006c45  Tick_delay                           
00003037  UART0_IRQHandler                     
00003037  UART1_IRQHandler                     
00003037  UART2_IRQHandler                     
00003037  UART3_IRQHandler                     
20208000  __STACK_END                          
00000200  __STACK_SIZE                         
00000000  __TI_ATRegion0_region_sz             
00000000  __TI_ATRegion0_src_addr              
00000000  __TI_ATRegion0_trg_addr              
00000000  __TI_ATRegion1_region_sz             
00000000  __TI_ATRegion1_src_addr              
00000000  __TI_ATRegion1_trg_addr              
00000000  __TI_ATRegion2_region_sz             
00000000  __TI_ATRegion2_src_addr              
00000000  __TI_ATRegion2_trg_addr              
00008b84  __TI_CINIT_Base                      
00008b94  __TI_CINIT_Limit                     
00008b94  __TI_CINIT_Warm                      
00008b70  __TI_Handler_Table_Base              
00008b7c  __TI_Handler_Table_Limit             
00006555  __TI_auto_init_nopinit               
00005b91  __TI_decompress_lzss                 
00006dbf  __TI_decompress_none                 
00006229  __TI_ltoa                            
ffffffff  __TI_pprof_out_hndl                  
00001365  __TI_printfi                         
ffffffff  __TI_prof_data_size                  
ffffffff  __TI_prof_data_start                 
00000000  __TI_static_base__                   
00008b98  __TI_table_binit                     
00006e11  __TI_zero_init                       
00004463  __adddf3                             
000055db  __addsf3                             
000088c0  __aeabi_ctype_table_                 
000088c0  __aeabi_ctype_table_C                
00005d01  __aeabi_d2f                          
000065a1  __aeabi_d2iz                         
00004463  __aeabi_dadd                         
00005fe5  __aeabi_dcmpeq                       
00006021  __aeabi_dcmpge                       
00006035  __aeabi_dcmpgt                       
0000600d  __aeabi_dcmple                       
00005ff9  __aeabi_dcmplt                       
00004d7d  __aeabi_ddiv                         
00005261  __aeabi_dmul                         
00004459  __aeabi_dsub                         
2020079c  __aeabi_errno                        
00006e91  __aeabi_errno_addr                   
000066f9  __aeabi_f2d                          
0000691d  __aeabi_f2iz                         
000055db  __aeabi_fadd                         
00006049  __aeabi_fcmpeq                       
00006085  __aeabi_fcmpge                       
00006099  __aeabi_fcmpgt                       
00006071  __aeabi_fcmple                       
0000605d  __aeabi_fcmplt                       
00005b0d  __aeabi_fdiv                         
000059fd  __aeabi_fmul                         
000055d1  __aeabi_fsub                         
00006aa9  __aeabi_i2d                          
000067f5  __aeabi_i2f                          
000062d9  __aeabi_idiv                         
000045eb  __aeabi_idiv0                        
000062d9  __aeabi_idivmod                      
00005b8f  __aeabi_ldiv0                        
00006c65  __aeabi_llsl                         
00006bbd  __aeabi_lmul                         
00006e49  __aeabi_memclr                       
00006e49  __aeabi_memclr4                      
00006e49  __aeabi_memclr8                      
00006e99  __aeabi_memcpy                       
00006e99  __aeabi_memcpy4                      
00006e99  __aeabi_memcpy8                      
00006e21  __aeabi_memset                       
00006e21  __aeabi_memset4                      
00006e21  __aeabi_memset8                      
00006b99  __aeabi_ui2d                         
00006afd  __aeabi_ui2f                         
000066b9  __aeabi_uidiv                        
000066b9  __aeabi_uidivmod                     
00006d85  __aeabi_uldivmod                     
00006c65  __ashldi3                            
00008b98  __binit__                            
00005de5  __cmpdf2                             
0000686d  __cmpsf2                             
00004d7d  __divdf3                             
00005b0d  __divsf3                             
00005de5  __eqdf2                              
0000686d  __eqsf2                              
000066f9  __extendsfdf2                        
000065a1  __fixdfsi                            
0000691d  __fixsfsi                            
00006aa9  __floatsidf                          
000067f5  __floatsisf                          
00006b99  __floatunsidf                        
00006afd  __floatunsisf                        
00005c85  __gedf2                              
00006831  __gesf2                              
00005c85  __gtdf2                              
00006831  __gtsf2                              
00005de5  __ledf2                              
0000686d  __lesf2                              
00005de5  __ltdf2                              
0000686d  __ltsf2                              
UNDEFED   __mpu_init                           
00005261  __muldf3                             
00006bbd  __muldi3                             
000068a9  __muldsi3                            
000059fd  __mulsf3                             
00005de5  __nedf2                              
0000686d  __nesf2                              
20207e00  __stack                              
20200000  __start___llvm_prf_bits              
20200000  __start___llvm_prf_cnts              
20200000  __stop___llvm_prf_bits               
20200000  __stop___llvm_prf_cnts               
00004459  __subdf3                             
000055d1  __subsf3                             
00005d01  __truncdfsf2                         
0000582d  __udivmoddi4                         
00006b25  _c_int00_noargs                      
UNDEFED   _system_post_cinit                   
00006eb5  _system_pre_init                     
00006ea7  abort                                
202006f0  accData                              
00005c0d  adc_getValue                         
00008690  asc2_0806                            
0000821c  asc2_1206                            
00007c2c  asc2_1608                            
00006ed0  asc2_2412                            
00006739  atoi                                 
202006fc  attitude                             
00008b98  binit                                
20200770  black                                
00006509  copy_in                              
00006df1  delay_ms                             
00006e55  delay_us                             
000061cd  frexp                                
000061cd  frexpl                               
20200480  gPWM_0Backup                         
202005f0  gTIMER_1Backup                       
202006f6  gyroData                             
00000000  interruptVectors                     
202007ad  key_pressed                          
202007a8  last_key_time                        
00005e4d  lc_printf                            
000054f9  ldexp                                
000054f9  ldexpl                               
202007ae  long_err_flag                        
20200700  long_pressed_key_time                
00003805  main                                 
00006be1  memccpy                              
000058cf  memcpy                               
000060ab  memset                               
00003a59  normalizeAnalogValues                
00006a49  readBlackFromFlash                   
00006a79  readWhiteFromFlash                   
000054f9  scalbn                               
000054f9  scalbnl                              
20200540  sensor                               
20200704  state                                
00006779  vsnprintf                            
00006e01  wcslen                               
20200780  white                                
00005089  writeToFlash                         


GLOBAL SYMBOLS: SORTED BY Symbol Address 

address   name                                 
-------   ----                                 
00000000  __TI_ATRegion0_region_sz             
00000000  __TI_ATRegion0_src_addr              
00000000  __TI_ATRegion0_trg_addr              
00000000  __TI_ATRegion1_region_sz             
00000000  __TI_ATRegion1_src_addr              
00000000  __TI_ATRegion1_trg_addr              
00000000  __TI_ATRegion2_region_sz             
00000000  __TI_ATRegion2_src_addr              
00000000  __TI_ATRegion2_trg_addr              
00000000  __TI_static_base__                   
00000000  interruptVectors                     
000000c1  OLED_Init                            
00000200  __STACK_SIZE                         
00001365  __TI_printfi                         
00001d35  MPU6050_ReadData                     
000025f1  MPU6050_WriteReg                     
00002c49  OLED_ShowSignedNum                   
00003037  ADC0_IRQHandler                      
00003037  ADC1_IRQHandler                      
00003037  AES_IRQHandler                       
00003037  CANFD0_IRQHandler                    
00003037  DAC0_IRQHandler                      
00003037  DMA_IRQHandler                       
00003037  Default_Handler                      
00003037  GROUP0_IRQHandler                    
00003037  HardFault_Handler                    
00003037  I2C0_IRQHandler                      
00003037  I2C1_IRQHandler                      
00003037  NMI_Handler                          
00003037  PendSV_Handler                       
00003037  RTC_IRQHandler                       
00003037  SPI0_IRQHandler                      
00003037  SPI1_IRQHandler                      
00003037  SVC_Handler                          
00003037  TIMA0_IRQHandler                     
00003037  TIMA1_IRQHandler                     
00003037  TIMG12_IRQHandler                    
00003037  TIMG6_IRQHandler                     
00003037  TIMG7_IRQHandler                     
00003037  TIMG8_IRQHandler                     
00003037  UART0_IRQHandler                     
00003037  UART1_IRQHandler                     
00003037  UART2_IRQHandler                     
00003037  UART3_IRQHandler                     
00003039  OLED_Refresh                         
000032ed  SYSCFG_DL_SYSCTL_SYSPLL_init         
00003595  OLED_ShowChar                        
00003805  main                                 
00003a59  normalizeAnalogValues                
00003ead  Key_Process                          
0000428d  No_Mcu_Ganv_Sensor_Task_Without_tick 
00004459  __aeabi_dsub                         
00004459  __subdf3                             
00004463  __adddf3                             
00004463  __aeabi_dadd                         
000045eb  __aeabi_idiv0                        
000045ed  No_MCU_Ganv_Sensor_Init              
00004779  TIMG0_IRQHandler                     
00004a11  MPU6050_Init                         
00004c61  SYSCFG_DL_GPIO_init                  
00004d7d  __aeabi_ddiv                         
00004d7d  __divdf3                             
00004e89  DL_Timer_initFourCCPWMMode           
00004f8d  DL_Timer_initTimerMode               
00005089  writeToFlash                         
00005179  PID_Update                           
00005261  __aeabi_dmul                         
00005261  __muldf3                             
00005345  DL_SYSCTL_configSYSPLL               
00005421  DL_FlashCTL_unprotectSector          
000054f9  ldexp                                
000054f9  ldexpl                               
000054f9  scalbn                               
000054f9  scalbnl                              
000055d1  __aeabi_fsub                         
000055d1  __subsf3                             
000055db  __addsf3                             
000055db  __aeabi_fadd                         
000056a9  Get_Anolog_Value                     
0000576d  SYSCFG_DL_SYSCTL_init                
0000582d  __udivmoddi4                         
000058cf  memcpy                               
00005969  SYSCFG_DL_PWM_0_init                 
000059fd  __aeabi_fmul                         
000059fd  __mulsf3                             
00005a89  Motor_SetPWM                         
00005b0d  __aeabi_fdiv                         
00005b0d  __divsf3                             
00005b8f  __aeabi_ldiv0                        
00005b91  __TI_decompress_lzss                 
00005c0d  adc_getValue                         
00005c85  __gedf2                              
00005c85  __gtdf2                              
00005cf9  SYSCFG_DL_DMA_init                   
00005d01  __aeabi_d2f                          
00005d01  __truncdfsf2                         
00005d75  SYSCFG_DL_initPower                  
00005de5  __cmpdf2                             
00005de5  __eqdf2                              
00005de5  __ledf2                              
00005de5  __ltdf2                              
00005de5  __nedf2                              
00005e4d  lc_printf                            
00005f1d  DL_SYSCTL_setHFCLKSourceHFXTParams   
00005f81  SYSCFG_DL_ADC_VOLTAGE_init           
00005fe5  __aeabi_dcmpeq                       
00005ff9  __aeabi_dcmplt                       
0000600d  __aeabi_dcmple                       
00006021  __aeabi_dcmpge                       
00006035  __aeabi_dcmpgt                       
00006049  __aeabi_fcmpeq                       
0000605d  __aeabi_fcmplt                       
00006071  __aeabi_fcmple                       
00006085  __aeabi_fcmpge                       
00006099  __aeabi_fcmpgt                       
000060ab  memset                               
0000610d  SYSCFG_DL_UART_0_init                
0000616d  DL_I2C_fillControllerTXFIFO          
000061cd  frexp                                
000061cd  frexpl                               
00006229  __TI_ltoa                            
000062d9  __aeabi_idiv                         
000062d9  __aeabi_idivmod                      
00006331  SYSCFG_DL_I2C_OLED_init              
000063d9  DL_DMA_initChannel                   
00006425  GROUP1_IRQHandler                    
00006471  SYSCFG_DL_TIMER_1_init               
000064bd  SYSCFG_DL_init                       
00006509  copy_in                              
00006555  __TI_auto_init_nopinit               
000065a1  __aeabi_d2iz                         
000065a1  __fixdfsi                            
000065ed  DL_UART_init                         
00006635  DL_SYSCTL_switchMCLKfromSYSOSCtoHSCLK
00006679  DL_ADC12_setClockConfig              
000066b9  __aeabi_uidiv                        
000066b9  __aeabi_uidivmod                     
000066f9  __aeabi_f2d                          
000066f9  __extendsfdf2                        
00006739  atoi                                 
00006779  vsnprintf                            
000067b9  LED_KEY_Blink_Update                 
000067f5  __aeabi_i2f                          
000067f5  __floatsisf                          
00006831  __gesf2                              
00006831  __gtsf2                              
0000686d  __cmpsf2                             
0000686d  __eqsf2                              
0000686d  __lesf2                              
0000686d  __ltsf2                              
0000686d  __nesf2                              
000068a9  __muldsi3                            
000068e5  SYSCFG_DL_TIMER_0_init               
0000691d  __aeabi_f2iz                         
0000691d  __fixsfsi                            
00006955  MPU6050ReadAcc                       
00006987  MPU6050ReadGyro                      
000069b9  SYSCFG_DL_SYSTICK_init               
00006a49  readBlackFromFlash                   
00006a79  readWhiteFromFlash                   
00006aa9  __aeabi_i2d                          
00006aa9  __floatsidf                          
00006ad5  SYSCFG_DL_SYSCTL_CLK_init            
00006afd  __aeabi_ui2f                         
00006afd  __floatunsisf                        
00006b25  _c_int00_noargs                      
00006b4d  DL_I2C_setClockConfig                
00006b75  DL_FlashCTL_programMemoryFromRAM64   
00006b99  __aeabi_ui2d                         
00006b99  __floatunsidf                        
00006bbd  __aeabi_lmul                         
00006bbd  __muldi3                             
00006be1  memccpy                              
00006c03  Get_Normalize_For_User               
00006c25  SYSCFG_DL_DMA_CH0_init               
00006c45  Tick_delay                           
00006c65  __aeabi_llsl                         
00006c65  __ashldi3                            
00006c85  DL_SYSCTL_configFCC                  
00006ca1  DL_Timer_setCaptCompUpdateMethod     
00006cbd  DL_Timer_setClockConfig              
00006cd9  LED_KEY_Blink_Start                  
00006cf5  TB6612_Motor_Stop                    
00006d11  DL_FlashCTL_eraseMemoryFromRAM       
00006d29  DL_Timer_setCaptureCompareOutCtl     
00006d41  LED_KEY_Blink_Stop                   
00006d71  LED_init                             
00006d85  __aeabi_uldivmod                     
00006dad  DL_UART_setClockConfig               
00006dbf  __TI_decompress_none                 
00006dd1  DL_Timer_setCaptureCompareValue      
00006de1  SysTick_Handler                      
00006df1  delay_ms                             
00006e01  wcslen                               
00006e11  __TI_zero_init                       
00006e21  __aeabi_memset                       
00006e21  __aeabi_memset4                      
00006e21  __aeabi_memset8                      
00006e3d  LED_KEY_Blink_SetInterval            
00006e49  __aeabi_memclr                       
00006e49  __aeabi_memclr4                      
00006e49  __aeabi_memclr8                      
00006e55  delay_us                             
00006e61  DL_Common_delayCycles                
00006e91  __aeabi_errno_addr                   
00006e99  __aeabi_memcpy                       
00006e99  __aeabi_memcpy4                      
00006e99  __aeabi_memcpy8                      
00006ea1  Get_Digtal_For_User                  
00006ea7  abort                                
00006eac  C$$EXIT                              
00006ead  HOSTexit                             
00006eb1  Reset_Handler                        
00006eb5  _system_pre_init                     
00006ed0  asc2_2412                            
00007c2c  asc2_1608                            
0000821c  asc2_1206                            
00008690  asc2_0806                            
000088c0  __aeabi_ctype_table_                 
000088c0  __aeabi_ctype_table_C                
00008b70  __TI_Handler_Table_Base              
00008b7c  __TI_Handler_Table_Limit             
00008b84  __TI_CINIT_Base                      
00008b94  __TI_CINIT_Limit                     
00008b94  __TI_CINIT_Warm                      
00008b98  __TI_table_binit                     
00008b98  __binit__                            
00008b98  binit                                
20200000  OLED_GRAM                            
20200000  __start___llvm_prf_bits              
20200000  __start___llvm_prf_cnts              
20200000  __stop___llvm_prf_bits               
20200000  __stop___llvm_prf_cnts               
20200480  gPWM_0Backup                         
2020053c  ALL_Num                              
20200540  sensor                               
202005f0  gTIMER_1Backup                       
20200690  ADC_VALUE                            
202006e0  Normal                               
202006f0  accData                              
202006f6  gyroData                             
202006fc  attitude                             
20200700  long_pressed_key_time                
20200704  state                                
20200708  AX                                   
2020070a  AY                                   
2020070c  AZ                                   
2020070e  AvePWM                               
20200710  DifPWM                               
20200712  GX                                   
20200714  GY                                   
20200716  GZ                                   
20200718  LeftPWM                              
2020071a  Num                                  
2020071c  Num1                                 
2020071e  RightPWM                             
20200720  Digtal                               
20200724  AnglePID                             
20200760  Anolog                               
20200770  black                                
20200780  white                                
20200798  Tick                                 
2020079c  __aeabi_errno                        
202007a8  last_key_time                        
202007ad  key_pressed                          
202007ae  long_err_flag                        
20207e00  __stack                              
20208000  __STACK_END                          
ffffffff  __TI_pprof_out_hndl                  
ffffffff  __TI_prof_data_size                  
ffffffff  __TI_prof_data_start                 
UNDEFED   __mpu_init                           
UNDEFED   _system_post_cinit                   

[273 symbols]
