******************************************************************************
            TI ARM Clang Linker PC v4.0.4                      
******************************************************************************
>> Linked Tue Apr 21 10:49:55 2026

OUTPUT FILE NAME:   <23_DaXJ.out>
ENTRY POINT SYMBOL: "_c_int00_noargs"  address: 00006b85


MEMORY CONFIGURATION

         name            origin    length      used     unused   attr    fill
----------------------  --------  ---------  --------  --------  ----  --------
  FLASH                 00000000   00020000  00008c08  000173f8  R  X
  SRAM                  20200000   00008000  00000a10  000075f0  RW X
  BCR_CONFIG            41c00000   000000ff  00000000  000000ff  R   
  BSL_CONFIG            41c00100   00000080  00000000  00000080  R   


SEGMENT ALLOCATION MAP

run origin  load origin   length   init length attrs members
----------  ----------- ---------- ----------- ----- -------
00000000    00000000    00008b50   00008b50    r-x
  00000000    00000000    000000c0   000000c0    r-- .intvecs
  000000c0    000000c0    00006e70   00006e70    r-x .text
  00006f30    00006f30    00001c20   00001c20    r-- .rodata
00008bb0    00008bb0    00000058   00000058    r--
  00008bb0    00008bb0    00000048   00000048    r-- .cinit
  00008bf8    00008bf8    00000010   00000010    r-- .binit
20200000    20200000    000007b3   00000000    rw-
  20200000    20200000    00000725   00000000    rw- .bss
  20200728    20200728    0000008b   00000000    rw- .data
202007b8    00008b50    00000060   00000060    r-x
  202007b8    00008b50    00000060   00000060    r-x .TI.ramfunc
20207e00    20207e00    00000200   00000000    rw-
  20207e00    20207e00    00000200   00000000    rw- .stack


SECTION ALLOCATION MAP

 output                                  attributes/
section   page    origin      length       input sections
--------  ----  ----------  ----------   ----------------
.intvecs   0    00000000    000000c0     
                  00000000    000000c0     startup_mspm0g350x_ticlang.o (.intvecs)

.text      0    000000c0    00006e70     
                  000000c0    000012a4     oled.o (.text.OLED_Init)
                  00001364    000009d0     libc.a : _printfi.c.obj (.text:__TI_printfi)
                  00001d34    000008bc     bsp_mpu6050.o (.text.MPU6050_ReadData)
                  000025f0    00000658     bsp_mpu6050.o (.text.MPU6050_WriteReg)
                  00002c48    000003ee     oled.o (.text.OLED_ShowSignedNum)
                  00003036    00000002     startup_mspm0g350x_ticlang.o (.text.Default_Handler)
                  00003038    000002b4     oled.o (.text.OLED_Refresh)
                  000032ec    000002a8     ti_msp_dl_config.o (.text.SYSCFG_DL_SYSCTL_SYSPLL_init)
                  00003594    00000290     main.o (.text.main)
                  00003824    00000270     oled.o (.text.OLED_ShowChar)
                  00003a94    00000234     No_Mcu_Ganv_Grayscale_Sensor.o (.text.normalizeAnalogValues)
                  00003cc8    00000220     libc.a : _printfi.c.obj (.text._pconv_a)
                  00003ee8    00000204     key.o (.text.Key_Process)
                  000040ec    000001dc     libc.a : _printfi.c.obj (.text._pconv_g)
                  000042c8    000001cc     No_Mcu_Ganv_Grayscale_Sensor.o (.text.No_Mcu_Ganv_Sensor_Task_Without_tick)
                  00004494    00000192     libclang_rt.builtins.a : adddf3.S.obj (.text.adddf3_subdf3)
                  00004626    00000002                            : aeabi_div0.c.obj (.text.__aeabi_idiv0)
                  00004628    0000018c     No_Mcu_Ganv_Grayscale_Sensor.o (.text.No_MCU_Ganv_Sensor_Init)
                  000047b4    00000184     main.o (.text.TIMG0_IRQHandler)
                  00004938    0000013c     libc.a : _printfi.c.obj (.text.fcvt)
                  00004a74    00000130     bsp_mpu6050.o (.text.MPU6050_Init)
                  00004ba4    00000120     libc.a : _printfi.c.obj (.text._pconv_e)
                  00004cc4    0000011c     ti_msp_dl_config.o (.text.SYSCFG_DL_GPIO_init)
                  00004de0    0000010c     libclang_rt.builtins.a : divdf3.S.obj (.text.__divdf3)
                  00004eec    00000104     driverlib.a : dl_timer.o (.text.DL_Timer_initFourCCPWMMode)
                  00004ff0    000000fc                 : dl_timer.o (.text.DL_Timer_initTimerMode)
                  000050ec    000000f0     flash.o (.text.writeToFlash)
                  000051dc    000000e8     PID.o (.text.PID_Update)
                  000052c4    000000e4     libclang_rt.builtins.a : muldf3.S.obj (.text.__muldf3)
                  000053a8    000000dc     driverlib.a : dl_sysctl_mspm0g1x0x_g3x0x.o (.text.DL_SYSCTL_configSYSPLL)
                  00005484    000000d8                 : dl_flashctl.o (.text.DL_FlashCTL_unprotectSector)
                  0000555c    000000d8     libc.a : s_scalbn.c.obj (.text.scalbn)
                  00005634    000000d8     libclang_rt.builtins.a : addsf3.S.obj (.text)
                  0000570c    000000c4     No_Mcu_Ganv_Grayscale_Sensor.o (.text.Get_Anolog_Value)
                  000057d0    000000c0     ti_msp_dl_config.o (.text.SYSCFG_DL_SYSCTL_init)
                  00005890    000000a2     libclang_rt.builtins.a : udivmoddi4.S.obj (.text)
                  00005932    0000009a     libc.a : memcpy16.S.obj (.text:memcpy)
                  000059cc    00000094     ti_msp_dl_config.o (.text.SYSCFG_DL_PWM_0_init)
                  00005a60    0000008c     libclang_rt.builtins.a : mulsf3.S.obj (.text.__mulsf3)
                  00005aec    00000082                            : divsf3.S.obj (.text.__divsf3)
                  00005b6e    00000002                            : aeabi_div0.c.obj (.text.__aeabi_ldiv0)
                  00005b70    00000080     bsp_tb6612.o (.text.Motor_SetPWM)
                  00005bf0    0000007c     libc.a : copy_decompress_lzss.c.obj (.text:decompress:lzss)
                  00005c6c    00000078     adc.o (.text.adc_getValue)
                  00005ce4    00000074     libclang_rt.builtins.a : comparedf2.c.obj (.text.__gedf2)
                  00005d58    00000008     ti_msp_dl_config.o (.text.SYSCFG_DL_DMA_init)
                  00005d60    00000074     libclang_rt.builtins.a : truncdfsf2.S.obj (.text.__truncdfsf2)
                  00005dd4    00000070     ti_msp_dl_config.o (.text.SYSCFG_DL_initPower)
                  00005e44    00000068     libclang_rt.builtins.a : comparedf2.c.obj (.text.__ledf2)
                  00005eac    00000068     board.o (.text.lc_printf)
                  00005f14    00000066     libc.a : _printfi.c.obj (.text._mcpy)
                  00005f7a    00000002     --HOLE-- [fill = 0]
                  00005f7c    00000064     driverlib.a : dl_sysctl_mspm0g1x0x_g3x0x.o (.text.DL_SYSCTL_setHFCLKSourceHFXTParams)
                  00005fe0    00000064     ti_msp_dl_config.o (.text.SYSCFG_DL_ADC_VOLTAGE_init)
                  00006044    00000062     libclang_rt.builtins.a : aeabi_dcmp.S.obj (.text.__aeabi_dcmp)
                  000060a6    00000002     --HOLE-- [fill = 0]
                  000060a8    00000062                            : aeabi_fcmp.S.obj (.text.__aeabi_fcmp)
                  0000610a    00000062     libc.a : memset16.S.obj (.text:memset)
                  0000616c    00000060     ti_msp_dl_config.o (.text.SYSCFG_DL_UART_0_init)
                  000061cc    0000005e     driverlib.a : dl_i2c.o (.text.DL_I2C_fillControllerTXFIFO)
                  0000622a    00000002     --HOLE-- [fill = 0]
                  0000622c    0000005c     libc.a : s_frexp.c.obj (.text.frexp)
                  00006288    00000058            : _ltoa.c.obj (.text.__TI_ltoa)
                  000062e0    00000058            : _printfi.c.obj (.text._pconv_f)
                  00006338    00000056     libclang_rt.builtins.a : aeabi_idivmod.S.obj (.text.__aeabi_idivmod)
                  0000638e    00000002     --HOLE-- [fill = 0]
                  00006390    00000054     ti_msp_dl_config.o (.text.SYSCFG_DL_I2C_OLED_init)
                  000063e4    00000052     libc.a : _printfi.c.obj (.text._ecpy)
                  00006436    00000002     --HOLE-- [fill = 0]
                  00006438    0000004c     driverlib.a : dl_dma.o (.text.DL_DMA_initChannel)
                  00006484    0000004c     main.o (.text.GROUP1_IRQHandler)
                  000064d0    0000004c     ti_msp_dl_config.o (.text.SYSCFG_DL_TIMER_1_init)
                  0000651c    0000004c     ti_msp_dl_config.o (.text.SYSCFG_DL_init)
                  00006568    0000004c     libc.a : cpy_tbl.c.obj (.text.copy_in)
                  000065b4    0000004c            : autoinit.c.obj (.text:__TI_auto_init_nopinit)
                  00006600    0000004a     libclang_rt.builtins.a : fixdfsi.S.obj (.text.__fixdfsi)
                  0000664a    00000002     --HOLE-- [fill = 0]
                  0000664c    00000048     driverlib.a : dl_uart.o (.text.DL_UART_init)
                  00006694    00000044                 : dl_sysctl_mspm0g1x0x_g3x0x.o (.text.DL_SYSCTL_switchMCLKfromSYSOSCtoHSCLK)
                  000066d8    00000040                 : dl_adc12.o (.text.DL_ADC12_setClockConfig)
                  00006718    00000040     libclang_rt.builtins.a : aeabi_uidivmod.S.obj (.text.__aeabi_uidivmod)
                  00006758    00000040                            : extendsfdf2.S.obj (.text.__extendsfdf2)
                  00006798    00000040     libc.a : atoi.c.obj (.text.atoi)
                  000067d8    00000040            : vsnprintf.c.obj (.text.vsnprintf)
                  00006818    0000003c     led.o (.text.LED_KEY_Blink_Update)
                  00006854    0000003c     libclang_rt.builtins.a : floatsisf.S.obj (.text.__floatsisf)
                  00006890    0000003c                            : comparesf2.S.obj (.text.__gtsf2)
                  000068cc    0000003a                            : comparesf2.S.obj (.text.__eqsf2)
                  00006906    00000002     --HOLE-- [fill = 0]
                  00006908    0000003a                            : muldsi3.S.obj (.text.__muldsi3)
                  00006942    00000002     --HOLE-- [fill = 0]
                  00006944    00000038     ti_msp_dl_config.o (.text.SYSCFG_DL_TIMER_0_init)
                  0000697c    00000038     libclang_rt.builtins.a : fixsfsi.S.obj (.text.__fixsfsi)
                  000069b4    00000032     bsp_mpu6050.o (.text.MPU6050ReadAcc)
                  000069e6    00000032     bsp_mpu6050.o (.text.MPU6050ReadGyro)
                  00006a18    00000030     ti_msp_dl_config.o (.text.SYSCFG_DL_SYSTICK_init)
                  00006a48    00000030     libc.a : _printfi.c.obj (.text._fcpy)
                  00006a78    00000030            : vsnprintf.c.obj (.text._outs)
                  00006aa8    00000030     flash.o (.text.readBlackFromFlash)
                  00006ad8    00000030     flash.o (.text.readWhiteFromFlash)
                  00006b08    0000002c     libclang_rt.builtins.a : floatsidf.S.obj (.text.__floatsidf)
                  00006b34    00000028     ti_msp_dl_config.o (.text.SYSCFG_DL_SYSCTL_CLK_init)
                  00006b5c    00000028     libclang_rt.builtins.a : floatunsisf.S.obj (.text.__floatunsisf)
                  00006b84    00000028     libc.a : boot_cortex_m.c.obj (.text:_c_int00_noargs)
                  00006bac    00000026     driverlib.a : dl_i2c.o (.text.DL_I2C_setClockConfig)
                  00006bd2    00000002     --HOLE-- [fill = 0]
                  00006bd4    00000024                 : dl_flashctl.o (.text.DL_FlashCTL_programMemoryFromRAM64)
                  00006bf8    00000024     libclang_rt.builtins.a : floatunsidf.S.obj (.text.__floatunsidf)
                  00006c1c    00000024                            : muldi3.S.obj (.text.__muldi3)
                  00006c40    00000022     libc.a : memccpy.c.obj (.text.memccpy)
                  00006c62    00000020     No_Mcu_Ganv_Grayscale_Sensor.o (.text.Get_Normalize_For_User)
                  00006c82    00000002     --HOLE-- [fill = 0]
                  00006c84    00000020     ti_msp_dl_config.o (.text.SYSCFG_DL_DMA_CH0_init)
                  00006ca4    00000020     delay.o (.text.Tick_delay)
                  00006cc4    0000001e     libclang_rt.builtins.a : ashldi3.S.obj (.text.__ashldi3)
                  00006ce2    00000002     --HOLE-- [fill = 0]
                  00006ce4    0000001c     driverlib.a : dl_sysctl_mspm0g1x0x_g3x0x.o (.text.DL_SYSCTL_configFCC)
                  00006d00    0000001c                 : dl_timer.o (.text.DL_Timer_setCaptCompUpdateMethod)
                  00006d1c    0000001c                 : dl_timer.o (.text.DL_Timer_setClockConfig)
                  00006d38    0000001c     led.o (.text.LED_KEY_Blink_Start)
                  00006d54    0000001c     bsp_tb6612.o (.text.TB6612_Motor_Stop)
                  00006d70    00000018     driverlib.a : dl_flashctl.o (.text.DL_FlashCTL_eraseMemoryFromRAM)
                  00006d88    00000018                 : dl_timer.o (.text.DL_Timer_setCaptureCompareOutCtl)
                  00006da0    00000018     led.o (.text.LED_KEY_Blink_Stop)
                  00006db8    00000018     libc.a : vsnprintf.c.obj (.text._outc)
                  00006dd0    00000014     led.o (.text.LED_init)
                  00006de4    00000014     libclang_rt.builtins.a : aeabi_uldivmod.S.obj (.text.__aeabi_uldivmod)
                  00006df8    00000014     libc.a : _printfi.c.obj (.text.strchr)
                  00006e0c    00000012     driverlib.a : dl_uart.o (.text.DL_UART_setClockConfig)
                  00006e1e    00000012     libc.a : copy_decompress_none.c.obj (.text:decompress:none)
                  00006e30    00000010     driverlib.a : dl_timer.o (.text.DL_Timer_setCaptureCompareValue)
                  00006e40    00000010     delay.o (.text.SysTick_Handler)
                  00006e50    00000010     board.o (.text.delay_ms)
                  00006e60    00000010     libc.a : wcslen.c.obj (.text.wcslen)
                  00006e70    00000010            : copy_zero_init.c.obj (.text:decompress:ZI)
                  00006e80    0000000e     libclang_rt.builtins.a : aeabi_memset.S.obj (.text.__aeabi_memset)
                  00006e8e    0000000e     libc.a : _printfi.c.obj (.text.strlen)
                  00006e9c    0000000c     led.o (.text.LED_KEY_Blink_SetInterval)
                  00006ea8    0000000c     libclang_rt.builtins.a : aeabi_memset.S.obj (.text.__aeabi_memclr)
                  00006eb4    0000000c     board.o (.text.delay_us)
                  00006ec0    0000000a     driverlib.a : dl_common.o (.text.DL_Common_delayCycles)
                  00006eca    0000000a     libc.a : _printfi.c.obj (.text.OUTLINED_FUNCTION_0)
                  00006ed4    00000010     libclang_rt.builtins.a : adddf3.S.obj (.tramp.__aeabi_dsub.1)
                  00006ee4    0000000a     libc.a : _printfi.c.obj (.text.OUTLINED_FUNCTION_1)
                  00006eee    00000002     --HOLE-- [fill = 0]
                  00006ef0    00000008            : aeabi_portable.c.obj (.text.__aeabi_errno_addr)
                  00006ef8    00000008     libclang_rt.builtins.a : aeabi_memcpy.S.obj (.text.__aeabi_memcpy)
                  00006f00    00000006     No_Mcu_Ganv_Grayscale_Sensor.o (.text.Get_Digtal_For_User)
                  00006f06    00000006     libc.a : exit.c.obj (.text:abort)
                  00006f0c    00000004     libsysbm.a : hostexit.c.obj (.text.HOSTexit)
                  00006f10    00000004     startup_mspm0g350x_ticlang.o (.text.Reset_Handler)
                  00006f14    00000004     libc.a : pre_init.c.obj (.text._system_pre_init)
                  00006f18    00000010     driverlib.a : dl_flashctl.o (.tramp.DL_FlashCTL_executeCommandFromRAM.1)
                  00006f28    00000008     --HOLE-- [fill = 0]

.TI.ramfunc 
*          0    00008b50    00000060     RUN ADDR = 202007b8
                  00008b50    00000060     driverlib.a : dl_flashctl.o (.TI.ramfunc)

.cinit     0    00008bb0    00000048     
                  00008bb0    00000020     (.cinit..data.load) [load image, compression = lzss]
                  00008bd0    0000000c     (__TI_handler_table)
                  00008bdc    00000008     (.cinit..bss.load) [load image, compression = zero_init]
                  00008be4    00000010     (__TI_cinit_table)
                  00008bf4    00000004     --HOLE-- [fill = 0]

.rodata    0    00006f30    00001c20     
                  00006f30    00000d5c     oled.o (.rodata.asc2_2412)
                  00007c8c    000005f0     oled.o (.rodata.asc2_1608)
                  0000827c    00000474     oled.o (.rodata.asc2_1206)
                  000086f0    00000228     oled.o (.rodata.asc2_0806)
                  00008918    00000008     ti_msp_dl_config.o (.rodata.gADC_VOLTAGEClockConfig)
                  00008920    00000101     libc.a : aeabi_ctype.S.obj (.rodata:__aeabi_ctype_table_)
                  00008a21    00000003     ti_msp_dl_config.o (.rodata.gPWM_0ClockConfig)
                  00008a24    00000028     ti_msp_dl_config.o (.rodata.gSYSPLLConfig)
                  00008a4c    00000026     bsp_mpu6050.o (.rodata.str1.8106437454020807143.1)
                  00008a72    0000001c     main.o (.rodata.str1.15159059442110792349.1)
                  00008a8e    0000001c     main.o (.rodata.str1.8154729771448623357.1)
                  00008aaa    00000002     ti_msp_dl_config.o (.rodata.gI2C_OLEDClockConfig)
                  00008aac    00000018     ti_msp_dl_config.o (.rodata.gDMA_CH0Config)
                  00008ac4    00000014     ti_msp_dl_config.o (.rodata.gTIMER_0TimerConfig)
                  00008ad8    00000014     ti_msp_dl_config.o (.rodata.gTIMER_1TimerConfig)
                  00008aec    00000012     bsp_mpu6050.o (.rodata.str1.4782026291635599792.1)
                  00008afe    00000011     libc.a : _printfi.c.obj (.rodata.str1.10348868589481759720.1)
                  00008b0f    00000011            : _printfi.c.obj (.rodata.str1.15363888844622738466.1)
                  00008b20    0000000a     ti_msp_dl_config.o (.rodata.gUART_0Config)
                  00008b2a    00000009     bsp_mpu6050.o (.rodata.str1.8996897938050910238.1)
                  00008b33    00000001     --HOLE-- [fill = 0]
                  00008b34    00000008     ti_msp_dl_config.o (.rodata.gPWM_0Config)
                  00008b3c    00000003     ti_msp_dl_config.o (.rodata.gTIMER_0ClockConfig)
                  00008b3f    00000003     ti_msp_dl_config.o (.rodata.gTIMER_1ClockConfig)
                  00008b42    00000002     ti_msp_dl_config.o (.rodata.gUART_0ClockConfig)
                  00008b44    0000000c     --HOLE-- [fill = 0]

.init_array 
*          0    00000000    00000000     UNINITIALIZED

.binit     0    00008bf8    00000010     
                  00008bf8    00000010     (.binit)

.bss       0    20200000    00000725     UNINITIALIZED
                  20200000    00000480     (.common:OLED_GRAM)
                  20200480    000000bc     (.common:gPWM_0Backup)
                  2020053c    00000004     (.common:ALL_Num)
                  20200540    000000b0     (.common:sensor)
                  202005f0    000000a0     (.common:gTIMER_1Backup)
                  20200690    00000050     (.common:ADC_VALUE)
                  202006e0    00000010     (.common:Normal)
                  202006f0    00000006     (.common:accData)
                  202006f6    00000006     (.common:gyroData)
                  202006fc    00000004     (.common:attitude)
                  20200700    00000004     (.common:last_ALL_Num)
                  20200704    00000004     (.common:long_pressed_key_time)
                  20200708    00000004     (.common:state)
                  2020070c    00000002     (.common:AX)
                  2020070e    00000002     (.common:AY)
                  20200710    00000002     (.common:AZ)
                  20200712    00000002     (.common:AvePWM)
                  20200714    00000002     (.common:DifPWM)
                  20200716    00000002     (.common:GX)
                  20200718    00000002     (.common:GY)
                  2020071a    00000002     (.common:GZ)
                  2020071c    00000002     (.common:LeftPWM)
                  2020071e    00000002     (.common:Num)
                  20200720    00000002     (.common:Num1)
                  20200722    00000002     (.common:RightPWM)
                  20200724    00000001     (.common:Digtal)

.data      0    20200728    0000008b     UNINITIALIZED
                  20200728    0000003c     main.o (.data.AnglePID)
                  20200764    00000010     main.o (.data.Anolog)
                  20200774    00000010     main.o (.data.black)
                  20200784    00000010     main.o (.data.white)
                  20200794    00000004     key.o (.data.Key_Process.last_blink_time)
                  20200798    00000004     main.o (.data.TIMG0_IRQHandler.yaw_angle)
                  2020079c    00000004     delay.o (.data.Tick)
                  202007a0    00000004     libc.a : aeabi_portable.c.obj (.data.__aeabi_errno)
                  202007a4    00000004     led.o (.data.keyBlinkCtrl.0)
                  202007a8    00000004     led.o (.data.keyBlinkCtrl.1)
                  202007ac    00000004     key.o (.data.last_key_time)
                  202007b0    00000001     led.o (.data.keyBlinkCtrl.2)
                  202007b1    00000001     key.o (.data.key_pressed)
                  202007b2    00000001     key.o (.data.long_err_flag)

.stack     0    20207e00    00000200     UNINITIALIZED
                  20207e00    00000004     libc.a : boot_cortex_m.c.obj (.stack)
                  20207e04    000001fc     --HOLE--

__llvm_prf_cnts 
*          0    20200000    00000000     UNINITIALIZED

__llvm_prf_bits 
*          0    20200000    00000000     UNINITIALIZED

MODULE SUMMARY

       Module                           code    ro data   rw data
       ------                           ----    -------   -------
    .\
       ti_msp_dl_config.o               2032    143       348    
       startup_mspm0g350x_ticlang.o     6       192       0      
    +--+--------------------------------+-------+---------+---------+
       Total:                           2038    335       348    
                                                                 
    .\Hardware\
       No_Mcu_Ganv_Grayscale_Sensor.o   1654    0         0      
       key.o                            516     0         18     
       flash.o                          336     0         0      
       adc.o                            120     0         80     
       bsp_tb6612.o                     156     0         0      
       led.o                            144     0         9      
       delay.o                          48      0         4      
    +--+--------------------------------+-------+---------+---------+
       Total:                           2974    0         111    
                                                                 
    .\Hardware\OLED\
       oled.o                           7094    6632      1152   
       board.o                          132     0         0      
    +--+--------------------------------+-------+---------+---------+
       Total:                           7226    6632      1152   
                                                                 
    .\Hardware\src\
       bsp_mpu6050.o                    4264    65        0      
    +--+--------------------------------+-------+---------+---------+
       Total:                           4264    65        0      
                                                                 
    .\User\
       main.o                           1120    56        353    
       PID.o                            232     0         0      
    +--+--------------------------------+-------+---------+---------+
       Total:                           1352    56        353    
                                                                 
    D:/TI/CCS/mspm0_sdk_2_10_00_04/source/ti/driverlib/lib/ticlang/m0p/mspm0g1x0x_g3x0x/driverlib.a
       dl_timer.o                       608     0         0      
       dl_flashctl.o                    484     0         0      
       dl_sysctl_mspm0g1x0x_g3x0x.o     416     0         0      
       dl_i2c.o                         132     0         0      
       dl_uart.o                        90      0         0      
       dl_dma.o                         76      0         0      
       dl_adc12.o                       64      0         0      
       dl_common.o                      10      0         0      
    +--+--------------------------------+-------+---------+---------+
       Total:                           1880    0         0      
                                                                 
    D:\TI\CCS\ccs\tools\compiler\ti-cgt-armllvm_4.0.4.LTS\lib\armv6m-ti-none-eabi/c/libc.a
       _printfi.c.obj                   4510    34        0      
       aeabi_ctype.S.obj                0       257       0      
       s_scalbn.c.obj                   216     0         0      
       memcpy16.S.obj                   154     0         0      
       vsnprintf.c.obj                  136     0         0      
       copy_decompress_lzss.c.obj       124     0         0      
       memset16.S.obj                   98      0         0      
       s_frexp.c.obj                    92      0         0      
       _ltoa.c.obj                      88      0         0      
       autoinit.c.obj                   76      0         0      
       cpy_tbl.c.obj                    76      0         0      
       atoi.c.obj                       64      0         0      
       boot_cortex_m.c.obj              40      0         0      
       memccpy.c.obj                    34      0         0      
       copy_decompress_none.c.obj       18      0         0      
       copy_zero_init.c.obj             16      0         0      
       wcslen.c.obj                     16      0         0      
       aeabi_portable.c.obj             8       0         4      
       exit.c.obj                       6       0         0      
       pre_init.c.obj                   4       0         0      
    +--+--------------------------------+-------+---------+---------+
       Total:                           5776    291       4      
                                                                 
    D:\TI\CCS\ccs\tools\compiler\ti-cgt-armllvm_4.0.4.LTS\lib\armv6m-ti-none-eabi/c/libsysbm.a
       hostexit.c.obj                   4       0         0      
    +--+--------------------------------+-------+---------+---------+
       Total:                           4       0         0      
                                                                 
    D:\TI\CCS\ccs\tools\compiler\ti-cgt-armllvm_4.0.4.LTS\lib\armv6m-ti-none-eabi/libclang_rt.builtins.a
       adddf3.S.obj                     418     0         0      
       divdf3.S.obj                     268     0         0      
       muldf3.S.obj                     228     0         0      
       comparedf2.c.obj                 220     0         0      
       addsf3.S.obj                     216     0         0      
       udivmoddi4.S.obj                 162     0         0      
       mulsf3.S.obj                     140     0         0      
       divsf3.S.obj                     130     0         0      
       comparesf2.S.obj                 118     0         0      
       truncdfsf2.S.obj                 116     0         0      
       aeabi_dcmp.S.obj                 98      0         0      
       aeabi_fcmp.S.obj                 98      0         0      
       aeabi_idivmod.S.obj              86      0         0      
       fixdfsi.S.obj                    74      0         0      
       aeabi_uidivmod.S.obj             64      0         0      
       extendsfdf2.S.obj                64      0         0      
       floatsisf.S.obj                  60      0         0      
       muldsi3.S.obj                    58      0         0      
       fixsfsi.S.obj                    56      0         0      
       floatsidf.S.obj                  44      0         0      
       floatunsisf.S.obj                40      0         0      
       floatunsidf.S.obj                36      0         0      
       muldi3.S.obj                     36      0         0      
       ashldi3.S.obj                    30      0         0      
       aeabi_memset.S.obj               26      0         0      
       aeabi_uldivmod.S.obj             20      0         0      
       aeabi_memcpy.S.obj               8       0         0      
       aeabi_div0.c.obj                 4       0         0      
    +--+--------------------------------+-------+---------+---------+
       Total:                           2918    0         0      
                                                                 
       Stack:                           0       0         512    
       Linker Generated:                0       84        0      
    +--+--------------------------------+-------+---------+---------+
       Grand Total:                     28432   7463      2480   


LINKER GENERATED COPY TABLES

__TI_cinit_table @ 00008be4 records: 2, size/record: 8, table size: 16
	.data: load addr=00008bb0, load size=00000020 bytes, run addr=20200728, run size=0000008b bytes, compression=lzss
	.bss: load addr=00008bdc, load size=00000008 bytes, run addr=20200000, run size=00000725 bytes, compression=zero_init
binit @ 00008bf8 records: 1, size/record: 12, table size: 16
	.TI.ramfunc: load addr=00008b50, load size=00000060, run addr=202007b8, run size=00000060, compression=none


LINKER GENERATED HANDLER TABLE

__TI_handler_table @ 00008bd0 records: 3, size/record: 4, table size: 12
	index: 0, handler: __TI_decompress_lzss
	index: 1, handler: __TI_decompress_none
	index: 2, handler: __TI_zero_init


FAR CALL TRAMPOLINES

callee name               trampoline name
   callee addr  tramp addr   call addr  call info
--------------  -----------  ---------  ----------------
__aeabi_dsub              $Tramp$TT$L$PI$$__aeabi_dsub
   00004495     00006ed4     00006ed2   libc.a : _printfi.c.obj (.text.OUTLINED_FUNCTION_0)
DL_FlashCTL_executeCommandFromRAM  $Tramp$TT$L$PI$$DL_FlashCTL_executeCommandFromRAM
   202007b9     00006f18     00006bec   driverlib.a : dl_flashctl.o (.text.DL_FlashCTL_programMemoryFromRAM64)
                             00006d7e               : dl_flashctl.o (.text.DL_FlashCTL_eraseMemoryFromRAM)

[2 trampolines]
[3 trampoline calls]


GLOBAL SYMBOLS: SORTED ALPHABETICALLY BY Name 

address   name                                 
-------   ----                                 
00003037  ADC0_IRQHandler                      
00003037  ADC1_IRQHandler                      
20200690  ADC_VALUE                            
00003037  AES_IRQHandler                       
2020053c  ALL_Num                              
2020070c  AX                                   
2020070e  AY                                   
20200710  AZ                                   
20200728  AnglePID                             
20200764  Anolog                               
20200712  AvePWM                               
00006f0c  C$$EXIT                              
00003037  CANFD0_IRQHandler                    
00003037  DAC0_IRQHandler                      
000066d9  DL_ADC12_setClockConfig              
00006ec1  DL_Common_delayCycles                
00006439  DL_DMA_initChannel                   
00006d71  DL_FlashCTL_eraseMemoryFromRAM       
00006bd5  DL_FlashCTL_programMemoryFromRAM64   
00005485  DL_FlashCTL_unprotectSector          
000061cd  DL_I2C_fillControllerTXFIFO          
00006bad  DL_I2C_setClockConfig                
00006ce5  DL_SYSCTL_configFCC                  
000053a9  DL_SYSCTL_configSYSPLL               
00005f7d  DL_SYSCTL_setHFCLKSourceHFXTParams   
00006695  DL_SYSCTL_switchMCLKfromSYSOSCtoHSCLK
00004eed  DL_Timer_initFourCCPWMMode           
00004ff1  DL_Timer_initTimerMode               
00006d01  DL_Timer_setCaptCompUpdateMethod     
00006d89  DL_Timer_setCaptureCompareOutCtl     
00006e31  DL_Timer_setCaptureCompareValue      
00006d1d  DL_Timer_setClockConfig              
0000664d  DL_UART_init                         
00006e0d  DL_UART_setClockConfig               
00003037  DMA_IRQHandler                       
00003037  Default_Handler                      
20200714  DifPWM                               
20200724  Digtal                               
00003037  GROUP0_IRQHandler                    
00006485  GROUP1_IRQHandler                    
20200716  GX                                   
20200718  GY                                   
2020071a  GZ                                   
0000570d  Get_Anolog_Value                     
00006f01  Get_Digtal_For_User                  
00006c63  Get_Normalize_For_User               
00006f0d  HOSTexit                             
00003037  HardFault_Handler                    
00003037  I2C0_IRQHandler                      
00003037  I2C1_IRQHandler                      
00003ee9  Key_Process                          
00006e9d  LED_KEY_Blink_SetInterval            
00006d39  LED_KEY_Blink_Start                  
00006da1  LED_KEY_Blink_Stop                   
00006819  LED_KEY_Blink_Update                 
00006dd1  LED_init                             
2020071c  LeftPWM                              
000069b5  MPU6050ReadAcc                       
000069e7  MPU6050ReadGyro                      
00004a75  MPU6050_Init                         
00001d35  MPU6050_ReadData                     
000025f1  MPU6050_WriteReg                     
00005b71  Motor_SetPWM                         
00003037  NMI_Handler                          
00004629  No_MCU_Ganv_Sensor_Init              
000042c9  No_Mcu_Ganv_Sensor_Task_Without_tick 
202006e0  Normal                               
2020071e  Num                                  
20200720  Num1                                 
20200000  OLED_GRAM                            
000000c1  OLED_Init                            
00003039  OLED_Refresh                         
00003825  OLED_ShowChar                        
00002c49  OLED_ShowSignedNum                   
000051dd  PID_Update                           
00003037  PendSV_Handler                       
00003037  RTC_IRQHandler                       
00006f11  Reset_Handler                        
20200722  RightPWM                             
00003037  SPI0_IRQHandler                      
00003037  SPI1_IRQHandler                      
00003037  SVC_Handler                          
00005fe1  SYSCFG_DL_ADC_VOLTAGE_init           
00006c85  SYSCFG_DL_DMA_CH0_init               
00005d59  SYSCFG_DL_DMA_init                   
00004cc5  SYSCFG_DL_GPIO_init                  
00006391  SYSCFG_DL_I2C_OLED_init              
000059cd  SYSCFG_DL_PWM_0_init                 
00006b35  SYSCFG_DL_SYSCTL_CLK_init            
000032ed  SYSCFG_DL_SYSCTL_SYSPLL_init         
000057d1  SYSCFG_DL_SYSCTL_init                
00006a19  SYSCFG_DL_SYSTICK_init               
00006945  SYSCFG_DL_TIMER_0_init               
000064d1  SYSCFG_DL_TIMER_1_init               
0000616d  SYSCFG_DL_UART_0_init                
0000651d  SYSCFG_DL_init                       
00005dd5  SYSCFG_DL_initPower                  
00006e41  SysTick_Handler                      
00006d55  TB6612_Motor_Stop                    
00003037  TIMA0_IRQHandler                     
00003037  TIMA1_IRQHandler                     
000047b5  TIMG0_IRQHandler                     
00003037  TIMG12_IRQHandler                    
00003037  TIMG6_IRQHandler                     
00003037  TIMG7_IRQHandler                     
00003037  TIMG8_IRQHandler                     
2020079c  Tick                                 
00006ca5  Tick_delay                           
00003037  UART0_IRQHandler                     
00003037  UART1_IRQHandler                     
00003037  UART2_IRQHandler                     
00003037  UART3_IRQHandler                     
20208000  __STACK_END                          
00000200  __STACK_SIZE                         
00000000  __TI_ATRegion0_region_sz             
00000000  __TI_ATRegion0_src_addr              
00000000  __TI_ATRegion0_trg_addr              
00000000  __TI_ATRegion1_region_sz             
00000000  __TI_ATRegion1_src_addr              
00000000  __TI_ATRegion1_trg_addr              
00000000  __TI_ATRegion2_region_sz             
00000000  __TI_ATRegion2_src_addr              
00000000  __TI_ATRegion2_trg_addr              
00008be4  __TI_CINIT_Base                      
00008bf4  __TI_CINIT_Limit                     
00008bf4  __TI_CINIT_Warm                      
00008bd0  __TI_Handler_Table_Base              
00008bdc  __TI_Handler_Table_Limit             
000065b5  __TI_auto_init_nopinit               
00005bf1  __TI_decompress_lzss                 
00006e1f  __TI_decompress_none                 
00006289  __TI_ltoa                            
ffffffff  __TI_pprof_out_hndl                  
00001365  __TI_printfi                         
ffffffff  __TI_prof_data_size                  
ffffffff  __TI_prof_data_start                 
00000000  __TI_static_base__                   
00008bf8  __TI_table_binit                     
00006e71  __TI_zero_init                       
0000449f  __adddf3                             
0000563f  __addsf3                             
00008920  __aeabi_ctype_table_                 
00008920  __aeabi_ctype_table_C                
00005d61  __aeabi_d2f                          
00006601  __aeabi_d2iz                         
0000449f  __aeabi_dadd                         
00006045  __aeabi_dcmpeq                       
00006081  __aeabi_dcmpge                       
00006095  __aeabi_dcmpgt                       
0000606d  __aeabi_dcmple                       
00006059  __aeabi_dcmplt                       
00004de1  __aeabi_ddiv                         
000052c5  __aeabi_dmul                         
00004495  __aeabi_dsub                         
202007a0  __aeabi_errno                        
00006ef1  __aeabi_errno_addr                   
00006759  __aeabi_f2d                          
0000697d  __aeabi_f2iz                         
0000563f  __aeabi_fadd                         
000060a9  __aeabi_fcmpeq                       
000060e5  __aeabi_fcmpge                       
000060f9  __aeabi_fcmpgt                       
000060d1  __aeabi_fcmple                       
000060bd  __aeabi_fcmplt                       
00005aed  __aeabi_fdiv                         
00005a61  __aeabi_fmul                         
00005635  __aeabi_fsub                         
00006b09  __aeabi_i2d                          
00006855  __aeabi_i2f                          
00006339  __aeabi_idiv                         
00004627  __aeabi_idiv0                        
00006339  __aeabi_idivmod                      
00005b6f  __aeabi_ldiv0                        
00006cc5  __aeabi_llsl                         
00006c1d  __aeabi_lmul                         
00006ea9  __aeabi_memclr                       
00006ea9  __aeabi_memclr4                      
00006ea9  __aeabi_memclr8                      
00006ef9  __aeabi_memcpy                       
00006ef9  __aeabi_memcpy4                      
00006ef9  __aeabi_memcpy8                      
00006e81  __aeabi_memset                       
00006e81  __aeabi_memset4                      
00006e81  __aeabi_memset8                      
00006bf9  __aeabi_ui2d                         
00006b5d  __aeabi_ui2f                         
00006719  __aeabi_uidiv                        
00006719  __aeabi_uidivmod                     
00006de5  __aeabi_uldivmod                     
00006cc5  __ashldi3                            
00008bf8  __binit__                            
00005e45  __cmpdf2                             
000068cd  __cmpsf2                             
00004de1  __divdf3                             
00005aed  __divsf3                             
00005e45  __eqdf2                              
000068cd  __eqsf2                              
00006759  __extendsfdf2                        
00006601  __fixdfsi                            
0000697d  __fixsfsi                            
00006b09  __floatsidf                          
00006855  __floatsisf                          
00006bf9  __floatunsidf                        
00006b5d  __floatunsisf                        
00005ce5  __gedf2                              
00006891  __gesf2                              
00005ce5  __gtdf2                              
00006891  __gtsf2                              
00005e45  __ledf2                              
000068cd  __lesf2                              
00005e45  __ltdf2                              
000068cd  __ltsf2                              
UNDEFED   __mpu_init                           
000052c5  __muldf3                             
00006c1d  __muldi3                             
00006909  __muldsi3                            
00005a61  __mulsf3                             
00005e45  __nedf2                              
000068cd  __nesf2                              
20207e00  __stack                              
20200000  __start___llvm_prf_bits              
20200000  __start___llvm_prf_cnts              
20200000  __stop___llvm_prf_bits               
20200000  __stop___llvm_prf_cnts               
00004495  __subdf3                             
00005635  __subsf3                             
00005d61  __truncdfsf2                         
00005891  __udivmoddi4                         
00006b85  _c_int00_noargs                      
UNDEFED   _system_post_cinit                   
00006f15  _system_pre_init                     
00006f07  abort                                
202006f0  accData                              
00005c6d  adc_getValue                         
000086f0  asc2_0806                            
0000827c  asc2_1206                            
00007c8c  asc2_1608                            
00006f30  asc2_2412                            
00006799  atoi                                 
202006fc  attitude                             
00008bf8  binit                                
20200774  black                                
00006569  copy_in                              
00006e51  delay_ms                             
00006eb5  delay_us                             
0000622d  frexp                                
0000622d  frexpl                               
20200480  gPWM_0Backup                         
202005f0  gTIMER_1Backup                       
202006f6  gyroData                             
00000000  interruptVectors                     
202007b1  key_pressed                          
20200700  last_ALL_Num                         
202007ac  last_key_time                        
00005ead  lc_printf                            
0000555d  ldexp                                
0000555d  ldexpl                               
202007b2  long_err_flag                        
20200704  long_pressed_key_time                
00003595  main                                 
00006c41  memccpy                              
00005933  memcpy                               
0000610b  memset                               
00003a95  normalizeAnalogValues                
00006aa9  readBlackFromFlash                   
00006ad9  readWhiteFromFlash                   
0000555d  scalbn                               
0000555d  scalbnl                              
20200540  sensor                               
20200708  state                                
000067d9  vsnprintf                            
00006e61  wcslen                               
20200784  white                                
000050ed  writeToFlash                         


GLOBAL SYMBOLS: SORTED BY Symbol Address 

address   name                                 
-------   ----                                 
00000000  __TI_ATRegion0_region_sz             
00000000  __TI_ATRegion0_src_addr              
00000000  __TI_ATRegion0_trg_addr              
00000000  __TI_ATRegion1_region_sz             
00000000  __TI_ATRegion1_src_addr              
00000000  __TI_ATRegion1_trg_addr              
00000000  __TI_ATRegion2_region_sz             
00000000  __TI_ATRegion2_src_addr              
00000000  __TI_ATRegion2_trg_addr              
00000000  __TI_static_base__                   
00000000  interruptVectors                     
000000c1  OLED_Init                            
00000200  __STACK_SIZE                         
00001365  __TI_printfi                         
00001d35  MPU6050_ReadData                     
000025f1  MPU6050_WriteReg                     
00002c49  OLED_ShowSignedNum                   
00003037  ADC0_IRQHandler                      
00003037  ADC1_IRQHandler                      
00003037  AES_IRQHandler                       
00003037  CANFD0_IRQHandler                    
00003037  DAC0_IRQHandler                      
00003037  DMA_IRQHandler                       
00003037  Default_Handler                      
00003037  GROUP0_IRQHandler                    
00003037  HardFault_Handler                    
00003037  I2C0_IRQHandler                      
00003037  I2C1_IRQHandler                      
00003037  NMI_Handler                          
00003037  PendSV_Handler                       
00003037  RTC_IRQHandler                       
00003037  SPI0_IRQHandler                      
00003037  SPI1_IRQHandler                      
00003037  SVC_Handler                          
00003037  TIMA0_IRQHandler                     
00003037  TIMA1_IRQHandler                     
00003037  TIMG12_IRQHandler                    
00003037  TIMG6_IRQHandler                     
00003037  TIMG7_IRQHandler                     
00003037  TIMG8_IRQHandler                     
00003037  UART0_IRQHandler                     
00003037  UART1_IRQHandler                     
00003037  UART2_IRQHandler                     
00003037  UART3_IRQHandler                     
00003039  OLED_Refresh                         
000032ed  SYSCFG_DL_SYSCTL_SYSPLL_init         
00003595  main                                 
00003825  OLED_ShowChar                        
00003a95  normalizeAnalogValues                
00003ee9  Key_Process                          
000042c9  No_Mcu_Ganv_Sensor_Task_Without_tick 
00004495  __aeabi_dsub                         
00004495  __subdf3                             
0000449f  __adddf3                             
0000449f  __aeabi_dadd                         
00004627  __aeabi_idiv0                        
00004629  No_MCU_Ganv_Sensor_Init              
000047b5  TIMG0_IRQHandler                     
00004a75  MPU6050_Init                         
00004cc5  SYSCFG_DL_GPIO_init                  
00004de1  __aeabi_ddiv                         
00004de1  __divdf3                             
00004eed  DL_Timer_initFourCCPWMMode           
00004ff1  DL_Timer_initTimerMode               
000050ed  writeToFlash                         
000051dd  PID_Update                           
000052c5  __aeabi_dmul                         
000052c5  __muldf3                             
000053a9  DL_SYSCTL_configSYSPLL               
00005485  DL_FlashCTL_unprotectSector          
0000555d  ldexp                                
0000555d  ldexpl                               
0000555d  scalbn                               
0000555d  scalbnl                              
00005635  __aeabi_fsub                         
00005635  __subsf3                             
0000563f  __addsf3                             
0000563f  __aeabi_fadd                         
0000570d  Get_Anolog_Value                     
000057d1  SYSCFG_DL_SYSCTL_init                
00005891  __udivmoddi4                         
00005933  memcpy                               
000059cd  SYSCFG_DL_PWM_0_init                 
00005a61  __aeabi_fmul                         
00005a61  __mulsf3                             
00005aed  __aeabi_fdiv                         
00005aed  __divsf3                             
00005b6f  __aeabi_ldiv0                        
00005b71  Motor_SetPWM                         
00005bf1  __TI_decompress_lzss                 
00005c6d  adc_getValue                         
00005ce5  __gedf2                              
00005ce5  __gtdf2                              
00005d59  SYSCFG_DL_DMA_init                   
00005d61  __aeabi_d2f                          
00005d61  __truncdfsf2                         
00005dd5  SYSCFG_DL_initPower                  
00005e45  __cmpdf2                             
00005e45  __eqdf2                              
00005e45  __ledf2                              
00005e45  __ltdf2                              
00005e45  __nedf2                              
00005ead  lc_printf                            
00005f7d  DL_SYSCTL_setHFCLKSourceHFXTParams   
00005fe1  SYSCFG_DL_ADC_VOLTAGE_init           
00006045  __aeabi_dcmpeq                       
00006059  __aeabi_dcmplt                       
0000606d  __aeabi_dcmple                       
00006081  __aeabi_dcmpge                       
00006095  __aeabi_dcmpgt                       
000060a9  __aeabi_fcmpeq                       
000060bd  __aeabi_fcmplt                       
000060d1  __aeabi_fcmple                       
000060e5  __aeabi_fcmpge                       
000060f9  __aeabi_fcmpgt                       
0000610b  memset                               
0000616d  SYSCFG_DL_UART_0_init                
000061cd  DL_I2C_fillControllerTXFIFO          
0000622d  frexp                                
0000622d  frexpl                               
00006289  __TI_ltoa                            
00006339  __aeabi_idiv                         
00006339  __aeabi_idivmod                      
00006391  SYSCFG_DL_I2C_OLED_init              
00006439  DL_DMA_initChannel                   
00006485  GROUP1_IRQHandler                    
000064d1  SYSCFG_DL_TIMER_1_init               
0000651d  SYSCFG_DL_init                       
00006569  copy_in                              
000065b5  __TI_auto_init_nopinit               
00006601  __aeabi_d2iz                         
00006601  __fixdfsi                            
0000664d  DL_UART_init                         
00006695  DL_SYSCTL_switchMCLKfromSYSOSCtoHSCLK
000066d9  DL_ADC12_setClockConfig              
00006719  __aeabi_uidiv                        
00006719  __aeabi_uidivmod                     
00006759  __aeabi_f2d                          
00006759  __extendsfdf2                        
00006799  atoi                                 
000067d9  vsnprintf                            
00006819  LED_KEY_Blink_Update                 
00006855  __aeabi_i2f                          
00006855  __floatsisf                          
00006891  __gesf2                              
00006891  __gtsf2                              
000068cd  __cmpsf2                             
000068cd  __eqsf2                              
000068cd  __lesf2                              
000068cd  __ltsf2                              
000068cd  __nesf2                              
00006909  __muldsi3                            
00006945  SYSCFG_DL_TIMER_0_init               
0000697d  __aeabi_f2iz                         
0000697d  __fixsfsi                            
000069b5  MPU6050ReadAcc                       
000069e7  MPU6050ReadGyro                      
00006a19  SYSCFG_DL_SYSTICK_init               
00006aa9  readBlackFromFlash                   
00006ad9  readWhiteFromFlash                   
00006b09  __aeabi_i2d                          
00006b09  __floatsidf                          
00006b35  SYSCFG_DL_SYSCTL_CLK_init            
00006b5d  __aeabi_ui2f                         
00006b5d  __floatunsisf                        
00006b85  _c_int00_noargs                      
00006bad  DL_I2C_setClockConfig                
00006bd5  DL_FlashCTL_programMemoryFromRAM64   
00006bf9  __aeabi_ui2d                         
00006bf9  __floatunsidf                        
00006c1d  __aeabi_lmul                         
00006c1d  __muldi3                             
00006c41  memccpy                              
00006c63  Get_Normalize_For_User               
00006c85  SYSCFG_DL_DMA_CH0_init               
00006ca5  Tick_delay                           
00006cc5  __aeabi_llsl                         
00006cc5  __ashldi3                            
00006ce5  DL_SYSCTL_configFCC                  
00006d01  DL_Timer_setCaptCompUpdateMethod     
00006d1d  DL_Timer_setClockConfig              
00006d39  LED_KEY_Blink_Start                  
00006d55  TB6612_Motor_Stop                    
00006d71  DL_FlashCTL_eraseMemoryFromRAM       
00006d89  DL_Timer_setCaptureCompareOutCtl     
00006da1  LED_KEY_Blink_Stop                   
00006dd1  LED_init                             
00006de5  __aeabi_uldivmod                     
00006e0d  DL_UART_setClockConfig               
00006e1f  __TI_decompress_none                 
00006e31  DL_Timer_setCaptureCompareValue      
00006e41  SysTick_Handler                      
00006e51  delay_ms                             
00006e61  wcslen                               
00006e71  __TI_zero_init                       
00006e81  __aeabi_memset                       
00006e81  __aeabi_memset4                      
00006e81  __aeabi_memset8                      
00006e9d  LED_KEY_Blink_SetInterval            
00006ea9  __aeabi_memclr                       
00006ea9  __aeabi_memclr4                      
00006ea9  __aeabi_memclr8                      
00006eb5  delay_us                             
00006ec1  DL_Common_delayCycles                
00006ef1  __aeabi_errno_addr                   
00006ef9  __aeabi_memcpy                       
00006ef9  __aeabi_memcpy4                      
00006ef9  __aeabi_memcpy8                      
00006f01  Get_Digtal_For_User                  
00006f07  abort                                
00006f0c  C$$EXIT                              
00006f0d  HOSTexit                             
00006f11  Reset_Handler                        
00006f15  _system_pre_init                     
00006f30  asc2_2412                            
00007c8c  asc2_1608                            
0000827c  asc2_1206                            
000086f0  asc2_0806                            
00008920  __aeabi_ctype_table_                 
00008920  __aeabi_ctype_table_C                
00008bd0  __TI_Handler_Table_Base              
00008bdc  __TI_Handler_Table_Limit             
00008be4  __TI_CINIT_Base                      
00008bf4  __TI_CINIT_Limit                     
00008bf4  __TI_CINIT_Warm                      
00008bf8  __TI_table_binit                     
00008bf8  __binit__                            
00008bf8  binit                                
20200000  OLED_GRAM                            
20200000  __start___llvm_prf_bits              
20200000  __start___llvm_prf_cnts              
20200000  __stop___llvm_prf_bits               
20200000  __stop___llvm_prf_cnts               
20200480  gPWM_0Backup                         
2020053c  ALL_Num                              
20200540  sensor                               
202005f0  gTIMER_1Backup                       
20200690  ADC_VALUE                            
202006e0  Normal                               
202006f0  accData                              
202006f6  gyroData                             
202006fc  attitude                             
20200700  last_ALL_Num                         
20200704  long_pressed_key_time                
20200708  state                                
2020070c  AX                                   
2020070e  AY                                   
20200710  AZ                                   
20200712  AvePWM                               
20200714  DifPWM                               
20200716  GX                                   
20200718  GY                                   
2020071a  GZ                                   
2020071c  LeftPWM                              
2020071e  Num                                  
20200720  Num1                                 
20200722  RightPWM                             
20200724  Digtal                               
20200728  AnglePID                             
20200764  Anolog                               
20200774  black                                
20200784  white                                
2020079c  Tick                                 
202007a0  __aeabi_errno                        
202007ac  last_key_time                        
202007b1  key_pressed                          
202007b2  long_err_flag                        
20207e00  __stack                              
20208000  __STACK_END                          
ffffffff  __TI_pprof_out_hndl                  
ffffffff  __TI_prof_data_size                  
ffffffff  __TI_prof_data_start                 
UNDEFED   __mpu_init                           
UNDEFED   _system_post_cinit                   

[274 symbols]
