<?xml version="1.0" encoding="ISO-8859-1" ?>
<link_info>
   <banner>TI ARM Clang Linker PC v4.0.4.LTS</banner>
   <copyright>Copyright (c) 1996-2018 Texas Instruments Incorporated</copyright>
   <command_line>D:\TI\CCS\ccs\tools\compiler\ti-cgt-armllvm_4.0.4.LTS\bin\tiarmlnk -ID:\TI\CCS\ccs\tools\compiler\ti-cgt-armllvm_4.0.4.LTS\lib -o 23_DaXJ copy.out -m23_DaXJ copy.map -iD:/TI/CCS/mspm0_sdk_2_10_00_04/source -iC:/Users/Lenovo/Desktop/CCSProject/MSPM0G3507/23_DaXJ copy -iC:/Users/Lenovo/Desktop/CCSProject/MSPM0G3507/23_DaXJ copy/Debug/syscfg -iD:/TI/CCS/ccs/tools/compiler/ti-cgt-armllvm_4.0.4.LTS/lib --diag_wrap=off --display_error_number --warn_sections --xml_link_info=23_DaXJ copy_linkInfo.xml --rom_model ./ti_msp_dl_config.o ./startup_mspm0g350x_ticlang.o ./Hardware/No_Mcu_Ganv_Grayscale_Sensor.o ./Hardware/adc.o ./Hardware/bsp_tb6612.o ./Hardware/delay.o ./Hardware/flash.o ./Hardware/key.o ./Hardware/led.o ./Hardware/OLED/board.o ./Hardware/OLED/oled.o ./Hardware/src/bsp_mpu6050.o ./Hardware/src/inv_mpu.o ./Hardware/src/inv_mpu_dmp_motion_driver.o ./User/PID.o ./User/main.o -l./device_linker.cmd -ldevice.cmd.genlibs -llibc.a --start-group -llibc++.a -llibc++abi.a -llibc.a -llibsys.a -llibsysbm.a -llibclang_rt.builtins.a -llibclang_rt.profile.a --end-group --cg_opt_level=2</command_line>
   <link_time>0x69e744f8</link_time>
   <link_errors>0x0</link_errors>
   <output_file>C:\Users\Lenovo\Desktop\CCSProject\MSPM0G3507\23_DaXJ copy\Debug\23_DaXJ copy.out</output_file>
   <entry_point>
      <name>_c_int00_noargs</name>
      <address>0x6b25</address>
   </entry_point>
   <input_file_list>
      <input_file id="fl-1">
         <path>C:\Users\Lenovo\Desktop\CCSProject\MSPM0G3507\23_DaXJ copy\Debug\.\</path>
         <kind>object</kind>
         <file>ti_msp_dl_config.o</file>
         <name>ti_msp_dl_config.o</name>
      </input_file>
      <input_file id="fl-2">
         <path>C:\Users\Lenovo\Desktop\CCSProject\MSPM0G3507\23_DaXJ copy\Debug\.\</path>
         <kind>object</kind>
         <file>startup_mspm0g350x_ticlang.o</file>
         <name>startup_mspm0g350x_ticlang.o</name>
      </input_file>
      <input_file id="fl-3">
         <path>C:\Users\Lenovo\Desktop\CCSProject\MSPM0G3507\23_DaXJ copy\Debug\.\Hardware\</path>
         <kind>object</kind>
         <file>No_Mcu_Ganv_Grayscale_Sensor.o</file>
         <name>No_Mcu_Ganv_Grayscale_Sensor.o</name>
      </input_file>
      <input_file id="fl-4">
         <path>C:\Users\Lenovo\Desktop\CCSProject\MSPM0G3507\23_DaXJ copy\Debug\.\Hardware\</path>
         <kind>object</kind>
         <file>adc.o</file>
         <name>adc.o</name>
      </input_file>
      <input_file id="fl-5">
         <path>C:\Users\Lenovo\Desktop\CCSProject\MSPM0G3507\23_DaXJ copy\Debug\.\Hardware\</path>
         <kind>object</kind>
         <file>bsp_tb6612.o</file>
         <name>bsp_tb6612.o</name>
      </input_file>
      <input_file id="fl-6">
         <path>C:\Users\Lenovo\Desktop\CCSProject\MSPM0G3507\23_DaXJ copy\Debug\.\Hardware\</path>
         <kind>object</kind>
         <file>delay.o</file>
         <name>delay.o</name>
      </input_file>
      <input_file id="fl-7">
         <path>C:\Users\Lenovo\Desktop\CCSProject\MSPM0G3507\23_DaXJ copy\Debug\.\Hardware\</path>
         <kind>object</kind>
         <file>flash.o</file>
         <name>flash.o</name>
      </input_file>
      <input_file id="fl-8">
         <path>C:\Users\Lenovo\Desktop\CCSProject\MSPM0G3507\23_DaXJ copy\Debug\.\Hardware\</path>
         <kind>object</kind>
         <file>key.o</file>
         <name>key.o</name>
      </input_file>
      <input_file id="fl-9">
         <path>C:\Users\Lenovo\Desktop\CCSProject\MSPM0G3507\23_DaXJ copy\Debug\.\Hardware\</path>
         <kind>object</kind>
         <file>led.o</file>
         <name>led.o</name>
      </input_file>
      <input_file id="fl-a">
         <path>C:\Users\Lenovo\Desktop\CCSProject\MSPM0G3507\23_DaXJ copy\Debug\.\Hardware\OLED\</path>
         <kind>object</kind>
         <file>board.o</file>
         <name>board.o</name>
      </input_file>
      <input_file id="fl-b">
         <path>C:\Users\Lenovo\Desktop\CCSProject\MSPM0G3507\23_DaXJ copy\Debug\.\Hardware\OLED\</path>
         <kind>object</kind>
         <file>oled.o</file>
         <name>oled.o</name>
      </input_file>
      <input_file id="fl-c">
         <path>C:\Users\Lenovo\Desktop\CCSProject\MSPM0G3507\23_DaXJ copy\Debug\.\Hardware\src\</path>
         <kind>object</kind>
         <file>bsp_mpu6050.o</file>
         <name>bsp_mpu6050.o</name>
      </input_file>
      <input_file id="fl-d">
         <path>C:\Users\Lenovo\Desktop\CCSProject\MSPM0G3507\23_DaXJ copy\Debug\.\Hardware\src\</path>
         <kind>object</kind>
         <file>inv_mpu.o</file>
         <name>inv_mpu.o</name>
      </input_file>
      <input_file id="fl-e">
         <path>C:\Users\Lenovo\Desktop\CCSProject\MSPM0G3507\23_DaXJ copy\Debug\.\Hardware\src\</path>
         <kind>object</kind>
         <file>inv_mpu_dmp_motion_driver.o</file>
         <name>inv_mpu_dmp_motion_driver.o</name>
      </input_file>
      <input_file id="fl-f">
         <path>C:\Users\Lenovo\Desktop\CCSProject\MSPM0G3507\23_DaXJ copy\Debug\.\User\</path>
         <kind>object</kind>
         <file>PID.o</file>
         <name>PID.o</name>
      </input_file>
      <input_file id="fl-10">
         <path>C:\Users\Lenovo\Desktop\CCSProject\MSPM0G3507\23_DaXJ copy\Debug\.\User\</path>
         <kind>object</kind>
         <file>main.o</file>
         <name>main.o</name>
      </input_file>
      <input_file id="fl-1d">
         <path>C:\Users\Lenovo\Desktop\CCSProject\MSPM0G3507\23_DaXJ copy\Debug\</path>
         <kind>object</kind>
         <file>&lt;internal&gt;</file>
         <name>&lt;internal&gt;</name>
      </input_file>
      <input_file id="fl-1e">
         <path>D:\TI\CCS\mspm0_sdk_2_10_00_04\source\ti\driverlib\lib\ticlang\m0p\mspm0g1x0x_g3x0x\</path>
         <kind>archive</kind>
         <file>driverlib.a</file>
         <name>dl_adc12.o</name>
      </input_file>
      <input_file id="fl-1f">
         <path>D:\TI\CCS\mspm0_sdk_2_10_00_04\source\ti\driverlib\lib\ticlang\m0p\mspm0g1x0x_g3x0x\</path>
         <kind>archive</kind>
         <file>driverlib.a</file>
         <name>dl_common.o</name>
      </input_file>
      <input_file id="fl-20">
         <path>D:\TI\CCS\mspm0_sdk_2_10_00_04\source\ti\driverlib\lib\ticlang\m0p\mspm0g1x0x_g3x0x\</path>
         <kind>archive</kind>
         <file>driverlib.a</file>
         <name>dl_dma.o</name>
      </input_file>
      <input_file id="fl-21">
         <path>D:\TI\CCS\mspm0_sdk_2_10_00_04\source\ti\driverlib\lib\ticlang\m0p\mspm0g1x0x_g3x0x\</path>
         <kind>archive</kind>
         <file>driverlib.a</file>
         <name>dl_flashctl.o</name>
      </input_file>
      <input_file id="fl-22">
         <path>D:\TI\CCS\mspm0_sdk_2_10_00_04\source\ti\driverlib\lib\ticlang\m0p\mspm0g1x0x_g3x0x\</path>
         <kind>archive</kind>
         <file>driverlib.a</file>
         <name>dl_i2c.o</name>
      </input_file>
      <input_file id="fl-23">
         <path>D:\TI\CCS\mspm0_sdk_2_10_00_04\source\ti\driverlib\lib\ticlang\m0p\mspm0g1x0x_g3x0x\</path>
         <kind>archive</kind>
         <file>driverlib.a</file>
         <name>dl_timer.o</name>
      </input_file>
      <input_file id="fl-24">
         <path>D:\TI\CCS\mspm0_sdk_2_10_00_04\source\ti\driverlib\lib\ticlang\m0p\mspm0g1x0x_g3x0x\</path>
         <kind>archive</kind>
         <file>driverlib.a</file>
         <name>dl_uart.o</name>
      </input_file>
      <input_file id="fl-25">
         <path>D:\TI\CCS\mspm0_sdk_2_10_00_04\source\ti\driverlib\lib\ticlang\m0p\mspm0g1x0x_g3x0x\</path>
         <kind>archive</kind>
         <file>driverlib.a</file>
         <name>dl_sysctl_mspm0g1x0x_g3x0x.o</name>
      </input_file>
      <input_file id="fl-3c">
         <path>D:\TI\CCS\ccs\tools\compiler\ti-cgt-armllvm_4.0.4.LTS\lib\armv6m-ti-none-eabi\c\</path>
         <kind>archive</kind>
         <file>libc.a</file>
         <name>e_asin.c.obj</name>
      </input_file>
      <input_file id="fl-3d">
         <path>D:\TI\CCS\ccs\tools\compiler\ti-cgt-armllvm_4.0.4.LTS\lib\armv6m-ti-none-eabi\c\</path>
         <kind>archive</kind>
         <file>libc.a</file>
         <name>e_atan2.c.obj</name>
      </input_file>
      <input_file id="fl-3e">
         <path>D:\TI\CCS\ccs\tools\compiler\ti-cgt-armllvm_4.0.4.LTS\lib\armv6m-ti-none-eabi\c\</path>
         <kind>archive</kind>
         <file>libc.a</file>
         <name>e_sqrt.c.obj</name>
      </input_file>
      <input_file id="fl-3f">
         <path>D:\TI\CCS\ccs\tools\compiler\ti-cgt-armllvm_4.0.4.LTS\lib\armv6m-ti-none-eabi\c\</path>
         <kind>archive</kind>
         <file>libc.a</file>
         <name>s_atan.c.obj</name>
      </input_file>
      <input_file id="fl-40">
         <path>D:\TI\CCS\ccs\tools\compiler\ti-cgt-armllvm_4.0.4.LTS\lib\armv6m-ti-none-eabi\c\</path>
         <kind>archive</kind>
         <file>libc.a</file>
         <name>printf.c.obj</name>
      </input_file>
      <input_file id="fl-41">
         <path>D:\TI\CCS\ccs\tools\compiler\ti-cgt-armllvm_4.0.4.LTS\lib\armv6m-ti-none-eabi\c\</path>
         <kind>archive</kind>
         <file>libc.a</file>
         <name>_printfi.c.obj</name>
      </input_file>
      <input_file id="fl-42">
         <path>D:\TI\CCS\ccs\tools\compiler\ti-cgt-armllvm_4.0.4.LTS\lib\armv6m-ti-none-eabi\c\</path>
         <kind>archive</kind>
         <file>libc.a</file>
         <name>sprintf.c.obj</name>
      </input_file>
      <input_file id="fl-43">
         <path>D:\TI\CCS\ccs\tools\compiler\ti-cgt-armllvm_4.0.4.LTS\lib\armv6m-ti-none-eabi\c\</path>
         <kind>archive</kind>
         <file>libc.a</file>
         <name>vsnprintf.c.obj</name>
      </input_file>
      <input_file id="fl-44">
         <path>D:\TI\CCS\ccs\tools\compiler\ti-cgt-armllvm_4.0.4.LTS\lib\armv6m-ti-none-eabi\c\</path>
         <kind>archive</kind>
         <file>libc.a</file>
         <name>fputs.c.obj</name>
      </input_file>
      <input_file id="fl-45">
         <path>D:\TI\CCS\ccs\tools\compiler\ti-cgt-armllvm_4.0.4.LTS\lib\armv6m-ti-none-eabi\c\</path>
         <kind>archive</kind>
         <file>libc.a</file>
         <name>_io_perm.c.obj</name>
      </input_file>
      <input_file id="fl-46">
         <path>D:\TI\CCS\ccs\tools\compiler\ti-cgt-armllvm_4.0.4.LTS\lib\armv6m-ti-none-eabi\c\</path>
         <kind>archive</kind>
         <file>libc.a</file>
         <name>setvbuf.c.obj</name>
      </input_file>
      <input_file id="fl-47">
         <path>D:\TI\CCS\ccs\tools\compiler\ti-cgt-armllvm_4.0.4.LTS\lib\armv6m-ti-none-eabi\c\</path>
         <kind>archive</kind>
         <file>libc.a</file>
         <name>aeabi_portable.c.obj</name>
      </input_file>
      <input_file id="fl-48">
         <path>D:\TI\CCS\ccs\tools\compiler\ti-cgt-armllvm_4.0.4.LTS\lib\armv6m-ti-none-eabi\c\</path>
         <kind>archive</kind>
         <file>libc.a</file>
         <name>exit.c.obj</name>
      </input_file>
      <input_file id="fl-49">
         <path>D:\TI\CCS\ccs\tools\compiler\ti-cgt-armllvm_4.0.4.LTS\lib\armv6m-ti-none-eabi\c\</path>
         <kind>archive</kind>
         <file>libc.a</file>
         <name>_lock.c.obj</name>
      </input_file>
      <input_file id="fl-4a">
         <path>D:\TI\CCS\ccs\tools\compiler\ti-cgt-armllvm_4.0.4.LTS\lib\armv6m-ti-none-eabi\c\</path>
         <kind>archive</kind>
         <file>libc.a</file>
         <name>_ltoa.c.obj</name>
      </input_file>
      <input_file id="fl-4b">
         <path>D:\TI\CCS\ccs\tools\compiler\ti-cgt-armllvm_4.0.4.LTS\lib\armv6m-ti-none-eabi\c\</path>
         <kind>archive</kind>
         <file>libc.a</file>
         <name>assert.c.obj</name>
      </input_file>
      <input_file id="fl-4c">
         <path>D:\TI\CCS\ccs\tools\compiler\ti-cgt-armllvm_4.0.4.LTS\lib\armv6m-ti-none-eabi\c\</path>
         <kind>archive</kind>
         <file>libc.a</file>
         <name>atoi.c.obj</name>
      </input_file>
      <input_file id="fl-4d">
         <path>D:\TI\CCS\ccs\tools\compiler\ti-cgt-armllvm_4.0.4.LTS\lib\armv6m-ti-none-eabi\c\</path>
         <kind>archive</kind>
         <file>libc.a</file>
         <name>defs.c.obj</name>
      </input_file>
      <input_file id="fl-4e">
         <path>D:\TI\CCS\ccs\tools\compiler\ti-cgt-armllvm_4.0.4.LTS\lib\armv6m-ti-none-eabi\c\</path>
         <kind>archive</kind>
         <file>libc.a</file>
         <name>memccpy.c.obj</name>
      </input_file>
      <input_file id="fl-4f">
         <path>D:\TI\CCS\ccs\tools\compiler\ti-cgt-armllvm_4.0.4.LTS\lib\armv6m-ti-none-eabi\c\</path>
         <kind>archive</kind>
         <file>libc.a</file>
         <name>memory.c.obj</name>
      </input_file>
      <input_file id="fl-50">
         <path>D:\TI\CCS\ccs\tools\compiler\ti-cgt-armllvm_4.0.4.LTS\lib\armv6m-ti-none-eabi\c\</path>
         <kind>archive</kind>
         <file>libc.a</file>
         <name>boot_cortex_m.c.obj</name>
      </input_file>
      <input_file id="fl-51">
         <path>D:\TI\CCS\ccs\tools\compiler\ti-cgt-armllvm_4.0.4.LTS\lib\armv6m-ti-none-eabi\c\</path>
         <kind>archive</kind>
         <file>libc.a</file>
         <name>mathacl_init.c.obj</name>
      </input_file>
      <input_file id="fl-52">
         <path>D:\TI\CCS\ccs\tools\compiler\ti-cgt-armllvm_4.0.4.LTS\lib\armv6m-ti-none-eabi\c\</path>
         <kind>archive</kind>
         <file>libc.a</file>
         <name>autoinit.c.obj</name>
      </input_file>
      <input_file id="fl-53">
         <path>D:\TI\CCS\ccs\tools\compiler\ti-cgt-armllvm_4.0.4.LTS\lib\armv6m-ti-none-eabi\c\</path>
         <kind>archive</kind>
         <file>libc.a</file>
         <name>pre_init.c.obj</name>
      </input_file>
      <input_file id="fl-54">
         <path>D:\TI\CCS\ccs\tools\compiler\ti-cgt-armllvm_4.0.4.LTS\lib\armv6m-ti-none-eabi\c\</path>
         <kind>archive</kind>
         <file>libc.a</file>
         <name>cpy_tbl.c.obj</name>
      </input_file>
      <input_file id="fl-55">
         <path>D:\TI\CCS\ccs\tools\compiler\ti-cgt-armllvm_4.0.4.LTS\lib\armv6m-ti-none-eabi\c\</path>
         <kind>archive</kind>
         <file>libc.a</file>
         <name>copy_zero_init.c.obj</name>
      </input_file>
      <input_file id="fl-56">
         <path>D:\TI\CCS\ccs\tools\compiler\ti-cgt-armllvm_4.0.4.LTS\lib\armv6m-ti-none-eabi\c\</path>
         <kind>archive</kind>
         <file>libc.a</file>
         <name>copy_decompress_none.c.obj</name>
      </input_file>
      <input_file id="fl-57">
         <path>D:\TI\CCS\ccs\tools\compiler\ti-cgt-armllvm_4.0.4.LTS\lib\armv6m-ti-none-eabi\c\</path>
         <kind>archive</kind>
         <file>libc.a</file>
         <name>copy_decompress_lzss.c.obj</name>
      </input_file>
      <input_file id="fl-58">
         <path>D:\TI\CCS\ccs\tools\compiler\ti-cgt-armllvm_4.0.4.LTS\lib\armv6m-ti-none-eabi\c\</path>
         <kind>archive</kind>
         <file>libc.a</file>
         <name>s_frexp.c.obj</name>
      </input_file>
      <input_file id="fl-59">
         <path>D:\TI\CCS\ccs\tools\compiler\ti-cgt-armllvm_4.0.4.LTS\lib\armv6m-ti-none-eabi\c\</path>
         <kind>archive</kind>
         <file>libc.a</file>
         <name>s_scalbn.c.obj</name>
      </input_file>
      <input_file id="fl-5a">
         <path>D:\TI\CCS\ccs\tools\compiler\ti-cgt-armllvm_4.0.4.LTS\lib\armv6m-ti-none-eabi\c\</path>
         <kind>archive</kind>
         <file>libc.a</file>
         <name>wcslen.c.obj</name>
      </input_file>
      <input_file id="fl-5b">
         <path>D:\TI\CCS\ccs\tools\compiler\ti-cgt-armllvm_4.0.4.LTS\lib\armv6m-ti-none-eabi\c\</path>
         <kind>archive</kind>
         <file>libc.a</file>
         <name>fflush.c.obj</name>
      </input_file>
      <input_file id="fl-5c">
         <path>D:\TI\CCS\ccs\tools\compiler\ti-cgt-armllvm_4.0.4.LTS\lib\armv6m-ti-none-eabi\c\</path>
         <kind>archive</kind>
         <file>libc.a</file>
         <name>fopen.c.obj</name>
      </input_file>
      <input_file id="fl-5d">
         <path>D:\TI\CCS\ccs\tools\compiler\ti-cgt-armllvm_4.0.4.LTS\lib\armv6m-ti-none-eabi\c\</path>
         <kind>archive</kind>
         <file>libc.a</file>
         <name>fseek.c.obj</name>
      </input_file>
      <input_file id="fl-5e">
         <path>D:\TI\CCS\ccs\tools\compiler\ti-cgt-armllvm_4.0.4.LTS\lib\armv6m-ti-none-eabi\c\</path>
         <kind>archive</kind>
         <file>libc.a</file>
         <name>aeabi_ctype.S.obj</name>
      </input_file>
      <input_file id="fl-5f">
         <path>D:\TI\CCS\ccs\tools\compiler\ti-cgt-armllvm_4.0.4.LTS\lib\armv6m-ti-none-eabi\c\</path>
         <kind>archive</kind>
         <file>libc.a</file>
         <name>args_main.c.obj</name>
      </input_file>
      <input_file id="fl-60">
         <path>D:\TI\CCS\ccs\tools\compiler\ti-cgt-armllvm_4.0.4.LTS\lib\armv6m-ti-none-eabi\c\</path>
         <kind>archive</kind>
         <file>libc.a</file>
         <name>fclose.c.obj</name>
      </input_file>
      <input_file id="fl-100">
         <path>D:\TI\CCS\ccs\tools\compiler\ti-cgt-armllvm_4.0.4.LTS\lib\armv6m-ti-none-eabi\c\</path>
         <kind>archive</kind>
         <file>libsysbm.a</file>
         <name>hostexit.c.obj</name>
      </input_file>
      <input_file id="fl-101">
         <path>D:\TI\CCS\ccs\tools\compiler\ti-cgt-armllvm_4.0.4.LTS\lib\armv6m-ti-none-eabi\c\</path>
         <kind>archive</kind>
         <file>libsysbm.a</file>
         <name>write.c.obj</name>
      </input_file>
      <input_file id="fl-102">
         <path>D:\TI\CCS\ccs\tools\compiler\ti-cgt-armllvm_4.0.4.LTS\lib\armv6m-ti-none-eabi\c\</path>
         <kind>archive</kind>
         <file>libsysbm.a</file>
         <name>host_device.c.obj</name>
      </input_file>
      <input_file id="fl-103">
         <path>D:\TI\CCS\ccs\tools\compiler\ti-cgt-armllvm_4.0.4.LTS\lib\armv6m-ti-none-eabi\c\</path>
         <kind>archive</kind>
         <file>libsysbm.a</file>
         <name>remove.c.obj</name>
      </input_file>
      <input_file id="fl-104">
         <path>D:\TI\CCS\ccs\tools\compiler\ti-cgt-armllvm_4.0.4.LTS\lib\armv6m-ti-none-eabi\c\</path>
         <kind>archive</kind>
         <file>libsysbm.a</file>
         <name>open.c.obj</name>
      </input_file>
      <input_file id="fl-105">
         <path>D:\TI\CCS\ccs\tools\compiler\ti-cgt-armllvm_4.0.4.LTS\lib\armv6m-ti-none-eabi\c\</path>
         <kind>archive</kind>
         <file>libsysbm.a</file>
         <name>lseek.c.obj</name>
      </input_file>
      <input_file id="fl-106">
         <path>D:\TI\CCS\ccs\tools\compiler\ti-cgt-armllvm_4.0.4.LTS\lib\armv6m-ti-none-eabi\c\</path>
         <kind>archive</kind>
         <file>libsysbm.a</file>
         <name>close.c.obj</name>
      </input_file>
      <input_file id="fl-107">
         <path>D:\TI\CCS\ccs\tools\compiler\ti-cgt-armllvm_4.0.4.LTS\lib\armv6m-ti-none-eabi\c\</path>
         <kind>archive</kind>
         <file>libsysbm.a</file>
         <name>unlink.c.obj</name>
      </input_file>
      <input_file id="fl-108">
         <path>D:\TI\CCS\ccs\tools\compiler\ti-cgt-armllvm_4.0.4.LTS\lib\armv6m-ti-none-eabi\c\</path>
         <kind>archive</kind>
         <file>libsysbm.a</file>
         <name>hostclose.c.obj</name>
      </input_file>
      <input_file id="fl-109">
         <path>D:\TI\CCS\ccs\tools\compiler\ti-cgt-armllvm_4.0.4.LTS\lib\armv6m-ti-none-eabi\c\</path>
         <kind>archive</kind>
         <file>libsysbm.a</file>
         <name>hostlseek.c.obj</name>
      </input_file>
      <input_file id="fl-10a">
         <path>D:\TI\CCS\ccs\tools\compiler\ti-cgt-armllvm_4.0.4.LTS\lib\armv6m-ti-none-eabi\c\</path>
         <kind>archive</kind>
         <file>libsysbm.a</file>
         <name>hostopen.c.obj</name>
      </input_file>
      <input_file id="fl-10b">
         <path>D:\TI\CCS\ccs\tools\compiler\ti-cgt-armllvm_4.0.4.LTS\lib\armv6m-ti-none-eabi\c\</path>
         <kind>archive</kind>
         <file>libsysbm.a</file>
         <name>hostread.c.obj</name>
      </input_file>
      <input_file id="fl-10c">
         <path>D:\TI\CCS\ccs\tools\compiler\ti-cgt-armllvm_4.0.4.LTS\lib\armv6m-ti-none-eabi\c\</path>
         <kind>archive</kind>
         <file>libsysbm.a</file>
         <name>hostrename.c.obj</name>
      </input_file>
      <input_file id="fl-10d">
         <path>D:\TI\CCS\ccs\tools\compiler\ti-cgt-armllvm_4.0.4.LTS\lib\armv6m-ti-none-eabi\c\</path>
         <kind>archive</kind>
         <file>libsysbm.a</file>
         <name>hostunlink.c.obj</name>
      </input_file>
      <input_file id="fl-10e">
         <path>D:\TI\CCS\ccs\tools\compiler\ti-cgt-armllvm_4.0.4.LTS\lib\armv6m-ti-none-eabi\c\</path>
         <kind>archive</kind>
         <file>libsysbm.a</file>
         <name>hostwrite.c.obj</name>
      </input_file>
      <input_file id="fl-10f">
         <path>D:\TI\CCS\ccs\tools\compiler\ti-cgt-armllvm_4.0.4.LTS\lib\armv6m-ti-none-eabi\c\</path>
         <kind>archive</kind>
         <file>libsysbm.a</file>
         <name>trgmsg.c.obj</name>
      </input_file>
      <input_file id="fl-110">
         <path>D:\TI\CCS\ccs\tools\compiler\ti-cgt-armllvm_4.0.4.LTS\lib\armv6m-ti-none-eabi\</path>
         <kind>archive</kind>
         <file>libclang_rt.builtins.a</file>
         <name>addsf3.S.obj</name>
      </input_file>
      <input_file id="fl-111">
         <path>D:\TI\CCS\ccs\tools\compiler\ti-cgt-armllvm_4.0.4.LTS\lib\armv6m-ti-none-eabi\</path>
         <kind>archive</kind>
         <file>libclang_rt.builtins.a</file>
         <name>adddf3.S.obj</name>
      </input_file>
      <input_file id="fl-112">
         <path>D:\TI\CCS\ccs\tools\compiler\ti-cgt-armllvm_4.0.4.LTS\lib\armv6m-ti-none-eabi\</path>
         <kind>archive</kind>
         <file>libclang_rt.builtins.a</file>
         <name>muldf3.S.obj</name>
      </input_file>
      <input_file id="fl-113">
         <path>D:\TI\CCS\ccs\tools\compiler\ti-cgt-armllvm_4.0.4.LTS\lib\armv6m-ti-none-eabi\</path>
         <kind>archive</kind>
         <file>libclang_rt.builtins.a</file>
         <name>muldsi3.S.obj</name>
      </input_file>
      <input_file id="fl-114">
         <path>D:\TI\CCS\ccs\tools\compiler\ti-cgt-armllvm_4.0.4.LTS\lib\armv6m-ti-none-eabi\</path>
         <kind>archive</kind>
         <file>libclang_rt.builtins.a</file>
         <name>mulsf3.S.obj</name>
      </input_file>
      <input_file id="fl-115">
         <path>D:\TI\CCS\ccs\tools\compiler\ti-cgt-armllvm_4.0.4.LTS\lib\armv6m-ti-none-eabi\</path>
         <kind>archive</kind>
         <file>libclang_rt.builtins.a</file>
         <name>divsf3.S.obj</name>
      </input_file>
      <input_file id="fl-116">
         <path>D:\TI\CCS\ccs\tools\compiler\ti-cgt-armllvm_4.0.4.LTS\lib\armv6m-ti-none-eabi\</path>
         <kind>archive</kind>
         <file>libclang_rt.builtins.a</file>
         <name>divdf3.S.obj</name>
      </input_file>
      <input_file id="fl-117">
         <path>D:\TI\CCS\ccs\tools\compiler\ti-cgt-armllvm_4.0.4.LTS\lib\armv6m-ti-none-eabi\</path>
         <kind>archive</kind>
         <file>libclang_rt.builtins.a</file>
         <name>extendsfdf2.S.obj</name>
      </input_file>
      <input_file id="fl-118">
         <path>D:\TI\CCS\ccs\tools\compiler\ti-cgt-armllvm_4.0.4.LTS\lib\armv6m-ti-none-eabi\</path>
         <kind>archive</kind>
         <file>libclang_rt.builtins.a</file>
         <name>fixdfsi.S.obj</name>
      </input_file>
      <input_file id="fl-119">
         <path>D:\TI\CCS\ccs\tools\compiler\ti-cgt-armllvm_4.0.4.LTS\lib\armv6m-ti-none-eabi\</path>
         <kind>archive</kind>
         <file>libclang_rt.builtins.a</file>
         <name>fixsfsi.S.obj</name>
      </input_file>
      <input_file id="fl-11a">
         <path>D:\TI\CCS\ccs\tools\compiler\ti-cgt-armllvm_4.0.4.LTS\lib\armv6m-ti-none-eabi\</path>
         <kind>archive</kind>
         <file>libclang_rt.builtins.a</file>
         <name>floatsidf.S.obj</name>
      </input_file>
      <input_file id="fl-11b">
         <path>D:\TI\CCS\ccs\tools\compiler\ti-cgt-armllvm_4.0.4.LTS\lib\armv6m-ti-none-eabi\</path>
         <kind>archive</kind>
         <file>libclang_rt.builtins.a</file>
         <name>floatsisf.S.obj</name>
      </input_file>
      <input_file id="fl-11c">
         <path>D:\TI\CCS\ccs\tools\compiler\ti-cgt-armllvm_4.0.4.LTS\lib\armv6m-ti-none-eabi\</path>
         <kind>archive</kind>
         <file>libclang_rt.builtins.a</file>
         <name>floatunsidf.S.obj</name>
      </input_file>
      <input_file id="fl-11d">
         <path>D:\TI\CCS\ccs\tools\compiler\ti-cgt-armllvm_4.0.4.LTS\lib\armv6m-ti-none-eabi\</path>
         <kind>archive</kind>
         <file>libclang_rt.builtins.a</file>
         <name>floatunsisf.S.obj</name>
      </input_file>
      <input_file id="fl-11e">
         <path>D:\TI\CCS\ccs\tools\compiler\ti-cgt-armllvm_4.0.4.LTS\lib\armv6m-ti-none-eabi\</path>
         <kind>archive</kind>
         <file>libclang_rt.builtins.a</file>
         <name>muldi3.S.obj</name>
      </input_file>
      <input_file id="fl-11f">
         <path>D:\TI\CCS\ccs\tools\compiler\ti-cgt-armllvm_4.0.4.LTS\lib\armv6m-ti-none-eabi\</path>
         <kind>archive</kind>
         <file>libclang_rt.builtins.a</file>
         <name>truncdfsf2.S.obj</name>
      </input_file>
      <input_file id="fl-120">
         <path>D:\TI\CCS\ccs\tools\compiler\ti-cgt-armllvm_4.0.4.LTS\lib\armv6m-ti-none-eabi\</path>
         <kind>archive</kind>
         <file>libclang_rt.builtins.a</file>
         <name>aeabi_dcmp.S.obj</name>
      </input_file>
      <input_file id="fl-121">
         <path>D:\TI\CCS\ccs\tools\compiler\ti-cgt-armllvm_4.0.4.LTS\lib\armv6m-ti-none-eabi\</path>
         <kind>archive</kind>
         <file>libclang_rt.builtins.a</file>
         <name>aeabi_fcmp.S.obj</name>
      </input_file>
      <input_file id="fl-122">
         <path>D:\TI\CCS\ccs\tools\compiler\ti-cgt-armllvm_4.0.4.LTS\lib\armv6m-ti-none-eabi\</path>
         <kind>archive</kind>
         <file>libclang_rt.builtins.a</file>
         <name>aeabi_idivmod.S.obj</name>
      </input_file>
      <input_file id="fl-123">
         <path>D:\TI\CCS\ccs\tools\compiler\ti-cgt-armllvm_4.0.4.LTS\lib\armv6m-ti-none-eabi\</path>
         <kind>archive</kind>
         <file>libclang_rt.builtins.a</file>
         <name>aeabi_ldivmod.S.obj</name>
      </input_file>
      <input_file id="fl-124">
         <path>D:\TI\CCS\ccs\tools\compiler\ti-cgt-armllvm_4.0.4.LTS\lib\armv6m-ti-none-eabi\</path>
         <kind>archive</kind>
         <file>libclang_rt.builtins.a</file>
         <name>aeabi_memcpy.S.obj</name>
      </input_file>
      <input_file id="fl-125">
         <path>D:\TI\CCS\ccs\tools\compiler\ti-cgt-armllvm_4.0.4.LTS\lib\armv6m-ti-none-eabi\</path>
         <kind>archive</kind>
         <file>libclang_rt.builtins.a</file>
         <name>aeabi_memset.S.obj</name>
      </input_file>
      <input_file id="fl-126">
         <path>D:\TI\CCS\ccs\tools\compiler\ti-cgt-armllvm_4.0.4.LTS\lib\armv6m-ti-none-eabi\</path>
         <kind>archive</kind>
         <file>libclang_rt.builtins.a</file>
         <name>aeabi_uidivmod.S.obj</name>
      </input_file>
      <input_file id="fl-127">
         <path>D:\TI\CCS\ccs\tools\compiler\ti-cgt-armllvm_4.0.4.LTS\lib\armv6m-ti-none-eabi\</path>
         <kind>archive</kind>
         <file>libclang_rt.builtins.a</file>
         <name>aeabi_uldivmod.S.obj</name>
      </input_file>
      <input_file id="fl-128">
         <path>D:\TI\CCS\ccs\tools\compiler\ti-cgt-armllvm_4.0.4.LTS\lib\armv6m-ti-none-eabi\</path>
         <kind>archive</kind>
         <file>libclang_rt.builtins.a</file>
         <name>comparesf2.S.obj</name>
      </input_file>
      <input_file id="fl-129">
         <path>D:\TI\CCS\ccs\tools\compiler\ti-cgt-armllvm_4.0.4.LTS\lib\armv6m-ti-none-eabi\</path>
         <kind>archive</kind>
         <file>libclang_rt.builtins.a</file>
         <name>udivmoddi4.S.obj</name>
      </input_file>
      <input_file id="fl-12a">
         <path>D:\TI\CCS\ccs\tools\compiler\ti-cgt-armllvm_4.0.4.LTS\lib\armv6m-ti-none-eabi\</path>
         <kind>archive</kind>
         <file>libclang_rt.builtins.a</file>
         <name>ashldi3.S.obj</name>
      </input_file>
      <input_file id="fl-12b">
         <path>D:\TI\CCS\ccs\tools\compiler\ti-cgt-armllvm_4.0.4.LTS\lib\armv6m-ti-none-eabi\</path>
         <kind>archive</kind>
         <file>libclang_rt.builtins.a</file>
         <name>comparedf2.c.obj</name>
      </input_file>
      <input_file id="fl-12c">
         <path>D:\TI\CCS\ccs\tools\compiler\ti-cgt-armllvm_4.0.4.LTS\lib\armv6m-ti-none-eabi\</path>
         <kind>archive</kind>
         <file>libclang_rt.builtins.a</file>
         <name>divmoddi4.c.obj</name>
      </input_file>
      <input_file id="fl-12d">
         <path>D:\TI\CCS\ccs\tools\compiler\ti-cgt-armllvm_4.0.4.LTS\lib\armv6m-ti-none-eabi\</path>
         <kind>archive</kind>
         <file>libclang_rt.builtins.a</file>
         <name>aeabi_div0.c.obj</name>
      </input_file>
      <input_file id="fl-12e">
         <path>D:\TI\CCS\ccs\tools\compiler\ti-cgt-armllvm_4.0.4.LTS\lib\armv6m-ti-none-eabi\c\</path>
         <kind>archive</kind>
         <file>libc.a</file>
         <name>getdevice.c.obj</name>
      </input_file>
      <input_file id="fl-12f">
         <path>D:\TI\CCS\ccs\tools\compiler\ti-cgt-armllvm_4.0.4.LTS\lib\armv6m-ti-none-eabi\c\</path>
         <kind>archive</kind>
         <file>libc.a</file>
         <name>memcpy16.S.obj</name>
      </input_file>
      <input_file id="fl-130">
         <path>D:\TI\CCS\ccs\tools\compiler\ti-cgt-armllvm_4.0.4.LTS\lib\armv6m-ti-none-eabi\c\</path>
         <kind>archive</kind>
         <file>libc.a</file>
         <name>memset16.S.obj</name>
      </input_file>
      <input_file id="fl-131">
         <path>D:\TI\CCS\ccs\tools\compiler\ti-cgt-armllvm_4.0.4.LTS\lib\armv6m-ti-none-eabi\c\</path>
         <kind>archive</kind>
         <file>libc.a</file>
         <name>strcmp-armv6m.S.obj</name>
      </input_file>
   </input_file_list>
   <object_component_list>
      <object_component id="oc-18">
         <name>.intvecs</name>
         <load_address>0x0</load_address>
         <readonly>true</readonly>
         <run_address>0x0</run_address>
         <size>0xc0</size>
         <alignment>0x4</alignment>
         <input_file_ref idref="fl-2"/>
      </object_component>
      <object_component id="oc-f3">
         <name>.text.OLED_Init</name>
         <load_address>0xc0</load_address>
         <readonly>true</readonly>
         <executable>true</executable>
         <run_address>0xc0</run_address>
         <size>0x12a4</size>
         <alignment>0x4</alignment>
         <input_file_ref idref="fl-b"/>
      </object_component>
      <object_component id="oc-244">
         <name>.text:__TI_printfi</name>
         <load_address>0x1364</load_address>
         <readonly>true</readonly>
         <executable>true</executable>
         <run_address>0x1364</run_address>
         <size>0x9d0</size>
         <alignment>0x4</alignment>
         <input_file_ref idref="fl-41"/>
      </object_component>
      <object_component id="oc-175">
         <name>.text.MPU6050_ReadData</name>
         <load_address>0x1d34</load_address>
         <readonly>true</readonly>
         <executable>true</executable>
         <run_address>0x1d34</run_address>
         <size>0x8bc</size>
         <alignment>0x4</alignment>
         <input_file_ref idref="fl-c"/>
      </object_component>
      <object_component id="oc-174">
         <name>.text.MPU6050_WriteReg</name>
         <load_address>0x25f0</load_address>
         <readonly>true</readonly>
         <executable>true</executable>
         <run_address>0x25f0</run_address>
         <size>0x658</size>
         <alignment>0x4</alignment>
         <input_file_ref idref="fl-c"/>
      </object_component>
      <object_component id="oc-116">
         <name>.text.OLED_ShowSignedNum</name>
         <load_address>0x2c48</load_address>
         <readonly>true</readonly>
         <executable>true</executable>
         <run_address>0x2c48</run_address>
         <size>0x3ee</size>
         <alignment>0x2</alignment>
         <input_file_ref idref="fl-b"/>
      </object_component>
      <object_component id="oc-33">
         <name>.text.Default_Handler</name>
         <load_address>0x3036</load_address>
         <readonly>true</readonly>
         <executable>true</executable>
         <run_address>0x3036</run_address>
         <size>0x2</size>
         <alignment>0x2</alignment>
         <input_file_ref idref="fl-2"/>
      </object_component>
      <object_component id="oc-117">
         <name>.text.OLED_Refresh</name>
         <load_address>0x3038</load_address>
         <readonly>true</readonly>
         <executable>true</executable>
         <run_address>0x3038</run_address>
         <size>0x2b4</size>
         <alignment>0x4</alignment>
         <input_file_ref idref="fl-b"/>
      </object_component>
      <object_component id="oc-1d0">
         <name>.text.SYSCFG_DL_SYSCTL_SYSPLL_init</name>
         <load_address>0x32ec</load_address>
         <readonly>true</readonly>
         <executable>true</executable>
         <run_address>0x32ec</run_address>
         <size>0x2a8</size>
         <alignment>0x4</alignment>
         <input_file_ref idref="fl-1"/>
      </object_component>
      <object_component id="oc-19a">
         <name>.text.OLED_ShowChar</name>
         <load_address>0x3594</load_address>
         <readonly>true</readonly>
         <executable>true</executable>
         <run_address>0x3594</run_address>
         <size>0x270</size>
         <alignment>0x4</alignment>
         <input_file_ref idref="fl-b"/>
      </object_component>
      <object_component id="oc-ad">
         <name>.text.main</name>
         <load_address>0x3804</load_address>
         <readonly>true</readonly>
         <executable>true</executable>
         <run_address>0x3804</run_address>
         <size>0x254</size>
         <alignment>0x4</alignment>
         <input_file_ref idref="fl-10"/>
      </object_component>
      <object_component id="oc-19e">
         <name>.text.normalizeAnalogValues</name>
         <load_address>0x3a58</load_address>
         <readonly>true</readonly>
         <executable>true</executable>
         <run_address>0x3a58</run_address>
         <size>0x234</size>
         <alignment>0x2</alignment>
         <input_file_ref idref="fl-3"/>
      </object_component>
      <object_component id="oc-269">
         <name>.text._pconv_a</name>
         <load_address>0x3c8c</load_address>
         <readonly>true</readonly>
         <executable>true</executable>
         <run_address>0x3c8c</run_address>
         <size>0x220</size>
         <alignment>0x4</alignment>
         <input_file_ref idref="fl-41"/>
      </object_component>
      <object_component id="oc-11c">
         <name>.text.Key_Process</name>
         <load_address>0x3eac</load_address>
         <readonly>true</readonly>
         <executable>true</executable>
         <run_address>0x3eac</run_address>
         <size>0x204</size>
         <alignment>0x4</alignment>
         <input_file_ref idref="fl-8"/>
      </object_component>
      <object_component id="oc-26a">
         <name>.text._pconv_g</name>
         <load_address>0x40b0</load_address>
         <readonly>true</readonly>
         <executable>true</executable>
         <run_address>0x40b0</run_address>
         <size>0x1dc</size>
         <alignment>0x4</alignment>
         <input_file_ref idref="fl-41"/>
      </object_component>
      <object_component id="oc-118">
         <name>.text.No_Mcu_Ganv_Sensor_Task_Without_tick</name>
         <load_address>0x428c</load_address>
         <readonly>true</readonly>
         <executable>true</executable>
         <run_address>0x428c</run_address>
         <size>0x1cc</size>
         <alignment>0x4</alignment>
         <input_file_ref idref="fl-3"/>
      </object_component>
      <object_component id="oc-7c">
         <name>.text.adddf3_subdf3</name>
         <load_address>0x4458</load_address>
         <readonly>true</readonly>
         <executable>true</executable>
         <run_address>0x4458</run_address>
         <size>0x192</size>
         <alignment>0x4</alignment>
         <input_file_ref idref="fl-111"/>
      </object_component>
      <object_component id="oc-193">
         <name>.text.__aeabi_idiv0</name>
         <load_address>0x45ea</load_address>
         <readonly>true</readonly>
         <executable>true</executable>
         <run_address>0x45ea</run_address>
         <size>0x2</size>
         <alignment>0x2</alignment>
         <input_file_ref idref="fl-12d"/>
      </object_component>
      <object_component id="oc-105">
         <name>.text.No_MCU_Ganv_Sensor_Init</name>
         <load_address>0x45ec</load_address>
         <readonly>true</readonly>
         <executable>true</executable>
         <run_address>0x45ec</run_address>
         <size>0x18c</size>
         <alignment>0x4</alignment>
         <input_file_ref idref="fl-3"/>
      </object_component>
      <object_component id="oc-3e">
         <name>.text.TIMG0_IRQHandler</name>
         <load_address>0x4778</load_address>
         <readonly>true</readonly>
         <executable>true</executable>
         <run_address>0x4778</run_address>
         <size>0x15c</size>
         <alignment>0x4</alignment>
         <input_file_ref idref="fl-10"/>
      </object_component>
      <object_component id="oc-292">
         <name>.text.fcvt</name>
         <load_address>0x48d4</load_address>
         <readonly>true</readonly>
         <executable>true</executable>
         <run_address>0x48d4</run_address>
         <size>0x13c</size>
         <alignment>0x4</alignment>
         <input_file_ref idref="fl-41"/>
      </object_component>
      <object_component id="oc-ed">
         <name>.text.MPU6050_Init</name>
         <load_address>0x4a10</load_address>
         <readonly>true</readonly>
         <executable>true</executable>
         <run_address>0x4a10</run_address>
         <size>0x130</size>
         <alignment>0x4</alignment>
         <input_file_ref idref="fl-c"/>
      </object_component>
      <object_component id="oc-26c">
         <name>.text._pconv_e</name>
         <load_address>0x4b40</load_address>
         <readonly>true</readonly>
         <executable>true</executable>
         <run_address>0x4b40</run_address>
         <size>0x120</size>
         <alignment>0x4</alignment>
         <input_file_ref idref="fl-41"/>
      </object_component>
      <object_component id="oc-164">
         <name>.text.SYSCFG_DL_GPIO_init</name>
         <load_address>0x4c60</load_address>
         <readonly>true</readonly>
         <executable>true</executable>
         <run_address>0x4c60</run_address>
         <size>0x11c</size>
         <alignment>0x4</alignment>
         <input_file_ref idref="fl-1"/>
      </object_component>
      <object_component id="oc-18d">
         <name>.text.__divdf3</name>
         <load_address>0x4d7c</load_address>
         <readonly>true</readonly>
         <executable>true</executable>
         <run_address>0x4d7c</run_address>
         <size>0x10c</size>
         <alignment>0x4</alignment>
         <input_file_ref idref="fl-116"/>
      </object_component>
      <object_component id="oc-1d4">
         <name>.text.DL_Timer_initFourCCPWMMode</name>
         <load_address>0x4e88</load_address>
         <readonly>true</readonly>
         <executable>true</executable>
         <run_address>0x4e88</run_address>
         <size>0x104</size>
         <alignment>0x4</alignment>
         <input_file_ref idref="fl-23"/>
      </object_component>
      <object_component id="oc-1d9">
         <name>.text.DL_Timer_initTimerMode</name>
         <load_address>0x4f8c</load_address>
         <readonly>true</readonly>
         <executable>true</executable>
         <run_address>0x4f8c</run_address>
         <size>0xfc</size>
         <alignment>0x4</alignment>
         <input_file_ref idref="fl-23"/>
      </object_component>
      <object_component id="oc-1a1">
         <name>.text.writeToFlash</name>
         <load_address>0x5088</load_address>
         <readonly>true</readonly>
         <executable>true</executable>
         <run_address>0x5088</run_address>
         <size>0xf0</size>
         <alignment>0x4</alignment>
         <input_file_ref idref="fl-7"/>
      </object_component>
      <object_component id="oc-84">
         <name>.text.PID_Update</name>
         <load_address>0x5178</load_address>
         <readonly>true</readonly>
         <executable>true</executable>
         <run_address>0x5178</run_address>
         <size>0xe8</size>
         <alignment>0x2</alignment>
         <input_file_ref idref="fl-f"/>
      </object_component>
      <object_component id="oc-78">
         <name>.text.__muldf3</name>
         <load_address>0x5260</load_address>
         <readonly>true</readonly>
         <executable>true</executable>
         <run_address>0x5260</run_address>
         <size>0xe4</size>
         <alignment>0x4</alignment>
         <input_file_ref idref="fl-112"/>
      </object_component>
      <object_component id="oc-1cf">
         <name>.text.DL_SYSCTL_configSYSPLL</name>
         <load_address>0x5344</load_address>
         <readonly>true</readonly>
         <executable>true</executable>
         <run_address>0x5344</run_address>
         <size>0xdc</size>
         <alignment>0x4</alignment>
         <input_file_ref idref="fl-25"/>
      </object_component>
      <object_component id="oc-209">
         <name>.text.DL_FlashCTL_unprotectSector</name>
         <load_address>0x5420</load_address>
         <readonly>true</readonly>
         <executable>true</executable>
         <run_address>0x5420</run_address>
         <size>0xd8</size>
         <alignment>0x4</alignment>
         <input_file_ref idref="fl-21"/>
      </object_component>
      <object_component id="oc-285">
         <name>.text.scalbn</name>
         <load_address>0x54f8</load_address>
         <readonly>true</readonly>
         <executable>true</executable>
         <run_address>0x54f8</run_address>
         <size>0xd8</size>
         <alignment>0x4</alignment>
         <input_file_ref idref="fl-59"/>
      </object_component>
      <object_component id="oc-c7">
         <name>.text</name>
         <load_address>0x55d0</load_address>
         <readonly>true</readonly>
         <executable>true</executable>
         <run_address>0x55d0</run_address>
         <size>0xd8</size>
         <alignment>0x4</alignment>
         <input_file_ref idref="fl-110"/>
      </object_component>
      <object_component id="oc-119">
         <name>.text.Get_Anolog_Value</name>
         <load_address>0x56a8</load_address>
         <readonly>true</readonly>
         <executable>true</executable>
         <run_address>0x56a8</run_address>
         <size>0xc4</size>
         <alignment>0x4</alignment>
         <input_file_ref idref="fl-3"/>
      </object_component>
      <object_component id="oc-165">
         <name>.text.SYSCFG_DL_SYSCTL_init</name>
         <load_address>0x576c</load_address>
         <readonly>true</readonly>
         <executable>true</executable>
         <run_address>0x576c</run_address>
         <size>0xc0</size>
         <alignment>0x4</alignment>
         <input_file_ref idref="fl-1"/>
      </object_component>
      <object_component id="oc-27c">
         <name>.text</name>
         <load_address>0x582c</load_address>
         <readonly>true</readonly>
         <executable>true</executable>
         <run_address>0x582c</run_address>
         <size>0xa2</size>
         <alignment>0x4</alignment>
         <input_file_ref idref="fl-129"/>
      </object_component>
      <object_component id="oc-e3">
         <name>.text:memcpy</name>
         <load_address>0x58ce</load_address>
         <readonly>true</readonly>
         <executable>true</executable>
         <run_address>0x58ce</run_address>
         <size>0x9a</size>
         <alignment>0x1</alignment>
         <input_file_ref idref="fl-12f"/>
      </object_component>
      <object_component id="oc-166">
         <name>.text.SYSCFG_DL_PWM_0_init</name>
         <load_address>0x5968</load_address>
         <readonly>true</readonly>
         <executable>true</executable>
         <run_address>0x5968</run_address>
         <size>0x94</size>
         <alignment>0x4</alignment>
         <input_file_ref idref="fl-1"/>
      </object_component>
      <object_component id="oc-cf">
         <name>.text.__mulsf3</name>
         <load_address>0x59fc</load_address>
         <readonly>true</readonly>
         <executable>true</executable>
         <run_address>0x59fc</run_address>
         <size>0x8c</size>
         <alignment>0x4</alignment>
         <input_file_ref idref="fl-114"/>
      </object_component>
      <object_component id="oc-8e">
         <name>.text.Motor_SetPWM</name>
         <load_address>0x5a88</load_address>
         <readonly>true</readonly>
         <executable>true</executable>
         <run_address>0x5a88</run_address>
         <size>0x84</size>
         <alignment>0x4</alignment>
         <input_file_ref idref="fl-5"/>
      </object_component>
      <object_component id="oc-70">
         <name>.text.__divsf3</name>
         <load_address>0x5b0c</load_address>
         <readonly>true</readonly>
         <executable>true</executable>
         <run_address>0x5b0c</run_address>
         <size>0x82</size>
         <alignment>0x4</alignment>
         <input_file_ref idref="fl-115"/>
      </object_component>
      <object_component id="oc-294">
         <name>.text.__aeabi_ldiv0</name>
         <load_address>0x5b8e</load_address>
         <readonly>true</readonly>
         <executable>true</executable>
         <run_address>0x5b8e</run_address>
         <size>0x2</size>
         <alignment>0x2</alignment>
         <input_file_ref idref="fl-12d"/>
      </object_component>
      <object_component id="oc-1c">
         <name>.text:decompress:lzss</name>
         <load_address>0x5b90</load_address>
         <readonly>true</readonly>
         <executable>true</executable>
         <run_address>0x5b90</run_address>
         <size>0x7c</size>
         <alignment>0x4</alignment>
         <input_file_ref idref="fl-57"/>
      </object_component>
      <object_component id="oc-19b">
         <name>.text.adc_getValue</name>
         <load_address>0x5c0c</load_address>
         <readonly>true</readonly>
         <executable>true</executable>
         <run_address>0x5c0c</run_address>
         <size>0x78</size>
         <alignment>0x4</alignment>
         <input_file_ref idref="fl-4"/>
      </object_component>
      <object_component id="oc-238">
         <name>.text.__gedf2</name>
         <load_address>0x5c84</load_address>
         <readonly>true</readonly>
         <executable>true</executable>
         <run_address>0x5c84</run_address>
         <size>0x74</size>
         <alignment>0x4</alignment>
         <input_file_ref idref="fl-12b"/>
      </object_component>
      <object_component id="oc-16c">
         <name>.text.SYSCFG_DL_DMA_init</name>
         <load_address>0x5cf8</load_address>
         <readonly>true</readonly>
         <executable>true</executable>
         <run_address>0x5cf8</run_address>
         <size>0x8</size>
         <alignment>0x2</alignment>
         <input_file_ref idref="fl-1"/>
      </object_component>
      <object_component id="oc-80">
         <name>.text.__truncdfsf2</name>
         <load_address>0x5d00</load_address>
         <readonly>true</readonly>
         <executable>true</executable>
         <run_address>0x5d00</run_address>
         <size>0x74</size>
         <alignment>0x10</alignment>
         <input_file_ref idref="fl-11f"/>
      </object_component>
      <object_component id="oc-162">
         <name>.text.SYSCFG_DL_initPower</name>
         <load_address>0x5d74</load_address>
         <readonly>true</readonly>
         <executable>true</executable>
         <run_address>0x5d74</run_address>
         <size>0x70</size>
         <alignment>0x4</alignment>
         <input_file_ref idref="fl-1"/>
      </object_component>
      <object_component id="oc-232">
         <name>.text.__ledf2</name>
         <load_address>0x5de4</load_address>
         <readonly>true</readonly>
         <executable>true</executable>
         <run_address>0x5de4</run_address>
         <size>0x68</size>
         <alignment>0x4</alignment>
         <input_file_ref idref="fl-12b"/>
      </object_component>
      <object_component id="oc-11f">
         <name>.text.lc_printf</name>
         <load_address>0x5e4c</load_address>
         <readonly>true</readonly>
         <executable>true</executable>
         <run_address>0x5e4c</run_address>
         <size>0x68</size>
         <alignment>0x4</alignment>
         <input_file_ref idref="fl-a"/>
      </object_component>
      <object_component id="oc-291">
         <name>.text._mcpy</name>
         <load_address>0x5eb4</load_address>
         <readonly>true</readonly>
         <executable>true</executable>
         <run_address>0x5eb4</run_address>
         <size>0x66</size>
         <alignment>0x2</alignment>
         <input_file_ref idref="fl-41"/>
      </object_component>
      <object_component id="oc-1c9">
         <name>.text.DL_SYSCTL_setHFCLKSourceHFXTParams</name>
         <load_address>0x5f1c</load_address>
         <readonly>true</readonly>
         <executable>true</executable>
         <run_address>0x5f1c</run_address>
         <size>0x64</size>
         <alignment>0x4</alignment>
         <input_file_ref idref="fl-25"/>
      </object_component>
      <object_component id="oc-16b">
         <name>.text.SYSCFG_DL_ADC_VOLTAGE_init</name>
         <load_address>0x5f80</load_address>
         <readonly>true</readonly>
         <executable>true</executable>
         <run_address>0x5f80</run_address>
         <size>0x64</size>
         <alignment>0x4</alignment>
         <input_file_ref idref="fl-1"/>
      </object_component>
      <object_component id="oc-205">
         <name>.text.__aeabi_dcmp</name>
         <load_address>0x5fe4</load_address>
         <readonly>true</readonly>
         <executable>true</executable>
         <run_address>0x5fe4</run_address>
         <size>0x62</size>
         <alignment>0x4</alignment>
         <input_file_ref idref="fl-120"/>
      </object_component>
      <object_component id="oc-cb">
         <name>.text.__aeabi_fcmp</name>
         <load_address>0x6048</load_address>
         <readonly>true</readonly>
         <executable>true</executable>
         <run_address>0x6048</run_address>
         <size>0x62</size>
         <alignment>0x4</alignment>
         <input_file_ref idref="fl-121"/>
      </object_component>
      <object_component id="oc-161">
         <name>.text:memset</name>
         <load_address>0x60aa</load_address>
         <readonly>true</readonly>
         <executable>true</executable>
         <run_address>0x60aa</run_address>
         <size>0x62</size>
         <alignment>0x1</alignment>
         <input_file_ref idref="fl-130"/>
      </object_component>
      <object_component id="oc-16a">
         <name>.text.SYSCFG_DL_UART_0_init</name>
         <load_address>0x610c</load_address>
         <readonly>true</readonly>
         <executable>true</executable>
         <run_address>0x610c</run_address>
         <size>0x60</size>
         <alignment>0x4</alignment>
         <input_file_ref idref="fl-1"/>
      </object_component>
      <object_component id="oc-17b">
         <name>.text.DL_I2C_fillControllerTXFIFO</name>
         <load_address>0x616c</load_address>
         <readonly>true</readonly>
         <executable>true</executable>
         <run_address>0x616c</run_address>
         <size>0x5e</size>
         <alignment>0x2</alignment>
         <input_file_ref idref="fl-22"/>
      </object_component>
      <object_component id="oc-281">
         <name>.text.frexp</name>
         <load_address>0x61cc</load_address>
         <readonly>true</readonly>
         <executable>true</executable>
         <run_address>0x61cc</run_address>
         <size>0x5c</size>
         <alignment>0x4</alignment>
         <input_file_ref idref="fl-58"/>
      </object_component>
      <object_component id="oc-289">
         <name>.text.__TI_ltoa</name>
         <load_address>0x6228</load_address>
         <readonly>true</readonly>
         <executable>true</executable>
         <run_address>0x6228</run_address>
         <size>0x58</size>
         <alignment>0x2</alignment>
         <input_file_ref idref="fl-4a"/>
      </object_component>
      <object_component id="oc-26b">
         <name>.text._pconv_f</name>
         <load_address>0x6280</load_address>
         <readonly>true</readonly>
         <executable>true</executable>
         <run_address>0x6280</run_address>
         <size>0x58</size>
         <alignment>0x2</alignment>
         <input_file_ref idref="fl-41"/>
      </object_component>
      <object_component id="oc-2a0">
         <name>.text.__aeabi_idivmod</name>
         <load_address>0x62d8</load_address>
         <readonly>true</readonly>
         <executable>true</executable>
         <run_address>0x62d8</run_address>
         <size>0x56</size>
         <alignment>0x4</alignment>
         <input_file_ref idref="fl-122"/>
      </object_component>
      <object_component id="oc-169">
         <name>.text.SYSCFG_DL_I2C_OLED_init</name>
         <load_address>0x6330</load_address>
         <readonly>true</readonly>
         <executable>true</executable>
         <run_address>0x6330</run_address>
         <size>0x54</size>
         <alignment>0x4</alignment>
         <input_file_ref idref="fl-1"/>
      </object_component>
      <object_component id="oc-28f">
         <name>.text._ecpy</name>
         <load_address>0x6384</load_address>
         <readonly>true</readonly>
         <executable>true</executable>
         <run_address>0x6384</run_address>
         <size>0x52</size>
         <alignment>0x2</alignment>
         <input_file_ref idref="fl-41"/>
      </object_component>
      <object_component id="oc-22b">
         <name>.text.DL_DMA_initChannel</name>
         <load_address>0x63d8</load_address>
         <readonly>true</readonly>
         <executable>true</executable>
         <run_address>0x63d8</run_address>
         <size>0x4c</size>
         <alignment>0x4</alignment>
         <input_file_ref idref="fl-20"/>
      </object_component>
      <object_component id="oc-39">
         <name>.text.GROUP1_IRQHandler</name>
         <load_address>0x6424</load_address>
         <readonly>true</readonly>
         <executable>true</executable>
         <run_address>0x6424</run_address>
         <size>0x4c</size>
         <alignment>0x4</alignment>
         <input_file_ref idref="fl-10"/>
      </object_component>
      <object_component id="oc-168">
         <name>.text.SYSCFG_DL_TIMER_1_init</name>
         <load_address>0x6470</load_address>
         <readonly>true</readonly>
         <executable>true</executable>
         <run_address>0x6470</run_address>
         <size>0x4c</size>
         <alignment>0x4</alignment>
         <input_file_ref idref="fl-1"/>
      </object_component>
      <object_component id="oc-e8">
         <name>.text.SYSCFG_DL_init</name>
         <load_address>0x64bc</load_address>
         <readonly>true</readonly>
         <executable>true</executable>
         <run_address>0x64bc</run_address>
         <size>0x4c</size>
         <alignment>0x4</alignment>
         <input_file_ref idref="fl-1"/>
      </object_component>
      <object_component id="oc-1bf">
         <name>.text.copy_in</name>
         <load_address>0x6508</load_address>
         <readonly>true</readonly>
         <executable>true</executable>
         <run_address>0x6508</run_address>
         <size>0x4c</size>
         <alignment>0x4</alignment>
         <input_file_ref idref="fl-54"/>
      </object_component>
      <object_component id="oc-144">
         <name>.text:__TI_auto_init_nopinit</name>
         <load_address>0x6554</load_address>
         <readonly>true</readonly>
         <executable>true</executable>
         <run_address>0x6554</run_address>
         <size>0x4c</size>
         <alignment>0x4</alignment>
         <input_file_ref idref="fl-52"/>
      </object_component>
      <object_component id="oc-1fd">
         <name>.text.__fixdfsi</name>
         <load_address>0x65a0</load_address>
         <readonly>true</readonly>
         <executable>true</executable>
         <run_address>0x65a0</run_address>
         <size>0x4a</size>
         <alignment>0x4</alignment>
         <input_file_ref idref="fl-118"/>
      </object_component>
      <object_component id="oc-1e6">
         <name>.text.DL_UART_init</name>
         <load_address>0x65ec</load_address>
         <readonly>true</readonly>
         <executable>true</executable>
         <run_address>0x65ec</run_address>
         <size>0x48</size>
         <alignment>0x4</alignment>
         <input_file_ref idref="fl-24"/>
      </object_component>
      <object_component id="oc-1d1">
         <name>.text.DL_SYSCTL_switchMCLKfromSYSOSCtoHSCLK</name>
         <load_address>0x6634</load_address>
         <readonly>true</readonly>
         <executable>true</executable>
         <run_address>0x6634</run_address>
         <size>0x44</size>
         <alignment>0x4</alignment>
         <input_file_ref idref="fl-25"/>
      </object_component>
      <object_component id="oc-1e9">
         <name>.text.DL_ADC12_setClockConfig</name>
         <load_address>0x6678</load_address>
         <readonly>true</readonly>
         <executable>true</executable>
         <run_address>0x6678</run_address>
         <size>0x40</size>
         <alignment>0x4</alignment>
         <input_file_ref idref="fl-1e"/>
      </object_component>
      <object_component id="oc-10c">
         <name>.text.__aeabi_uidivmod</name>
         <load_address>0x66b8</load_address>
         <readonly>true</readonly>
         <executable>true</executable>
         <run_address>0x66b8</run_address>
         <size>0x40</size>
         <alignment>0x4</alignment>
         <input_file_ref idref="fl-126"/>
      </object_component>
      <object_component id="oc-74">
         <name>.text.__extendsfdf2</name>
         <load_address>0x66f8</load_address>
         <readonly>true</readonly>
         <executable>true</executable>
         <run_address>0x66f8</run_address>
         <size>0x40</size>
         <alignment>0x4</alignment>
         <input_file_ref idref="fl-117"/>
      </object_component>
      <object_component id="oc-253">
         <name>.text.atoi</name>
         <load_address>0x6738</load_address>
         <readonly>true</readonly>
         <executable>true</executable>
         <run_address>0x6738</run_address>
         <size>0x40</size>
         <alignment>0x4</alignment>
         <input_file_ref idref="fl-4c"/>
      </object_component>
      <object_component id="oc-1a8">
         <name>.text.vsnprintf</name>
         <load_address>0x6778</load_address>
         <readonly>true</readonly>
         <executable>true</executable>
         <run_address>0x6778</run_address>
         <size>0x40</size>
         <alignment>0x4</alignment>
         <input_file_ref idref="fl-43"/>
      </object_component>
      <object_component id="oc-11e">
         <name>.text.LED_KEY_Blink_Update</name>
         <load_address>0x67b8</load_address>
         <readonly>true</readonly>
         <executable>true</executable>
         <run_address>0x67b8</run_address>
         <size>0x3c</size>
         <alignment>0x4</alignment>
         <input_file_ref idref="fl-9"/>
      </object_component>
      <object_component id="oc-6c">
         <name>.text.__floatsisf</name>
         <load_address>0x67f4</load_address>
         <readonly>true</readonly>
         <executable>true</executable>
         <run_address>0x67f4</run_address>
         <size>0x3c</size>
         <alignment>0x4</alignment>
         <input_file_ref idref="fl-11b"/>
      </object_component>
      <object_component id="oc-156">
         <name>.text.__gtsf2</name>
         <load_address>0x6830</load_address>
         <readonly>true</readonly>
         <executable>true</executable>
         <run_address>0x6830</run_address>
         <size>0x3c</size>
         <alignment>0x4</alignment>
         <input_file_ref idref="fl-128"/>
      </object_component>
      <object_component id="oc-151">
         <name>.text.__eqsf2</name>
         <load_address>0x686c</load_address>
         <readonly>true</readonly>
         <executable>true</executable>
         <run_address>0x686c</run_address>
         <size>0x3a</size>
         <alignment>0x4</alignment>
         <input_file_ref idref="fl-128"/>
      </object_component>
      <object_component id="oc-c0">
         <name>.text.__muldsi3</name>
         <load_address>0x68a8</load_address>
         <readonly>true</readonly>
         <executable>true</executable>
         <run_address>0x68a8</run_address>
         <size>0x3a</size>
         <alignment>0x4</alignment>
         <input_file_ref idref="fl-113"/>
      </object_component>
      <object_component id="oc-167">
         <name>.text.SYSCFG_DL_TIMER_0_init</name>
         <load_address>0x68e4</load_address>
         <readonly>true</readonly>
         <executable>true</executable>
         <run_address>0x68e4</run_address>
         <size>0x38</size>
         <alignment>0x4</alignment>
         <input_file_ref idref="fl-1"/>
      </object_component>
      <object_component id="oc-8a">
         <name>.text.__fixsfsi</name>
         <load_address>0x691c</load_address>
         <readonly>true</readonly>
         <executable>true</executable>
         <run_address>0x691c</run_address>
         <size>0x38</size>
         <alignment>0x4</alignment>
         <input_file_ref idref="fl-119"/>
      </object_component>
      <object_component id="oc-114">
         <name>.text.MPU6050ReadAcc</name>
         <load_address>0x6954</load_address>
         <readonly>true</readonly>
         <executable>true</executable>
         <run_address>0x6954</run_address>
         <size>0x32</size>
         <alignment>0x2</alignment>
         <input_file_ref idref="fl-c"/>
      </object_component>
      <object_component id="oc-115">
         <name>.text.MPU6050ReadGyro</name>
         <load_address>0x6986</load_address>
         <readonly>true</readonly>
         <executable>true</executable>
         <run_address>0x6986</run_address>
         <size>0x32</size>
         <alignment>0x2</alignment>
         <input_file_ref idref="fl-c"/>
      </object_component>
      <object_component id="oc-16d">
         <name>.text.SYSCFG_DL_SYSTICK_init</name>
         <load_address>0x69b8</load_address>
         <readonly>true</readonly>
         <executable>true</executable>
         <run_address>0x69b8</run_address>
         <size>0x30</size>
         <alignment>0x4</alignment>
         <input_file_ref idref="fl-1"/>
      </object_component>
      <object_component id="oc-290">
         <name>.text._fcpy</name>
         <load_address>0x69e8</load_address>
         <readonly>true</readonly>
         <executable>true</executable>
         <run_address>0x69e8</run_address>
         <size>0x30</size>
         <alignment>0x2</alignment>
         <input_file_ref idref="fl-41"/>
      </object_component>
      <object_component id="oc-212">
         <name>.text._outs</name>
         <load_address>0x6a18</load_address>
         <readonly>true</readonly>
         <executable>true</executable>
         <run_address>0x6a18</run_address>
         <size>0x30</size>
         <alignment>0x2</alignment>
         <input_file_ref idref="fl-43"/>
      </object_component>
      <object_component id="oc-104">
         <name>.text.readBlackFromFlash</name>
         <load_address>0x6a48</load_address>
         <readonly>true</readonly>
         <executable>true</executable>
         <run_address>0x6a48</run_address>
         <size>0x30</size>
         <alignment>0x4</alignment>
         <input_file_ref idref="fl-7"/>
      </object_component>
      <object_component id="oc-ff">
         <name>.text.readWhiteFromFlash</name>
         <load_address>0x6a78</load_address>
         <readonly>true</readonly>
         <executable>true</executable>
         <run_address>0x6a78</run_address>
         <size>0x30</size>
         <alignment>0x4</alignment>
         <input_file_ref idref="fl-7"/>
      </object_component>
      <object_component id="oc-201">
         <name>.text.__floatsidf</name>
         <load_address>0x6aa8</load_address>
         <readonly>true</readonly>
         <executable>true</executable>
         <run_address>0x6aa8</run_address>
         <size>0x2c</size>
         <alignment>0x4</alignment>
         <input_file_ref idref="fl-11a"/>
      </object_component>
      <object_component id="oc-16e">
         <name>.text.SYSCFG_DL_SYSCTL_CLK_init</name>
         <load_address>0x6ad4</load_address>
         <readonly>true</readonly>
         <executable>true</executable>
         <run_address>0x6ad4</run_address>
         <size>0x28</size>
         <alignment>0x4</alignment>
         <input_file_ref idref="fl-1"/>
      </object_component>
      <object_component id="oc-110">
         <name>.text.__floatunsisf</name>
         <load_address>0x6afc</load_address>
         <readonly>true</readonly>
         <executable>true</executable>
         <run_address>0x6afc</run_address>
         <size>0x28</size>
         <alignment>0x4</alignment>
         <input_file_ref idref="fl-11d"/>
      </object_component>
      <object_component id="oc-5a">
         <name>.text:_c_int00_noargs</name>
         <load_address>0x6b24</load_address>
         <readonly>true</readonly>
         <executable>true</executable>
         <run_address>0x6b24</run_address>
         <size>0x28</size>
         <alignment>0x4</alignment>
         <input_file_ref idref="fl-50"/>
      </object_component>
      <object_component id="oc-1de">
         <name>.text.DL_I2C_setClockConfig</name>
         <load_address>0x6b4c</load_address>
         <readonly>true</readonly>
         <executable>true</executable>
         <run_address>0x6b4c</run_address>
         <size>0x26</size>
         <alignment>0x2</alignment>
         <input_file_ref idref="fl-22"/>
      </object_component>
      <object_component id="oc-210">
         <name>.text.DL_FlashCTL_programMemoryFromRAM64</name>
         <load_address>0x6b74</load_address>
         <readonly>true</readonly>
         <executable>true</executable>
         <run_address>0x6b74</run_address>
         <size>0x24</size>
         <alignment>0x4</alignment>
         <input_file_ref idref="fl-21"/>
      </object_component>
      <object_component id="oc-189">
         <name>.text.__floatunsidf</name>
         <load_address>0x6b98</load_address>
         <readonly>true</readonly>
         <executable>true</executable>
         <run_address>0x6b98</run_address>
         <size>0x24</size>
         <alignment>0x4</alignment>
         <input_file_ref idref="fl-11c"/>
      </object_component>
      <object_component id="oc-260">
         <name>.text.__muldi3</name>
         <load_address>0x6bbc</load_address>
         <readonly>true</readonly>
         <executable>true</executable>
         <run_address>0x6bbc</run_address>
         <size>0x24</size>
         <alignment>0x4</alignment>
         <input_file_ref idref="fl-11e"/>
      </object_component>
      <object_component id="oc-24c">
         <name>.text.memccpy</name>
         <load_address>0x6be0</load_address>
         <readonly>true</readonly>
         <executable>true</executable>
         <run_address>0x6be0</run_address>
         <size>0x22</size>
         <alignment>0x2</alignment>
         <input_file_ref idref="fl-4e"/>
      </object_component>
      <object_component id="oc-11b">
         <name>.text.Get_Normalize_For_User</name>
         <load_address>0x6c02</load_address>
         <readonly>true</readonly>
         <executable>true</executable>
         <run_address>0x6c02</run_address>
         <size>0x20</size>
         <alignment>0x2</alignment>
         <input_file_ref idref="fl-3"/>
      </object_component>
      <object_component id="oc-1f0">
         <name>.text.SYSCFG_DL_DMA_CH0_init</name>
         <load_address>0x6c24</load_address>
         <readonly>true</readonly>
         <executable>true</executable>
         <run_address>0x6c24</run_address>
         <size>0x20</size>
         <alignment>0x4</alignment>
         <input_file_ref idref="fl-1"/>
      </object_component>
      <object_component id="oc-10b">
         <name>.text.Tick_delay</name>
         <load_address>0x6c44</load_address>
         <readonly>true</readonly>
         <executable>true</executable>
         <run_address>0x6c44</run_address>
         <size>0x20</size>
         <alignment>0x4</alignment>
         <input_file_ref idref="fl-6"/>
      </object_component>
      <object_component id="oc-295">
         <name>.text.__ashldi3</name>
         <load_address>0x6c64</load_address>
         <readonly>true</readonly>
         <executable>true</executable>
         <run_address>0x6c64</run_address>
         <size>0x1e</size>
         <alignment>0x4</alignment>
         <input_file_ref idref="fl-12a"/>
      </object_component>
      <object_component id="oc-226">
         <name>.text.DL_SYSCTL_configFCC</name>
         <load_address>0x6c84</load_address>
         <readonly>true</readonly>
         <executable>true</executable>
         <run_address>0x6c84</run_address>
         <size>0x1c</size>
         <alignment>0x4</alignment>
         <input_file_ref idref="fl-25"/>
      </object_component>
      <object_component id="oc-1d6">
         <name>.text.DL_Timer_setCaptCompUpdateMethod</name>
         <load_address>0x6ca0</load_address>
         <readonly>true</readonly>
         <executable>true</executable>
         <run_address>0x6ca0</run_address>
         <size>0x1c</size>
         <alignment>0x4</alignment>
         <input_file_ref idref="fl-23"/>
      </object_component>
      <object_component id="oc-1d3">
         <name>.text.DL_Timer_setClockConfig</name>
         <load_address>0x6cbc</load_address>
         <readonly>true</readonly>
         <executable>true</executable>
         <run_address>0x6cbc</run_address>
         <size>0x1c</size>
         <alignment>0x4</alignment>
         <input_file_ref idref="fl-23"/>
      </object_component>
      <object_component id="oc-1a0">
         <name>.text.LED_KEY_Blink_Start</name>
         <load_address>0x6cd8</load_address>
         <readonly>true</readonly>
         <executable>true</executable>
         <run_address>0x6cd8</run_address>
         <size>0x1c</size>
         <alignment>0x4</alignment>
         <input_file_ref idref="fl-9"/>
      </object_component>
      <object_component id="oc-fe">
         <name>.text.TB6612_Motor_Stop</name>
         <load_address>0x6cf4</load_address>
         <readonly>true</readonly>
         <executable>true</executable>
         <run_address>0x6cf4</run_address>
         <size>0x1c</size>
         <alignment>0x4</alignment>
         <input_file_ref idref="fl-5"/>
      </object_component>
      <object_component id="oc-20f">
         <name>.text.DL_FlashCTL_eraseMemoryFromRAM</name>
         <load_address>0x6d10</load_address>
         <readonly>true</readonly>
         <executable>true</executable>
         <run_address>0x6d10</run_address>
         <size>0x18</size>
         <alignment>0x4</alignment>
         <input_file_ref idref="fl-21"/>
      </object_component>
      <object_component id="oc-1d5">
         <name>.text.DL_Timer_setCaptureCompareOutCtl</name>
         <load_address>0x6d28</load_address>
         <readonly>true</readonly>
         <executable>true</executable>
         <run_address>0x6d28</run_address>
         <size>0x18</size>
         <alignment>0x4</alignment>
         <input_file_ref idref="fl-23"/>
      </object_component>
      <object_component id="oc-1a2">
         <name>.text.LED_KEY_Blink_Stop</name>
         <load_address>0x6d40</load_address>
         <readonly>true</readonly>
         <executable>true</executable>
         <run_address>0x6d40</run_address>
         <size>0x18</size>
         <alignment>0x4</alignment>
         <input_file_ref idref="fl-9"/>
      </object_component>
      <object_component id="oc-213">
         <name>.text._outc</name>
         <load_address>0x6d58</load_address>
         <readonly>true</readonly>
         <executable>true</executable>
         <run_address>0x6d58</run_address>
         <size>0x18</size>
         <alignment>0x2</alignment>
         <input_file_ref idref="fl-43"/>
      </object_component>
      <object_component id="oc-f9">
         <name>.text.LED_init</name>
         <load_address>0x6d70</load_address>
         <readonly>true</readonly>
         <executable>true</executable>
         <run_address>0x6d70</run_address>
         <size>0x14</size>
         <alignment>0x4</alignment>
         <input_file_ref idref="fl-9"/>
      </object_component>
      <object_component id="oc-265">
         <name>.text.__aeabi_uldivmod</name>
         <load_address>0x6d84</load_address>
         <readonly>true</readonly>
         <executable>true</executable>
         <run_address>0x6d84</run_address>
         <size>0x14</size>
         <alignment>0x4</alignment>
         <input_file_ref idref="fl-127"/>
      </object_component>
      <object_component id="oc-28e">
         <name>.text.strchr</name>
         <load_address>0x6d98</load_address>
         <readonly>true</readonly>
         <executable>true</executable>
         <run_address>0x6d98</run_address>
         <size>0x14</size>
         <alignment>0x2</alignment>
         <input_file_ref idref="fl-41"/>
      </object_component>
      <object_component id="oc-1e0">
         <name>.text.DL_UART_setClockConfig</name>
         <load_address>0x6dac</load_address>
         <readonly>true</readonly>
         <executable>true</executable>
         <run_address>0x6dac</run_address>
         <size>0x12</size>
         <alignment>0x2</alignment>
         <input_file_ref idref="fl-24"/>
      </object_component>
      <object_component id="oc-20">
         <name>.text:decompress:none</name>
         <load_address>0x6dbe</load_address>
         <readonly>true</readonly>
         <executable>true</executable>
         <run_address>0x6dbe</run_address>
         <size>0x12</size>
         <alignment>0x2</alignment>
         <input_file_ref idref="fl-56"/>
      </object_component>
      <object_component id="oc-d6">
         <name>.text.DL_Timer_setCaptureCompareValue</name>
         <load_address>0x6dd0</load_address>
         <readonly>true</readonly>
         <executable>true</executable>
         <run_address>0x6dd0</run_address>
         <size>0x10</size>
         <alignment>0x4</alignment>
         <input_file_ref idref="fl-23"/>
      </object_component>
      <object_component id="oc-34">
         <name>.text.SysTick_Handler</name>
         <load_address>0x6de0</load_address>
         <readonly>true</readonly>
         <executable>true</executable>
         <run_address>0x6de0</run_address>
         <size>0x10</size>
         <alignment>0x4</alignment>
         <input_file_ref idref="fl-6"/>
      </object_component>
      <object_component id="oc-173">
         <name>.text.delay_ms</name>
         <load_address>0x6df0</load_address>
         <readonly>true</readonly>
         <executable>true</executable>
         <run_address>0x6df0</run_address>
         <size>0x10</size>
         <alignment>0x4</alignment>
         <input_file_ref idref="fl-a"/>
      </object_component>
      <object_component id="oc-257">
         <name>.text.wcslen</name>
         <load_address>0x6e00</load_address>
         <readonly>true</readonly>
         <executable>true</executable>
         <run_address>0x6e00</run_address>
         <size>0x10</size>
         <alignment>0x2</alignment>
         <input_file_ref idref="fl-5a"/>
      </object_component>
      <object_component id="oc-57">
         <name>.text:decompress:ZI</name>
         <load_address>0x6e10</load_address>
         <readonly>true</readonly>
         <executable>true</executable>
         <run_address>0x6e10</run_address>
         <size>0x10</size>
         <alignment>0x2</alignment>
         <input_file_ref idref="fl-55"/>
      </object_component>
      <object_component id="oc-24b">
         <name>.text.__aeabi_memset</name>
         <load_address>0x6e20</load_address>
         <readonly>true</readonly>
         <executable>true</executable>
         <run_address>0x6e20</run_address>
         <size>0xe</size>
         <alignment>0x4</alignment>
         <input_file_ref idref="fl-125"/>
      </object_component>
      <object_component id="oc-24a">
         <name>.text.strlen</name>
         <load_address>0x6e2e</load_address>
         <readonly>true</readonly>
         <executable>true</executable>
         <run_address>0x6e2e</run_address>
         <size>0xe</size>
         <alignment>0x2</alignment>
         <input_file_ref idref="fl-41"/>
      </object_component>
      <object_component id="oc-19f">
         <name>.text.LED_KEY_Blink_SetInterval</name>
         <load_address>0x6e3c</load_address>
         <readonly>true</readonly>
         <executable>true</executable>
         <run_address>0x6e3c</run_address>
         <size>0xc</size>
         <alignment>0x4</alignment>
         <input_file_ref idref="fl-9"/>
      </object_component>
      <object_component id="oc-a4">
         <name>.text.__aeabi_memclr</name>
         <load_address>0x6e48</load_address>
         <readonly>true</readonly>
         <executable>true</executable>
         <run_address>0x6e48</run_address>
         <size>0xc</size>
         <alignment>0x4</alignment>
         <input_file_ref idref="fl-125"/>
      </object_component>
      <object_component id="oc-1f1">
         <name>.text.delay_us</name>
         <load_address>0x6e54</load_address>
         <readonly>true</readonly>
         <executable>true</executable>
         <run_address>0x6e54</run_address>
         <size>0xc</size>
         <alignment>0x2</alignment>
         <input_file_ref idref="fl-a"/>
      </object_component>
      <object_component id="oc-1c5">
         <name>.text.DL_Common_delayCycles</name>
         <load_address>0x6e60</load_address>
         <readonly>true</readonly>
         <executable>true</executable>
         <run_address>0x6e60</run_address>
         <size>0xa</size>
         <alignment>0x2</alignment>
         <input_file_ref idref="fl-1f"/>
      </object_component>
      <object_component id="oc-28d">
         <name>.text.OUTLINED_FUNCTION_0</name>
         <load_address>0x6e6a</load_address>
         <readonly>true</readonly>
         <executable>true</executable>
         <run_address>0x6e6a</run_address>
         <size>0xa</size>
         <alignment>0x2</alignment>
         <input_file_ref idref="fl-41"/>
      </object_component>
      <object_component id="oc-2f1">
         <name>.tramp.__aeabi_dsub.1</name>
         <load_address>0x6e74</load_address>
         <readonly>true</readonly>
         <executable>true</executable>
         <run_address>0x6e74</run_address>
         <size>0x10</size>
         <alignment>0x4</alignment>
         <input_file_ref idref="fl-111"/>
      </object_component>
      <object_component id="oc-293">
         <name>.text.OUTLINED_FUNCTION_1</name>
         <load_address>0x6e84</load_address>
         <readonly>true</readonly>
         <executable>true</executable>
         <run_address>0x6e84</run_address>
         <size>0xa</size>
         <alignment>0x2</alignment>
         <input_file_ref idref="fl-41"/>
[...]
      </symbol>
      <symbol id="sm-246">
         <name>DL_FlashCTL_eraseMemoryFromRAM</name>
         <value>0x6d11</value>
         <object_component_ref idref="oc-20f"/>
      </symbol>
      <symbol id="sm-247">
         <name>DL_FlashCTL_unprotectSector</name>
         <value>0x5421</value>
         <object_component_ref idref="oc-209"/>
      </symbol>
      <symbol id="sm-248">
         <name>DL_FlashCTL_programMemoryFromRAM64</name>
         <value>0x6b75</value>
         <object_component_ref idref="oc-210"/>
      </symbol>
      <symbol id="sm-257">
         <name>DL_I2C_setClockConfig</name>
         <value>0x6b4d</value>
         <object_component_ref idref="oc-1de"/>
      </symbol>
      <symbol id="sm-258">
         <name>DL_I2C_fillControllerTXFIFO</name>
         <value>0x616d</value>
         <object_component_ref idref="oc-17b"/>
      </symbol>
      <symbol id="sm-274">
         <name>DL_Timer_setClockConfig</name>
         <value>0x6cbd</value>
         <object_component_ref idref="oc-1d3"/>
      </symbol>
      <symbol id="sm-275">
         <name>DL_Timer_initTimerMode</name>
         <value>0x4f8d</value>
         <object_component_ref idref="oc-1d9"/>
      </symbol>
      <symbol id="sm-276">
         <name>DL_Timer_setCaptureCompareValue</name>
         <value>0x6dd1</value>
         <object_component_ref idref="oc-d6"/>
      </symbol>
      <symbol id="sm-277">
         <name>DL_Timer_setCaptCompUpdateMethod</name>
         <value>0x6ca1</value>
         <object_component_ref idref="oc-1d6"/>
      </symbol>
      <symbol id="sm-278">
         <name>DL_Timer_setCaptureCompareOutCtl</name>
         <value>0x6d29</value>
         <object_component_ref idref="oc-1d5"/>
      </symbol>
      <symbol id="sm-279">
         <name>DL_Timer_initFourCCPWMMode</name>
         <value>0x4e89</value>
         <object_component_ref idref="oc-1d4"/>
      </symbol>
      <symbol id="sm-286">
         <name>DL_UART_init</name>
         <value>0x65ed</value>
         <object_component_ref idref="oc-1e6"/>
      </symbol>
      <symbol id="sm-287">
         <name>DL_UART_setClockConfig</name>
         <value>0x6dad</value>
         <object_component_ref idref="oc-1e0"/>
      </symbol>
      <symbol id="sm-29b">
         <name>DL_SYSCTL_configSYSPLL</name>
         <value>0x5345</value>
         <object_component_ref idref="oc-1cf"/>
      </symbol>
      <symbol id="sm-29c">
         <name>DL_SYSCTL_switchMCLKfromSYSOSCtoHSCLK</name>
         <value>0x6635</value>
         <object_component_ref idref="oc-1d1"/>
      </symbol>
      <symbol id="sm-29d">
         <name>DL_SYSCTL_setHFCLKSourceHFXTParams</name>
         <value>0x5f1d</value>
         <object_component_ref idref="oc-1c9"/>
      </symbol>
      <symbol id="sm-29e">
         <name>DL_SYSCTL_configFCC</name>
         <value>0x6c85</value>
         <object_component_ref idref="oc-226"/>
      </symbol>
      <symbol id="sm-2ec">
         <name>__TI_printfi</name>
         <value>0x1365</value>
         <object_component_ref idref="oc-244"/>
      </symbol>
      <symbol id="sm-2fe">
         <name>vsnprintf</name>
         <value>0x6779</value>
         <object_component_ref idref="oc-1a8"/>
      </symbol>
      <symbol id="sm-30c">
         <name>__aeabi_errno_addr</name>
         <value>0x6e91</value>
         <object_component_ref idref="oc-25b"/>
      </symbol>
      <symbol id="sm-30d">
         <name>__aeabi_errno</name>
         <value>0x2020079c</value>
         <object_component_ref idref="oc-277"/>
      </symbol>
      <symbol id="sm-317">
         <name>abort</name>
         <value>0x6ea7</value>
         <object_component_ref idref="oc-136"/>
      </symbol>
      <symbol id="sm-321">
         <name>__TI_ltoa</name>
         <value>0x6229</value>
         <object_component_ref idref="oc-289"/>
      </symbol>
      <symbol id="sm-32c">
         <name>atoi</name>
         <value>0x6739</value>
         <object_component_ref idref="oc-253"/>
      </symbol>
      <symbol id="sm-336">
         <name>memccpy</name>
         <value>0x6be1</value>
         <object_component_ref idref="oc-24c"/>
      </symbol>
      <symbol id="sm-342">
         <name>_c_int00_noargs</name>
         <value>0x6b25</value>
         <object_component_ref idref="oc-5a"/>
      </symbol>
      <symbol id="sm-343">
         <name>__stack</name>
         <value>0x20207e00</value>
         <object_component_ref idref="oc-1a"/>
      </symbol>
      <symbol id="sm-34f">
         <name>__TI_auto_init_nopinit</name>
         <value>0x6555</value>
         <object_component_ref idref="oc-144"/>
      </symbol>
      <symbol id="sm-357">
         <name>_system_pre_init</name>
         <value>0x6eb5</value>
         <object_component_ref idref="oc-a9"/>
      </symbol>
      <symbol id="sm-361">
         <name>copy_in</name>
         <value>0x6509</value>
         <object_component_ref idref="oc-1bf"/>
      </symbol>
      <symbol id="sm-36b">
         <name>__TI_zero_init</name>
         <value>0x6e11</value>
         <object_component_ref idref="oc-57"/>
      </symbol>
      <symbol id="sm-374">
         <name>__TI_decompress_none</name>
         <value>0x6dbf</value>
         <object_component_ref idref="oc-20"/>
      </symbol>
      <symbol id="sm-37f">
         <name>__TI_decompress_lzss</name>
         <value>0x5b91</value>
         <object_component_ref idref="oc-1c"/>
      </symbol>
      <symbol id="sm-389">
         <name>frexp</name>
         <value>0x61cd</value>
         <object_component_ref idref="oc-281"/>
      </symbol>
      <symbol id="sm-38a">
         <name>frexpl</name>
         <value>0x61cd</value>
         <object_component_ref idref="oc-281"/>
      </symbol>
      <symbol id="sm-394">
         <name>scalbn</name>
         <value>0x54f9</value>
         <object_component_ref idref="oc-285"/>
      </symbol>
      <symbol id="sm-395">
         <name>ldexp</name>
         <value>0x54f9</value>
         <object_component_ref idref="oc-285"/>
      </symbol>
      <symbol id="sm-396">
         <name>scalbnl</name>
         <value>0x54f9</value>
         <object_component_ref idref="oc-285"/>
      </symbol>
      <symbol id="sm-397">
         <name>ldexpl</name>
         <value>0x54f9</value>
         <object_component_ref idref="oc-285"/>
      </symbol>
      <symbol id="sm-3a0">
         <name>wcslen</name>
         <value>0x6e01</value>
         <object_component_ref idref="oc-257"/>
      </symbol>
      <symbol id="sm-3a4">
         <name>__aeabi_ctype_table_</name>
         <value>0x88c0</value>
         <object_component_ref idref="oc-270"/>
      </symbol>
      <symbol id="sm-3a5">
         <name>__aeabi_ctype_table_C</name>
         <value>0x88c0</value>
         <object_component_ref idref="oc-270"/>
      </symbol>
      <symbol id="sm-3af">
         <name>HOSTexit</name>
         <value>0x6ead</value>
         <object_component_ref idref="oc-1b3"/>
      </symbol>
      <symbol id="sm-3b0">
         <name>C$$EXIT</name>
         <value>0x6eac</value>
         <object_component_ref idref="oc-1b3"/>
      </symbol>
      <symbol id="sm-3c5">
         <name>__aeabi_fadd</name>
         <value>0x55db</value>
         <object_component_ref idref="oc-c7"/>
      </symbol>
      <symbol id="sm-3c6">
         <name>__addsf3</name>
         <value>0x55db</value>
         <object_component_ref idref="oc-c7"/>
      </symbol>
      <symbol id="sm-3c7">
         <name>__aeabi_fsub</name>
         <value>0x55d1</value>
         <object_component_ref idref="oc-c7"/>
      </symbol>
      <symbol id="sm-3c8">
         <name>__subsf3</name>
         <value>0x55d1</value>
         <object_component_ref idref="oc-c7"/>
      </symbol>
      <symbol id="sm-3ce">
         <name>__aeabi_dadd</name>
         <value>0x4463</value>
         <object_component_ref idref="oc-7c"/>
      </symbol>
      <symbol id="sm-3cf">
         <name>__adddf3</name>
         <value>0x4463</value>
         <object_component_ref idref="oc-7c"/>
      </symbol>
      <symbol id="sm-3d0">
         <name>__aeabi_dsub</name>
         <value>0x4459</value>
         <object_component_ref idref="oc-7c"/>
      </symbol>
      <symbol id="sm-3d1">
         <name>__subdf3</name>
         <value>0x4459</value>
         <object_component_ref idref="oc-7c"/>
      </symbol>
      <symbol id="sm-3da">
         <name>__aeabi_dmul</name>
         <value>0x5261</value>
         <object_component_ref idref="oc-78"/>
      </symbol>
      <symbol id="sm-3db">
         <name>__muldf3</name>
         <value>0x5261</value>
         <object_component_ref idref="oc-78"/>
      </symbol>
      <symbol id="sm-3e1">
         <name>__muldsi3</name>
         <value>0x68a9</value>
         <object_component_ref idref="oc-c0"/>
      </symbol>
      <symbol id="sm-3e7">
         <name>__aeabi_fmul</name>
         <value>0x59fd</value>
         <object_component_ref idref="oc-cf"/>
      </symbol>
      <symbol id="sm-3e8">
         <name>__mulsf3</name>
         <value>0x59fd</value>
         <object_component_ref idref="oc-cf"/>
      </symbol>
      <symbol id="sm-3ee">
         <name>__aeabi_fdiv</name>
         <value>0x5b0d</value>
         <object_component_ref idref="oc-70"/>
      </symbol>
      <symbol id="sm-3ef">
         <name>__divsf3</name>
         <value>0x5b0d</value>
         <object_component_ref idref="oc-70"/>
      </symbol>
      <symbol id="sm-3f5">
         <name>__aeabi_ddiv</name>
         <value>0x4d7d</value>
         <object_component_ref idref="oc-18d"/>
      </symbol>
      <symbol id="sm-3f6">
         <name>__divdf3</name>
         <value>0x4d7d</value>
         <object_component_ref idref="oc-18d"/>
      </symbol>
      <symbol id="sm-3fc">
         <name>__aeabi_f2d</name>
         <value>0x66f9</value>
         <object_component_ref idref="oc-74"/>
      </symbol>
      <symbol id="sm-3fd">
         <name>__extendsfdf2</name>
         <value>0x66f9</value>
         <object_component_ref idref="oc-74"/>
      </symbol>
      <symbol id="sm-403">
         <name>__aeabi_d2iz</name>
         <value>0x65a1</value>
         <object_component_ref idref="oc-1fd"/>
      </symbol>
      <symbol id="sm-404">
         <name>__fixdfsi</name>
         <value>0x65a1</value>
         <object_component_ref idref="oc-1fd"/>
      </symbol>
      <symbol id="sm-40a">
         <name>__aeabi_f2iz</name>
         <value>0x691d</value>
         <object_component_ref idref="oc-8a"/>
      </symbol>
      <symbol id="sm-40b">
         <name>__fixsfsi</name>
         <value>0x691d</value>
         <object_component_ref idref="oc-8a"/>
      </symbol>
      <symbol id="sm-411">
         <name>__aeabi_i2d</name>
         <value>0x6aa9</value>
         <object_component_ref idref="oc-201"/>
      </symbol>
      <symbol id="sm-412">
         <name>__floatsidf</name>
         <value>0x6aa9</value>
         <object_component_ref idref="oc-201"/>
      </symbol>
      <symbol id="sm-418">
         <name>__aeabi_i2f</name>
         <value>0x67f5</value>
         <object_component_ref idref="oc-6c"/>
      </symbol>
      <symbol id="sm-419">
         <name>__floatsisf</name>
         <value>0x67f5</value>
         <object_component_ref idref="oc-6c"/>
      </symbol>
      <symbol id="sm-41f">
         <name>__aeabi_ui2d</name>
         <value>0x6b99</value>
         <object_component_ref idref="oc-189"/>
      </symbol>
      <symbol id="sm-420">
         <name>__floatunsidf</name>
         <value>0x6b99</value>
         <object_component_ref idref="oc-189"/>
      </symbol>
      <symbol id="sm-426">
         <name>__aeabi_ui2f</name>
         <value>0x6afd</value>
         <object_component_ref idref="oc-110"/>
      </symbol>
      <symbol id="sm-427">
         <name>__floatunsisf</name>
         <value>0x6afd</value>
         <object_component_ref idref="oc-110"/>
      </symbol>
      <symbol id="sm-42d">
         <name>__aeabi_lmul</name>
         <value>0x6bbd</value>
         <object_component_ref idref="oc-260"/>
      </symbol>
      <symbol id="sm-42e">
         <name>__muldi3</name>
         <value>0x6bbd</value>
         <object_component_ref idref="oc-260"/>
      </symbol>
      <symbol id="sm-435">
         <name>__aeabi_d2f</name>
         <value>0x5d01</value>
         <object_component_ref idref="oc-80"/>
      </symbol>
      <symbol id="sm-436">
         <name>__truncdfsf2</name>
         <value>0x5d01</value>
         <object_component_ref idref="oc-80"/>
      </symbol>
      <symbol id="sm-43c">
         <name>__aeabi_dcmpeq</name>
         <value>0x5fe5</value>
         <object_component_ref idref="oc-205"/>
      </symbol>
      <symbol id="sm-43d">
         <name>__aeabi_dcmplt</name>
         <value>0x5ff9</value>
         <object_component_ref idref="oc-205"/>
      </symbol>
      <symbol id="sm-43e">
         <name>__aeabi_dcmple</name>
         <value>0x600d</value>
         <object_component_ref idref="oc-205"/>
      </symbol>
      <symbol id="sm-43f">
         <name>__aeabi_dcmpge</name>
         <value>0x6021</value>
         <object_component_ref idref="oc-205"/>
      </symbol>
      <symbol id="sm-440">
         <name>__aeabi_dcmpgt</name>
         <value>0x6035</value>
         <object_component_ref idref="oc-205"/>
      </symbol>
      <symbol id="sm-446">
         <name>__aeabi_fcmpeq</name>
         <value>0x6049</value>
         <object_component_ref idref="oc-cb"/>
      </symbol>
      <symbol id="sm-447">
         <name>__aeabi_fcmplt</name>
         <value>0x605d</value>
         <object_component_ref idref="oc-cb"/>
      </symbol>
      <symbol id="sm-448">
         <name>__aeabi_fcmple</name>
         <value>0x6071</value>
         <object_component_ref idref="oc-cb"/>
      </symbol>
      <symbol id="sm-449">
         <name>__aeabi_fcmpge</name>
         <value>0x6085</value>
         <object_component_ref idref="oc-cb"/>
      </symbol>
      <symbol id="sm-44a">
         <name>__aeabi_fcmpgt</name>
         <value>0x6099</value>
         <object_component_ref idref="oc-cb"/>
      </symbol>
      <symbol id="sm-450">
         <name>__aeabi_idiv</name>
         <value>0x62d9</value>
         <object_component_ref idref="oc-2a0"/>
      </symbol>
      <symbol id="sm-451">
         <name>__aeabi_idivmod</name>
         <value>0x62d9</value>
         <object_component_ref idref="oc-2a0"/>
      </symbol>
      <symbol id="sm-457">
         <name>__aeabi_memcpy</name>
         <value>0x6e99</value>
         <object_component_ref idref="oc-4a"/>
      </symbol>
      <symbol id="sm-458">
         <name>__aeabi_memcpy4</name>
         <value>0x6e99</value>
         <object_component_ref idref="oc-4a"/>
      </symbol>
      <symbol id="sm-459">
         <name>__aeabi_memcpy8</name>
         <value>0x6e99</value>
         <object_component_ref idref="oc-4a"/>
      </symbol>
      <symbol id="sm-462">
         <name>__aeabi_memset</name>
         <value>0x6e21</value>
         <object_component_ref idref="oc-24b"/>
      </symbol>
      <symbol id="sm-463">
         <name>__aeabi_memset4</name>
         <value>0x6e21</value>
         <object_component_ref idref="oc-24b"/>
      </symbol>
      <symbol id="sm-464">
         <name>__aeabi_memset8</name>
         <value>0x6e21</value>
         <object_component_ref idref="oc-24b"/>
      </symbol>
      <symbol id="sm-465">
         <name>__aeabi_memclr</name>
         <value>0x6e49</value>
         <object_component_ref idref="oc-a4"/>
      </symbol>
      <symbol id="sm-466">
         <name>__aeabi_memclr4</name>
         <value>0x6e49</value>
         <object_component_ref idref="oc-a4"/>
      </symbol>
      <symbol id="sm-467">
         <name>__aeabi_memclr8</name>
         <value>0x6e49</value>
         <object_component_ref idref="oc-a4"/>
      </symbol>
      <symbol id="sm-46d">
         <name>__aeabi_uidiv</name>
         <value>0x66b9</value>
         <object_component_ref idref="oc-10c"/>
      </symbol>
      <symbol id="sm-46e">
         <name>__aeabi_uidivmod</name>
         <value>0x66b9</value>
         <object_component_ref idref="oc-10c"/>
      </symbol>
      <symbol id="sm-474">
         <name>__aeabi_uldivmod</name>
         <value>0x6d85</value>
         <object_component_ref idref="oc-265"/>
      </symbol>
      <symbol id="sm-47d">
         <name>__eqsf2</name>
         <value>0x686d</value>
         <object_component_ref idref="oc-151"/>
      </symbol>
      <symbol id="sm-47e">
         <name>__lesf2</name>
         <value>0x686d</value>
         <object_component_ref idref="oc-151"/>
      </symbol>
      <symbol id="sm-47f">
         <name>__ltsf2</name>
         <value>0x686d</value>
         <object_component_ref idref="oc-151"/>
      </symbol>
      <symbol id="sm-480">
         <name>__nesf2</name>
         <value>0x686d</value>
         <object_component_ref idref="oc-151"/>
      </symbol>
      <symbol id="sm-481">
         <name>__cmpsf2</name>
         <value>0x686d</value>
         <object_component_ref idref="oc-151"/>
      </symbol>
      <symbol id="sm-482">
         <name>__gtsf2</name>
         <value>0x6831</value>
         <object_component_ref idref="oc-156"/>
      </symbol>
      <symbol id="sm-483">
         <name>__gesf2</name>
         <value>0x6831</value>
         <object_component_ref idref="oc-156"/>
      </symbol>
      <symbol id="sm-489">
         <name>__udivmoddi4</name>
         <value>0x582d</value>
         <object_component_ref idref="oc-27c"/>
      </symbol>
      <symbol id="sm-48f">
         <name>__aeabi_llsl</name>
         <value>0x6c65</value>
         <object_component_ref idref="oc-295"/>
      </symbol>
      <symbol id="sm-490">
         <name>__ashldi3</name>
         <value>0x6c65</value>
         <object_component_ref idref="oc-295"/>
      </symbol>
      <symbol id="sm-49e">
         <name>__ledf2</name>
         <value>0x5de5</value>
         <object_component_ref idref="oc-232"/>
      </symbol>
      <symbol id="sm-49f">
         <name>__gedf2</name>
         <value>0x5c85</value>
         <object_component_ref idref="oc-238"/>
      </symbol>
      <symbol id="sm-4a0">
         <name>__cmpdf2</name>
         <value>0x5de5</value>
         <object_component_ref idref="oc-232"/>
      </symbol>
      <symbol id="sm-4a1">
         <name>__eqdf2</name>
         <value>0x5de5</value>
         <object_component_ref idref="oc-232"/>
      </symbol>
      <symbol id="sm-4a2">
         <name>__ltdf2</name>
         <value>0x5de5</value>
         <object_component_ref idref="oc-232"/>
      </symbol>
      <symbol id="sm-4a3">
         <name>__nedf2</name>
         <value>0x5de5</value>
         <object_component_ref idref="oc-232"/>
      </symbol>
      <symbol id="sm-4a4">
         <name>__gtdf2</name>
         <value>0x5c85</value>
         <object_component_ref idref="oc-238"/>
      </symbol>
      <symbol id="sm-4b1">
         <name>__aeabi_idiv0</name>
         <value>0x45eb</value>
         <object_component_ref idref="oc-193"/>
      </symbol>
      <symbol id="sm-4b2">
         <name>__aeabi_ldiv0</name>
         <value>0x5b8f</value>
         <object_component_ref idref="oc-294"/>
      </symbol>
      <symbol id="sm-4cc">
         <name>memcpy</name>
         <value>0x58cf</value>
         <object_component_ref idref="oc-e3"/>
      </symbol>
      <symbol id="sm-4db">
         <name>memset</name>
         <value>0x60ab</value>
         <object_component_ref idref="oc-161"/>
      </symbol>
      <symbol id="sm-4dc">
         <name>__TI_static_base__</name>
         <value>0x0</value>
      </symbol>
      <symbol id="sm-4e0">
         <name>__mpu_init</name>
         <value>0x0</value>
      </symbol>
      <symbol id="sm-4e1">
         <name>_system_post_cinit</name>
         <value>0x0</value>
      </symbol>
   </symbol_table>
   <title>Link successful</title>
</link_info>
