<html>
<body>
<pre>
<h1>µVision Build Log</h1>
<h2>Tool Versions:</h2>
IDE-Version: ¶ÃVision V5.24.2.0
Copyright (C) 2017 ARM Ltd and ARM Germany GmbH. All rights reserved.
License Information: 11111 ∑‚Ë…, 11111, LIC=IK1BF-6V0HR-01AP1-CG9NE-T45UM-PRS9U
 
Tool Versions:
Toolchain:       MDK-ARM Plus  Version: 5.24.1
Toolchain Path:  C:\Keil_v5\ARM\ARMCC\Bin
C Compiler:      Armcc.exe V5.06 update 5 (build 528)
Assembler:       Armasm.exe V5.06 update 5 (build 528)
Linker/Locator:  ArmLink.exe V5.06 update 5 (build 528)
Library Manager: ArmAr.exe V5.06 update 5 (build 528)
Hex Converter:   FromElf.exe V5.06 update 5 (build 528)
CPU DLL:         SARMCM3.DLL V5.24.1
Dialog DLL:      DCM.DLL V1.16.0.0
Target DLL:      STLink\ST-LINKIII-KEIL_SWO.dll V3.0.1.0
Dialog DLL:      TCM.DLL V1.32.0.0
 
<h2>Project:</h2>
C:\Users\∑‚Ë…\Desktop\STM32Õº÷Ω\—≠º£–°≥µ¡∑œ∞ µ˜≤Œ (µ•ª∑)∑÷œÌ\Project.uvprojx
Project File Date:  12/27/2021

<h2>Output:</h2>
*** Using Compiler 'V5.06 update 5 (build 528)', folder: 'C:\Keil_v5\ARM\ARMCC\Bin'
Build target 'Target 1'
compiling PID.c...
.\HARDWARE\OLED\OLED.h(4): warning:  #1295-D: Deprecated declaration OLED_Write_Clear - give arg types
  void OLED_Write_Clear();
.\HARDWARE\OLED\OLED.h(5): warning:  #1295-D: Deprecated declaration OLED_Init - give arg types
  void OLED_Init();
.\HARDWARE\OLED\OLED.h(6): warning:  #1295-D: Deprecated declaration OLED_Write_ON - give arg types
  void OLED_Write_ON();
.\HARDWARE\OLED\OLED.h(7): warning:  #1295-D: Deprecated declaration OLED_Write_OFF - give arg types
  void OLED_Write_OFF();
.\HARDWARE\USART\USART.h(5): warning:  #1295-D: Deprecated declaration USART3_Config - give arg types
  void USART3_Config();
.\HARDWARE\USART\USART.h(9): warning:  #1295-D: Deprecated declaration USART1_Config - give arg types
  void USART1_Config();
.\HARDWARE\XUNJI\XUNJI.h(6): warning:  #1295-D: Deprecated declaration xunji_Init - give arg types
  void xunji_Init();
.\HARDWARE\XUNJI\XUNJI.h(7): warning:  #1295-D: Deprecated declaration Read_Sensor - give arg types
  void Read_Sensor();
.\HARDWARE\XUNJI\XUNJI.h(8): warning:  #1295-D: Deprecated declaration Read_Data - give arg types
  void Read_Data();
.\HARDWARE\XUNJI\XUNJI.h(12): warning:  #1-D: last line of file ends without a newline
  #endif
.\HARDWARE\HY-SRF05\HY_SRF05.h(21): warning:  #1295-D: Deprecated declaration HY_SRF05_ceju - give arg types
  void HY_SRF05_ceju();
.\HARDWARE\HY-SRF05\HY_SRF05.h(23): warning:  #1295-D: Deprecated declaration HY_SRF05_Config - give arg types
  void HY_SRF05_Config();
HARDWARE\PID\PID.c(110): warning:  #68-D: integer conversion resulted in a change of sign
  		e=-1;
HARDWARE\PID\PID.c(114): warning:  #186-D: pointless comparison of unsigned integer with zero
  		if(e<0 || (i<20&&e>0))
HARDWARE\PID\PID.c: 14 warnings, 0 errors
compiling main.c...
.\HARDWARE\USART\USART.h(5): warning:  #1295-D: Deprecated declaration USART3_Config - give arg types
  void USART3_Config();
.\HARDWARE\USART\USART.h(9): warning:  #1295-D: Deprecated declaration USART1_Config - give arg types
  void USART1_Config();
.\HARDWARE\OLED\OLED.h(4): warning:  #1295-D: Deprecated declaration OLED_Write_Clear - give arg types
  void OLED_Write_Clear();
.\HARDWARE\OLED\OLED.h(5): warning:  #1295-D: Deprecated declaration OLED_Init - give arg types
  void OLED_Init();
.\HARDWARE\OLED\OLED.h(6): warning:  #1295-D: Deprecated declaration OLED_Write_ON - give arg types
  void OLED_Write_ON();
.\HARDWARE\OLED\OLED.h(7): warning:  #1295-D: Deprecated declaration OLED_Write_OFF - give arg types
  void OLED_Write_OFF();
.\HARDWARE\I2C\I2C.h(5): warning:  #1295-D: Deprecated declaration I2C1_Init - give arg types
  void I2C1_Init();
.\HARDWARE\XUNJI\XUNJI.h(6): warning:  #1295-D: Deprecated declaration xunji_Init - give arg types
  void xunji_Init();
.\HARDWARE\XUNJI\XUNJI.h(7): warning:  #1295-D: Deprecated declaration Read_Sensor - give arg types
  void Read_Sensor();
.\HARDWARE\XUNJI\XUNJI.h(8): warning:  #1295-D: Deprecated declaration Read_Data - give arg types
  void Read_Data();
.\HARDWARE\XUNJI\XUNJI.h(12): warning:  #1-D: last line of file ends without a newline
  #endif
.\HARDWARE\Car\Car.h(4): warning:  #1295-D: Deprecated declaration Car_Config - give arg types
  void Car_Config();
.\HARDWARE\Car\Car.h(5): warning:  #1295-D: Deprecated declaration qianjin - give arg types
  void qianjin();
.\HARDWARE\Car\Car.h(6): warning:  #1295-D: Deprecated declaration left_ - give arg types
  void left_();
.\HARDWARE\Car\Car.h(7): warning:  #1295-D: Deprecated declaration right_ - give arg types
  void right_();
.\HARDWARE\Car\Car.h(8): warning:  #1295-D: Deprecated declaration stop - give arg types
  void stop();
.\HARDWARE\Car\Car.h(9): warning:  #1295-D: Deprecated declaration houtui - give arg types
  void houtui();
.\HARDWARE\TIM2\TIM2.h(5): warning:  #1295-D: Deprecated declaration TIM1_Init - give arg types
  void TIM1_Init();
.\HARDWARE\TIM2\TIM2.h(6): warning:  #1295-D: Deprecated declaration TIM2_Init - give arg types
  void TIM2_Init();
.\HARDWARE\TIM2\TIM2.h(8): warning:  #1-D: last line of file ends without a newline
  #endif
.\HARDWARE\PID\PID.h(22): warning:  #1295-D: Deprecated declaration PID_Calc - give arg types
  void PID_Calc();
.\HARDWARE\PID\PID.h(24): warning:  #1295-D: Deprecated declaration PID_Init - give arg types
  void PID_Init();
.\HARDWARE\PID\PID.h(25): warning:  #1295-D: Deprecated declaration PID_OUT - give arg types
  void PID_OUT();
.\HARDWARE\HY-SRF05\HY_SRF05.h(21): warning:  #1295-D: Deprecated declaration HY_SRF05_ceju - give arg types
  void HY_SRF05_ceju();
.\HARDWARE\HY-SRF05\HY_SRF05.h(23): warning:  #1295-D: Deprecated declaration HY_SRF05_Config - give arg types
  void HY_SRF05_Config();
User\main.c: 25 warnings, 0 errors
linking...
Program Size: Code=11922 RO-data=1630 RW-data=60 ZI-data=1668  
FromELF: creating hex file...
".\Objects\Project.axf" - 0 Error(s), 39 Warning(s).

<h2>Software Packages used:</h2>

Package Vendor: Keil
                http://www.keil.com/pack/Keil.STM32F1xx_DFP.2.2.0.pack
                Keil.STM32F1xx_DFP.2.2.0
                STMicroelectronics STM32F1 Series Device Support, Drivers and Examples

<h2>Collection of Component include folders:</h2>
  .\RTE\_Target_1
  C:\Keil_v5\ARM\PACK\Keil\STM32F1xx_DFP\2.2.0\Device\Include

<h2>Collection of Component Files used:</h2>
Build Time Elapsed:  00:00:01
</pre>
</body>
</html>
