******************************************************************************
            TI ARM Clang Linker PC v4.0.4                      
******************************************************************************
>> Linked Tue Jun 23 12:59:21 2026

OUTPUT FILE NAME:   <OLED_project.out>
ENTRY POINT SYMBOL: "_c_int00_noargs"  address: 00003199


MEMORY CONFIGURATION

         name            origin    length      used     unused   attr    fill
----------------------  --------  ---------  --------  --------  ----  --------
  FLASH                 00000000   00020000  00003cb0  0001c350  R  X
  SRAM                  20200000   00008000  00000600  00007a00  RW X
  BCR_CONFIG            41c00000   000000ff  00000000  000000ff  R   
  BSL_CONFIG            41c00100   00000080  00000000  00000080  R   


SEGMENT ALLOCATION MAP

run origin  load origin   length   init length attrs members
----------  ----------- ---------- ----------- ----- -------
00000000    00000000    00003cb0   00003cb0    r-x
  00000000    00000000    000000c0   000000c0    r-- .intvecs
  000000c0    000000c0    00003168   00003168    r-x .text
  00003228    00003228    00000a70   00000a70    r-- .rodata
  00003c98    00003c98    00000018   00000018    r-- .cinit
20200000    20200000    00000400   00000000    rw-
  20200000    20200000    00000400   00000000    rw- .bss
20207e00    20207e00    00000200   00000000    rw-
  20207e00    20207e00    00000200   00000000    rw- .stack


SECTION ALLOCATION MAP

 output                                  attributes/
section   page    origin      length       input sections
--------  ----  ----------  ----------   ----------------
.intvecs   0    00000000    000000c0     
                  00000000    000000c0     startup_mspm0g350x_ticlang.o (.intvecs)

.text      0    000000c0    00003168     
                  000000c0    00001a08     bsp_oled.o (.text.OLED_Init)
                  00001ac8    00000cd0     bsp_oled.o (.text.OLED_ShowString)
                  00002798    00000500     bsp_oled.o (.text.OLED_ShowNumber)
                  00002c98    0000035c     bsp_oled.o (.text.OLED_Refresh_Gram)
                  00002ff4    00000062     libc.a : memset16.S.obj (.text:memset)
                  00003056    00000002     startup_mspm0g350x_ticlang.o (.text.Default_Handler)
                  00003058    00000058     empty.o (.text.main)
                  000030b0    00000040     ti_msp_dl_config.o (.text.SYSCFG_DL_SYSCTL_init)
                  000030f0    00000040     libclang_rt.builtins.a : aeabi_uidivmod.S.obj (.text.__aeabi_uidivmod)
                  00003130    0000003c     libc.a : autoinit.c.obj (.text:__TI_auto_init_nobinit_nopinit)
                  0000316c    0000002c     ti_msp_dl_config.o (.text.SYSCFG_DL_initPower)
                  00003198    00000028     libc.a : boot_cortex_m.c.obj (.text:_c_int00_noargs)
                  000031c0    0000001c     ti_msp_dl_config.o (.text.SYSCFG_DL_GPIO_init)
                  000031dc    00000010     ti_msp_dl_config.o (.text.SYSCFG_DL_init)
                  000031ec    00000010     libc.a : copy_zero_init.c.obj (.text:decompress:ZI)
                  000031fc    0000000c     libclang_rt.builtins.a : aeabi_memset.S.obj (.text.__aeabi_memclr)
                  00003208    0000000a     driverlib.a : dl_common.o (.text.DL_Common_delayCycles)
                  00003212    00000006     libc.a : exit.c.obj (.text:abort)
                  00003218    00000004     libsysbm.a : hostexit.c.obj (.text.HOSTexit)
                  0000321c    00000004     startup_mspm0g350x_ticlang.o (.text.Reset_Handler)
                  00003220    00000004     libc.a : pre_init.c.obj (.text._system_pre_init)
                  00003224    00000002     libclang_rt.builtins.a : aeabi_div0.c.obj (.text.__aeabi_idiv0)
                  00003226    00000002     --HOLE-- [fill = 0]

.cinit     0    00003c98    00000018     
                  00003c98    00000008     (.cinit..bss.load) [load image, compression = zero_init]
                  00003ca0    00000004     (__TI_handler_table)
                  00003ca4    00000008     (__TI_cinit_table)
                  00003cac    00000004     --HOLE-- [fill = 0]

.rodata    0    00003228    00000a70     
                  00003228    000005f0     bsp_oled.o (.rodata.oled_asc2_1608)
                  00003818    00000474     bsp_oled.o (.rodata.oled_asc2_1206)
                  00003c8c    00000005     empty.o (.rodata.str1.9517790425240694019.1)
                  00003c91    00000007     --HOLE-- [fill = 0]

.init_array 
*          0    00000000    00000000     UNINITIALIZED

.binit     0    00000000    00000000     

.bss       0    20200000    00000400     UNINITIALIZED
                  20200000    00000400     (.common:OLED_GRAM)

.stack     0    20207e00    00000200     UNINITIALIZED
                  20207e00    00000004     libc.a : boot_cortex_m.c.obj (.stack)
                  20207e04    000001fc     --HOLE--

__llvm_prf_cnts 
*          0    20200000    00000000     UNINITIALIZED

__llvm_prf_bits 
*          0    20200000    00000000     UNINITIALIZED

MODULE SUMMARY

       Module                         code    ro data   rw data
       ------                         ----    -------   -------
    .\
       startup_mspm0g350x_ticlang.o   6       192       0      
       ti_msp_dl_config.o             152     0         0      
       empty.o                        88      5         0      
    +--+------------------------------+-------+---------+---------+
       Total:                         246     197       0      
                                                               
    .\BSP\
       bsp_oled.o                     12084   2660      1024   
    +--+------------------------------+-------+---------+---------+
       Total:                         12084   2660      1024   
                                                               
    E:/TI/CCS/mspm0_sdk_2_10_00_04/source/ti/driverlib/lib/ticlang/m0p/mspm0g1x0x_g3x0x/driverlib.a
       dl_common.o                    10      0         0      
    +--+------------------------------+-------+---------+---------+
       Total:                         10      0         0      
                                                               
    E:\TI\CCS\ccs\tools\compiler\ti-cgt-armllvm_4.0.4.LTS\lib\armv6m-ti-none-eabi/c/libc.a
       memset16.S.obj                 98      0         0      
       autoinit.c.obj                 60      0         0      
       boot_cortex_m.c.obj            40      0         0      
       copy_zero_init.c.obj           16      0         0      
       exit.c.obj                     6       0         0      
       pre_init.c.obj                 4       0         0      
    +--+------------------------------+-------+---------+---------+
       Total:                         224     0         0      
                                                               
    E:\TI\CCS\ccs\tools\compiler\ti-cgt-armllvm_4.0.4.LTS\lib\armv6m-ti-none-eabi/c/libsysbm.a
       hostexit.c.obj                 4       0         0      
    +--+------------------------------+-------+---------+---------+
       Total:                         4       0         0      
                                                               
    E:\TI\CCS\ccs\tools\compiler\ti-cgt-armllvm_4.0.4.LTS\lib\armv6m-ti-none-eabi/libclang_rt.builtins.a
       aeabi_uidivmod.S.obj           64      0         0      
       aeabi_memset.S.obj             12      0         0      
       aeabi_div0.c.obj               2       0         0      
    +--+------------------------------+-------+---------+---------+
       Total:                         78      0         0      
                                                               
       Stack:                         0       0         512    
       Linker Generated:              0       20        0      
    +--+------------------------------+-------+---------+---------+
       Grand Total:                   12646   2877      1536   


LINKER GENERATED COPY TABLES

__TI_cinit_table @ 00003ca4 records: 1, size/record: 8, table size: 8
	.bss: load addr=00003c98, load size=00000008 bytes, run addr=20200000, run size=00000400 bytes, compression=zero_init


LINKER GENERATED HANDLER TABLE

__TI_handler_table @ 00003ca0 records: 1, size/record: 4, table size: 4
	index: 0, handler: __TI_zero_init


GLOBAL SYMBOLS: SORTED ALPHABETICALLY BY Name 

address   name                          
-------   ----                          
00003057  ADC0_IRQHandler               
00003057  ADC1_IRQHandler               
00003057  AES_IRQHandler                
00003218  C$$EXIT                       
00003057  CANFD0_IRQHandler             
00003057  DAC0_IRQHandler               
00003209  DL_Common_delayCycles         
00003057  DMA_IRQHandler                
00003057  Default_Handler               
00003057  GROUP0_IRQHandler             
00003057  GROUP1_IRQHandler             
00003219  HOSTexit                      
00003057  HardFault_Handler             
00003057  I2C0_IRQHandler               
00003057  I2C1_IRQHandler               
00003057  NMI_Handler                   
20200000  OLED_GRAM                     
000000c1  OLED_Init                     
00002c99  OLED_Refresh_Gram             
00002799  OLED_ShowNumber               
00001ac9  OLED_ShowString               
00003057  PendSV_Handler                
00003057  RTC_IRQHandler                
0000321d  Reset_Handler                 
00003057  SPI0_IRQHandler               
00003057  SPI1_IRQHandler               
00003057  SVC_Handler                   
000031c1  SYSCFG_DL_GPIO_init           
000030b1  SYSCFG_DL_SYSCTL_init         
000031dd  SYSCFG_DL_init                
0000316d  SYSCFG_DL_initPower           
00003057  SysTick_Handler               
00003057  TIMA0_IRQHandler              
00003057  TIMA1_IRQHandler              
00003057  TIMG0_IRQHandler              
00003057  TIMG12_IRQHandler             
00003057  TIMG6_IRQHandler              
00003057  TIMG7_IRQHandler              
00003057  TIMG8_IRQHandler              
00003057  UART0_IRQHandler              
00003057  UART1_IRQHandler              
00003057  UART2_IRQHandler              
00003057  UART3_IRQHandler              
20208000  __STACK_END                   
00000200  __STACK_SIZE                  
00000000  __TI_ATRegion0_region_sz      
00000000  __TI_ATRegion0_src_addr       
00000000  __TI_ATRegion0_trg_addr       
00000000  __TI_ATRegion1_region_sz      
00000000  __TI_ATRegion1_src_addr       
00000000  __TI_ATRegion1_trg_addr       
00000000  __TI_ATRegion2_region_sz      
00000000  __TI_ATRegion2_src_addr       
00000000  __TI_ATRegion2_trg_addr       
00003ca4  __TI_CINIT_Base               
00003cac  __TI_CINIT_Limit              
00003cac  __TI_CINIT_Warm               
00003ca0  __TI_Handler_Table_Base       
00003ca4  __TI_Handler_Table_Limit      
00003131  __TI_auto_init_nobinit_nopinit
ffffffff  __TI_pprof_out_hndl           
ffffffff  __TI_prof_data_size           
ffffffff  __TI_prof_data_start          
00000000  __TI_static_base__            
000031ed  __TI_zero_init                
00003225  __aeabi_idiv0                 
000031fd  __aeabi_memclr                
000031fd  __aeabi_memclr4               
000031fd  __aeabi_memclr8               
000030f1  __aeabi_uidiv                 
000030f1  __aeabi_uidivmod              
ffffffff  __binit__                     
UNDEFED   __mpu_init                    
20207e00  __stack                       
20200000  __start___llvm_prf_bits       
20200000  __start___llvm_prf_cnts       
20200000  __stop___llvm_prf_bits        
20200000  __stop___llvm_prf_cnts        
00003199  _c_int00_noargs               
UNDEFED   _system_post_cinit            
00003221  _system_pre_init              
00003213  abort                         
ffffffff  binit                         
00000000  interruptVectors              
00003059  main                          
00002ff5  memset                        
00003818  oled_asc2_1206                
00003228  oled_asc2_1608                


GLOBAL SYMBOLS: SORTED BY Symbol Address 

address   name                          
-------   ----                          
00000000  __TI_ATRegion0_region_sz      
00000000  __TI_ATRegion0_src_addr       
00000000  __TI_ATRegion0_trg_addr       
00000000  __TI_ATRegion1_region_sz      
00000000  __TI_ATRegion1_src_addr       
00000000  __TI_ATRegion1_trg_addr       
00000000  __TI_ATRegion2_region_sz      
00000000  __TI_ATRegion2_src_addr       
00000000  __TI_ATRegion2_trg_addr       
00000000  __TI_static_base__            
00000000  interruptVectors              
000000c1  OLED_Init                     
00000200  __STACK_SIZE                  
00001ac9  OLED_ShowString               
00002799  OLED_ShowNumber               
00002c99  OLED_Refresh_Gram             
00002ff5  memset                        
00003057  ADC0_IRQHandler               
00003057  ADC1_IRQHandler               
00003057  AES_IRQHandler                
00003057  CANFD0_IRQHandler             
00003057  DAC0_IRQHandler               
00003057  DMA_IRQHandler                
00003057  Default_Handler               
00003057  GROUP0_IRQHandler             
00003057  GROUP1_IRQHandler             
00003057  HardFault_Handler             
00003057  I2C0_IRQHandler               
00003057  I2C1_IRQHandler               
00003057  NMI_Handler                   
00003057  PendSV_Handler                
00003057  RTC_IRQHandler                
00003057  SPI0_IRQHandler               
00003057  SPI1_IRQHandler               
00003057  SVC_Handler                   
00003057  SysTick_Handler               
00003057  TIMA0_IRQHandler              
00003057  TIMA1_IRQHandler              
00003057  TIMG0_IRQHandler              
00003057  TIMG12_IRQHandler             
00003057  TIMG6_IRQHandler              
00003057  TIMG7_IRQHandler              
00003057  TIMG8_IRQHandler              
00003057  UART0_IRQHandler              
00003057  UART1_IRQHandler              
00003057  UART2_IRQHandler              
00003057  UART3_IRQHandler              
00003059  main                          
000030b1  SYSCFG_DL_SYSCTL_init         
000030f1  __aeabi_uidiv                 
000030f1  __aeabi_uidivmod              
00003131  __TI_auto_init_nobinit_nopinit
0000316d  SYSCFG_DL_initPower           
00003199  _c_int00_noargs               
000031c1  SYSCFG_DL_GPIO_init           
000031dd  SYSCFG_DL_init                
000031ed  __TI_zero_init                
000031fd  __aeabi_memclr                
000031fd  __aeabi_memclr4               
000031fd  __aeabi_memclr8               
00003209  DL_Common_delayCycles         
00003213  abort                         
00003218  C$$EXIT                       
00003219  HOSTexit                      
0000321d  Reset_Handler                 
00003221  _system_pre_init              
00003225  __aeabi_idiv0                 
00003228  oled_asc2_1608                
00003818  oled_asc2_1206                
00003ca0  __TI_Handler_Table_Base       
00003ca4  __TI_CINIT_Base               
00003ca4  __TI_Handler_Table_Limit      
00003cac  __TI_CINIT_Limit              
00003cac  __TI_CINIT_Warm               
20200000  OLED_GRAM                     
20200000  __start___llvm_prf_bits       
20200000  __start___llvm_prf_cnts       
20200000  __stop___llvm_prf_bits        
20200000  __stop___llvm_prf_cnts        
20207e00  __stack                       
20208000  __STACK_END                   
ffffffff  __TI_pprof_out_hndl           
ffffffff  __TI_prof_data_size           
ffffffff  __TI_prof_data_start          
ffffffff  __binit__                     
ffffffff  binit                         
UNDEFED   __mpu_init                    
UNDEFED   _system_post_cinit            

[88 symbols]
