******************************************************************************
            TI ARM Clang Linker PC v4.0.4                      
******************************************************************************
>> Linked Tue Jun 16 16:05:02 2026

OUTPUT FILE NAME:   <OLED_IIC.out>
ENTRY POINT SYMBOL: "_c_int00_noargs"  address: 0000536d


MEMORY CONFIGURATION

         name            origin    length      used     unused   attr    fill
----------------------  --------  ---------  --------  --------  ----  --------
  FLASH                 00000000   00020000  00006050  00019fb0  R  X
  SRAM                  20200000   00008000  00000604  000079fc  RW X
  BCR_CONFIG            41c00000   000000ff  00000000  000000ff  R   
  BSL_CONFIG            41c00100   00000080  00000000  00000080  R   


SEGMENT ALLOCATION MAP

run origin  load origin   length   init length attrs members
----------  ----------- ---------- ----------- ----- -------
00000000    00000000    00006050   00006050    r-x
  00000000    00000000    000000c0   000000c0    r-- .intvecs
  000000c0    000000c0    000054b0   000054b0    r-x .text
  00005570    00005570    00000ab0   00000ab0    r-- .rodata
  00006020    00006020    00000030   00000030    r-- .cinit
20200000    20200000    00000404   00000000    rw-
  20200000    20200000    00000400   00000000    rw- .bss
  20200400    20200400    00000004   00000000    rw- .data
20207e00    20207e00    00000200   00000000    rw-
  20207e00    20207e00    00000200   00000000    rw- .stack


SECTION ALLOCATION MAP

 output                                  attributes/
section   page    origin      length       input sections
--------  ----  ----------  ----------   ----------------
.intvecs   0    00000000    000000c0     
                  00000000    000000c0     startup_mspm0g350x_ticlang.o (.intvecs)

.text      0    000000c0    000054b0     
                  000000c0    000009d0     libc.a : _printfi.c.obj (.text:__TI_printfi)
                  00000a90    00000948     bsp_oled.o (.text.OLED_ShowFloatNum)
                  000013d8    00000644     bsp_oled.o (.text.OLED_DrawCircle)
                  00001a1c    00000544     bsp_oled.o (.text.OLED_DrawLine)
                  00001f60    0000046c     bsp_oled.o (.text.OLED_ShowSignedNum)
                  000023cc    00000408     bsp_oled.o (.text.OLED_ShowNum)
                  000027d4    000003a8     bsp_oled.o (.text.OLED_ShowBinNum)
                  00002b7c    000002dc     bsp_oled.o (.text.OLED_WriteData)
                  00002e58    000002a0     bsp_oled.o (.text.OLED_WriteCommand)
                  000030f8    00000264     bsp_oled.o (.text.OLED_ShowImage)
                  0000335c    00000248     empty.o (.text.main)
                  000035a4    00000220     libc.a : _printfi.c.obj (.text._pconv_a)
                  000037c4    000001dc            : _printfi.c.obj (.text._pconv_g)
                  000039a0    000001d8     bsp_oled.o (.text.OLED_DrawTriangle)
                  00003b78    000001cc     bsp_oled.o (.text.OLED_Init)
                  00003d44    00000192     libclang_rt.builtins.a : adddf3.S.obj (.text.adddf3_subdf3)
                  00003ed6    00000002     startup_mspm0g350x_ticlang.o (.text.Default_Handler)
                  00003ed8    00000160     bsp_oled.o (.text.OLED_ShowString)
                  00004038    00000144     libc.a : s_floor.c.obj (.text.floor)
                  0000417c    0000013c     bsp_oled.o (.text.OLED_DrawRectangle)
                  000042b8    0000013c     libc.a : _printfi.c.obj (.text.fcvt)
                  000043f4    00000120            : _printfi.c.obj (.text._pconv_e)
                  00004514    0000010c     libclang_rt.builtins.a : divdf3.S.obj (.text.__divdf3)
                  00004620    00000104     bsp_oled.o (.text.OLED_Update)
                  00004724    000000f8     bsp_oled.o (.text.OLED_ShowHexNum)
                  0000481c    000000e4     libclang_rt.builtins.a : muldf3.S.obj (.text.__muldf3)
                  00004900    000000d8     libc.a : s_scalbn.c.obj (.text.scalbn)
                  000049d8    000000a8            : s_round.c.obj (.text.round)
                  00004a80    000000a2     libclang_rt.builtins.a : udivmoddi4.S.obj (.text)
                  00004b22    0000009a     libc.a : memcpy16.S.obj (.text:memcpy)
                  00004bbc    00000004     libsysbm.a : hostexit.c.obj (.text.HOSTexit)
                  00004bc0    00000088     libc.a : strcmp-armv6m.S.obj (.text:strcmp)
                  00004c48    0000007c            : copy_decompress_lzss.c.obj (.text:decompress:lzss)
                  00004cc4    00000074     libclang_rt.builtins.a : comparedf2.c.obj (.text.__gedf2)
                  00004d38    00000068                            : comparedf2.c.obj (.text.__ledf2)
                  00004da0    00000066     libc.a : _printfi.c.obj (.text._mcpy)
                  00004e06    00000002     libclang_rt.builtins.a : aeabi_div0.c.obj (.text.__aeabi_idiv0)
                  00004e08    00000062                            : aeabi_dcmp.S.obj (.text.__aeabi_dcmp)
                  00004e6a    00000062     libc.a : memset16.S.obj (.text:memset)
                  00004ecc    0000005c            : s_frexp.c.obj (.text.frexp)
                  00004f28    00000058            : _ltoa.c.obj (.text.__TI_ltoa)
                  00004f80    00000058            : _printfi.c.obj (.text._pconv_f)
                  00004fd8    00000056     libclang_rt.builtins.a : aeabi_idivmod.S.obj (.text.__aeabi_idivmod)
                  0000502e    00000052     libc.a : _printfi.c.obj (.text._ecpy)
                  00005080    0000004a     libclang_rt.builtins.a : fixdfsi.S.obj (.text.__fixdfsi)
                  000050ca    00000002                            : aeabi_div0.c.obj (.text.__aeabi_ldiv0)
                  000050cc    00000042                            : fixunsdfsi.S.obj (.text.__fixunsdfsi)
                  0000510e    00000002     --HOLE-- [fill = 0]
                  00005110    00000040     ti_msp_dl_config.o (.text.SYSCFG_DL_SYSCTL_init)
                  00005150    00000040     libclang_rt.builtins.a : aeabi_uidivmod.S.obj (.text.__aeabi_uidivmod)
                  00005190    00000040     libc.a : atoi.c.obj (.text.atoi)
                  000051d0    00000040            : vsnprintf.c.obj (.text.vsnprintf)
                  00005210    0000003c            : autoinit.c.obj (.text:__TI_auto_init_nobinit_nopinit)
                  0000524c    0000003a     libclang_rt.builtins.a : muldsi3.S.obj (.text.__muldsi3)
                  00005286    00000030     libc.a : _printfi.c.obj (.text._fcpy)
                  000052b6    00000030            : vsnprintf.c.obj (.text._outs)
                  000052e6    0000002e     bsp_oled.o (.text.OLED_Printf)
                  00005314    0000002c     ti_msp_dl_config.o (.text.SYSCFG_DL_initPower)
                  00005340    0000002c     libclang_rt.builtins.a : floatsidf.S.obj (.text.__floatsidf)
                  0000536c    00000028     libc.a : boot_cortex_m.c.obj (.text:_c_int00_noargs)
                  00005394    00000024     libclang_rt.builtins.a : floatunsidf.S.obj (.text.__floatunsidf)
                  000053b8    00000024                            : muldi3.S.obj (.text.__muldi3)
                  000053dc    00000022     libc.a : memccpy.c.obj (.text.memccpy)
                  000053fe    00000002     --HOLE-- [fill = 0]
                  00005400    0000001e     libclang_rt.builtins.a : ashldi3.S.obj (.text.__ashldi3)
                  0000541e    00000002     --HOLE-- [fill = 0]
                  00005420    0000001c     ti_msp_dl_config.o (.text.SYSCFG_DL_GPIO_init)
                  0000543c    00000018     libc.a : vsnprintf.c.obj (.text._outc)
                  00005454    00000014     bsp_oled.o (.text.OLED_Clear)
                  00005468    00000014     libclang_rt.builtins.a : aeabi_uldivmod.S.obj (.text.__aeabi_uldivmod)
                  0000547c    00000014     libc.a : _printfi.c.obj (.text.strchr)
                  00005490    00000012            : copy_decompress_none.c.obj (.text:decompress:none)
                  000054a2    00000010     ti_msp_dl_config.o (.text.SYSCFG_DL_init)
                  000054b2    00000010     libc.a : wcslen.c.obj (.text.wcslen)
                  000054c2    00000010            : copy_zero_init.c.obj (.text:decompress:ZI)
                  000054d2    00000002     --HOLE-- [fill = 0]
                  000054d4    0000000e     libclang_rt.builtins.a : aeabi_memset.S.obj (.text.__aeabi_memset)
                  000054e2    0000000e     libc.a : _printfi.c.obj (.text.strlen)
                  000054f0    0000000c     libclang_rt.builtins.a : aeabi_memset.S.obj (.text.__aeabi_memclr)
                  000054fc    0000000a     driverlib.a : dl_common.o (.text.DL_Common_delayCycles)
                  00005506    0000000a     libc.a : _printfi.c.obj (.text.OUTLINED_FUNCTION_0)
                  00005510    00000010     libclang_rt.builtins.a : adddf3.S.obj (.tramp.__aeabi_dsub.1)
                  00005520    0000000a     libc.a : _printfi.c.obj (.text.OUTLINED_FUNCTION_1)
                  0000552a    00000008            : s_round.c.obj (.text.OUTLINED_FUNCTION_0)
                  00005532    00000002     --HOLE-- [fill = 0]
                  00005534    00000010     libclang_rt.builtins.a : adddf3.S.obj (.tramp.__aeabi_dadd.1)
                  00005544    00000008     libc.a : aeabi_portable.c.obj (.text.__aeabi_errno_addr)
                  0000554c    00000008     libclang_rt.builtins.a : aeabi_memcpy.S.obj (.text.__aeabi_memcpy)
                  00005554    00000006     libc.a : exit.c.obj (.text:abort)
                  0000555a    00000004     startup_mspm0g350x_ticlang.o (.text.Reset_Handler)
                  0000555e    00000004     libc.a : pre_init.c.obj (.text._system_pre_init)
                  00005562    0000000e     --HOLE-- [fill = 0]

.cinit     0    00006020    00000030     
                  00006020    0000000c     (__TI_handler_table)
                  0000602c    00000008     (.cinit..bss.load) [load image, compression = zero_init]
                  00006034    00000007     (.cinit..data.load) [load image, compression = lzss]
                  0000603b    00000001     --HOLE-- [fill = 0]
                  0000603c    00000010     (__TI_cinit_table)
                  0000604c    00000004     --HOLE-- [fill = 0]

.rodata    0    00005570    00000ab0     
                  00005570    000005f0     oledfont.o (.rodata.OLED_F8x16)
                  00005b60    0000023a     oledfont.o (.rodata.OLED_F6x8)
                  00005d9a    00000005     empty.o (.rodata.str1.11898133897667081452.1)
                  00005d9f    00000001     --HOLE-- [fill = 0]
                  00005da0    00000101     libc.a : aeabi_ctype.S.obj (.rodata:__aeabi_ctype_table_)
                  00005ea1    000000f5     oledfont.o (.rodata.OLED_CF16x16)
                  00005f96    00000013     empty.o (.rodata.str1.254342170260855183.1)
                  00005fa9    00000013     empty.o (.rodata.str1.9517790425240694019.1)
                  00005fbc    00000011     libc.a : _printfi.c.obj (.rodata.str1.10348868589481759720.1)
                  00005fcd    00000011            : _printfi.c.obj (.rodata.str1.15363888844622738466.1)
                  00005fde    0000000f     empty.o (.rodata.str1.14685083708502177989.1)
                  00005fed    0000000e     empty.o (.rodata.str1.150872071346279890.1)
                  00005ffb    0000000a     empty.o (.rodata.str1.15706828512682300538.1)
                  00006005    00000008     empty.o (.rodata.str1.2196762768037919588.1)
                  0000600d    00000007     empty.o (.rodata.str1.16704889451495720520.1)
                  00006014    00000005     empty.o (.rodata.str1.17669528882079347314.1)
                  00006019    00000005     empty.o (.rodata.str1.7401042497206923953.1)
                  0000601e    00000002     --HOLE-- [fill = 0]

.init_array 
*          0    00000000    00000000     UNINITIALIZED

.binit     0    00000000    00000000     

.bss       0    20200000    00000400     UNINITIALIZED
                  20200000    00000400     bsp_oled.o (.bss.OLED_DisplayBuf)

.data      0    20200400    00000004     UNINITIALIZED
                  20200400    00000004     libc.a : aeabi_portable.c.obj (.data.__aeabi_errno)

.stack     0    20207e00    00000200     UNINITIALIZED
                  20207e00    00000004     libc.a : boot_cortex_m.c.obj (.stack)
                  20207e04    000001fc     --HOLE--

__llvm_prf_cnts 
*          0    20200000    00000000     UNINITIALIZED

__llvm_prf_bits 
*          0    20200000    00000000     UNINITIALIZED

MODULE SUMMARY

       Module                         code    ro data   rw data
       ------                         ----    -------   -------
    .\
       empty.o                        584     107       0      
       startup_mspm0g350x_ticlang.o   6       192       0      
       ti_msp_dl_config.o             152     0         0      
    +--+------------------------------+-------+---------+---------+
       Total:                         742     299       0      
                                                               
    .\BSP\
       bsp_oled.o                     12618   0         1024   
       oledfont.o                     0       2335      0      
    +--+------------------------------+-------+---------+---------+
       Total:                         12618   2335      1024   
                                                               
    E:/TI/CCS/mspm0_sdk_2_10_00_04/source/ti/driverlib/lib/ticlang/m0p/mspm0g1x0x_g3x0x/driverlib.a
       dl_common.o                    10      0         0      
    +--+------------------------------+-------+---------+---------+
       Total:                         10      0         0      
                                                               
    E:\TI\CCS\ccs\tools\compiler\ti-cgt-armllvm_4.0.4.LTS\lib\armv6m-ti-none-eabi/c/libc.a
       _printfi.c.obj                 4510    34        0      
       s_floor.c.obj                  324     0         0      
       aeabi_ctype.S.obj              0       257       0      
       s_scalbn.c.obj                 216     0         0      
       s_round.c.obj                  176     0         0      
       memcpy16.S.obj                 154     0         0      
       strcmp-armv6m.S.obj            136     0         0      
       vsnprintf.c.obj                136     0         0      
       copy_decompress_lzss.c.obj     124     0         0      
       memset16.S.obj                 98      0         0      
       s_frexp.c.obj                  92      0         0      
       _ltoa.c.obj                    88      0         0      
       atoi.c.obj                     64      0         0      
       autoinit.c.obj                 60      0         0      
       boot_cortex_m.c.obj            40      0         0      
       memccpy.c.obj                  34      0         0      
       copy_decompress_none.c.obj     18      0         0      
       copy_zero_init.c.obj           16      0         0      
       wcslen.c.obj                   16      0         0      
       aeabi_portable.c.obj           8       0         4      
       exit.c.obj                     6       0         0      
       pre_init.c.obj                 4       0         0      
    +--+------------------------------+-------+---------+---------+
       Total:                         6320    291       4      
                                                               
    E:\TI\CCS\ccs\tools\compiler\ti-cgt-armllvm_4.0.4.LTS\lib\armv6m-ti-none-eabi/c/libsysbm.a
       hostexit.c.obj                 4       0         0      
    +--+------------------------------+-------+---------+---------+
       Total:                         4       0         0      
                                                               
    E:\TI\CCS\ccs\tools\compiler\ti-cgt-armllvm_4.0.4.LTS\lib\armv6m-ti-none-eabi/libclang_rt.builtins.a
       adddf3.S.obj                   434     0         0      
       divdf3.S.obj                   268     0         0      
       muldf3.S.obj                   228     0         0      
       comparedf2.c.obj               220     0         0      
       udivmoddi4.S.obj               162     0         0      
       aeabi_dcmp.S.obj               98      0         0      
       aeabi_idivmod.S.obj            86      0         0      
       fixdfsi.S.obj                  74      0         0      
       fixunsdfsi.S.obj               66      0         0      
       aeabi_uidivmod.S.obj           64      0         0      
       muldsi3.S.obj                  58      0         0      
       floatsidf.S.obj                44      0         0      
       floatunsidf.S.obj              36      0         0      
       muldi3.S.obj                   36      0         0      
       ashldi3.S.obj                  30      0         0      
       aeabi_memset.S.obj             26      0         0      
       aeabi_uldivmod.S.obj           20      0         0      
       aeabi_memcpy.S.obj             8       0         0      
       aeabi_div0.c.obj               4       0         0      
    +--+------------------------------+-------+---------+---------+
       Total:                         1962    0         0      
                                                               
       Stack:                         0       0         512    
       Linker Generated:              0       43        0      
    +--+------------------------------+-------+---------+---------+
       Grand Total:                   21656   2968      1540   


LINKER GENERATED COPY TABLES

__TI_cinit_table @ 0000603c records: 2, size/record: 8, table size: 16
	.bss: load addr=0000602c, load size=00000008 bytes, run addr=20200000, run size=00000400 bytes, compression=zero_init
	.data: load addr=00006034, load size=00000007 bytes, run addr=20200400, run size=00000004 bytes, compression=lzss


LINKER GENERATED HANDLER TABLE

__TI_handler_table @ 00006020 records: 3, size/record: 4, table size: 12
	index: 0, handler: __TI_decompress_lzss
	index: 1, handler: __TI_decompress_none
	index: 2, handler: __TI_zero_init


FAR CALL TRAMPOLINES

callee name               trampoline name
   callee addr  tramp addr   call addr  call info
--------------  -----------  ---------  ----------------
__aeabi_dsub              $Tramp$TT$L$PI$$__aeabi_dsub
   00003d45     00005510     0000550e   libc.a : _printfi.c.obj (.text.OUTLINED_FUNCTION_0)
__aeabi_dadd              $Tramp$TT$L$PI$$__aeabi_dadd
   00003d4f     00005534     00005530   libc.a : s_round.c.obj (.text.OUTLINED_FUNCTION_0)

[2 trampolines]
[2 trampoline calls]


GLOBAL SYMBOLS: SORTED ALPHABETICALLY BY Name 

address   name                          
-------   ----                          
00003ed7  ADC0_IRQHandler               
00003ed7  ADC1_IRQHandler               
00003ed7  AES_IRQHandler                
00004bbc  C$$EXIT                       
00003ed7  CANFD0_IRQHandler             
00003ed7  DAC0_IRQHandler               
000054fd  DL_Common_delayCycles         
00003ed7  DMA_IRQHandler                
00003ed7  Default_Handler               
00003ed7  GROUP0_IRQHandler             
00003ed7  GROUP1_IRQHandler             
00004bbd  HOSTexit                      
00003ed7  HardFault_Handler             
00003ed7  I2C0_IRQHandler               
00003ed7  I2C1_IRQHandler               
00003ed7  NMI_Handler                   
00005ea1  OLED_CF16x16                  
00005455  OLED_Clear                    
000013d9  OLED_DrawCircle               
00001a1d  OLED_DrawLine                 
0000417d  OLED_DrawRectangle            
000039a1  OLED_DrawTriangle             
00005b60  OLED_F6x8                     
00005570  OLED_F8x16                    
00003b79  OLED_Init                     
000052e7  OLED_Printf                   
000027d5  OLED_ShowBinNum               
00000a91  OLED_ShowFloatNum             
00004725  OLED_ShowHexNum               
000030f9  OLED_ShowImage                
000023cd  OLED_ShowNum                  
00001f61  OLED_ShowSignedNum            
00003ed9  OLED_ShowString               
00004621  OLED_Update                   
00003ed7  PendSV_Handler                
00003ed7  RTC_IRQHandler                
0000555b  Reset_Handler                 
00003ed7  SPI0_IRQHandler               
00003ed7  SPI1_IRQHandler               
00003ed7  SVC_Handler                   
00005421  SYSCFG_DL_GPIO_init           
00005111  SYSCFG_DL_SYSCTL_init         
000054a3  SYSCFG_DL_init                
00005315  SYSCFG_DL_initPower           
00003ed7  SysTick_Handler               
00003ed7  TIMA0_IRQHandler              
00003ed7  TIMA1_IRQHandler              
00003ed7  TIMG0_IRQHandler              
00003ed7  TIMG12_IRQHandler             
00003ed7  TIMG6_IRQHandler              
00003ed7  TIMG7_IRQHandler              
00003ed7  TIMG8_IRQHandler              
00003ed7  UART0_IRQHandler              
00003ed7  UART1_IRQHandler              
00003ed7  UART2_IRQHandler              
00003ed7  UART3_IRQHandler              
20208000  __STACK_END                   
00000200  __STACK_SIZE                  
00000000  __TI_ATRegion0_region_sz      
00000000  __TI_ATRegion0_src_addr       
00000000  __TI_ATRegion0_trg_addr       
00000000  __TI_ATRegion1_region_sz      
00000000  __TI_ATRegion1_src_addr       
00000000  __TI_ATRegion1_trg_addr       
00000000  __TI_ATRegion2_region_sz      
00000000  __TI_ATRegion2_src_addr       
00000000  __TI_ATRegion2_trg_addr       
0000603c  __TI_CINIT_Base               
0000604c  __TI_CINIT_Limit              
0000604c  __TI_CINIT_Warm               
00006020  __TI_Handler_Table_Base       
0000602c  __TI_Handler_Table_Limit      
00005211  __TI_auto_init_nobinit_nopinit
00004c49  __TI_decompress_lzss          
00005491  __TI_decompress_none          
00004f29  __TI_ltoa                     
ffffffff  __TI_pprof_out_hndl           
000000c1  __TI_printfi                  
ffffffff  __TI_prof_data_size           
ffffffff  __TI_prof_data_start          
00000000  __TI_static_base__            
000054c3  __TI_zero_init                
00003d4f  __adddf3                      
00005da0  __aeabi_ctype_table_          
00005da0  __aeabi_ctype_table_C         
00005081  __aeabi_d2iz                  
000050cd  __aeabi_d2uiz                 
00003d4f  __aeabi_dadd                  
00004e09  __aeabi_dcmpeq                
00004e45  __aeabi_dcmpge                
00004e59  __aeabi_dcmpgt                
00004e31  __aeabi_dcmple                
00004e1d  __aeabi_dcmplt                
00004515  __aeabi_ddiv                  
0000481d  __aeabi_dmul                  
00003d45  __aeabi_dsub                  
20200400  __aeabi_errno                 
00005545  __aeabi_errno_addr            
00005341  __aeabi_i2d                   
00004fd9  __aeabi_idiv                  
00004e07  __aeabi_idiv0                 
00004fd9  __aeabi_idivmod               
000050cb  __aeabi_ldiv0                 
00005401  __aeabi_llsl                  
000053b9  __aeabi_lmul                  
000054f1  __aeabi_memclr                
000054f1  __aeabi_memclr4               
000054f1  __aeabi_memclr8               
0000554d  __aeabi_memcpy                
0000554d  __aeabi_memcpy4               
0000554d  __aeabi_memcpy8               
000054d5  __aeabi_memset                
000054d5  __aeabi_memset4               
000054d5  __aeabi_memset8               
00005395  __aeabi_ui2d                  
00005151  __aeabi_uidiv                 
00005151  __aeabi_uidivmod              
00005469  __aeabi_uldivmod              
00005401  __ashldi3                     
ffffffff  __binit__                     
00004d39  __cmpdf2                      
00004515  __divdf3                      
00004d39  __eqdf2                       
00005081  __fixdfsi                     
000050cd  __fixunsdfsi                  
00005341  __floatsidf                   
00005395  __floatunsidf                 
00004cc5  __gedf2                       
00004cc5  __gtdf2                       
00004d39  __ledf2                       
00004d39  __ltdf2                       
UNDEFED   __mpu_init                    
0000481d  __muldf3                      
000053b9  __muldi3                      
0000524d  __muldsi3                     
00004d39  __nedf2                       
20207e00  __stack                       
20200000  __start___llvm_prf_bits       
20200000  __start___llvm_prf_cnts       
20200000  __stop___llvm_prf_bits        
20200000  __stop___llvm_prf_cnts        
00003d45  __subdf3                      
00004a81  __udivmoddi4                  
0000536d  _c_int00_noargs               
UNDEFED   _system_post_cinit            
0000555f  _system_pre_init              
00005555  abort                         
00005191  atoi                          
ffffffff  binit                         
00004039  floor                         
00004039  floorl                        
00004ecd  frexp                         
00004ecd  frexpl                        
00000000  interruptVectors              
00004901  ldexp                         
00004901  ldexpl                        
0000335d  main                          
000053dd  memccpy                       
00004b23  memcpy                        
00004e6b  memset                        
000049d9  round                         
000049d9  roundl                        
00004901  scalbn                        
00004901  scalbnl                       
00004bc1  strcmp                        
000051d1  vsnprintf                     
000054b3  wcslen                        


GLOBAL SYMBOLS: SORTED BY Symbol Address 

address   name                          
-------   ----                          
00000000  __TI_ATRegion0_region_sz      
00000000  __TI_ATRegion0_src_addr       
00000000  __TI_ATRegion0_trg_addr       
00000000  __TI_ATRegion1_region_sz      
00000000  __TI_ATRegion1_src_addr       
00000000  __TI_ATRegion1_trg_addr       
00000000  __TI_ATRegion2_region_sz      
00000000  __TI_ATRegion2_src_addr       
00000000  __TI_ATRegion2_trg_addr       
00000000  __TI_static_base__            
00000000  interruptVectors              
000000c1  __TI_printfi                  
00000200  __STACK_SIZE                  
00000a91  OLED_ShowFloatNum             
000013d9  OLED_DrawCircle               
00001a1d  OLED_DrawLine                 
00001f61  OLED_ShowSignedNum            
000023cd  OLED_ShowNum                  
000027d5  OLED_ShowBinNum               
000030f9  OLED_ShowImage                
0000335d  main                          
000039a1  OLED_DrawTriangle             
00003b79  OLED_Init                     
00003d45  __aeabi_dsub                  
00003d45  __subdf3                      
00003d4f  __adddf3                      
00003d4f  __aeabi_dadd                  
00003ed7  ADC0_IRQHandler               
00003ed7  ADC1_IRQHandler               
00003ed7  AES_IRQHandler                
00003ed7  CANFD0_IRQHandler             
00003ed7  DAC0_IRQHandler               
00003ed7  DMA_IRQHandler                
00003ed7  Default_Handler               
00003ed7  GROUP0_IRQHandler             
00003ed7  GROUP1_IRQHandler             
00003ed7  HardFault_Handler             
00003ed7  I2C0_IRQHandler               
00003ed7  I2C1_IRQHandler               
00003ed7  NMI_Handler                   
00003ed7  PendSV_Handler                
00003ed7  RTC_IRQHandler                
00003ed7  SPI0_IRQHandler               
00003ed7  SPI1_IRQHandler               
00003ed7  SVC_Handler                   
00003ed7  SysTick_Handler               
00003ed7  TIMA0_IRQHandler              
00003ed7  TIMA1_IRQHandler              
00003ed7  TIMG0_IRQHandler              
00003ed7  TIMG12_IRQHandler             
00003ed7  TIMG6_IRQHandler              
00003ed7  TIMG7_IRQHandler              
00003ed7  TIMG8_IRQHandler              
00003ed7  UART0_IRQHandler              
00003ed7  UART1_IRQHandler              
00003ed7  UART2_IRQHandler              
00003ed7  UART3_IRQHandler              
00003ed9  OLED_ShowString               
00004039  floor                         
00004039  floorl                        
0000417d  OLED_DrawRectangle            
00004515  __aeabi_ddiv                  
00004515  __divdf3                      
00004621  OLED_Update                   
00004725  OLED_ShowHexNum               
0000481d  __aeabi_dmul                  
0000481d  __muldf3                      
00004901  ldexp                         
00004901  ldexpl                        
00004901  scalbn                        
00004901  scalbnl                       
000049d9  round                         
000049d9  roundl                        
00004a81  __udivmoddi4                  
00004b23  memcpy                        
00004bbc  C$$EXIT                       
00004bbd  HOSTexit                      
00004bc1  strcmp                        
00004c49  __TI_decompress_lzss          
00004cc5  __gedf2                       
00004cc5  __gtdf2                       
00004d39  __cmpdf2                      
00004d39  __eqdf2                       
00004d39  __ledf2                       
00004d39  __ltdf2                       
00004d39  __nedf2                       
00004e07  __aeabi_idiv0                 
00004e09  __aeabi_dcmpeq                
00004e1d  __aeabi_dcmplt                
00004e31  __aeabi_dcmple                
00004e45  __aeabi_dcmpge                
00004e59  __aeabi_dcmpgt                
00004e6b  memset                        
00004ecd  frexp                         
00004ecd  frexpl                        
00004f29  __TI_ltoa                     
00004fd9  __aeabi_idiv                  
00004fd9  __aeabi_idivmod               
00005081  __aeabi_d2iz                  
00005081  __fixdfsi                     
000050cb  __aeabi_ldiv0                 
000050cd  __aeabi_d2uiz                 
000050cd  __fixunsdfsi                  
00005111  SYSCFG_DL_SYSCTL_init         
00005151  __aeabi_uidiv                 
00005151  __aeabi_uidivmod              
00005191  atoi                          
000051d1  vsnprintf                     
00005211  __TI_auto_init_nobinit_nopinit
0000524d  __muldsi3                     
000052e7  OLED_Printf                   
00005315  SYSCFG_DL_initPower           
00005341  __aeabi_i2d                   
00005341  __floatsidf                   
0000536d  _c_int00_noargs               
00005395  __aeabi_ui2d                  
00005395  __floatunsidf                 
000053b9  __aeabi_lmul                  
000053b9  __muldi3                      
000053dd  memccpy                       
00005401  __aeabi_llsl                  
00005401  __ashldi3                     
00005421  SYSCFG_DL_GPIO_init           
00005455  OLED_Clear                    
00005469  __aeabi_uldivmod              
00005491  __TI_decompress_none          
000054a3  SYSCFG_DL_init                
000054b3  wcslen                        
000054c3  __TI_zero_init                
000054d5  __aeabi_memset                
000054d5  __aeabi_memset4               
000054d5  __aeabi_memset8               
000054f1  __aeabi_memclr                
000054f1  __aeabi_memclr4               
000054f1  __aeabi_memclr8               
000054fd  DL_Common_delayCycles         
00005545  __aeabi_errno_addr            
0000554d  __aeabi_memcpy                
0000554d  __aeabi_memcpy4               
0000554d  __aeabi_memcpy8               
00005555  abort                         
0000555b  Reset_Handler                 
0000555f  _system_pre_init              
00005570  OLED_F8x16                    
00005b60  OLED_F6x8                     
00005da0  __aeabi_ctype_table_          
00005da0  __aeabi_ctype_table_C         
00005ea1  OLED_CF16x16                  
00006020  __TI_Handler_Table_Base       
0000602c  __TI_Handler_Table_Limit      
0000603c  __TI_CINIT_Base               
0000604c  __TI_CINIT_Limit              
0000604c  __TI_CINIT_Warm               
20200000  __start___llvm_prf_bits       
20200000  __start___llvm_prf_cnts       
20200000  __stop___llvm_prf_bits        
20200000  __stop___llvm_prf_cnts        
20200400  __aeabi_errno                 
20207e00  __stack                       
20208000  __STACK_END                   
ffffffff  __TI_pprof_out_hndl           
ffffffff  __TI_prof_data_size           
ffffffff  __TI_prof_data_start          
ffffffff  __binit__                     
ffffffff  binit                         
UNDEFED   __mpu_init                    
UNDEFED   _system_post_cinit            

[167 symbols]
