******************************************************************************
            TI ARM Clang Linker PC v4.0.4                      
******************************************************************************
>> Linked Thu Jul  2 10:13:56 2026

OUTPUT FILE NAME:   <V1.0.out>
ENTRY POINT SYMBOL: "_c_int00_noargs"  address: 0000744d


MEMORY CONFIGURATION

         name            origin    length      used     unused   attr    fill
----------------------  --------  ---------  --------  --------  ----  --------
  FLASH                 00000000   00020000  00009030  00016fd0  R  X
  SRAM                  20200000   00008000  00000856  000077aa  RW X
  BCR_CONFIG            41c00000   000000ff  00000000  000000ff  R   
  BSL_CONFIG            41c00100   00000080  00000000  00000080  R   


SEGMENT ALLOCATION MAP

run origin  load origin   length   init length attrs members
----------  ----------- ---------- ----------- ----- -------
00000000    00000000    00009030   00009030    r-x
  00000000    00000000    000000c0   000000c0    r-- .intvecs
  000000c0    000000c0    00007660   00007660    r-x .text
  00007720    00007720    000018b0   000018b0    r-- .rodata
  00008fd0    00008fd0    00000060   00000060    r-- .cinit
20200000    20200000    00000659   00000000    rw-
  20200000    20200000    000005b9   00000000    rw- .bss
  202005bc    202005bc    0000009d   00000000    rw- .data
20207e00    20207e00    00000200   00000000    rw-
  20207e00    20207e00    00000200   00000000    rw- .stack


SECTION ALLOCATION MAP

 output                                  attributes/
section   page    origin      length       input sections
--------  ----  ----------  ----------   ----------------
.intvecs   0    00000000    000000c0     
                  00000000    000000c0     startup_mspm0g350x_ticlang.o (.intvecs)

.text      0    000000c0    00007660     
                  000000c0    00001a08     bsp_oled.o (.text.OLED_Init)
                  00001ac8    00000cd0     bsp_oled.o (.text.OLED_ShowString)
                  00002798    000008e4     empty.o (.text.main)
                  0000307c    00000868     libc.a : _printfi.c.obj (.text:__TI_printfi_nofloat)
                  000038e4    0000035c     bsp_oled.o (.text.OLED_Refresh_Gram)
                  00003c40    000002b0     inv_mpu_dmp_motion_driver.o (.text.dmp_enable_feature)
                  00003ef0    00000208     bsp_imu.o (.text.IMU_Read)
                  000040f8    000001e8     inv_mpu.o (.text.mpu_lp_accel_mode)
                  000042e0    000001d0     bsp_siic.o (.text.hw_i2c_read)
                  000044b0    000001c8     libc.a : s_atanf.c.obj (.text.atanf)
                  00004678    000001a8     inv_mpu_dmp_motion_driver.o (.text.dmp_read_fifo)
                  00004820    00000198     line_sensor.o (.text.LineSensor_GetPosition)
                  000049b8    00000192     libclang_rt.builtins.a : adddf3.S.obj (.text.adddf3_subdf3)
                  00004b4a    00000002     startup_mspm0g350x_ticlang.o (.text.Default_Handler)
                  00004b4c    00000174     bsp_oled.o (.text.OLED_ShowChar)
                  00004cc0    00000170     libc.a : e_sqrt.c.obj (.text.sqrt)
                  00004e30    00000160            : e_asinf.c.obj (.text.asinf)
                  00004f90    0000013c     bsp_siic.o (.text.hw_i2c_write)
                  000050cc    00000134     inv_mpu_dmp_motion_driver.o (.text.dmp_set_tap_thresh)
                  00005200    00000128     inv_mpu.o (.text.mpu_set_sample_rate)
                  00005328    00000118     libc.a : e_atan2f.c.obj (.text.atan2f)
                  00005440    0000010c     inv_mpu.o (.text.mpu_init)
                  0000554c    00000104     driverlib.a : dl_timer.o (.text.DL_Timer_initFourCCPWMMode)
                  00005650    00000104     inv_mpu.o (.text.mpu_reset_fifo)
                  00005754    000000fc     driverlib.a : dl_timer.o (.text.DL_Timer_initTimerMode)
                  00005850    000000f4     inv_mpu.o (.text.mpu_load_firmware)
                  00005944    000000ec     inv_mpu_dmp_motion_driver.o (.text.dmp_set_orientation)
                  00005a30    000000e8     line_sensor.o (.text.LineSensor_IsOnLine)
                  00005b18    000000e8     ti_msp_dl_config.o (.text.SYSCFG_DL_GPIO_init)
                  00005c00    000000e4     line_sensor.o (.text.LineSensor_ReadDebounced)
                  00005ce4    000000e4     libclang_rt.builtins.a : muldf3.S.obj (.text.__muldf3)
                  00005dc8    000000e4     inv_mpu.o (.text.mpu_set_bypass)
                  00005eac    000000d8     libclang_rt.builtins.a : addsf3.S.obj (.text)
                  00005f84    000000d4     inv_mpu.o (.text.mpu_read_fifo_stream)
                  00006058    000000ca     pid.o (.text.PID_Compute)
                  00006122    00000002     libclang_rt.builtins.a : aeabi_div0.c.obj (.text.__aeabi_idiv0)
                  00006124    000000b4     inv_mpu.o (.text.mpu_set_dmp_state)
                  000061d8    000000b0     inv_mpu.o (.text.mpu_set_sensors)
                  00006288    000000a2     libclang_rt.builtins.a : udivmoddi4.S.obj (.text)
                  0000632a    00000002                            : aeabi_div0.c.obj (.text.__aeabi_ldiv0)
                  0000632c    0000009c     empty.o (.text.SysTick_Handler)
                  000063c8    0000009c     inv_mpu.o (.text.mpu_configure_fifo)
                  00006464    0000009c     inv_mpu.o (.text.mpu_read_mem)
                  00006500    0000009a     libc.a : memcpy16.S.obj (.text:memcpy)
                  0000659a    00000002     inv_mpu.o (.text.myget_ms)
                  0000659c    00000098     inv_mpu.o (.text.mpu_write_mem)
                  00006634    00000090     bsp_tb6612.o (.text.tb6612_set_direction)
                  000066c4    0000008c     libclang_rt.builtins.a : mulsf3.S.obj (.text.__mulsf3)
                  00006750    00000088     bsp_encoder.o (.text.GROUP1_IRQHandler)
                  000067d8    00000088     ti_msp_dl_config.o (.text.SYSCFG_DL_UART_DEBUG_init)
                  00006860    00000082     libclang_rt.builtins.a : divsf3.S.obj (.text.__divsf3)
                  000068e2    00000002     bsp_siic.o (.text.siic_init)
                  000068e4    0000007c     libc.a : copy_decompress_lzss.c.obj (.text:decompress:lzss)
                  00006960    00000074     libclang_rt.builtins.a : truncdfsf2.S.obj (.text.__truncdfsf2)
                  000069d4    00000074     inv_mpu.o (.text.mpu_set_gyro_fsr)
                  00006a48    00000070     bsp_imu.o (.text.IMU_Init)
                  00006ab8    0000006c     bsp_encoder.o (.text.TIMG0_IRQHandler)
                  00006b24    0000006c     inv_mpu.o (.text.mpu_set_lpf)
                  00006b90    00000068     ti_msp_dl_config.o (.text.SYSCFG_DL_PWMA_init)
                  00006bf8    00000068     ti_msp_dl_config.o (.text.SYSCFG_DL_PWMB_init)
                  00006c60    00000068     inv_mpu_dmp_motion_driver.o (.text.dmp_set_fifo_rate)
                  00006cc8    00000062     libclang_rt.builtins.a : aeabi_fcmp.S.obj (.text.__aeabi_fcmp)
                  00006d2a    00000062     libc.a : memset16.S.obj (.text:memset)
                  00006d8c    00000060     ti_msp_dl_config.o (.text.SYSCFG_DL_MPU6050_init)
                  00006dec    00000060     ti_msp_dl_config.o (.text.SYSCFG_DL_initPower)
                  00006e4c    0000005c     inv_mpu.o (.text.mpu_set_accel_fsr)
                  00006ea8    0000005a     bsp_delay.o (.text.bsp_delay_ms)
                  00006f02    00000002     --HOLE-- [fill = 0]
                  00006f04    0000004c     libc.a : snprintf.c.obj (.text.snprintf)
                  00006f50    00000048     driverlib.a : dl_uart.o (.text.DL_UART_init)
                  00006f98    00000048     line_sensor.o (.text.LineSensor_Read)
                  00006fe0    00000048     bsp_tb6612.o (.text.tb6612_init)
                  00007028    00000040     ti_msp_dl_config.o (.text.SYSCFG_DL_SYSCTL_init)
                  00007068    00000040     libclang_rt.builtins.a : aeabi_uidivmod.S.obj (.text.__aeabi_uidivmod)
                  000070a8    00000040                            : extendsfdf2.S.obj (.text.__extendsfdf2)
                  000070e8    00000040     libc.a : atoi.c.obj (.text.atoi)
                  00007128    0000003c     ti_msp_dl_config.o (.text.SYSCFG_DL_MOTOR_SPEED_init)
                  00007164    0000003c     ti_msp_dl_config.o (.text.SYSCFG_DL_init)
                  000071a0    0000003c     libclang_rt.builtins.a : floatsisf.S.obj (.text.__floatsisf)
                  000071dc    0000003c                            : comparesf2.S.obj (.text.__gtsf2)
                  00007218    0000003c     libc.a : autoinit.c.obj (.text:__TI_auto_init_nobinit_nopinit)
                  00007254    0000003a     libclang_rt.builtins.a : comparesf2.S.obj (.text.__eqsf2)
                  0000728e    00000002     --HOLE-- [fill = 0]
                  00007290    0000003a                            : muldsi3.S.obj (.text.__muldsi3)
                  000072ca    00000002     --HOLE-- [fill = 0]
                  000072cc    00000038     line_sensor.o (.text.LineSensor_Init)
                  00007304    00000038     libclang_rt.builtins.a : fixsfsi.S.obj (.text.__fixsfsi)
                  0000733c    00000034     inv_mpu.o (.text.mpu_get_accel_fsr)
                  00007370    00000030     ti_msp_dl_config.o (.text.SYSCFG_DL_SYSTICK_init)
                  000073a0    00000030     libc.a : snprintf.c.obj (.text._outs)
                  000073d0    0000002c     bsp_tb6612.o (.text.tb6612_set_duty)
                  000073fc    00000028     pid.o (.text.PID_Init)
                  00007424    00000028     libclang_rt.builtins.a : floatunsisf.S.obj (.text.__floatunsisf)
                  0000744c    00000028     libc.a : boot_cortex_m.c.obj (.text:_c_int00_noargs)
                  00007474    00000026     driverlib.a : dl_i2c.o (.text.DL_I2C_setClockConfig)
                  0000749a    00000002     --HOLE-- [fill = 0]
                  0000749c    00000024     libclang_rt.builtins.a : muldi3.S.obj (.text.__muldi3)
                  000074c0    00000022     libc.a : memccpy.c.obj (.text.memccpy)
                  000074e2    00000002     --HOLE-- [fill = 0]
                  000074e4    00000020     bsp_encoder.o (.text.encoder_init)
                  00007504    0000001e     libclang_rt.builtins.a : ashldi3.S.obj (.text.__ashldi3)
                  00007522    00000002     --HOLE-- [fill = 0]
                  00007524    0000001c     driverlib.a : dl_timer.o (.text.DL_Timer_setCaptCompUpdateMethod)
                  00007540    0000001c                 : dl_timer.o (.text.DL_Timer_setClockConfig)
                  0000755c    0000001c     inv_mpu_dmp_motion_driver.o (.text.dmp_load_motion_driver_firmware)
                  00007578    00000018     driverlib.a : dl_timer.o (.text.DL_Timer_setCaptureCompareOutCtl)
                  00007590    00000018     libc.a : snprintf.c.obj (.text._outc)
                  000075a8    00000018     bsp_siic.o (.text.siic_read_reg)
                  000075c0    00000018     bsp_siic.o (.text.siic_write_reg)
                  000075d8    00000014     libclang_rt.builtins.a : aeabi_uldivmod.S.obj (.text.__aeabi_uldivmod)
                  000075ec    00000012     bsp_siic.o (.text.BSP_I2C_WriteReg)
                  000075fe    00000012     driverlib.a : dl_uart.o (.text.DL_UART_setClockConfig)
                  00007610    00000012     libc.a : copy_decompress_none.c.obj (.text:decompress:none)
                  00007622    00000002     --HOLE-- [fill = 0]
                  00007624    00000010     driverlib.a : dl_timer.o (.text.DL_Timer_setCaptureCompareValue)
                  00007634    00000010     libc.a : wcslen.c.obj (.text.wcslen)
                  00007644    00000010            : copy_zero_init.c.obj (.text:decompress:ZI)
                  00007654    0000000e     libclang_rt.builtins.a : aeabi_memset.S.obj (.text.__aeabi_memset)
                  00007662    0000000e     bsp_siic.o (.text.siic_delay_ms)
                  00007670    0000000e     libc.a : _printfi.c.obj (.text.strlen)
                  0000767e    0000000c     bsp_siic.o (.text.BSP_I2C_ReadReg)
                  0000768a    00000002     --HOLE-- [fill = 0]
                  0000768c    0000000c     libclang_rt.builtins.a : aeabi_memset.S.obj (.text.__aeabi_memclr)
                  00007698    0000000a     driverlib.a : dl_common.o (.text.DL_Common_delayCycles)
                  000076a2    00000008     pid.o (.text.PID_Reset)
                  000076aa    00000002     --HOLE-- [fill = 0]
                  000076ac    00000008     libc.a : aeabi_portable.c.obj (.text.__aeabi_errno_addr)
                  000076b4    00000008     libclang_rt.builtins.a : aeabi_memcpy.S.obj (.text.__aeabi_memcpy)
                  000076bc    00000006     libc.a : e_asinf.c.obj (.text.OUTLINED_FUNCTION_0)
                  000076c2    00000002     --HOLE-- [fill = 0]
                  000076c4    00000010     libclang_rt.builtins.a : mulsf3.S.obj (.tramp.__aeabi_fmul.1)
                  000076d4    00000006     libc.a : s_atanf.c.obj (.text.OUTLINED_FUNCTION_0)
                  000076da    00000002     --HOLE-- [fill = 0]
                  000076dc    00000010     libclang_rt.builtins.a : divsf3.S.obj (.tramp.__aeabi_fdiv.1)
                  000076ec    00000006     libc.a : exit.c.obj (.text:abort)
                  000076f2    00000004     libsysbm.a : hostexit.c.obj (.text.HOSTexit)
                  000076f6    00000004     libc.a : s_atanf.c.obj (.text.OUTLINED_FUNCTION_1)
                  000076fa    00000002     --HOLE-- [fill = 0]
                  000076fc    00000010     libclang_rt.builtins.a : addsf3.S.obj (.tramp.__aeabi_fadd.1)
                  0000770c    00000004     startup_mspm0g350x_ticlang.o (.text.Reset_Handler)
                  00007710    00000004     libc.a : pre_init.c.obj (.text._system_pre_init)
                  00007714    00000004     bsp_siic.o (.text.siic_read)
                  00007718    00000004     bsp_siic.o (.text.siic_write)
                  0000771c    00000004     --HOLE-- [fill = 0]

.cinit     0    00008fd0    00000060     
                  00008fd0    00000035     (.cinit..data.load) [load image, compression = lzss]
                  00009005    00000003     --HOLE-- [fill = 0]
                  00009008    0000000c     (__TI_handler_table)
                  00009014    00000008     (.cinit..bss.load) [load image, compression = zero_init]
                  0000901c    00000010     (__TI_cinit_table)
                  0000902c    00000004     --HOLE-- [fill = 0]

.rodata    0    00007720    000018b0     
                  00007720    00000bf6     inv_mpu_dmp_motion_driver.o (.rodata.dmp_memory)
                  00008316    000005f0     bsp_oled.o (.rodata.oled_asc2_1608)
                  00008906    00000474     bsp_oled.o (.rodata.oled_asc2_1206)
                  00008d7a    00000005     empty.o (.rodata.str1.150872071346279890.1)
                  00008d7f    00000001     empty.o (.rodata.str1.16704889451495720520.1)
                  00008d80    00000101     libc.a : aeabi_ctype.S.obj (.rodata:__aeabi_ctype_table_)
                  00008e81    00000003     inv_mpu_dmp_motion_driver.o (.rodata..L__const.dmp_set_orientation.accel_axes)
                  00008e84    00000028     inv_mpu.o (.rodata.test)
                  00008eac    00000020     libc.a : s_atanf.c.obj (.rodata.cst16)
                  00008ecc    00000020     inv_mpu.o (.rodata.cst8)
                  00008eec    0000001b     inv_mpu.o (.rodata.reg)
                  00008f07    00000001     --HOLE-- [fill = 0]
                  00008f08    00000014     ti_msp_dl_config.o (.rodata.gMOTOR_SPEEDTimerConfig)
                  00008f1c    00000011     libc.a : _printfi.c.obj (.rodata.str1.10348868589481759720.1)
                  00008f2d    00000011            : _printfi.c.obj (.rodata.str1.15363888844622738466.1)
                  00008f3e    0000000f     empty.o (.rodata.str1.15706828512682300538.1)
                  00008f4d    0000000e     empty.o (.rodata.str1.14685083708502177989.1)
                  00008f5b    0000000e     empty.o (.rodata.str1.2196762768037919588.1)
                  00008f69    00000001     --HOLE-- [fill = 0]
                  00008f6a    0000000c     inv_mpu.o (.rodata.hw)
                  00008f76    0000000c     empty.o (.rodata.str1.11898133897667081452.1)
                  00008f82    0000000b     empty.o (.rodata.str1.17669528882079347314.1)
                  00008f8d    0000000b     empty.o (.rodata.str1.7401042497206923953.1)
                  00008f98    0000000a     ti_msp_dl_config.o (.rodata.gUART_DEBUGConfig)
                  00008fa2    00000009     empty.o (.rodata.str1.254342170260855183.1)
                  00008fab    00000001     --HOLE-- [fill = 0]
                  00008fac    00000008     ti_msp_dl_config.o (.rodata.gPWMAConfig)
                  00008fb4    00000008     ti_msp_dl_config.o (.rodata.gPWMBConfig)
                  00008fbc    00000003     inv_mpu_dmp_motion_driver.o (.rodata..L__const.dmp_set_orientation.gyro_axes)
                  00008fbf    00000003     ti_msp_dl_config.o (.rodata.gMOTOR_SPEEDClockConfig)
                  00008fc2    00000003     ti_msp_dl_config.o (.rodata.gPWMAClockConfig)
                  00008fc5    00000003     ti_msp_dl_config.o (.rodata.gPWMBClockConfig)
                  00008fc8    00000003     empty.o (.rodata.str1.9517790425240694019.1)
                  00008fcb    00000002     ti_msp_dl_config.o (.rodata.gMPU6050ClockConfig)
                  00008fcd    00000002     ti_msp_dl_config.o (.rodata.gUART_DEBUGClockConfig)
                  00008fcf    00000001     --HOLE-- [fill = 0]

.init_array 
*          0    00000000    00000000     UNINITIALIZED

.binit     0    00000000    00000000     

.bss       0    20200000    000005b9     UNINITIALIZED
                  20200000    00000400     (.common:OLED_GRAM)
                  20200400    000000bc     (.common:gPWMABackup)
                  202004bc    000000bc     (.common:gPWMBBackup)
                  20200578    00000024     empty.o (.bss.pid)
                  2020059c    00000004     empty.o (.bss.deviation_dir)
                  202005a0    00000004     empty.o (.bss.last_yaw_rate)
                  202005a4    00000004     empty.o (.bss.line_lost_cnt)
                  202005a8    00000004     empty.o (.bss.pos_filt)
                  202005ac    00000004     empty.o (.bss.prev_yaw)
                  202005b0    00000004     empty.o (.bss.white_cnt)
                  202005b4    00000004     empty.o (.bss.yaw_offset)
                  202005b8    00000001     empty.o (.bss.imu_ok)

.data      0    202005bc    0000009d     UNINITIALIZED
                  202005bc    0000002c     inv_mpu.o (.data.st)
                  202005e8    00000018     bsp_siic.o (.data.User_sIICDev)
                  20200600    00000008     bsp_encoder.o (.data.encoder_count)
                  20200608    00000008     bsp_encoder.o (.data.encoder_speed_rpm)
                  20200610    00000004     libc.a : aeabi_portable.c.obj (.data.__aeabi_errno)
                  20200614    00000004     empty.o (.data.cooldown)
                  20200618    00000004     inv_mpu_dmp_motion_driver.o (.data.dmp.0)
                  2020061c    00000004     inv_mpu_dmp_motion_driver.o (.data.dmp.1)
                  20200620    00000004     bsp_siic.o (.data.g_i2c_err_line)
                  20200624    00000004     empty.o (.data.k1t)
                  20200628    00000004     empty.o (.data.k2t)
                  2020062c    00000004     empty.o (.data.lap)
                  20200630    00000004     line_sensor.o (.data.last_position)
                  20200634    00000004     inv_mpu.o (.data.mpu_init_step)
                  20200638    00000004     empty.o (.data.target)
                  2020063c    00000004     empty.o (.data.tick)
                  20200640    00000004     bsp_imu.o (.data.yaw_offset)
                  20200644    00000004     bsp_imu.o (.data.yaw_settle_cnt)
                  20200648    00000002     inv_mpu_dmp_motion_driver.o (.data.dmp.2)
                  2020064a    00000001     inv_mpu_dmp_motion_driver.o (.data.dmp.5)
                  2020064b    00000001     empty.o (.data.k1)
                  2020064c    00000002     inv_mpu_dmp_motion_driver.o (.data.dmp.3)
                  2020064e    00000001     empty.o (.data.k2)
                  2020064f    00000001     empty.o (.data.krdy)
                  20200650    00000002     inv_mpu_dmp_motion_driver.o (.data.dmp.4)
                  20200652    00000001     empty.o (.data.pk1)
                  20200653    00000001     empty.o (.data.pk2)
                  20200654    00000001     bsp_imu.o (.data.dmp_ready)
                  20200655    00000003     --HOLE--
                  20200658    00000001     empty.o (.data.started)

.stack     0    20207e00    00000200     UNINITIALIZED
                  20207e00    00000004     libc.a : boot_cortex_m.c.obj (.stack)
                  20207e04    000001fc     --HOLE--

__llvm_prf_cnts 
*          0    20200000    00000000     UNINITIALIZED

__llvm_prf_bits 
*          0    20200000    00000000     UNINITIALIZED

MODULE SUMMARY

       Module                         code    ro data   rw data
       ------                         ----    -------   -------
    .\
       empty.o                        2432    95        95     
       ti_msp_dl_config.o             1000    59        376    
       startup_mspm0g350x_ticlang.o   6       192       0      
    +--+------------------------------+-------+---------+---------+
       Total:                         3438    346       471    
                                                               
    .\BSP\
       bsp_oled.o                     11176   2660      1024   
       inv_mpu_dmp_motion_driver.o    1788    3068      15     
       inv_mpu.o                      3186    111       48     
       line_sensor.o                  996     0         4      
       bsp_siic.o                     882     0         28     
       bsp_imu.o                      632     0         9      
       bsp_encoder.o                  276     0         16     
       bsp_tb6612.o                   260     0         0      
       pid.o                          250     0         0      
       bsp_delay.o                    90      0         0      
    +--+------------------------------+-------+---------+---------+
       Total:                         19536   5839      1144   
                                                               
    E:/TI/CCS/mspm0_sdk_2_10_00_04/source/ti/driverlib/lib/ticlang/m0p/mspm0g1x0x_g3x0x/driverlib.a
       dl_timer.o                     608     0         0      
       dl_uart.o                      90      0         0      
       dl_i2c.o                       38      0         0      
       dl_common.o                    10      0         0      
    +--+------------------------------+-------+---------+---------+
       Total:                         746     0         0      
                                                               
    E:\TI\CCS\ccs\tools\compiler\ti-cgt-armllvm_4.0.4.LTS\lib\armv6m-ti-none-eabi/c/libc.a
       _printfi.c.obj                 2166    34        0      
       s_atanf.c.obj                  466     32        0      
       e_sqrt.c.obj                   368     0         0      
       e_asinf.c.obj                  358     0         0      
       e_atan2f.c.obj                 280     0         0      
       aeabi_ctype.S.obj              0       257       0      
       memcpy16.S.obj                 154     0         0      
       snprintf.c.obj                 148     0         0      
       copy_decompress_lzss.c.obj     124     0         0      
       memset16.S.obj                 98      0         0      
       atoi.c.obj                     64      0         0      
       autoinit.c.obj                 60      0         0      
       boot_cortex_m.c.obj            40      0         0      
       memccpy.c.obj                  34      0         0      
       copy_decompress_none.c.obj     18      0         0      
       copy_zero_init.c.obj           16      0         0      
       wcslen.c.obj                   16      0         0      
       aeabi_portable.c.obj           8       0         4      
       exit.c.obj                     6       0         0      
       pre_init.c.obj                 4       0         0      
    +--+------------------------------+-------+---------+---------+
       Total:                         4428    323       4      
                                                               
    E:\TI\CCS\ccs\tools\compiler\ti-cgt-armllvm_4.0.4.LTS\lib\armv6m-ti-none-eabi/c/libsysbm.a
       hostexit.c.obj                 4       0         0      
    +--+------------------------------+-------+---------+---------+
       Total:                         4       0         0      
                                                               
    E:\TI\CCS\ccs\tools\compiler\ti-cgt-armllvm_4.0.4.LTS\lib\armv6m-ti-none-eabi/libclang_rt.builtins.a
       adddf3.S.obj                   402     0         0      
       addsf3.S.obj                   232     0         0      
       muldf3.S.obj                   228     0         0      
       udivmoddi4.S.obj               162     0         0      
       mulsf3.S.obj                   156     0         0      
       divsf3.S.obj                   146     0         0      
       comparesf2.S.obj               118     0         0      
       truncdfsf2.S.obj               116     0         0      
       aeabi_fcmp.S.obj               98      0         0      
       aeabi_uidivmod.S.obj           64      0         0      
       extendsfdf2.S.obj              64      0         0      
       floatsisf.S.obj                60      0         0      
       muldsi3.S.obj                  58      0         0      
       fixsfsi.S.obj                  56      0         0      
       floatunsisf.S.obj              40      0         0      
       muldi3.S.obj                   36      0         0      
       ashldi3.S.obj                  30      0         0      
       aeabi_memset.S.obj             26      0         0      
       aeabi_uldivmod.S.obj           20      0         0      
       aeabi_memcpy.S.obj             8       0         0      
       aeabi_div0.c.obj               4       0         0      
    +--+------------------------------+-------+---------+---------+
       Total:                         2124    0         0      
                                                               
       Stack:                         0       0         512    
       Linker Generated:              0       89        0      
    +--+------------------------------+-------+---------+---------+
       Grand Total:                   30276   6597      2131   


LINKER GENERATED COPY TABLES

__TI_cinit_table @ 0000901c records: 2, size/record: 8, table size: 16
	.data: load addr=00008fd0, load size=00000035 bytes, run addr=202005bc, run size=0000009d bytes, compression=lzss
	.bss: load addr=00009014, load size=00000008 bytes, run addr=20200000, run size=000005b9 bytes, compression=zero_init


LINKER GENERATED HANDLER TABLE

__TI_handler_table @ 00009008 records: 3, size/record: 4, table size: 12
	index: 0, handler: __TI_decompress_lzss
	index: 1, handler: __TI_decompress_none
	index: 2, handler: __TI_zero_init


FAR CALL TRAMPOLINES

callee name               trampoline name
   callee addr  tramp addr   call addr  call info
--------------  -----------  ---------  ----------------
__aeabi_fmul              $Tramp$TT$L$PI$$__aeabi_fmul
   000066c5     000076c4     000076c0   libc.a : e_asinf.c.obj (.text.OUTLINED_FUNCTION_0)
__aeabi_fdiv              $Tramp$TT$L$PI$$__aeabi_fdiv
   00006861     000076dc     000076d8   libc.a : s_atanf.c.obj (.text.OUTLINED_FUNCTION_0)
__aeabi_fadd              $Tramp$TT$L$PI$$__aeabi_fadd
   00005eb7     000076fc     000076f8   libc.a : s_atanf.c.obj (.text.OUTLINED_FUNCTION_1)

[3 trampolines]
[3 trampoline calls]


GLOBAL SYMBOLS: SORTED ALPHABETICALLY BY Name 

address   name                            
-------   ----                            
00004b4b  ADC0_IRQHandler                 
00004b4b  ADC1_IRQHandler                 
00004b4b  AES_IRQHandler                  
0000767f  BSP_I2C_ReadReg                 
000075ed  BSP_I2C_WriteReg                
000076f2  C$$EXIT                         
00004b4b  CANFD0_IRQHandler               
00004b4b  DAC0_IRQHandler                 
00007699  DL_Common_delayCycles           
00007475  DL_I2C_setClockConfig           
0000554d  DL_Timer_initFourCCPWMMode      
00005755  DL_Timer_initTimerMode          
00007525  DL_Timer_setCaptCompUpdateMethod
00007579  DL_Timer_setCaptureCompareOutCtl
00007625  DL_Timer_setCaptureCompareValue 
00007541  DL_Timer_setClockConfig         
00006f51  DL_UART_init                    
000075ff  DL_UART_setClockConfig          
00004b4b  DMA_IRQHandler                  
00004b4b  Default_Handler                 
00004b4b  GROUP0_IRQHandler               
00006751  GROUP1_IRQHandler               
000076f3  HOSTexit                        
00004b4b  HardFault_Handler               
00004b4b  I2C0_IRQHandler                 
00004b4b  I2C1_IRQHandler                 
00006a49  IMU_Init                        
00003ef1  IMU_Read                        
00004821  LineSensor_GetPosition          
000072cd  LineSensor_Init                 
00005a31  LineSensor_IsOnLine             
00006f99  LineSensor_Read                 
00005c01  LineSensor_ReadDebounced        
00004b4b  NMI_Handler                     
20200000  OLED_GRAM                       
000000c1  OLED_Init                       
000038e5  OLED_Refresh_Gram               
00004b4d  OLED_ShowChar                   
00001ac9  OLED_ShowString                 
00006059  PID_Compute                     
000073fd  PID_Init                        
000076a3  PID_Reset                       
00004b4b  PendSV_Handler                  
00004b4b  RTC_IRQHandler                  
0000770d  Reset_Handler                   
00004b4b  SPI0_IRQHandler                 
00004b4b  SPI1_IRQHandler                 
00004b4b  SVC_Handler                     
00005b19  SYSCFG_DL_GPIO_init             
00007129  SYSCFG_DL_MOTOR_SPEED_init      
00006d8d  SYSCFG_DL_MPU6050_init          
00006b91  SYSCFG_DL_PWMA_init             
00006bf9  SYSCFG_DL_PWMB_init             
00007029  SYSCFG_DL_SYSCTL_init           
00007371  SYSCFG_DL_SYSTICK_init          
000067d9  SYSCFG_DL_UART_DEBUG_init       
00007165  SYSCFG_DL_init                  
00006ded  SYSCFG_DL_initPower             
0000632d  SysTick_Handler                 
00004b4b  TIMA0_IRQHandler                
00004b4b  TIMA1_IRQHandler                
00006ab9  TIMG0_IRQHandler                
00004b4b  TIMG12_IRQHandler               
00004b4b  TIMG6_IRQHandler                
00004b4b  TIMG7_IRQHandler                
00004b4b  TIMG8_IRQHandler                
00004b4b  UART0_IRQHandler                
00004b4b  UART1_IRQHandler                
00004b4b  UART2_IRQHandler                
00004b4b  UART3_IRQHandler                
202005e8  User_sIICDev                    
20208000  __STACK_END                     
00000200  __STACK_SIZE                    
00000000  __TI_ATRegion0_region_sz        
00000000  __TI_ATRegion0_src_addr         
00000000  __TI_ATRegion0_trg_addr         
00000000  __TI_ATRegion1_region_sz        
00000000  __TI_ATRegion1_src_addr         
00000000  __TI_ATRegion1_trg_addr         
00000000  __TI_ATRegion2_region_sz        
00000000  __TI_ATRegion2_src_addr         
00000000  __TI_ATRegion2_trg_addr         
0000901c  __TI_CINIT_Base                 
0000902c  __TI_CINIT_Limit                
0000902c  __TI_CINIT_Warm                 
00009008  __TI_Handler_Table_Base         
00009014  __TI_Handler_Table_Limit        
00007219  __TI_auto_init_nobinit_nopinit  
000068e5  __TI_decompress_lzss            
00007611  __TI_decompress_none            
ffffffff  __TI_pprof_out_hndl             
0000307d  __TI_printfi_nofloat            
ffffffff  __TI_prof_data_size             
ffffffff  __TI_prof_data_start            
00000000  __TI_static_base__              
00007645  __TI_zero_init                  
000049c3  __adddf3                        
00005eb7  __addsf3                        
00008d80  __aeabi_ctype_table_            
00008d80  __aeabi_ctype_table_C           
00006961  __aeabi_d2f                     
000049c3  __aeabi_dadd                    
00005ce5  __aeabi_dmul                    
000049b9  __aeabi_dsub                    
20200610  __aeabi_errno                   
000076ad  __aeabi_errno_addr              
000070a9  __aeabi_f2d                     
00007305  __aeabi_f2iz                    
00005eb7  __aeabi_fadd                    
00006cc9  __aeabi_fcmpeq                  
00006d05  __aeabi_fcmpge                  
00006d19  __aeabi_fcmpgt                  
00006cf1  __aeabi_fcmple                  
00006cdd  __aeabi_fcmplt                  
00006861  __aeabi_fdiv                    
000066c5  __aeabi_fmul                    
00005ead  __aeabi_fsub                    
000071a1  __aeabi_i2f                     
00006123  __aeabi_idiv0                   
0000632b  __aeabi_ldiv0                   
00007505  __aeabi_llsl                    
0000749d  __aeabi_lmul                    
0000768d  __aeabi_memclr                  
0000768d  __aeabi_memclr4                 
0000768d  __aeabi_memclr8                 
000076b5  __aeabi_memcpy                  
000076b5  __aeabi_memcpy4                 
000076b5  __aeabi_memcpy8                 
00007655  __aeabi_memset                  
00007655  __aeabi_memset4                 
00007655  __aeabi_memset8                 
00007425  __aeabi_ui2f                    
00007069  __aeabi_uidiv                   
00007069  __aeabi_uidivmod                
000075d9  __aeabi_uldivmod                
00007505  __ashldi3                       
ffffffff  __binit__                       
00007255  __cmpsf2                        
00006861  __divsf3                        
00007255  __eqsf2                         
000070a9  __extendsfdf2                   
00007305  __fixsfsi                       
000071a1  __floatsisf                     
00007425  __floatunsisf                   
000071dd  __gesf2                         
000071dd  __gtsf2                         
00007255  __lesf2                         
00007255  __ltsf2                         
UNDEFED   __mpu_init                      
00005ce5  __muldf3                        
0000749d  __muldi3                        
00007291  __muldsi3                       
000066c5  __mulsf3                        
00007255  __nesf2                         
20207e00  __stack                         
20200000  __start___llvm_prf_bits         
20200000  __start___llvm_prf_cnts         
20200000  __stop___llvm_prf_bits          
20200000  __stop___llvm_prf_cnts          
000049b9  __subdf3                        
00005ead  __subsf3                        
00006961  __truncdfsf2                    
00006289  __udivmoddi4                    
0000744d  _c_int00_noargs                 
UNDEFED   _system_post_cinit              
00007711  _system_pre_init                
000076ed  abort                           
00004e31  asinf                           
00005329  atan2f                          
000044b1  atanf                           
000070e9  atoi                            
ffffffff  binit                           
00006ea9  bsp_delay_ms                    
00003c41  dmp_enable_feature              
0000755d  dmp_load_motion_driver_firmware 
00004679  dmp_read_fifo                   
00006c61  dmp_set_fifo_rate               
00005945  dmp_set_orientation             
000050cd  dmp_set_tap_thresh              
000074e5  encoder_init                    
20200400  gPWMABackup                     
202004bc  gPWMBBackup                     
20200620  g_i2c_err_line                  
00008f6a  hw                              
00000000  interruptVectors                
00002799  main                            
000074c1  memccpy                         
00006501  memcpy                          
00006d2b  memset                          
000063c9  mpu_configure_fifo              
0000733d  mpu_get_accel_fsr               
00005441  mpu_init                        
20200634  mpu_init_step                   
00005851  mpu_load_firmware               
000040f9  mpu_lp_accel_mode               
00005f85  mpu_read_fifo_stream            
00006465  mpu_read_mem                    
00005651  mpu_reset_fifo                  
00006e4d  mpu_set_accel_fsr               
00005dc9  mpu_set_bypass                  
00006125  mpu_set_dmp_state               
000069d5  mpu_set_gyro_fsr                
00006b25  mpu_set_lpf                     
00005201  mpu_set_sample_rate             
000061d9  mpu_set_sensors                 
0000659d  mpu_write_mem                   
0000659b  myget_ms                        
00008906  oled_asc2_1206                  
00008316  oled_asc2_1608                  
00008eec  reg                             
00006f05  snprintf                        
00004cc1  sqrt                            
00004cc1  sqrtl                           
00006fe1  tb6612_init                     
00006635  tb6612_set_direction            
000073d1  tb6612_set_duty                 
00008e84  test                            
00007635  wcslen                          


GLOBAL SYMBOLS: SORTED BY Symbol Address 

address   name                            
-------   ----                            
00000000  __TI_ATRegion0_region_sz        
00000000  __TI_ATRegion0_src_addr         
00000000  __TI_ATRegion0_trg_addr         
00000000  __TI_ATRegion1_region_sz        
00000000  __TI_ATRegion1_src_addr         
00000000  __TI_ATRegion1_trg_addr         
00000000  __TI_ATRegion2_region_sz        
00000000  __TI_ATRegion2_src_addr         
00000000  __TI_ATRegion2_trg_addr         
00000000  __TI_static_base__              
00000000  interruptVectors                
000000c1  OLED_Init                       
00000200  __STACK_SIZE                    
00001ac9  OLED_ShowString                 
00002799  main                            
0000307d  __TI_printfi_nofloat            
000038e5  OLED_Refresh_Gram               
00003c41  dmp_enable_feature              
00003ef1  IMU_Read                        
000040f9  mpu_lp_accel_mode               
000044b1  atanf                           
00004679  dmp_read_fifo                   
00004821  LineSensor_GetPosition          
000049b9  __aeabi_dsub                    
000049b9  __subdf3                        
000049c3  __adddf3                        
000049c3  __aeabi_dadd                    
00004b4b  ADC0_IRQHandler                 
00004b4b  ADC1_IRQHandler                 
00004b4b  AES_IRQHandler                  
00004b4b  CANFD0_IRQHandler               
00004b4b  DAC0_IRQHandler                 
00004b4b  DMA_IRQHandler                  
00004b4b  Default_Handler                 
00004b4b  GROUP0_IRQHandler               
00004b4b  HardFault_Handler               
00004b4b  I2C0_IRQHandler                 
00004b4b  I2C1_IRQHandler                 
00004b4b  NMI_Handler                     
00004b4b  PendSV_Handler                  
00004b4b  RTC_IRQHandler                  
00004b4b  SPI0_IRQHandler                 
00004b4b  SPI1_IRQHandler                 
00004b4b  SVC_Handler                     
00004b4b  TIMA0_IRQHandler                
00004b4b  TIMA1_IRQHandler                
00004b4b  TIMG12_IRQHandler               
00004b4b  TIMG6_IRQHandler                
00004b4b  TIMG7_IRQHandler                
00004b4b  TIMG8_IRQHandler                
00004b4b  UART0_IRQHandler                
00004b4b  UART1_IRQHandler                
00004b4b  UART2_IRQHandler                
00004b4b  UART3_IRQHandler                
00004b4d  OLED_ShowChar                   
00004cc1  sqrt                            
00004cc1  sqrtl                           
00004e31  asinf                           
000050cd  dmp_set_tap_thresh              
00005201  mpu_set_sample_rate             
00005329  atan2f                          
00005441  mpu_init                        
0000554d  DL_Timer_initFourCCPWMMode      
00005651  mpu_reset_fifo                  
00005755  DL_Timer_initTimerMode          
00005851  mpu_load_firmware               
00005945  dmp_set_orientation             
00005a31  LineSensor_IsOnLine             
00005b19  SYSCFG_DL_GPIO_init             
00005c01  LineSensor_ReadDebounced        
00005ce5  __aeabi_dmul                    
00005ce5  __muldf3                        
00005dc9  mpu_set_bypass                  
00005ead  __aeabi_fsub                    
00005ead  __subsf3                        
00005eb7  __addsf3                        
00005eb7  __aeabi_fadd                    
00005f85  mpu_read_fifo_stream            
00006059  PID_Compute                     
00006123  __aeabi_idiv0                   
00006125  mpu_set_dmp_state               
000061d9  mpu_set_sensors                 
00006289  __udivmoddi4                    
0000632b  __aeabi_ldiv0                   
0000632d  SysTick_Handler                 
000063c9  mpu_configure_fifo              
00006465  mpu_read_mem                    
00006501  memcpy                          
0000659b  myget_ms                        
0000659d  mpu_write_mem                   
00006635  tb6612_set_direction            
000066c5  __aeabi_fmul                    
000066c5  __mulsf3                        
00006751  GROUP1_IRQHandler               
000067d9  SYSCFG_DL_UART_DEBUG_init       
00006861  __aeabi_fdiv                    
00006861  __divsf3                        
000068e5  __TI_decompress_lzss            
00006961  __aeabi_d2f                     
00006961  __truncdfsf2                    
000069d5  mpu_set_gyro_fsr                
00006a49  IMU_Init                        
00006ab9  TIMG0_IRQHandler                
00006b25  mpu_set_lpf                     
00006b91  SYSCFG_DL_PWMA_init             
00006bf9  SYSCFG_DL_PWMB_init             
00006c61  dmp_set_fifo_rate               
00006cc9  __aeabi_fcmpeq                  
00006cdd  __aeabi_fcmplt                  
00006cf1  __aeabi_fcmple                  
00006d05  __aeabi_fcmpge                  
00006d19  __aeabi_fcmpgt                  
00006d2b  memset                          
00006d8d  SYSCFG_DL_MPU6050_init          
00006ded  SYSCFG_DL_initPower             
00006e4d  mpu_set_accel_fsr               
00006ea9  bsp_delay_ms                    
00006f05  snprintf                        
00006f51  DL_UART_init                    
00006f99  LineSensor_Read                 
00006fe1  tb6612_init                     
00007029  SYSCFG_DL_SYSCTL_init           
00007069  __aeabi_uidiv                   
00007069  __aeabi_uidivmod                
000070a9  __aeabi_f2d                     
000070a9  __extendsfdf2                   
000070e9  atoi                            
00007129  SYSCFG_DL_MOTOR_SPEED_init      
00007165  SYSCFG_DL_init                  
000071a1  __aeabi_i2f                     
000071a1  __floatsisf                     
000071dd  __gesf2                         
000071dd  __gtsf2                         
00007219  __TI_auto_init_nobinit_nopinit  
00007255  __cmpsf2                        
00007255  __eqsf2                         
00007255  __lesf2                         
00007255  __ltsf2                         
00007255  __nesf2                         
00007291  __muldsi3                       
000072cd  LineSensor_Init                 
00007305  __aeabi_f2iz                    
00007305  __fixsfsi                       
0000733d  mpu_get_accel_fsr               
00007371  SYSCFG_DL_SYSTICK_init          
000073d1  tb6612_set_duty                 
000073fd  PID_Init                        
00007425  __aeabi_ui2f                    
00007425  __floatunsisf                   
0000744d  _c_int00_noargs                 
00007475  DL_I2C_setClockConfig           
0000749d  __aeabi_lmul                    
0000749d  __muldi3                        
000074c1  memccpy                         
000074e5  encoder_init                    
00007505  __aeabi_llsl                    
00007505  __ashldi3                       
00007525  DL_Timer_setCaptCompUpdateMethod
00007541  DL_Timer_setClockConfig         
0000755d  dmp_load_motion_driver_firmware 
00007579  DL_Timer_setCaptureCompareOutCtl
000075d9  __aeabi_uldivmod                
000075ed  BSP_I2C_WriteReg                
000075ff  DL_UART_setClockConfig          
00007611  __TI_decompress_none            
00007625  DL_Timer_setCaptureCompareValue 
00007635  wcslen                          
00007645  __TI_zero_init                  
00007655  __aeabi_memset                  
00007655  __aeabi_memset4                 
00007655  __aeabi_memset8                 
0000767f  BSP_I2C_ReadReg                 
0000768d  __aeabi_memclr                  
0000768d  __aeabi_memclr4                 
0000768d  __aeabi_memclr8                 
00007699  DL_Common_delayCycles           
000076a3  PID_Reset                       
000076ad  __aeabi_errno_addr              
000076b5  __aeabi_memcpy                  
000076b5  __aeabi_memcpy4                 
000076b5  __aeabi_memcpy8                 
000076ed  abort                           
000076f2  C$$EXIT                         
000076f3  HOSTexit                        
0000770d  Reset_Handler                   
00007711  _system_pre_init                
00008316  oled_asc2_1608                  
00008906  oled_asc2_1206                  
00008d80  __aeabi_ctype_table_            
00008d80  __aeabi_ctype_table_C           
00008e84  test                            
00008eec  reg                             
00008f6a  hw                              
00009008  __TI_Handler_Table_Base         
00009014  __TI_Handler_Table_Limit        
0000901c  __TI_CINIT_Base                 
0000902c  __TI_CINIT_Limit                
0000902c  __TI_CINIT_Warm                 
20200000  OLED_GRAM                       
20200000  __start___llvm_prf_bits         
20200000  __start___llvm_prf_cnts         
20200000  __stop___llvm_prf_bits          
20200000  __stop___llvm_prf_cnts          
20200400  gPWMABackup                     
202004bc  gPWMBBackup                     
202005e8  User_sIICDev                    
20200610  __aeabi_errno                   
20200620  g_i2c_err_line                  
20200634  mpu_init_step                   
20207e00  __stack                         
20208000  __STACK_END                     
ffffffff  __TI_pprof_out_hndl             
ffffffff  __TI_prof_data_size             
ffffffff  __TI_prof_data_start            
ffffffff  __binit__                       
ffffffff  binit                           
UNDEFED   __mpu_init                      
UNDEFED   _system_post_cinit              

[218 symbols]
