******************************************************************************
            TI ARM Clang Linker PC v4.0.4                      
******************************************************************************
>> Linked Fri Jun 26 15:52:22 2026

OUTPUT FILE NAME:   <V1.0.out>
ENTRY POINT SYMBOL: "_c_int00_noargs"  address: 00008835


MEMORY CONFIGURATION

         name            origin    length      used     unused   attr    fill
----------------------  --------  ---------  --------  --------  ----  --------
  FLASH                 00000000   00020000  0000a478  00015b88  R  X
  SRAM                  20200000   00008000  00000835  000077cb  RW X
  BCR_CONFIG            41c00000   000000ff  00000000  000000ff  R   
  BSL_CONFIG            41c00100   00000080  00000000  00000080  R   


SEGMENT ALLOCATION MAP

run origin  load origin   length   init length attrs members
----------  ----------- ---------- ----------- ----- -------
00000000    00000000    0000a478   0000a478    r-x
  00000000    00000000    000000c0   000000c0    r-- .intvecs
  000000c0    000000c0    00008aa0   00008aa0    r-x .text
  00008b60    00008b60    000018c0   000018c0    r-- .rodata
  0000a420    0000a420    00000058   00000058    r-- .cinit
20200000    20200000    00000635   00000000    rw-
  20200000    20200000    00000598   00000000    rw- .bss
  20200598    20200598    0000009d   00000000    rw- .data
20207e00    20207e00    00000200   00000000    rw-
  20207e00    20207e00    00000200   00000000    rw- .stack


SECTION ALLOCATION MAP

 output                                  attributes/
section   page    origin      length       input sections
--------  ----  ----------  ----------   ----------------
.intvecs   0    00000000    000000c0     
                  00000000    000000c0     startup_mspm0g350x_ticlang.o (.intvecs)

.text      0    000000c0    00008aa0     
                  000000c0    00001a08     bsp_oled.o (.text.OLED_Init)
                  00001ac8    00000cd0     bsp_oled.o (.text.OLED_ShowString)
                  00002798    00000a90     bsp_oled.o (.text.OLED_Clear)
                  00003228    000009d0     libc.a : _printfi.c.obj (.text:__TI_printfi)
                  00003bf8    00000554     empty.o (.text.main)
                  0000414c    0000035c     bsp_oled.o (.text.OLED_Refresh_Gram)
                  000044a8    000002b0     inv_mpu_dmp_motion_driver.o (.text.dmp_enable_feature)
                  00004758    00000220     libc.a : _printfi.c.obj (.text._pconv_a)
                  00004978    00000208     bsp_imu.o (.text.IMU_Read)
                  00004b80    000001e8     inv_mpu.o (.text.mpu_lp_accel_mode)
                  00004d68    000001dc     libc.a : _printfi.c.obj (.text._pconv_g)
                  00004f44    000001d0     bsp_siic.o (.text.hw_i2c_read)
                  00005114    000001c8     libc.a : s_atanf.c.obj (.text.atanf)
                  000052dc    000001a8     inv_mpu_dmp_motion_driver.o (.text.dmp_read_fifo)
                  00005484    00000198     line_sensor.o (.text.LineSensor_GetPosition)
                  0000561c    00000192     libclang_rt.builtins.a : adddf3.S.obj (.text.adddf3_subdf3)
                  000057ae    00000002     startup_mspm0g350x_ticlang.o (.text.Default_Handler)
                  000057b0    00000174     bsp_oled.o (.text.OLED_ShowChar)
                  00005924    00000170     libc.a : e_sqrt.c.obj (.text.sqrt)
                  00005a94    00000160            : e_asinf.c.obj (.text.asinf)
                  00005bf4    0000013c            : _printfi.c.obj (.text.fcvt)
                  00005d30    0000013c     bsp_siic.o (.text.hw_i2c_write)
                  00005e6c    00000134     inv_mpu_dmp_motion_driver.o (.text.dmp_set_tap_thresh)
                  00005fa0    00000128     inv_mpu.o (.text.mpu_set_sample_rate)
                  000060c8    00000120     libc.a : _printfi.c.obj (.text._pconv_e)
                  000061e8    00000118            : e_atan2f.c.obj (.text.atan2f)
                  00006300    0000010c     libclang_rt.builtins.a : divdf3.S.obj (.text.__divdf3)
                  0000640c    0000010c     inv_mpu.o (.text.mpu_init)
                  00006518    00000104     driverlib.a : dl_timer.o (.text.DL_Timer_initFourCCPWMMode)
                  0000661c    00000104     inv_mpu.o (.text.mpu_reset_fifo)
                  00006720    000000fc     driverlib.a : dl_timer.o (.text.DL_Timer_initTimerMode)
                  0000681c    000000f4     inv_mpu.o (.text.mpu_load_firmware)
                  00006910    000000ec     inv_mpu_dmp_motion_driver.o (.text.dmp_set_orientation)
                  000069fc    000000e8     line_sensor.o (.text.LineSensor_IsAllBlack)
                  00006ae4    000000e8     line_sensor.o (.text.LineSensor_IsOnLine)
                  00006bcc    000000e8     ti_msp_dl_config.o (.text.SYSCFG_DL_GPIO_init)
                  00006cb4    000000e4     libclang_rt.builtins.a : muldf3.S.obj (.text.__muldf3)
                  00006d98    000000e4     inv_mpu.o (.text.mpu_set_bypass)
                  00006e7c    000000d8     libc.a : s_scalbn.c.obj (.text.scalbn)
                  00006f54    000000d8     libclang_rt.builtins.a : addsf3.S.obj (.text)
                  0000702c    000000d4     inv_mpu.o (.text.mpu_read_fifo_stream)
                  00007100    000000c0     pid.o (.text.PID_Compute)
                  000071c0    000000b4     inv_mpu.o (.text.mpu_set_dmp_state)
                  00007274    000000b0     inv_mpu.o (.text.mpu_set_sensors)
                  00007324    000000a2     libclang_rt.builtins.a : udivmoddi4.S.obj (.text)
                  000073c6    00000002                            : aeabi_div0.c.obj (.text.__aeabi_idiv0)
                  000073c8    0000009c     inv_mpu.o (.text.mpu_configure_fifo)
                  00007464    0000009c     inv_mpu.o (.text.mpu_read_mem)
                  00007500    0000009a     libc.a : memcpy16.S.obj (.text:memcpy)
                  0000759a    00000002     libclang_rt.builtins.a : aeabi_div0.c.obj (.text.__aeabi_ldiv0)
                  0000759c    00000098     inv_mpu.o (.text.mpu_write_mem)
                  00007634    00000090     bsp_tb6612.o (.text.tb6612_set_direction)
                  000076c4    0000008c     libclang_rt.builtins.a : mulsf3.S.obj (.text.__mulsf3)
                  00007750    00000088     bsp_encoder.o (.text.GROUP1_IRQHandler)
                  000077d8    00000088     ti_msp_dl_config.o (.text.SYSCFG_DL_UART_DEBUG_init)
                  00007860    00000082     libclang_rt.builtins.a : divsf3.S.obj (.text.__divsf3)
                  000078e2    00000002     inv_mpu.o (.text.myget_ms)
                  000078e4    0000007c     libc.a : copy_decompress_lzss.c.obj (.text:decompress:lzss)
                  00007960    00000074     libclang_rt.builtins.a : comparedf2.c.obj (.text.__gedf2)
                  000079d4    0000000c     bsp_siic.o (.text.BSP_I2C_ReadReg)
                  000079e0    00000074     libclang_rt.builtins.a : truncdfsf2.S.obj (.text.__truncdfsf2)
                  00007a54    00000074     inv_mpu.o (.text.mpu_set_gyro_fsr)
                  00007ac8    00000070     bsp_imu.o (.text.IMU_Init)
                  00007b38    0000006c     bsp_encoder.o (.text.TIMG0_IRQHandler)
                  00007ba4    0000006c     inv_mpu.o (.text.mpu_set_lpf)
                  00007c10    00000068     ti_msp_dl_config.o (.text.SYSCFG_DL_PWMA_init)
                  00007c78    00000068     ti_msp_dl_config.o (.text.SYSCFG_DL_PWMB_init)
                  00007ce0    00000068     libclang_rt.builtins.a : comparedf2.c.obj (.text.__ledf2)
                  00007d48    00000068     inv_mpu_dmp_motion_driver.o (.text.dmp_set_fifo_rate)
                  00007db0    00000066     libc.a : _printfi.c.obj (.text._mcpy)
                  00007e16    00000002     bsp_siic.o (.text.siic_init)
                  00007e18    00000062     libclang_rt.builtins.a : aeabi_dcmp.S.obj (.text.__aeabi_dcmp)
                  00007e7a    00000002     --HOLE-- [fill = 0]
                  00007e7c    00000062                            : aeabi_fcmp.S.obj (.text.__aeabi_fcmp)
                  00007ede    00000062     libc.a : memset16.S.obj (.text:memset)
                  00007f40    00000060     ti_msp_dl_config.o (.text.SYSCFG_DL_MPU6050_init)
                  00007fa0    00000060     ti_msp_dl_config.o (.text.SYSCFG_DL_initPower)
                  00008000    0000005c     libc.a : s_frexp.c.obj (.text.frexp)
                  0000805c    0000005c     inv_mpu.o (.text.mpu_set_accel_fsr)
                  000080b8    0000005a     bsp_delay.o (.text.bsp_delay_ms)
                  00008112    00000058     libc.a : _ltoa.c.obj (.text.__TI_ltoa)
                  0000816a    00000058            : _printfi.c.obj (.text._pconv_f)
                  000081c2    00000002     --HOLE-- [fill = 0]
                  000081c4    00000056     libclang_rt.builtins.a : aeabi_idivmod.S.obj (.text.__aeabi_idivmod)
                  0000821a    00000052     libc.a : _printfi.c.obj (.text._ecpy)
                  0000826c    0000004c            : snprintf.c.obj (.text.snprintf)
                  000082b8    0000004a     libclang_rt.builtins.a : fixdfsi.S.obj (.text.__fixdfsi)
                  00008302    00000002     --HOLE-- [fill = 0]
                  00008304    00000048     driverlib.a : dl_uart.o (.text.DL_UART_init)
                  0000834c    00000048     line_sensor.o (.text.LineSensor_Read)
                  00008394    00000048     bsp_tb6612.o (.text.tb6612_init)
                  000083dc    00000040     ti_msp_dl_config.o (.text.SYSCFG_DL_SYSCTL_init)
                  0000841c    00000040     libclang_rt.builtins.a : aeabi_uidivmod.S.obj (.text.__aeabi_uidivmod)
                  0000845c    00000040                            : extendsfdf2.S.obj (.text.__extendsfdf2)
                  0000849c    00000040     libc.a : atoi.c.obj (.text.atoi)
                  000084dc    0000003c     ti_msp_dl_config.o (.text.SYSCFG_DL_MOTOR_SPEED_init)
                  00008518    0000003c     ti_msp_dl_config.o (.text.SYSCFG_DL_init)
                  00008554    0000003c     libclang_rt.builtins.a : floatsisf.S.obj (.text.__floatsisf)
                  00008590    0000003c                            : comparesf2.S.obj (.text.__gtsf2)
                  000085cc    0000003c     libc.a : autoinit.c.obj (.text:__TI_auto_init_nobinit_nopinit)
                  00008608    0000003a     libclang_rt.builtins.a : comparesf2.S.obj (.text.__eqsf2)
                  00008642    00000002     --HOLE-- [fill = 0]
                  00008644    0000003a                            : muldsi3.S.obj (.text.__muldsi3)
                  0000867e    00000002     --HOLE-- [fill = 0]
                  00008680    00000038     line_sensor.o (.text.LineSensor_Init)
                  000086b8    00000038     libclang_rt.builtins.a : fixsfsi.S.obj (.text.__fixsfsi)
                  000086f0    00000034     inv_mpu.o (.text.mpu_get_accel_fsr)
                  00008724    00000030     ti_msp_dl_config.o (.text.SYSCFG_DL_SYSTICK_init)
                  00008754    00000030     libc.a : _printfi.c.obj (.text._fcpy)
                  00008784    00000030            : snprintf.c.obj (.text._outs)
                  000087b4    0000002c     libclang_rt.builtins.a : floatsidf.S.obj (.text.__floatsidf)
                  000087e0    0000002c     bsp_tb6612.o (.text.tb6612_set_duty)
                  0000880c    00000028     libclang_rt.builtins.a : floatunsisf.S.obj (.text.__floatunsisf)
                  00008834    00000028     libc.a : boot_cortex_m.c.obj (.text:_c_int00_noargs)
                  0000885c    00000026     driverlib.a : dl_i2c.o (.text.DL_I2C_setClockConfig)
                  00008882    00000002     --HOLE-- [fill = 0]
                  00008884    00000024     libclang_rt.builtins.a : muldi3.S.obj (.text.__muldi3)
                  000088a8    00000022     libc.a : memccpy.c.obj (.text.memccpy)
                  000088ca    00000002     --HOLE-- [fill = 0]
                  000088cc    00000020     bsp_encoder.o (.text.encoder_init)
                  000088ec    0000001e     libclang_rt.builtins.a : ashldi3.S.obj (.text.__ashldi3)
                  0000890a    00000002     --HOLE-- [fill = 0]
                  0000890c    0000001c     driverlib.a : dl_timer.o (.text.DL_Timer_setCaptCompUpdateMethod)
                  00008928    0000001c                 : dl_timer.o (.text.DL_Timer_setClockConfig)
                  00008944    0000001c     inv_mpu_dmp_motion_driver.o (.text.dmp_load_motion_driver_firmware)
                  00008960    00000018     driverlib.a : dl_timer.o (.text.DL_Timer_setCaptureCompareOutCtl)
                  00008978    00000018     libc.a : snprintf.c.obj (.text._outc)
                  00008990    00000018     bsp_siic.o (.text.siic_read_reg)
                  000089a8    00000018     bsp_siic.o (.text.siic_write_reg)
                  000089c0    00000014     pid.o (.text.PID_Init)
                  000089d4    00000014     libclang_rt.builtins.a : aeabi_uldivmod.S.obj (.text.__aeabi_uldivmod)
                  000089e8    00000014     libc.a : _printfi.c.obj (.text.strchr)
                  000089fc    00000012     bsp_siic.o (.text.BSP_I2C_WriteReg)
                  00008a0e    00000012     driverlib.a : dl_uart.o (.text.DL_UART_setClockConfig)
                  00008a20    00000012     libc.a : copy_decompress_none.c.obj (.text:decompress:none)
                  00008a32    00000002     --HOLE-- [fill = 0]
                  00008a34    00000010     driverlib.a : dl_timer.o (.text.DL_Timer_setCaptureCompareValue)
                  00008a44    00000010     empty.o (.text.SysTick_Handler)
                  00008a54    00000010     libc.a : wcslen.c.obj (.text.wcslen)
                  00008a64    00000010            : copy_zero_init.c.obj (.text:decompress:ZI)
                  00008a74    0000000e     libclang_rt.builtins.a : aeabi_memset.S.obj (.text.__aeabi_memset)
                  00008a82    0000000e     bsp_siic.o (.text.siic_delay_ms)
                  00008a90    0000000e     libc.a : _printfi.c.obj (.text.strlen)
                  00008a9e    00000002     --HOLE-- [fill = 0]
                  00008aa0    0000000c     libclang_rt.builtins.a : aeabi_memset.S.obj (.text.__aeabi_memclr)
                  00008aac    0000000a     driverlib.a : dl_common.o (.text.DL_Common_delayCycles)
                  00008ab6    0000000a     libc.a : _printfi.c.obj (.text.OUTLINED_FUNCTION_0)
                  00008ac0    00000010     libclang_rt.builtins.a : adddf3.S.obj (.tramp.__aeabi_dsub.1)
                  00008ad0    0000000a     libc.a : _printfi.c.obj (.text.OUTLINED_FUNCTION_1)
                  00008ada    00000008     pid.o (.text.PID_Reset)
                  00008ae2    00000002     --HOLE-- [fill = 0]
                  00008ae4    00000008     libc.a : aeabi_portable.c.obj (.text.__aeabi_errno_addr)
                  00008aec    00000008     libclang_rt.builtins.a : aeabi_memcpy.S.obj (.text.__aeabi_memcpy)
                  00008af4    00000006     libc.a : e_asinf.c.obj (.text.OUTLINED_FUNCTION_0)
                  00008afa    00000002     --HOLE-- [fill = 0]
                  00008afc    00000010     libclang_rt.builtins.a : mulsf3.S.obj (.tramp.__aeabi_fmul.1)
                  00008b0c    00000006     libc.a : s_atanf.c.obj (.text.OUTLINED_FUNCTION_0)
                  00008b12    00000002     --HOLE-- [fill = 0]
                  00008b14    00000010     libclang_rt.builtins.a : divsf3.S.obj (.tramp.__aeabi_fdiv.1)
                  00008b24    00000006     libc.a : exit.c.obj (.text:abort)
                  00008b2a    00000004     libsysbm.a : hostexit.c.obj (.text.HOSTexit)
                  00008b2e    00000004     libc.a : s_atanf.c.obj (.text.OUTLINED_FUNCTION_1)
                  00008b32    00000002     --HOLE-- [fill = 0]
                  00008b34    00000010     libclang_rt.builtins.a : addsf3.S.obj (.tramp.__aeabi_fadd.1)
                  00008b44    00000004     startup_mspm0g350x_ticlang.o (.text.Reset_Handler)
                  00008b48    00000004     libc.a : pre_init.c.obj (.text._system_pre_init)
                  00008b4c    00000004     bsp_siic.o (.text.siic_read)
                  00008b50    00000004     bsp_siic.o (.text.siic_write)
                  00008b54    0000000c     --HOLE-- [fill = 0]

.cinit     0    0000a420    00000058     
                  0000a420    0000002f     (.cinit..data.load) [load image, compression = lzss]
                  0000a44f    00000001     --HOLE-- [fill = 0]
                  0000a450    0000000c     (__TI_handler_table)
                  0000a45c    00000008     (.cinit..bss.load) [load image, compression = zero_init]
                  0000a464    00000010     (__TI_cinit_table)
                  0000a474    00000004     --HOLE-- [fill = 0]

.rodata    0    00008b60    000018c0     
                  00008b60    00000bf6     inv_mpu_dmp_motion_driver.o (.rodata.dmp_memory)
                  00009756    000005f0     bsp_oled.o (.rodata.oled_asc2_1608)
                  00009d46    00000474     bsp_oled.o (.rodata.oled_asc2_1206)
                  0000a1ba    00000003     inv_mpu_dmp_motion_driver.o (.rodata..L__const.dmp_set_orientation.accel_axes)
                  0000a1bd    00000003     inv_mpu_dmp_motion_driver.o (.rodata..L__const.dmp_set_orientation.gyro_axes)
                  0000a1c0    00000101     libc.a : aeabi_ctype.S.obj (.rodata:__aeabi_ctype_table_)
                  0000a2c1    00000003     ti_msp_dl_config.o (.rodata.gMOTOR_SPEEDClockConfig)
                  0000a2c4    00000028     inv_mpu.o (.rodata.test)
                  0000a2ec    00000020     libc.a : s_atanf.c.obj (.rodata.cst16)
                  0000a30c    00000020     inv_mpu.o (.rodata.cst8)
                  0000a32c    0000001b     inv_mpu.o (.rodata.reg)
                  0000a347    0000001b     empty.o (.rodata.str1.7401042497206923953.1)
                  0000a362    00000018     empty.o (.rodata.str1.11898133897667081452.1)
                  0000a37a    00000002     ti_msp_dl_config.o (.rodata.gMPU6050ClockConfig)
                  0000a37c    00000014     ti_msp_dl_config.o (.rodata.gMOTOR_SPEEDTimerConfig)
                  0000a390    00000011     libc.a : _printfi.c.obj (.rodata.str1.10348868589481759720.1)
                  0000a3a1    00000011            : _printfi.c.obj (.rodata.str1.15363888844622738466.1)
                  0000a3b2    00000011     empty.o (.rodata.str1.9517790425240694019.1)
                  0000a3c3    0000000e     empty.o (.rodata.str1.16704889451495720520.1)
                  0000a3d1    00000001     --HOLE-- [fill = 0]
                  0000a3d2    0000000c     inv_mpu.o (.rodata.hw)
                  0000a3de    0000000c     empty.o (.rodata.str1.254342170260855183.1)
                  0000a3ea    0000000a     ti_msp_dl_config.o (.rodata.gUART_DEBUGConfig)
                  0000a3f4    0000000a     empty.o (.rodata.str1.14685083708502177989.1)
                  0000a3fe    0000000a     empty.o (.rodata.str1.17669528882079347314.1)
                  0000a408    00000008     ti_msp_dl_config.o (.rodata.gPWMAConfig)
                  0000a410    00000008     ti_msp_dl_config.o (.rodata.gPWMBConfig)
                  0000a418    00000003     ti_msp_dl_config.o (.rodata.gPWMAClockConfig)
                  0000a41b    00000003     ti_msp_dl_config.o (.rodata.gPWMBClockConfig)
                  0000a41e    00000002     ti_msp_dl_config.o (.rodata.gUART_DEBUGClockConfig)

.init_array 
*          0    00000000    00000000     UNINITIALIZED

.binit     0    00000000    00000000     

.bss       0    20200000    00000598     UNINITIALIZED
                  20200000    00000400     (.common:OLED_GRAM)
                  20200400    000000bc     (.common:gPWMABackup)
                  202004bc    000000bc     (.common:gPWMBBackup)
                  20200578    00000020     empty.o (.bss.pid_pos)

.data      0    20200598    0000009d     UNINITIALIZED
                  20200598    0000002c     inv_mpu.o (.data.st)
                  202005c4    00000018     bsp_siic.o (.data.User_sIICDev)
                  202005dc    00000008     bsp_encoder.o (.data.encoder_count)
                  202005e4    00000008     bsp_encoder.o (.data.encoder_speed_rpm)
                  202005ec    00000004     libc.a : aeabi_portable.c.obj (.data.__aeabi_errno)
                  202005f0    00000004     inv_mpu_dmp_motion_driver.o (.data.dmp.0)
                  202005f4    00000004     inv_mpu_dmp_motion_driver.o (.data.dmp.1)
                  202005f8    00000004     bsp_siic.o (.data.g_i2c_err_line)
                  202005fc    00000004     empty.o (.data.last_position)
                  20200600    00000004     line_sensor.o (.data.last_position)
                  20200604    00000004     empty.o (.data.line_lost_cnt)
                  20200608    00000004     inv_mpu.o (.data.mpu_init_step)
                  2020060c    00000004     empty.o (.data.prev_yaw)
                  20200610    00000004     empty.o (.data.sys_tick)
                  20200614    00000004     empty.o (.data.white_cnt)
                  20200618    00000004     bsp_imu.o (.data.yaw_offset)
                  2020061c    00000004     empty.o (.data.yaw_offset)
                  20200620    00000004     bsp_imu.o (.data.yaw_settle_cnt)
                  20200624    00000002     inv_mpu_dmp_motion_driver.o (.data.dmp.2)
                  20200626    00000001     inv_mpu_dmp_motion_driver.o (.data.dmp.5)
                  20200627    00000001     --HOLE--
                  20200628    00000002     inv_mpu_dmp_motion_driver.o (.data.dmp.3)
                  2020062a    00000002     --HOLE--
                  2020062c    00000002     inv_mpu_dmp_motion_driver.o (.data.dmp.4)
                  2020062e    00000002     --HOLE--
                  20200630    00000001     bsp_imu.o (.data.dmp_ready)
                  20200631    00000003     --HOLE--
                  20200634    00000001     empty.o (.data.imu_ok)

.stack     0    20207e00    00000200     UNINITIALIZED
                  20207e00    00000004     libc.a : boot_cortex_m.c.obj (.stack)
                  20207e04    000001fc     --HOLE--

__llvm_prf_cnts 
*          0    20200000    00000000     UNINITIALIZED

__llvm_prf_bits 
*          0    20200000    00000000     UNINITIALIZED

MODULE SUMMARY

       Module                         code    ro data   rw data
       ------                         ----    -------   -------
    .\
       empty.o                        1380    114       57     
       ti_msp_dl_config.o             1000    59        376    
       startup_mspm0g350x_ticlang.o   6       192       0      
    +--+------------------------------+-------+---------+---------+
       Total:                         2386    365       433    
                                                               
    .\BSP\
       bsp_oled.o                     13880   2660      1024   
       inv_mpu_dmp_motion_driver.o    1788    3068      15     
       inv_mpu.o                      3186    111       48     
       line_sensor.o                  1000    0         4      
       bsp_siic.o                     882     0         28     
       bsp_imu.o                      632     0         9      
       bsp_encoder.o                  276     0         16     
       bsp_tb6612.o                   260     0         0      
       pid.o                          220     0         0      
       bsp_delay.o                    90      0         0      
    +--+------------------------------+-------+---------+---------+
       Total:                         22214   5839      1144   
                                                               
    E:/TI/CCS/mspm0_sdk_2_10_00_04/source/ti/driverlib/lib/ticlang/m0p/mspm0g1x0x_g3x0x/driverlib.a
       dl_timer.o                     608     0         0      
       dl_uart.o                      90      0         0      
       dl_i2c.o                       38      0         0      
       dl_common.o                    10      0         0      
    +--+------------------------------+-------+---------+---------+
       Total:                         746     0         0      
                                                               
    E:\TI\CCS\ccs\tools\compiler\ti-cgt-armllvm_4.0.4.LTS\lib\armv6m-ti-none-eabi/c/libc.a
       _printfi.c.obj                 4510    34        0      
       s_atanf.c.obj                  466     32        0      
       e_sqrt.c.obj                   368     0         0      
       e_asinf.c.obj                  358     0         0      
       e_atan2f.c.obj                 280     0         0      
       aeabi_ctype.S.obj              0       257       0      
       s_scalbn.c.obj                 216     0         0      
       memcpy16.S.obj                 154     0         0      
       snprintf.c.obj                 148     0         0      
       copy_decompress_lzss.c.obj     124     0         0      
       memset16.S.obj                 98      0         0      
       s_frexp.c.obj                  92      0         0      
       _ltoa.c.obj                    88      0         0      
       atoi.c.obj                     64      0         0      
       autoinit.c.obj                 60      0         0      
       boot_cortex_m.c.obj            40      0         0      
       memccpy.c.obj                  34      0         0      
       copy_decompress_none.c.obj     18      0         0      
       copy_zero_init.c.obj           16      0         0      
       wcslen.c.obj                   16      0         0      
       aeabi_portable.c.obj           8       0         4      
       exit.c.obj                     6       0         0      
       pre_init.c.obj                 4       0         0      
    +--+------------------------------+-------+---------+---------+
       Total:                         7168    323       4      
                                                               
    E:\TI\CCS\ccs\tools\compiler\ti-cgt-armllvm_4.0.4.LTS\lib\armv6m-ti-none-eabi/c/libsysbm.a
       hostexit.c.obj                 4       0         0      
    +--+------------------------------+-------+---------+---------+
       Total:                         4       0         0      
                                                               
    E:\TI\CCS\ccs\tools\compiler\ti-cgt-armllvm_4.0.4.LTS\lib\armv6m-ti-none-eabi/libclang_rt.builtins.a
       adddf3.S.obj                   418     0         0      
       divdf3.S.obj                   268     0         0      
       addsf3.S.obj                   232     0         0      
       muldf3.S.obj                   228     0         0      
       comparedf2.c.obj               220     0         0      
       udivmoddi4.S.obj               162     0         0      
       mulsf3.S.obj                   156     0         0      
       divsf3.S.obj                   146     0         0      
       comparesf2.S.obj               118     0         0      
       truncdfsf2.S.obj               116     0         0      
       aeabi_dcmp.S.obj               98      0         0      
       aeabi_fcmp.S.obj               98      0         0      
       aeabi_idivmod.S.obj            86      0         0      
       fixdfsi.S.obj                  74      0         0      
       aeabi_uidivmod.S.obj           64      0         0      
       extendsfdf2.S.obj              64      0         0      
       floatsisf.S.obj                60      0         0      
       muldsi3.S.obj                  58      0         0      
       fixsfsi.S.obj                  56      0         0      
       floatsidf.S.obj                44      0         0      
       floatunsisf.S.obj              40      0         0      
       muldi3.S.obj                   36      0         0      
       ashldi3.S.obj                  30      0         0      
       aeabi_memset.S.obj             26      0         0      
       aeabi_uldivmod.S.obj           20      0         0      
       aeabi_memcpy.S.obj             8       0         0      
       aeabi_div0.c.obj               4       0         0      
    +--+------------------------------+-------+---------+---------+
       Total:                         2930    0         0      
                                                               
       Stack:                         0       0         512    
       Linker Generated:              0       83        0      
    +--+------------------------------+-------+---------+---------+
       Grand Total:                   35448   6610      2093   


LINKER GENERATED COPY TABLES

__TI_cinit_table @ 0000a464 records: 2, size/record: 8, table size: 16
	.data: load addr=0000a420, load size=0000002f bytes, run addr=20200598, run size=0000009d bytes, compression=lzss
	.bss: load addr=0000a45c, load size=00000008 bytes, run addr=20200000, run size=00000598 bytes, compression=zero_init


LINKER GENERATED HANDLER TABLE

__TI_handler_table @ 0000a450 records: 3, size/record: 4, table size: 12
	index: 0, handler: __TI_decompress_lzss
	index: 1, handler: __TI_decompress_none
	index: 2, handler: __TI_zero_init


FAR CALL TRAMPOLINES

callee name               trampoline name
   callee addr  tramp addr   call addr  call info
--------------  -----------  ---------  ----------------
__aeabi_dsub              $Tramp$TT$L$PI$$__aeabi_dsub
   0000561d     00008ac0     00008abe   libc.a : _printfi.c.obj (.text.OUTLINED_FUNCTION_0)
__aeabi_fmul              $Tramp$TT$L$PI$$__aeabi_fmul
   000076c5     00008afc     00008af8   libc.a : e_asinf.c.obj (.text.OUTLINED_FUNCTION_0)
__aeabi_fdiv              $Tramp$TT$L$PI$$__aeabi_fdiv
   00007861     00008b14     00008b10   libc.a : s_atanf.c.obj (.text.OUTLINED_FUNCTION_0)
__aeabi_fadd              $Tramp$TT$L$PI$$__aeabi_fadd
   00006f5f     00008b34     00008b30   libc.a : s_atanf.c.obj (.text.OUTLINED_FUNCTION_1)

[4 trampolines]
[4 trampoline calls]


GLOBAL SYMBOLS: SORTED ALPHABETICALLY BY Name 

address   name                            
-------   ----                            
000057af  ADC0_IRQHandler                 
000057af  ADC1_IRQHandler                 
000057af  AES_IRQHandler                  
000079d5  BSP_I2C_ReadReg                 
000089fd  BSP_I2C_WriteReg                
00008b2a  C$$EXIT                         
000057af  CANFD0_IRQHandler               
000057af  DAC0_IRQHandler                 
00008aad  DL_Common_delayCycles           
0000885d  DL_I2C_setClockConfig           
00006519  DL_Timer_initFourCCPWMMode      
00006721  DL_Timer_initTimerMode          
0000890d  DL_Timer_setCaptCompUpdateMethod
00008961  DL_Timer_setCaptureCompareOutCtl
00008a35  DL_Timer_setCaptureCompareValue 
00008929  DL_Timer_setClockConfig         
00008305  DL_UART_init                    
00008a0f  DL_UART_setClockConfig          
000057af  DMA_IRQHandler                  
000057af  Default_Handler                 
000057af  GROUP0_IRQHandler               
00007751  GROUP1_IRQHandler               
00008b2b  HOSTexit                        
000057af  HardFault_Handler               
000057af  I2C0_IRQHandler                 
000057af  I2C1_IRQHandler                 
00007ac9  IMU_Init                        
00004979  IMU_Read                        
00005485  LineSensor_GetPosition          
00008681  LineSensor_Init                 
000069fd  LineSensor_IsAllBlack           
00006ae5  LineSensor_IsOnLine             
0000834d  LineSensor_Read                 
000057af  NMI_Handler                     
00002799  OLED_Clear                      
20200000  OLED_GRAM                       
000000c1  OLED_Init                       
0000414d  OLED_Refresh_Gram               
000057b1  OLED_ShowChar                   
00001ac9  OLED_ShowString                 
00007101  PID_Compute                     
000089c1  PID_Init                        
00008adb  PID_Reset                       
000057af  PendSV_Handler                  
000057af  RTC_IRQHandler                  
00008b45  Reset_Handler                   
000057af  SPI0_IRQHandler                 
000057af  SPI1_IRQHandler                 
000057af  SVC_Handler                     
00006bcd  SYSCFG_DL_GPIO_init             
000084dd  SYSCFG_DL_MOTOR_SPEED_init      
00007f41  SYSCFG_DL_MPU6050_init          
00007c11  SYSCFG_DL_PWMA_init             
00007c79  SYSCFG_DL_PWMB_init             
000083dd  SYSCFG_DL_SYSCTL_init           
00008725  SYSCFG_DL_SYSTICK_init          
000077d9  SYSCFG_DL_UART_DEBUG_init       
00008519  SYSCFG_DL_init                  
00007fa1  SYSCFG_DL_initPower             
00008a45  SysTick_Handler                 
000057af  TIMA0_IRQHandler                
000057af  TIMA1_IRQHandler                
00007b39  TIMG0_IRQHandler                
000057af  TIMG12_IRQHandler               
000057af  TIMG6_IRQHandler                
000057af  TIMG7_IRQHandler                
000057af  TIMG8_IRQHandler                
000057af  UART0_IRQHandler                
000057af  UART1_IRQHandler                
000057af  UART2_IRQHandler                
000057af  UART3_IRQHandler                
202005c4  User_sIICDev                    
20208000  __STACK_END                     
00000200  __STACK_SIZE                    
00000000  __TI_ATRegion0_region_sz        
00000000  __TI_ATRegion0_src_addr         
00000000  __TI_ATRegion0_trg_addr         
00000000  __TI_ATRegion1_region_sz        
00000000  __TI_ATRegion1_src_addr         
00000000  __TI_ATRegion1_trg_addr         
00000000  __TI_ATRegion2_region_sz        
00000000  __TI_ATRegion2_src_addr         
00000000  __TI_ATRegion2_trg_addr         
0000a464  __TI_CINIT_Base                 
0000a474  __TI_CINIT_Limit                
0000a474  __TI_CINIT_Warm                 
0000a450  __TI_Handler_Table_Base         
0000a45c  __TI_Handler_Table_Limit        
000085cd  __TI_auto_init_nobinit_nopinit  
000078e5  __TI_decompress_lzss            
00008a21  __TI_decompress_none            
00008113  __TI_ltoa                       
ffffffff  __TI_pprof_out_hndl             
00003229  __TI_printfi                    
ffffffff  __TI_prof_data_size             
ffffffff  __TI_prof_data_start            
00000000  __TI_static_base__              
00008a65  __TI_zero_init                  
00005627  __adddf3                        
00006f5f  __addsf3                        
0000a1c0  __aeabi_ctype_table_            
0000a1c0  __aeabi_ctype_table_C           
000079e1  __aeabi_d2f                     
000082b9  __aeabi_d2iz                    
00005627  __aeabi_dadd                    
00007e19  __aeabi_dcmpeq                  
00007e55  __aeabi_dcmpge                  
00007e69  __aeabi_dcmpgt                  
00007e41  __aeabi_dcmple                  
00007e2d  __aeabi_dcmplt                  
00006301  __aeabi_ddiv                    
00006cb5  __aeabi_dmul                    
0000561d  __aeabi_dsub                    
202005ec  __aeabi_errno                   
00008ae5  __aeabi_errno_addr              
0000845d  __aeabi_f2d                     
000086b9  __aeabi_f2iz                    
00006f5f  __aeabi_fadd                    
00007e7d  __aeabi_fcmpeq                  
00007eb9  __aeabi_fcmpge                  
00007ecd  __aeabi_fcmpgt                  
00007ea5  __aeabi_fcmple                  
00007e91  __aeabi_fcmplt                  
00007861  __aeabi_fdiv                    
000076c5  __aeabi_fmul                    
00006f55  __aeabi_fsub                    
000087b5  __aeabi_i2d                     
00008555  __aeabi_i2f                     
000081c5  __aeabi_idiv                    
000073c7  __aeabi_idiv0                   
000081c5  __aeabi_idivmod                 
0000759b  __aeabi_ldiv0                   
000088ed  __aeabi_llsl                    
00008885  __aeabi_lmul                    
00008aa1  __aeabi_memclr                  
00008aa1  __aeabi_memclr4                 
00008aa1  __aeabi_memclr8                 
00008aed  __aeabi_memcpy                  
00008aed  __aeabi_memcpy4                 
00008aed  __aeabi_memcpy8                 
00008a75  __aeabi_memset                  
00008a75  __aeabi_memset4                 
00008a75  __aeabi_memset8                 
0000880d  __aeabi_ui2f                    
0000841d  __aeabi_uidiv                   
0000841d  __aeabi_uidivmod                
000089d5  __aeabi_uldivmod                
000088ed  __ashldi3                       
ffffffff  __binit__                       
00007ce1  __cmpdf2                        
00008609  __cmpsf2                        
00006301  __divdf3                        
00007861  __divsf3                        
00007ce1  __eqdf2                         
00008609  __eqsf2                         
0000845d  __extendsfdf2                   
000082b9  __fixdfsi                       
000086b9  __fixsfsi                       
000087b5  __floatsidf                     
00008555  __floatsisf                     
0000880d  __floatunsisf                   
00007961  __gedf2                         
00008591  __gesf2                         
00007961  __gtdf2                         
00008591  __gtsf2                         
00007ce1  __ledf2                         
00008609  __lesf2                         
00007ce1  __ltdf2                         
00008609  __ltsf2                         
UNDEFED   __mpu_init                      
00006cb5  __muldf3                        
00008885  __muldi3                        
00008645  __muldsi3                       
000076c5  __mulsf3                        
00007ce1  __nedf2                         
00008609  __nesf2                         
20207e00  __stack                         
20200000  __start___llvm_prf_bits         
20200000  __start___llvm_prf_cnts         
20200000  __stop___llvm_prf_bits          
20200000  __stop___llvm_prf_cnts          
0000561d  __subdf3                        
00006f55  __subsf3                        
000079e1  __truncdfsf2                    
00007325  __udivmoddi4                    
00008835  _c_int00_noargs                 
UNDEFED   _system_post_cinit              
00008b49  _system_pre_init                
00008b25  abort                           
00005a95  asinf                           
000061e9  atan2f                          
00005115  atanf                           
0000849d  atoi                            
ffffffff  binit                           
000080b9  bsp_delay_ms                    
000044a9  dmp_enable_feature              
00008945  dmp_load_motion_driver_firmware 
000052dd  dmp_read_fifo                   
00007d49  dmp_set_fifo_rate               
00006911  dmp_set_orientation             
00005e6d  dmp_set_tap_thresh              
000088cd  encoder_init                    
00008001  frexp                           
00008001  frexpl                          
20200400  gPWMABackup                     
202004bc  gPWMBBackup                     
202005f8  g_i2c_err_line                  
0000a3d2  hw                              
00000000  interruptVectors                
00006e7d  ldexp                           
00006e7d  ldexpl                          
00003bf9  main                            
000088a9  memccpy                         
00007501  memcpy                          
00007edf  memset                          
000073c9  mpu_configure_fifo              
000086f1  mpu_get_accel_fsr               
0000640d  mpu_init                        
20200608  mpu_init_step                   
0000681d  mpu_load_firmware               
00004b81  mpu_lp_accel_mode               
0000702d  mpu_read_fifo_stream            
00007465  mpu_read_mem                    
0000661d  mpu_reset_fifo                  
0000805d  mpu_set_accel_fsr               
00006d99  mpu_set_bypass                  
000071c1  mpu_set_dmp_state               
00007a55  mpu_set_gyro_fsr                
00007ba5  mpu_set_lpf                     
00005fa1  mpu_set_sample_rate             
00007275  mpu_set_sensors                 
0000759d  mpu_write_mem                   
000078e3  myget_ms                        
00009d46  oled_asc2_1206                  
00009756  oled_asc2_1608                  
0000a32c  reg                             
00006e7d  scalbn                          
00006e7d  scalbnl                         
0000826d  snprintf                        
00005925  sqrt                            
00005925  sqrtl                           
00008395  tb6612_init                     
00007635  tb6612_set_direction            
000087e1  tb6612_set_duty                 
0000a2c4  test                            
00008a55  wcslen                          


GLOBAL SYMBOLS: SORTED BY Symbol Address 

address   name                            
-------   ----                            
00000000  __TI_ATRegion0_region_sz        
00000000  __TI_ATRegion0_src_addr         
00000000  __TI_ATRegion0_trg_addr         
00000000  __TI_ATRegion1_region_sz        
00000000  __TI_ATRegion1_src_addr         
00000000  __TI_ATRegion1_trg_addr         
00000000  __TI_ATRegion2_region_sz        
00000000  __TI_ATRegion2_src_addr         
00000000  __TI_ATRegion2_trg_addr         
00000000  __TI_static_base__              
00000000  interruptVectors                
000000c1  OLED_Init                       
00000200  __STACK_SIZE                    
00001ac9  OLED_ShowString                 
00002799  OLED_Clear                      
00003229  __TI_printfi                    
00003bf9  main                            
0000414d  OLED_Refresh_Gram               
000044a9  dmp_enable_feature              
00004979  IMU_Read                        
00004b81  mpu_lp_accel_mode               
00005115  atanf                           
000052dd  dmp_read_fifo                   
00005485  LineSensor_GetPosition          
0000561d  __aeabi_dsub                    
0000561d  __subdf3                        
00005627  __adddf3                        
00005627  __aeabi_dadd                    
000057af  ADC0_IRQHandler                 
000057af  ADC1_IRQHandler                 
000057af  AES_IRQHandler                  
000057af  CANFD0_IRQHandler               
000057af  DAC0_IRQHandler                 
000057af  DMA_IRQHandler                  
000057af  Default_Handler                 
000057af  GROUP0_IRQHandler               
000057af  HardFault_Handler               
000057af  I2C0_IRQHandler                 
000057af  I2C1_IRQHandler                 
000057af  NMI_Handler                     
000057af  PendSV_Handler                  
000057af  RTC_IRQHandler                  
000057af  SPI0_IRQHandler                 
000057af  SPI1_IRQHandler                 
000057af  SVC_Handler                     
000057af  TIMA0_IRQHandler                
000057af  TIMA1_IRQHandler                
000057af  TIMG12_IRQHandler               
000057af  TIMG6_IRQHandler                
000057af  TIMG7_IRQHandler                
000057af  TIMG8_IRQHandler                
000057af  UART0_IRQHandler                
000057af  UART1_IRQHandler                
000057af  UART2_IRQHandler                
000057af  UART3_IRQHandler                
000057b1  OLED_ShowChar                   
00005925  sqrt                            
00005925  sqrtl                           
00005a95  asinf                           
00005e6d  dmp_set_tap_thresh              
00005fa1  mpu_set_sample_rate             
000061e9  atan2f                          
00006301  __aeabi_ddiv                    
00006301  __divdf3                        
0000640d  mpu_init                        
00006519  DL_Timer_initFourCCPWMMode      
0000661d  mpu_reset_fifo                  
00006721  DL_Timer_initTimerMode          
0000681d  mpu_load_firmware               
00006911  dmp_set_orientation             
000069fd  LineSensor_IsAllBlack           
00006ae5  LineSensor_IsOnLine             
00006bcd  SYSCFG_DL_GPIO_init             
00006cb5  __aeabi_dmul                    
00006cb5  __muldf3                        
00006d99  mpu_set_bypass                  
00006e7d  ldexp                           
00006e7d  ldexpl                          
00006e7d  scalbn                          
00006e7d  scalbnl                         
00006f55  __aeabi_fsub                    
00006f55  __subsf3                        
00006f5f  __addsf3                        
00006f5f  __aeabi_fadd                    
0000702d  mpu_read_fifo_stream            
00007101  PID_Compute                     
000071c1  mpu_set_dmp_state               
00007275  mpu_set_sensors                 
00007325  __udivmoddi4                    
000073c7  __aeabi_idiv0                   
000073c9  mpu_configure_fifo              
00007465  mpu_read_mem                    
00007501  memcpy                          
0000759b  __aeabi_ldiv0                   
0000759d  mpu_write_mem                   
00007635  tb6612_set_direction            
000076c5  __aeabi_fmul                    
000076c5  __mulsf3                        
00007751  GROUP1_IRQHandler               
000077d9  SYSCFG_DL_UART_DEBUG_init       
00007861  __aeabi_fdiv                    
00007861  __divsf3                        
000078e3  myget_ms                        
000078e5  __TI_decompress_lzss            
00007961  __gedf2                         
00007961  __gtdf2                         
000079d5  BSP_I2C_ReadReg                 
000079e1  __aeabi_d2f                     
000079e1  __truncdfsf2                    
00007a55  mpu_set_gyro_fsr                
00007ac9  IMU_Init                        
00007b39  TIMG0_IRQHandler                
00007ba5  mpu_set_lpf                     
00007c11  SYSCFG_DL_PWMA_init             
00007c79  SYSCFG_DL_PWMB_init             
00007ce1  __cmpdf2                        
00007ce1  __eqdf2                         
00007ce1  __ledf2                         
00007ce1  __ltdf2                         
00007ce1  __nedf2                         
00007d49  dmp_set_fifo_rate               
00007e19  __aeabi_dcmpeq                  
00007e2d  __aeabi_dcmplt                  
00007e41  __aeabi_dcmple                  
00007e55  __aeabi_dcmpge                  
00007e69  __aeabi_dcmpgt                  
00007e7d  __aeabi_fcmpeq                  
00007e91  __aeabi_fcmplt                  
00007ea5  __aeabi_fcmple                  
00007eb9  __aeabi_fcmpge                  
00007ecd  __aeabi_fcmpgt                  
00007edf  memset                          
00007f41  SYSCFG_DL_MPU6050_init          
00007fa1  SYSCFG_DL_initPower             
00008001  frexp                           
00008001  frexpl                          
0000805d  mpu_set_accel_fsr               
000080b9  bsp_delay_ms                    
00008113  __TI_ltoa                       
000081c5  __aeabi_idiv                    
000081c5  __aeabi_idivmod                 
0000826d  snprintf                        
000082b9  __aeabi_d2iz                    
000082b9  __fixdfsi                       
00008305  DL_UART_init                    
0000834d  LineSensor_Read                 
00008395  tb6612_init                     
000083dd  SYSCFG_DL_SYSCTL_init           
0000841d  __aeabi_uidiv                   
0000841d  __aeabi_uidivmod                
0000845d  __aeabi_f2d                     
0000845d  __extendsfdf2                   
0000849d  atoi                            
000084dd  SYSCFG_DL_MOTOR_SPEED_init      
00008519  SYSCFG_DL_init                  
00008555  __aeabi_i2f                     
00008555  __floatsisf                     
00008591  __gesf2                         
00008591  __gtsf2                         
000085cd  __TI_auto_init_nobinit_nopinit  
00008609  __cmpsf2                        
00008609  __eqsf2                         
00008609  __lesf2                         
00008609  __ltsf2                         
00008609  __nesf2                         
00008645  __muldsi3                       
00008681  LineSensor_Init                 
000086b9  __aeabi_f2iz                    
000086b9  __fixsfsi                       
000086f1  mpu_get_accel_fsr               
00008725  SYSCFG_DL_SYSTICK_init          
000087b5  __aeabi_i2d                     
000087b5  __floatsidf                     
000087e1  tb6612_set_duty                 
0000880d  __aeabi_ui2f                    
0000880d  __floatunsisf                   
00008835  _c_int00_noargs                 
0000885d  DL_I2C_setClockConfig           
00008885  __aeabi_lmul                    
00008885  __muldi3                        
000088a9  memccpy                         
000088cd  encoder_init                    
000088ed  __aeabi_llsl                    
000088ed  __ashldi3                       
0000890d  DL_Timer_setCaptCompUpdateMethod
00008929  DL_Timer_setClockConfig         
00008945  dmp_load_motion_driver_firmware 
00008961  DL_Timer_setCaptureCompareOutCtl
000089c1  PID_Init                        
000089d5  __aeabi_uldivmod                
000089fd  BSP_I2C_WriteReg                
00008a0f  DL_UART_setClockConfig          
00008a21  __TI_decompress_none            
00008a35  DL_Timer_setCaptureCompareValue 
00008a45  SysTick_Handler                 
00008a55  wcslen                          
00008a65  __TI_zero_init                  
00008a75  __aeabi_memset                  
00008a75  __aeabi_memset4                 
00008a75  __aeabi_memset8                 
00008aa1  __aeabi_memclr                  
00008aa1  __aeabi_memclr4                 
00008aa1  __aeabi_memclr8                 
00008aad  DL_Common_delayCycles           
00008adb  PID_Reset                       
00008ae5  __aeabi_errno_addr              
00008aed  __aeabi_memcpy                  
00008aed  __aeabi_memcpy4                 
00008aed  __aeabi_memcpy8                 
00008b25  abort                           
00008b2a  C$$EXIT                         
00008b2b  HOSTexit                        
00008b45  Reset_Handler                   
00008b49  _system_pre_init                
00009756  oled_asc2_1608                  
00009d46  oled_asc2_1206                  
0000a1c0  __aeabi_ctype_table_            
0000a1c0  __aeabi_ctype_table_C           
0000a2c4  test                            
0000a32c  reg                             
0000a3d2  hw                              
0000a450  __TI_Handler_Table_Base         
0000a45c  __TI_Handler_Table_Limit        
0000a464  __TI_CINIT_Base                 
0000a474  __TI_CINIT_Limit                
0000a474  __TI_CINIT_Warm                 
20200000  OLED_GRAM                       
20200000  __start___llvm_prf_bits         
20200000  __start___llvm_prf_cnts         
20200000  __stop___llvm_prf_bits          
20200000  __stop___llvm_prf_cnts          
20200400  gPWMABackup                     
202004bc  gPWMBBackup                     
202005c4  User_sIICDev                    
202005ec  __aeabi_errno                   
202005f8  g_i2c_err_line                  
20200608  mpu_init_step                   
20207e00  __stack                         
20208000  __STACK_END                     
ffffffff  __TI_pprof_out_hndl             
ffffffff  __TI_prof_data_size             
ffffffff  __TI_prof_data_start            
ffffffff  __binit__                       
ffffffff  binit                           
UNDEFED   __mpu_init                      
UNDEFED   _system_post_cinit              

[246 symbols]
